make[1]: Entering directory `/home/tim/gitsrc/magic-8.0'
--- making header file database/database.h
./scripts/makedbh database/database.h.in database/database.h
--- making modules
for dir in cmwind commands database dbwind debug drc extflat extract graphics netmenu plow resis select sim textio tiles utils windows wiring calma cif plot lef readline garouter grouter irouter mzrouter router gcr magic net2ir ext2sim ext2spice extcheck graphics; do \
	(cd $dir && make module); done
make[2]: Entering directory `/home/tim/gitsrc/magic-8.0/cmwind'
--- compiling cmwind/CMWmain.o
rm -f CMWmain.o
gcc -g -m64 -fPIC   -I. -I..  -I../readline -DCAD_DIR=\"/tmp/lib\" -DBIN_DIR=\"/tmp/bin\" -DPACKAGE_NAME=\"\" -DPACKAGE_TARNAME=\"\" -DPACKAGE_VERSION=\"\" -DPACKAGE_STRING=\"\" -DPACKAGE_BUGREPORT=\"\" -DMAGIC_VERSION=\"8.0\" -DMAGIC_REVISION=\"100\" -DSTDC_HEADERS=1 -DHAVE_SYS_TYPES_H=1 -DHAVE_SYS_STAT_H=1 -DHAVE_STDLIB_H=1 -DHAVE_STRING_H=1 -DHAVE_MEMORY_H=1 -DHAVE_STRINGS_H=1 -DHAVE_INTTYPES_H=1 -DHAVE_STDINT_H=1 -DHAVE_UNISTD_H=1 -DSIZEOF_VOID_P=8 -DSIZEOF_UNSIGNED_INT=4 -DSIZEOF_UNSIGNED_LONG=8 -DSIZEOF_UNSIGNED_LONG_LONG=8 -DSTDC_HEADERS=1 -DHAVE_SETENV=1 -DHAVE_PUTENV=1 -DHAVE_SYS_MMAN_H=1 -DHAVE_DIRENT_H=1 -DHAVE_LIMITS_H=1 -DHAVE_PATHS_H=1 -DHAVE_VA_COPY=1 -DHAVE___VA_COPY=1 -DFILE_LOCKS=1 -DCALMA_MODULE=1 -DCIF_MODULE=1 -DPLOT_MODULE=1 -DLEF_MODULE=1 -DUSE_READLINE=1 -DHAVE_PTHREADS=1 -DROUTE_MODULE=1 -DEXT2SPICE_AUTO=1 -DEXT2SIM_AUTO=1 -DRSIM_MODULE=1 -DUSE_NEW_MACROS=1 -DVECTOR_FONTS=1 -Dlinux=1 -DSYSV=1 -DISC=1  -DNDEBUG -DGCORE=\"/usr/bin/gcore\" -DSHDLIB_EXT=\"\"  -c CMWmain.c
--- compiling cmwind/CMWcmmnds.o
rm -f CMWcmmnds.o
gcc -g -m64 -fPIC   -I. -I..  -I../readline -DCAD_DIR=\"/tmp/lib\" -DBIN_DIR=\"/tmp/bin\" -DPACKAGE_NAME=\"\" -DPACKAGE_TARNAME=\"\" -DPACKAGE_VERSION=\"\" -DPACKAGE_STRING=\"\" -DPACKAGE_BUGREPORT=\"\" -DMAGIC_VERSION=\"8.0\" -DMAGIC_REVISION=\"100\" -DSTDC_HEADERS=1 -DHAVE_SYS_TYPES_H=1 -DHAVE_SYS_STAT_H=1 -DHAVE_STDLIB_H=1 -DHAVE_STRING_H=1 -DHAVE_MEMORY_H=1 -DHAVE_STRINGS_H=1 -DHAVE_INTTYPES_H=1 -DHAVE_STDINT_H=1 -DHAVE_UNISTD_H=1 -DSIZEOF_VOID_P=8 -DSIZEOF_UNSIGNED_INT=4 -DSIZEOF_UNSIGNED_LONG=8 -DSIZEOF_UNSIGNED_LONG_LONG=8 -DSTDC_HEADERS=1 -DHAVE_SETENV=1 -DHAVE_PUTENV=1 -DHAVE_SYS_MMAN_H=1 -DHAVE_DIRENT_H=1 -DHAVE_LIMITS_H=1 -DHAVE_PATHS_H=1 -DHAVE_VA_COPY=1 -DHAVE___VA_COPY=1 -DFILE_LOCKS=1 -DCALMA_MODULE=1 -DCIF_MODULE=1 -DPLOT_MODULE=1 -DLEF_MODULE=1 -DUSE_READLINE=1 -DHAVE_PTHREADS=1 -DROUTE_MODULE=1 -DEXT2SPICE_AUTO=1 -DEXT2SIM_AUTO=1 -DRSIM_MODULE=1 -DUSE_NEW_MACROS=1 -DVECTOR_FONTS=1 -Dlinux=1 -DSYSV=1 -DISC=1  -DNDEBUG -DGCORE=\"/usr/bin/gcore\" -DSHDLIB_EXT=\"\"  -c CMWcmmnds.c
--- compiling cmwind/CMWundo.o
rm -f CMWundo.o
gcc -g -m64 -fPIC   -I. -I..  -I../readline -DCAD_DIR=\"/tmp/lib\" -DBIN_DIR=\"/tmp/bin\" -DPACKAGE_NAME=\"\" -DPACKAGE_TARNAME=\"\" -DPACKAGE_VERSION=\"\" -DPACKAGE_STRING=\"\" -DPACKAGE_BUGREPORT=\"\" -DMAGIC_VERSION=\"8.0\" -DMAGIC_REVISION=\"100\" -DSTDC_HEADERS=1 -DHAVE_SYS_TYPES_H=1 -DHAVE_SYS_STAT_H=1 -DHAVE_STDLIB_H=1 -DHAVE_STRING_H=1 -DHAVE_MEMORY_H=1 -DHAVE_STRINGS_H=1 -DHAVE_INTTYPES_H=1 -DHAVE_STDINT_H=1 -DHAVE_UNISTD_H=1 -DSIZEOF_VOID_P=8 -DSIZEOF_UNSIGNED_INT=4 -DSIZEOF_UNSIGNED_LONG=8 -DSIZEOF_UNSIGNED_LONG_LONG=8 -DSTDC_HEADERS=1 -DHAVE_SETENV=1 -DHAVE_PUTENV=1 -DHAVE_SYS_MMAN_H=1 -DHAVE_DIRENT_H=1 -DHAVE_LIMITS_H=1 -DHAVE_PATHS_H=1 -DHAVE_VA_COPY=1 -DHAVE___VA_COPY=1 -DFILE_LOCKS=1 -DCALMA_MODULE=1 -DCIF_MODULE=1 -DPLOT_MODULE=1 -DLEF_MODULE=1 -DUSE_READLINE=1 -DHAVE_PTHREADS=1 -DROUTE_MODULE=1 -DEXT2SPICE_AUTO=1 -DEXT2SIM_AUTO=1 -DRSIM_MODULE=1 -DUSE_NEW_MACROS=1 -DVECTOR_FONTS=1 -Dlinux=1 -DSYSV=1 -DISC=1  -DNDEBUG -DGCORE=\"/usr/bin/gcore\" -DSHDLIB_EXT=\"\"  -c CMWundo.c
--- compiling cmwind/CMWrgbhsv.o
rm -f CMWrgbhsv.o
gcc -g -m64 -fPIC   -I. -I..  -I../readline -DCAD_DIR=\"/tmp/lib\" -DBIN_DIR=\"/tmp/bin\" -DPACKAGE_NAME=\"\" -DPACKAGE_TARNAME=\"\" -DPACKAGE_VERSION=\"\" -DPACKAGE_STRING=\"\" -DPACKAGE_BUGREPORT=\"\" -DMAGIC_VERSION=\"8.0\" -DMAGIC_REVISION=\"100\" -DSTDC_HEADERS=1 -DHAVE_SYS_TYPES_H=1 -DHAVE_SYS_STAT_H=1 -DHAVE_STDLIB_H=1 -DHAVE_STRING_H=1 -DHAVE_MEMORY_H=1 -DHAVE_STRINGS_H=1 -DHAVE_INTTYPES_H=1 -DHAVE_STDINT_H=1 -DHAVE_UNISTD_H=1 -DSIZEOF_VOID_P=8 -DSIZEOF_UNSIGNED_INT=4 -DSIZEOF_UNSIGNED_LONG=8 -DSIZEOF_UNSIGNED_LONG_LONG=8 -DSTDC_HEADERS=1 -DHAVE_SETENV=1 -DHAVE_PUTENV=1 -DHAVE_SYS_MMAN_H=1 -DHAVE_DIRENT_H=1 -DHAVE_LIMITS_H=1 -DHAVE_PATHS_H=1 -DHAVE_VA_COPY=1 -DHAVE___VA_COPY=1 -DFILE_LOCKS=1 -DCALMA_MODULE=1 -DCIF_MODULE=1 -DPLOT_MODULE=1 -DLEF_MODULE=1 -DUSE_READLINE=1 -DHAVE_PTHREADS=1 -DROUTE_MODULE=1 -DEXT2SPICE_AUTO=1 -DEXT2SIM_AUTO=1 -DRSIM_MODULE=1 -DUSE_NEW_MACROS=1 -DVECTOR_FONTS=1 -Dlinux=1 -DSYSV=1 -DISC=1  -DNDEBUG -DGCORE=\"/usr/bin/gcore\" -DSHDLIB_EXT=\"\"  -c CMWrgbhsv.c
--- linking libcmwind.o
rm -f libcmwind.o
ld -r CMWmain.o CMWcmmnds.o CMWundo.o CMWrgbhsv.o  -o libcmwind.o 
make[2]: Leaving directory `/home/tim/gitsrc/magic-8.0/cmwind'
make[2]: Entering directory `/home/tim/gitsrc/magic-8.0/commands'
--- compiling commands/CmdSubrs.o
rm -f CmdSubrs.o
gcc -g -m64 -fPIC   -I. -I..  -I../readline -DCAD_DIR=\"/tmp/lib\" -DBIN_DIR=\"/tmp/bin\" -DPACKAGE_NAME=\"\" -DPACKAGE_TARNAME=\"\" -DPACKAGE_VERSION=\"\" -DPACKAGE_STRING=\"\" -DPACKAGE_BUGREPORT=\"\" -DMAGIC_VERSION=\"8.0\" -DMAGIC_REVISION=\"100\" -DSTDC_HEADERS=1 -DHAVE_SYS_TYPES_H=1 -DHAVE_SYS_STAT_H=1 -DHAVE_STDLIB_H=1 -DHAVE_STRING_H=1 -DHAVE_MEMORY_H=1 -DHAVE_STRINGS_H=1 -DHAVE_INTTYPES_H=1 -DHAVE_STDINT_H=1 -DHAVE_UNISTD_H=1 -DSIZEOF_VOID_P=8 -DSIZEOF_UNSIGNED_INT=4 -DSIZEOF_UNSIGNED_LONG=8 -DSIZEOF_UNSIGNED_LONG_LONG=8 -DSTDC_HEADERS=1 -DHAVE_SETENV=1 -DHAVE_PUTENV=1 -DHAVE_SYS_MMAN_H=1 -DHAVE_DIRENT_H=1 -DHAVE_LIMITS_H=1 -DHAVE_PATHS_H=1 -DHAVE_VA_COPY=1 -DHAVE___VA_COPY=1 -DFILE_LOCKS=1 -DCALMA_MODULE=1 -DCIF_MODULE=1 -DPLOT_MODULE=1 -DLEF_MODULE=1 -DUSE_READLINE=1 -DHAVE_PTHREADS=1 -DROUTE_MODULE=1 -DEXT2SPICE_AUTO=1 -DEXT2SIM_AUTO=1 -DRSIM_MODULE=1 -DUSE_NEW_MACROS=1 -DVECTOR_FONTS=1 -Dlinux=1 -DSYSV=1 -DISC=1  -DNDEBUG -DGCORE=\"/usr/bin/gcore\" -DSHDLIB_EXT=\"\"  -c CmdSubrs.c
--- compiling commands/CmdAB.o
rm -f CmdAB.o
gcc -g -m64 -fPIC   -I. -I..  -I../readline -DCAD_DIR=\"/tmp/lib\" -DBIN_DIR=\"/tmp/bin\" -DPACKAGE_NAME=\"\" -DPACKAGE_TARNAME=\"\" -DPACKAGE_VERSION=\"\" -DPACKAGE_STRING=\"\" -DPACKAGE_BUGREPORT=\"\" -DMAGIC_VERSION=\"8.0\" -DMAGIC_REVISION=\"100\" -DSTDC_HEADERS=1 -DHAVE_SYS_TYPES_H=1 -DHAVE_SYS_STAT_H=1 -DHAVE_STDLIB_H=1 -DHAVE_STRING_H=1 -DHAVE_MEMORY_H=1 -DHAVE_STRINGS_H=1 -DHAVE_INTTYPES_H=1 -DHAVE_STDINT_H=1 -DHAVE_UNISTD_H=1 -DSIZEOF_VOID_P=8 -DSIZEOF_UNSIGNED_INT=4 -DSIZEOF_UNSIGNED_LONG=8 -DSIZEOF_UNSIGNED_LONG_LONG=8 -DSTDC_HEADERS=1 -DHAVE_SETENV=1 -DHAVE_PUTENV=1 -DHAVE_SYS_MMAN_H=1 -DHAVE_DIRENT_H=1 -DHAVE_LIMITS_H=1 -DHAVE_PATHS_H=1 -DHAVE_VA_COPY=1 -DHAVE___VA_COPY=1 -DFILE_LOCKS=1 -DCALMA_MODULE=1 -DCIF_MODULE=1 -DPLOT_MODULE=1 -DLEF_MODULE=1 -DUSE_READLINE=1 -DHAVE_PTHREADS=1 -DROUTE_MODULE=1 -DEXT2SPICE_AUTO=1 -DEXT2SIM_AUTO=1 -DRSIM_MODULE=1 -DUSE_NEW_MACROS=1 -DVECTOR_FONTS=1 -Dlinux=1 -DSYSV=1 -DISC=1  -DNDEBUG -DGCORE=\"/usr/bin/gcore\" -DSHDLIB_EXT=\"\"  -c CmdAB.c
--- compiling commands/CmdCD.o
rm -f CmdCD.o
gcc -g -m64 -fPIC   -I. -I..  -I../readline -DCAD_DIR=\"/tmp/lib\" -DBIN_DIR=\"/tmp/bin\" -DPACKAGE_NAME=\"\" -DPACKAGE_TARNAME=\"\" -DPACKAGE_VERSION=\"\" -DPACKAGE_STRING=\"\" -DPACKAGE_BUGREPORT=\"\" -DMAGIC_VERSION=\"8.0\" -DMAGIC_REVISION=\"100\" -DSTDC_HEADERS=1 -DHAVE_SYS_TYPES_H=1 -DHAVE_SYS_STAT_H=1 -DHAVE_STDLIB_H=1 -DHAVE_STRING_H=1 -DHAVE_MEMORY_H=1 -DHAVE_STRINGS_H=1 -DHAVE_INTTYPES_H=1 -DHAVE_STDINT_H=1 -DHAVE_UNISTD_H=1 -DSIZEOF_VOID_P=8 -DSIZEOF_UNSIGNED_INT=4 -DSIZEOF_UNSIGNED_LONG=8 -DSIZEOF_UNSIGNED_LONG_LONG=8 -DSTDC_HEADERS=1 -DHAVE_SETENV=1 -DHAVE_PUTENV=1 -DHAVE_SYS_MMAN_H=1 -DHAVE_DIRENT_H=1 -DHAVE_LIMITS_H=1 -DHAVE_PATHS_H=1 -DHAVE_VA_COPY=1 -DHAVE___VA_COPY=1 -DFILE_LOCKS=1 -DCALMA_MODULE=1 -DCIF_MODULE=1 -DPLOT_MODULE=1 -DLEF_MODULE=1 -DUSE_READLINE=1 -DHAVE_PTHREADS=1 -DROUTE_MODULE=1 -DEXT2SPICE_AUTO=1 -DEXT2SIM_AUTO=1 -DRSIM_MODULE=1 -DUSE_NEW_MACROS=1 -DVECTOR_FONTS=1 -Dlinux=1 -DSYSV=1 -DISC=1  -DNDEBUG -DGCORE=\"/usr/bin/gcore\" -DSHDLIB_EXT=\"\"  -c CmdCD.c
--- compiling commands/CmdE.o
rm -f CmdE.o
gcc -g -m64 -fPIC   -I. -I..  -I../readline -DCAD_DIR=\"/tmp/lib\" -DBIN_DIR=\"/tmp/bin\" -DPACKAGE_NAME=\"\" -DPACKAGE_TARNAME=\"\" -DPACKAGE_VERSION=\"\" -DPACKAGE_STRING=\"\" -DPACKAGE_BUGREPORT=\"\" -DMAGIC_VERSION=\"8.0\" -DMAGIC_REVISION=\"100\" -DSTDC_HEADERS=1 -DHAVE_SYS_TYPES_H=1 -DHAVE_SYS_STAT_H=1 -DHAVE_STDLIB_H=1 -DHAVE_STRING_H=1 -DHAVE_MEMORY_H=1 -DHAVE_STRINGS_H=1 -DHAVE_INTTYPES_H=1 -DHAVE_STDINT_H=1 -DHAVE_UNISTD_H=1 -DSIZEOF_VOID_P=8 -DSIZEOF_UNSIGNED_INT=4 -DSIZEOF_UNSIGNED_LONG=8 -DSIZEOF_UNSIGNED_LONG_LONG=8 -DSTDC_HEADERS=1 -DHAVE_SETENV=1 -DHAVE_PUTENV=1 -DHAVE_SYS_MMAN_H=1 -DHAVE_DIRENT_H=1 -DHAVE_LIMITS_H=1 -DHAVE_PATHS_H=1 -DHAVE_VA_COPY=1 -DHAVE___VA_COPY=1 -DFILE_LOCKS=1 -DCALMA_MODULE=1 -DCIF_MODULE=1 -DPLOT_MODULE=1 -DLEF_MODULE=1 -DUSE_READLINE=1 -DHAVE_PTHREADS=1 -DROUTE_MODULE=1 -DEXT2SPICE_AUTO=1 -DEXT2SIM_AUTO=1 -DRSIM_MODULE=1 -DUSE_NEW_MACROS=1 -DVECTOR_FONTS=1 -Dlinux=1 -DSYSV=1 -DISC=1  -DNDEBUG -DGCORE=\"/usr/bin/gcore\" -DSHDLIB_EXT=\"\"  -c CmdE.c
--- compiling commands/CmdFI.o
rm -f CmdFI.o
gcc -g -m64 -fPIC   -I. -I..  -I../readline -DCAD_DIR=\"/tmp/lib\" -DBIN_DIR=\"/tmp/bin\" -DPACKAGE_NAME=\"\" -DPACKAGE_TARNAME=\"\" -DPACKAGE_VERSION=\"\" -DPACKAGE_STRING=\"\" -DPACKAGE_BUGREPORT=\"\" -DMAGIC_VERSION=\"8.0\" -DMAGIC_REVISION=\"100\" -DSTDC_HEADERS=1 -DHAVE_SYS_TYPES_H=1 -DHAVE_SYS_STAT_H=1 -DHAVE_STDLIB_H=1 -DHAVE_STRING_H=1 -DHAVE_MEMORY_H=1 -DHAVE_STRINGS_H=1 -DHAVE_INTTYPES_H=1 -DHAVE_STDINT_H=1 -DHAVE_UNISTD_H=1 -DSIZEOF_VOID_P=8 -DSIZEOF_UNSIGNED_INT=4 -DSIZEOF_UNSIGNED_LONG=8 -DSIZEOF_UNSIGNED_LONG_LONG=8 -DSTDC_HEADERS=1 -DHAVE_SETENV=1 -DHAVE_PUTENV=1 -DHAVE_SYS_MMAN_H=1 -DHAVE_DIRENT_H=1 -DHAVE_LIMITS_H=1 -DHAVE_PATHS_H=1 -DHAVE_VA_COPY=1 -DHAVE___VA_COPY=1 -DFILE_LOCKS=1 -DCALMA_MODULE=1 -DCIF_MODULE=1 -DPLOT_MODULE=1 -DLEF_MODULE=1 -DUSE_READLINE=1 -DHAVE_PTHREADS=1 -DROUTE_MODULE=1 -DEXT2SPICE_AUTO=1 -DEXT2SIM_AUTO=1 -DRSIM_MODULE=1 -DUSE_NEW_MACROS=1 -DVECTOR_FONTS=1 -Dlinux=1 -DSYSV=1 -DISC=1  -DNDEBUG -DGCORE=\"/usr/bin/gcore\" -DSHDLIB_EXT=\"\"  -c CmdFI.c
--- compiling commands/CmdLQ.o
rm -f CmdLQ.o
gcc -g -m64 -fPIC   -I. -I..  -I../readline -DCAD_DIR=\"/tmp/lib\" -DBIN_DIR=\"/tmp/bin\" -DPACKAGE_NAME=\"\" -DPACKAGE_TARNAME=\"\" -DPACKAGE_VERSION=\"\" -DPACKAGE_STRING=\"\" -DPACKAGE_BUGREPORT=\"\" -DMAGIC_VERSION=\"8.0\" -DMAGIC_REVISION=\"100\" -DSTDC_HEADERS=1 -DHAVE_SYS_TYPES_H=1 -DHAVE_SYS_STAT_H=1 -DHAVE_STDLIB_H=1 -DHAVE_STRING_H=1 -DHAVE_MEMORY_H=1 -DHAVE_STRINGS_H=1 -DHAVE_INTTYPES_H=1 -DHAVE_STDINT_H=1 -DHAVE_UNISTD_H=1 -DSIZEOF_VOID_P=8 -DSIZEOF_UNSIGNED_INT=4 -DSIZEOF_UNSIGNED_LONG=8 -DSIZEOF_UNSIGNED_LONG_LONG=8 -DSTDC_HEADERS=1 -DHAVE_SETENV=1 -DHAVE_PUTENV=1 -DHAVE_SYS_MMAN_H=1 -DHAVE_DIRENT_H=1 -DHAVE_LIMITS_H=1 -DHAVE_PATHS_H=1 -DHAVE_VA_COPY=1 -DHAVE___VA_COPY=1 -DFILE_LOCKS=1 -DCALMA_MODULE=1 -DCIF_MODULE=1 -DPLOT_MODULE=1 -DLEF_MODULE=1 -DUSE_READLINE=1 -DHAVE_PTHREADS=1 -DROUTE_MODULE=1 -DEXT2SPICE_AUTO=1 -DEXT2SIM_AUTO=1 -DRSIM_MODULE=1 -DUSE_NEW_MACROS=1 -DVECTOR_FONTS=1 -Dlinux=1 -DSYSV=1 -DISC=1  -DNDEBUG -DGCORE=\"/usr/bin/gcore\" -DSHDLIB_EXT=\"\"  -c CmdLQ.c
--- compiling commands/CmdRS.o
rm -f CmdRS.o
gcc -g -m64 -fPIC   -I. -I..  -I../readline -DCAD_DIR=\"/tmp/lib\" -DBIN_DIR=\"/tmp/bin\" -DPACKAGE_NAME=\"\" -DPACKAGE_TARNAME=\"\" -DPACKAGE_VERSION=\"\" -DPACKAGE_STRING=\"\" -DPACKAGE_BUGREPORT=\"\" -DMAGIC_VERSION=\"8.0\" -DMAGIC_REVISION=\"100\" -DSTDC_HEADERS=1 -DHAVE_SYS_TYPES_H=1 -DHAVE_SYS_STAT_H=1 -DHAVE_STDLIB_H=1 -DHAVE_STRING_H=1 -DHAVE_MEMORY_H=1 -DHAVE_STRINGS_H=1 -DHAVE_INTTYPES_H=1 -DHAVE_STDINT_H=1 -DHAVE_UNISTD_H=1 -DSIZEOF_VOID_P=8 -DSIZEOF_UNSIGNED_INT=4 -DSIZEOF_UNSIGNED_LONG=8 -DSIZEOF_UNSIGNED_LONG_LONG=8 -DSTDC_HEADERS=1 -DHAVE_SETENV=1 -DHAVE_PUTENV=1 -DHAVE_SYS_MMAN_H=1 -DHAVE_DIRENT_H=1 -DHAVE_LIMITS_H=1 -DHAVE_PATHS_H=1 -DHAVE_VA_COPY=1 -DHAVE___VA_COPY=1 -DFILE_LOCKS=1 -DCALMA_MODULE=1 -DCIF_MODULE=1 -DPLOT_MODULE=1 -DLEF_MODULE=1 -DUSE_READLINE=1 -DHAVE_PTHREADS=1 -DROUTE_MODULE=1 -DEXT2SPICE_AUTO=1 -DEXT2SIM_AUTO=1 -DRSIM_MODULE=1 -DUSE_NEW_MACROS=1 -DVECTOR_FONTS=1 -Dlinux=1 -DSYSV=1 -DISC=1  -DNDEBUG -DGCORE=\"/usr/bin/gcore\" -DSHDLIB_EXT=\"\"  -c CmdRS.c
--- compiling commands/CmdTZ.o
rm -f CmdTZ.o
gcc -g -m64 -fPIC   -I. -I..  -I../readline -DCAD_DIR=\"/tmp/lib\" -DBIN_DIR=\"/tmp/bin\" -DPACKAGE_NAME=\"\" -DPACKAGE_TARNAME=\"\" -DPACKAGE_VERSION=\"\" -DPACKAGE_STRING=\"\" -DPACKAGE_BUGREPORT=\"\" -DMAGIC_VERSION=\"8.0\" -DMAGIC_REVISION=\"100\" -DSTDC_HEADERS=1 -DHAVE_SYS_TYPES_H=1 -DHAVE_SYS_STAT_H=1 -DHAVE_STDLIB_H=1 -DHAVE_STRING_H=1 -DHAVE_MEMORY_H=1 -DHAVE_STRINGS_H=1 -DHAVE_INTTYPES_H=1 -DHAVE_STDINT_H=1 -DHAVE_UNISTD_H=1 -DSIZEOF_VOID_P=8 -DSIZEOF_UNSIGNED_INT=4 -DSIZEOF_UNSIGNED_LONG=8 -DSIZEOF_UNSIGNED_LONG_LONG=8 -DSTDC_HEADERS=1 -DHAVE_SETENV=1 -DHAVE_PUTENV=1 -DHAVE_SYS_MMAN_H=1 -DHAVE_DIRENT_H=1 -DHAVE_LIMITS_H=1 -DHAVE_PATHS_H=1 -DHAVE_VA_COPY=1 -DHAVE___VA_COPY=1 -DFILE_LOCKS=1 -DCALMA_MODULE=1 -DCIF_MODULE=1 -DPLOT_MODULE=1 -DLEF_MODULE=1 -DUSE_READLINE=1 -DHAVE_PTHREADS=1 -DROUTE_MODULE=1 -DEXT2SPICE_AUTO=1 -DEXT2SIM_AUTO=1 -DRSIM_MODULE=1 -DUSE_NEW_MACROS=1 -DVECTOR_FONTS=1 -Dlinux=1 -DSYSV=1 -DISC=1  -DNDEBUG -DGCORE=\"/usr/bin/gcore\" -DSHDLIB_EXT=\"\"  -c CmdTZ.c
--- compiling commands/CmdWizard.o
rm -f CmdWizard.o
gcc -g -m64 -fPIC   -I. -I..  -I../readline -DCAD_DIR=\"/tmp/lib\" -DBIN_DIR=\"/tmp/bin\" -DPACKAGE_NAME=\"\" -DPACKAGE_TARNAME=\"\" -DPACKAGE_VERSION=\"\" -DPACKAGE_STRING=\"\" -DPACKAGE_BUGREPORT=\"\" -DMAGIC_VERSION=\"8.0\" -DMAGIC_REVISION=\"100\" -DSTDC_HEADERS=1 -DHAVE_SYS_TYPES_H=1 -DHAVE_SYS_STAT_H=1 -DHAVE_STDLIB_H=1 -DHAVE_STRING_H=1 -DHAVE_MEMORY_H=1 -DHAVE_STRINGS_H=1 -DHAVE_INTTYPES_H=1 -DHAVE_STDINT_H=1 -DHAVE_UNISTD_H=1 -DSIZEOF_VOID_P=8 -DSIZEOF_UNSIGNED_INT=4 -DSIZEOF_UNSIGNED_LONG=8 -DSIZEOF_UNSIGNED_LONG_LONG=8 -DSTDC_HEADERS=1 -DHAVE_SETENV=1 -DHAVE_PUTENV=1 -DHAVE_SYS_MMAN_H=1 -DHAVE_DIRENT_H=1 -DHAVE_LIMITS_H=1 -DHAVE_PATHS_H=1 -DHAVE_VA_COPY=1 -DHAVE___VA_COPY=1 -DFILE_LOCKS=1 -DCALMA_MODULE=1 -DCIF_MODULE=1 -DPLOT_MODULE=1 -DLEF_MODULE=1 -DUSE_READLINE=1 -DHAVE_PTHREADS=1 -DROUTE_MODULE=1 -DEXT2SPICE_AUTO=1 -DEXT2SIM_AUTO=1 -DRSIM_MODULE=1 -DUSE_NEW_MACROS=1 -DVECTOR_FONTS=1 -Dlinux=1 -DSYSV=1 -DISC=1  -DNDEBUG -DGCORE=\"/usr/bin/gcore\" -DSHDLIB_EXT=\"\"  -c CmdWizard.c
--- compiling commands/CmdAuto.o
rm -f CmdAuto.o
gcc -g -m64 -fPIC   -I. -I..  -I../readline -DCAD_DIR=\"/tmp/lib\" -DBIN_DIR=\"/tmp/bin\" -DPACKAGE_NAME=\"\" -DPACKAGE_TARNAME=\"\" -DPACKAGE_VERSION=\"\" -DPACKAGE_STRING=\"\" -DPACKAGE_BUGREPORT=\"\" -DMAGIC_VERSION=\"8.0\" -DMAGIC_REVISION=\"100\" -DSTDC_HEADERS=1 -DHAVE_SYS_TYPES_H=1 -DHAVE_SYS_STAT_H=1 -DHAVE_STDLIB_H=1 -DHAVE_STRING_H=1 -DHAVE_MEMORY_H=1 -DHAVE_STRINGS_H=1 -DHAVE_INTTYPES_H=1 -DHAVE_STDINT_H=1 -DHAVE_UNISTD_H=1 -DSIZEOF_VOID_P=8 -DSIZEOF_UNSIGNED_INT=4 -DSIZEOF_UNSIGNED_LONG=8 -DSIZEOF_UNSIGNED_LONG_LONG=8 -DSTDC_HEADERS=1 -DHAVE_SETENV=1 -DHAVE_PUTENV=1 -DHAVE_SYS_MMAN_H=1 -DHAVE_DIRENT_H=1 -DHAVE_LIMITS_H=1 -DHAVE_PATHS_H=1 -DHAVE_VA_COPY=1 -DHAVE___VA_COPY=1 -DFILE_LOCKS=1 -DCALMA_MODULE=1 -DCIF_MODULE=1 -DPLOT_MODULE=1 -DLEF_MODULE=1 -DUSE_READLINE=1 -DHAVE_PTHREADS=1 -DROUTE_MODULE=1 -DEXT2SPICE_AUTO=1 -DEXT2SIM_AUTO=1 -DRSIM_MODULE=1 -DUSE_NEW_MACROS=1 -DVECTOR_FONTS=1 -Dlinux=1 -DSYSV=1 -DISC=1  -DNDEBUG -DGCORE=\"/usr/bin/gcore\" -DSHDLIB_EXT=\"\"  -c CmdAuto.c
--- linking libcommands.o
rm -f libcommands.o
ld -r CmdSubrs.o CmdAB.o CmdCD.o CmdE.o CmdFI.o CmdLQ.o CmdRS.o CmdTZ.o CmdWizard.o CmdAuto.o  -o libcommands.o 
make[2]: Leaving directory `/home/tim/gitsrc/magic-8.0/commands'
make[2]: Entering directory `/home/tim/gitsrc/magic-8.0/database'
--- compiling database/DBbound.o
rm -f DBbound.o
gcc -g -m64 -fPIC   -I. -I..  -I../readline -DCAD_DIR=\"/tmp/lib\" -DBIN_DIR=\"/tmp/bin\" -DPACKAGE_NAME=\"\" -DPACKAGE_TARNAME=\"\" -DPACKAGE_VERSION=\"\" -DPACKAGE_STRING=\"\" -DPACKAGE_BUGREPORT=\"\" -DMAGIC_VERSION=\"8.0\" -DMAGIC_REVISION=\"100\" -DSTDC_HEADERS=1 -DHAVE_SYS_TYPES_H=1 -DHAVE_SYS_STAT_H=1 -DHAVE_STDLIB_H=1 -DHAVE_STRING_H=1 -DHAVE_MEMORY_H=1 -DHAVE_STRINGS_H=1 -DHAVE_INTTYPES_H=1 -DHAVE_STDINT_H=1 -DHAVE_UNISTD_H=1 -DSIZEOF_VOID_P=8 -DSIZEOF_UNSIGNED_INT=4 -DSIZEOF_UNSIGNED_LONG=8 -DSIZEOF_UNSIGNED_LONG_LONG=8 -DSTDC_HEADERS=1 -DHAVE_SETENV=1 -DHAVE_PUTENV=1 -DHAVE_SYS_MMAN_H=1 -DHAVE_DIRENT_H=1 -DHAVE_LIMITS_H=1 -DHAVE_PATHS_H=1 -DHAVE_VA_COPY=1 -DHAVE___VA_COPY=1 -DFILE_LOCKS=1 -DCALMA_MODULE=1 -DCIF_MODULE=1 -DPLOT_MODULE=1 -DLEF_MODULE=1 -DUSE_READLINE=1 -DHAVE_PTHREADS=1 -DROUTE_MODULE=1 -DEXT2SPICE_AUTO=1 -DEXT2SIM_AUTO=1 -DRSIM_MODULE=1 -DUSE_NEW_MACROS=1 -DVECTOR_FONTS=1 -Dlinux=1 -DSYSV=1 -DISC=1  -DNDEBUG -DGCORE=\"/usr/bin/gcore\" -DSHDLIB_EXT=\"\"  -c DBbound.c
--- compiling database/DBcell.o
rm -f DBcell.o
gcc -g -m64 -fPIC   -I. -I..  -I../readline -DCAD_DIR=\"/tmp/lib\" -DBIN_DIR=\"/tmp/bin\" -DPACKAGE_NAME=\"\" -DPACKAGE_TARNAME=\"\" -DPACKAGE_VERSION=\"\" -DPACKAGE_STRING=\"\" -DPACKAGE_BUGREPORT=\"\" -DMAGIC_VERSION=\"8.0\" -DMAGIC_REVISION=\"100\" -DSTDC_HEADERS=1 -DHAVE_SYS_TYPES_H=1 -DHAVE_SYS_STAT_H=1 -DHAVE_STDLIB_H=1 -DHAVE_STRING_H=1 -DHAVE_MEMORY_H=1 -DHAVE_STRINGS_H=1 -DHAVE_INTTYPES_H=1 -DHAVE_STDINT_H=1 -DHAVE_UNISTD_H=1 -DSIZEOF_VOID_P=8 -DSIZEOF_UNSIGNED_INT=4 -DSIZEOF_UNSIGNED_LONG=8 -DSIZEOF_UNSIGNED_LONG_LONG=8 -DSTDC_HEADERS=1 -DHAVE_SETENV=1 -DHAVE_PUTENV=1 -DHAVE_SYS_MMAN_H=1 -DHAVE_DIRENT_H=1 -DHAVE_LIMITS_H=1 -DHAVE_PATHS_H=1 -DHAVE_VA_COPY=1 -DHAVE___VA_COPY=1 -DFILE_LOCKS=1 -DCALMA_MODULE=1 -DCIF_MODULE=1 -DPLOT_MODULE=1 -DLEF_MODULE=1 -DUSE_READLINE=1 -DHAVE_PTHREADS=1 -DROUTE_MODULE=1 -DEXT2SPICE_AUTO=1 -DEXT2SIM_AUTO=1 -DRSIM_MODULE=1 -DUSE_NEW_MACROS=1 -DVECTOR_FONTS=1 -Dlinux=1 -DSYSV=1 -DISC=1  -DNDEBUG -DGCORE=\"/usr/bin/gcore\" -DSHDLIB_EXT=\"\"  -c DBcell.c
--- compiling database/DBcellbox.o
rm -f DBcellbox.o
gcc -g -m64 -fPIC   -I. -I..  -I../readline -DCAD_DIR=\"/tmp/lib\" -DBIN_DIR=\"/tmp/bin\" -DPACKAGE_NAME=\"\" -DPACKAGE_TARNAME=\"\" -DPACKAGE_VERSION=\"\" -DPACKAGE_STRING=\"\" -DPACKAGE_BUGREPORT=\"\" -DMAGIC_VERSION=\"8.0\" -DMAGIC_REVISION=\"100\" -DSTDC_HEADERS=1 -DHAVE_SYS_TYPES_H=1 -DHAVE_SYS_STAT_H=1 -DHAVE_STDLIB_H=1 -DHAVE_STRING_H=1 -DHAVE_MEMORY_H=1 -DHAVE_STRINGS_H=1 -DHAVE_INTTYPES_H=1 -DHAVE_STDINT_H=1 -DHAVE_UNISTD_H=1 -DSIZEOF_VOID_P=8 -DSIZEOF_UNSIGNED_INT=4 -DSIZEOF_UNSIGNED_LONG=8 -DSIZEOF_UNSIGNED_LONG_LONG=8 -DSTDC_HEADERS=1 -DHAVE_SETENV=1 -DHAVE_PUTENV=1 -DHAVE_SYS_MMAN_H=1 -DHAVE_DIRENT_H=1 -DHAVE_LIMITS_H=1 -DHAVE_PATHS_H=1 -DHAVE_VA_COPY=1 -DHAVE___VA_COPY=1 -DFILE_LOCKS=1 -DCALMA_MODULE=1 -DCIF_MODULE=1 -DPLOT_MODULE=1 -DLEF_MODULE=1 -DUSE_READLINE=1 -DHAVE_PTHREADS=1 -DROUTE_MODULE=1 -DEXT2SPICE_AUTO=1 -DEXT2SIM_AUTO=1 -DRSIM_MODULE=1 -DUSE_NEW_MACROS=1 -DVECTOR_FONTS=1 -Dlinux=1 -DSYSV=1 -DISC=1  -DNDEBUG -DGCORE=\"/usr/bin/gcore\" -DSHDLIB_EXT=\"\"  -c DBcellbox.c
--- compiling database/DBcellcopy.o
rm -f DBcellcopy.o
gcc -g -m64 -fPIC   -I. -I..  -I../readline -DCAD_DIR=\"/tmp/lib\" -DBIN_DIR=\"/tmp/bin\" -DPACKAGE_NAME=\"\" -DPACKAGE_TARNAME=\"\" -DPACKAGE_VERSION=\"\" -DPACKAGE_STRING=\"\" -DPACKAGE_BUGREPORT=\"\" -DMAGIC_VERSION=\"8.0\" -DMAGIC_REVISION=\"100\" -DSTDC_HEADERS=1 -DHAVE_SYS_TYPES_H=1 -DHAVE_SYS_STAT_H=1 -DHAVE_STDLIB_H=1 -DHAVE_STRING_H=1 -DHAVE_MEMORY_H=1 -DHAVE_STRINGS_H=1 -DHAVE_INTTYPES_H=1 -DHAVE_STDINT_H=1 -DHAVE_UNISTD_H=1 -DSIZEOF_VOID_P=8 -DSIZEOF_UNSIGNED_INT=4 -DSIZEOF_UNSIGNED_LONG=8 -DSIZEOF_UNSIGNED_LONG_LONG=8 -DSTDC_HEADERS=1 -DHAVE_SETENV=1 -DHAVE_PUTENV=1 -DHAVE_SYS_MMAN_H=1 -DHAVE_DIRENT_H=1 -DHAVE_LIMITS_H=1 -DHAVE_PATHS_H=1 -DHAVE_VA_COPY=1 -DHAVE___VA_COPY=1 -DFILE_LOCKS=1 -DCALMA_MODULE=1 -DCIF_MODULE=1 -DPLOT_MODULE=1 -DLEF_MODULE=1 -DUSE_READLINE=1 -DHAVE_PTHREADS=1 -DROUTE_MODULE=1 -DEXT2SPICE_AUTO=1 -DEXT2SIM_AUTO=1 -DRSIM_MODULE=1 -DUSE_NEW_MACROS=1 -DVECTOR_FONTS=1 -Dlinux=1 -DSYSV=1 -DISC=1  -DNDEBUG -DGCORE=\"/usr/bin/gcore\" -DSHDLIB_EXT=\"\"  -c DBcellcopy.c
--- compiling database/DBcellname.o
rm -f DBcellname.o
gcc -g -m64 -fPIC   -I. -I..  -I../readline -DCAD_DIR=\"/tmp/lib\" -DBIN_DIR=\"/tmp/bin\" -DPACKAGE_NAME=\"\" -DPACKAGE_TARNAME=\"\" -DPACKAGE_VERSION=\"\" -DPACKAGE_STRING=\"\" -DPACKAGE_BUGREPORT=\"\" -DMAGIC_VERSION=\"8.0\" -DMAGIC_REVISION=\"100\" -DSTDC_HEADERS=1 -DHAVE_SYS_TYPES_H=1 -DHAVE_SYS_STAT_H=1 -DHAVE_STDLIB_H=1 -DHAVE_STRING_H=1 -DHAVE_MEMORY_H=1 -DHAVE_STRINGS_H=1 -DHAVE_INTTYPES_H=1 -DHAVE_STDINT_H=1 -DHAVE_UNISTD_H=1 -DSIZEOF_VOID_P=8 -DSIZEOF_UNSIGNED_INT=4 -DSIZEOF_UNSIGNED_LONG=8 -DSIZEOF_UNSIGNED_LONG_LONG=8 -DSTDC_HEADERS=1 -DHAVE_SETENV=1 -DHAVE_PUTENV=1 -DHAVE_SYS_MMAN_H=1 -DHAVE_DIRENT_H=1 -DHAVE_LIMITS_H=1 -DHAVE_PATHS_H=1 -DHAVE_VA_COPY=1 -DHAVE___VA_COPY=1 -DFILE_LOCKS=1 -DCALMA_MODULE=1 -DCIF_MODULE=1 -DPLOT_MODULE=1 -DLEF_MODULE=1 -DUSE_READLINE=1 -DHAVE_PTHREADS=1 -DROUTE_MODULE=1 -DEXT2SPICE_AUTO=1 -DEXT2SIM_AUTO=1 -DRSIM_MODULE=1 -DUSE_NEW_MACROS=1 -DVECTOR_FONTS=1 -Dlinux=1 -DSYSV=1 -DISC=1  -DNDEBUG -DGCORE=\"/usr/bin/gcore\" -DSHDLIB_EXT=\"\"  -c DBcellname.c
--- compiling database/DBcellsrch.o
rm -f DBcellsrch.o
gcc -g -m64 -fPIC   -I. -I..  -I../readline -DCAD_DIR=\"/tmp/lib\" -DBIN_DIR=\"/tmp/bin\" -DPACKAGE_NAME=\"\" -DPACKAGE_TARNAME=\"\" -DPACKAGE_VERSION=\"\" -DPACKAGE_STRING=\"\" -DPACKAGE_BUGREPORT=\"\" -DMAGIC_VERSION=\"8.0\" -DMAGIC_REVISION=\"100\" -DSTDC_HEADERS=1 -DHAVE_SYS_TYPES_H=1 -DHAVE_SYS_STAT_H=1 -DHAVE_STDLIB_H=1 -DHAVE_STRING_H=1 -DHAVE_MEMORY_H=1 -DHAVE_STRINGS_H=1 -DHAVE_INTTYPES_H=1 -DHAVE_STDINT_H=1 -DHAVE_UNISTD_H=1 -DSIZEOF_VOID_P=8 -DSIZEOF_UNSIGNED_INT=4 -DSIZEOF_UNSIGNED_LONG=8 -DSIZEOF_UNSIGNED_LONG_LONG=8 -DSTDC_HEADERS=1 -DHAVE_SETENV=1 -DHAVE_PUTENV=1 -DHAVE_SYS_MMAN_H=1 -DHAVE_DIRENT_H=1 -DHAVE_LIMITS_H=1 -DHAVE_PATHS_H=1 -DHAVE_VA_COPY=1 -DHAVE___VA_COPY=1 -DFILE_LOCKS=1 -DCALMA_MODULE=1 -DCIF_MODULE=1 -DPLOT_MODULE=1 -DLEF_MODULE=1 -DUSE_READLINE=1 -DHAVE_PTHREADS=1 -DROUTE_MODULE=1 -DEXT2SPICE_AUTO=1 -DEXT2SIM_AUTO=1 -DRSIM_MODULE=1 -DUSE_NEW_MACROS=1 -DVECTOR_FONTS=1 -Dlinux=1 -DSYSV=1 -DISC=1  -DNDEBUG -DGCORE=\"/usr/bin/gcore\" -DSHDLIB_EXT=\"\"  -c DBcellsrch.c
--- compiling database/DBcellsel.o
rm -f DBcellsel.o
gcc -g -m64 -fPIC   -I. -I..  -I../readline -DCAD_DIR=\"/tmp/lib\" -DBIN_DIR=\"/tmp/bin\" -DPACKAGE_NAME=\"\" -DPACKAGE_TARNAME=\"\" -DPACKAGE_VERSION=\"\" -DPACKAGE_STRING=\"\" -DPACKAGE_BUGREPORT=\"\" -DMAGIC_VERSION=\"8.0\" -DMAGIC_REVISION=\"100\" -DSTDC_HEADERS=1 -DHAVE_SYS_TYPES_H=1 -DHAVE_SYS_STAT_H=1 -DHAVE_STDLIB_H=1 -DHAVE_STRING_H=1 -DHAVE_MEMORY_H=1 -DHAVE_STRINGS_H=1 -DHAVE_INTTYPES_H=1 -DHAVE_STDINT_H=1 -DHAVE_UNISTD_H=1 -DSIZEOF_VOID_P=8 -DSIZEOF_UNSIGNED_INT=4 -DSIZEOF_UNSIGNED_LONG=8 -DSIZEOF_UNSIGNED_LONG_LONG=8 -DSTDC_HEADERS=1 -DHAVE_SETENV=1 -DHAVE_PUTENV=1 -DHAVE_SYS_MMAN_H=1 -DHAVE_DIRENT_H=1 -DHAVE_LIMITS_H=1 -DHAVE_PATHS_H=1 -DHAVE_VA_COPY=1 -DHAVE___VA_COPY=1 -DFILE_LOCKS=1 -DCALMA_MODULE=1 -DCIF_MODULE=1 -DPLOT_MODULE=1 -DLEF_MODULE=1 -DUSE_READLINE=1 -DHAVE_PTHREADS=1 -DROUTE_MODULE=1 -DEXT2SPICE_AUTO=1 -DEXT2SIM_AUTO=1 -DRSIM_MODULE=1 -DUSE_NEW_MACROS=1 -DVECTOR_FONTS=1 -Dlinux=1 -DSYSV=1 -DISC=1  -DNDEBUG -DGCORE=\"/usr/bin/gcore\" -DSHDLIB_EXT=\"\"  -c DBcellsel.c
--- compiling database/DBcellsubr.o
rm -f DBcellsubr.o
gcc -g -m64 -fPIC   -I. -I..  -I../readline -DCAD_DIR=\"/tmp/lib\" -DBIN_DIR=\"/tmp/bin\" -DPACKAGE_NAME=\"\" -DPACKAGE_TARNAME=\"\" -DPACKAGE_VERSION=\"\" -DPACKAGE_STRING=\"\" -DPACKAGE_BUGREPORT=\"\" -DMAGIC_VERSION=\"8.0\" -DMAGIC_REVISION=\"100\" -DSTDC_HEADERS=1 -DHAVE_SYS_TYPES_H=1 -DHAVE_SYS_STAT_H=1 -DHAVE_STDLIB_H=1 -DHAVE_STRING_H=1 -DHAVE_MEMORY_H=1 -DHAVE_STRINGS_H=1 -DHAVE_INTTYPES_H=1 -DHAVE_STDINT_H=1 -DHAVE_UNISTD_H=1 -DSIZEOF_VOID_P=8 -DSIZEOF_UNSIGNED_INT=4 -DSIZEOF_UNSIGNED_LONG=8 -DSIZEOF_UNSIGNED_LONG_LONG=8 -DSTDC_HEADERS=1 -DHAVE_SETENV=1 -DHAVE_PUTENV=1 -DHAVE_SYS_MMAN_H=1 -DHAVE_DIRENT_H=1 -DHAVE_LIMITS_H=1 -DHAVE_PATHS_H=1 -DHAVE_VA_COPY=1 -DHAVE___VA_COPY=1 -DFILE_LOCKS=1 -DCALMA_MODULE=1 -DCIF_MODULE=1 -DPLOT_MODULE=1 -DLEF_MODULE=1 -DUSE_READLINE=1 -DHAVE_PTHREADS=1 -DROUTE_MODULE=1 -DEXT2SPICE_AUTO=1 -DEXT2SIM_AUTO=1 -DRSIM_MODULE=1 -DUSE_NEW_MACROS=1 -DVECTOR_FONTS=1 -Dlinux=1 -DSYSV=1 -DISC=1  -DNDEBUG -DGCORE=\"/usr/bin/gcore\" -DSHDLIB_EXT=\"\"  -c DBcellsubr.c
--- compiling database/DBconnect.o
rm -f DBconnect.o
gcc -g -m64 -fPIC   -I. -I..  -I../readline -DCAD_DIR=\"/tmp/lib\" -DBIN_DIR=\"/tmp/bin\" -DPACKAGE_NAME=\"\" -DPACKAGE_TARNAME=\"\" -DPACKAGE_VERSION=\"\" -DPACKAGE_STRING=\"\" -DPACKAGE_BUGREPORT=\"\" -DMAGIC_VERSION=\"8.0\" -DMAGIC_REVISION=\"100\" -DSTDC_HEADERS=1 -DHAVE_SYS_TYPES_H=1 -DHAVE_SYS_STAT_H=1 -DHAVE_STDLIB_H=1 -DHAVE_STRING_H=1 -DHAVE_MEMORY_H=1 -DHAVE_STRINGS_H=1 -DHAVE_INTTYPES_H=1 -DHAVE_STDINT_H=1 -DHAVE_UNISTD_H=1 -DSIZEOF_VOID_P=8 -DSIZEOF_UNSIGNED_INT=4 -DSIZEOF_UNSIGNED_LONG=8 -DSIZEOF_UNSIGNED_LONG_LONG=8 -DSTDC_HEADERS=1 -DHAVE_SETENV=1 -DHAVE_PUTENV=1 -DHAVE_SYS_MMAN_H=1 -DHAVE_DIRENT_H=1 -DHAVE_LIMITS_H=1 -DHAVE_PATHS_H=1 -DHAVE_VA_COPY=1 -DHAVE___VA_COPY=1 -DFILE_LOCKS=1 -DCALMA_MODULE=1 -DCIF_MODULE=1 -DPLOT_MODULE=1 -DLEF_MODULE=1 -DUSE_READLINE=1 -DHAVE_PTHREADS=1 -DROUTE_MODULE=1 -DEXT2SPICE_AUTO=1 -DEXT2SIM_AUTO=1 -DRSIM_MODULE=1 -DUSE_NEW_MACROS=1 -DVECTOR_FONTS=1 -Dlinux=1 -DSYSV=1 -DISC=1  -DNDEBUG -DGCORE=\"/usr/bin/gcore\" -DSHDLIB_EXT=\"\"  -c DBconnect.c
--- compiling database/DBcount.o
rm -f DBcount.o
gcc -g -m64 -fPIC   -I. -I..  -I../readline -DCAD_DIR=\"/tmp/lib\" -DBIN_DIR=\"/tmp/bin\" -DPACKAGE_NAME=\"\" -DPACKAGE_TARNAME=\"\" -DPACKAGE_VERSION=\"\" -DPACKAGE_STRING=\"\" -DPACKAGE_BUGREPORT=\"\" -DMAGIC_VERSION=\"8.0\" -DMAGIC_REVISION=\"100\" -DSTDC_HEADERS=1 -DHAVE_SYS_TYPES_H=1 -DHAVE_SYS_STAT_H=1 -DHAVE_STDLIB_H=1 -DHAVE_STRING_H=1 -DHAVE_MEMORY_H=1 -DHAVE_STRINGS_H=1 -DHAVE_INTTYPES_H=1 -DHAVE_STDINT_H=1 -DHAVE_UNISTD_H=1 -DSIZEOF_VOID_P=8 -DSIZEOF_UNSIGNED_INT=4 -DSIZEOF_UNSIGNED_LONG=8 -DSIZEOF_UNSIGNED_LONG_LONG=8 -DSTDC_HEADERS=1 -DHAVE_SETENV=1 -DHAVE_PUTENV=1 -DHAVE_SYS_MMAN_H=1 -DHAVE_DIRENT_H=1 -DHAVE_LIMITS_H=1 -DHAVE_PATHS_H=1 -DHAVE_VA_COPY=1 -DHAVE___VA_COPY=1 -DFILE_LOCKS=1 -DCALMA_MODULE=1 -DCIF_MODULE=1 -DPLOT_MODULE=1 -DLEF_MODULE=1 -DUSE_READLINE=1 -DHAVE_PTHREADS=1 -DROUTE_MODULE=1 -DEXT2SPICE_AUTO=1 -DEXT2SIM_AUTO=1 -DRSIM_MODULE=1 -DUSE_NEW_MACROS=1 -DVECTOR_FONTS=1 -Dlinux=1 -DSYSV=1 -DISC=1  -DNDEBUG -DGCORE=\"/usr/bin/gcore\" -DSHDLIB_EXT=\"\"  -c DBcount.c
--- compiling database/DBexpand.o
rm -f DBexpand.o
gcc -g -m64 -fPIC   -I. -I..  -I../readline -DCAD_DIR=\"/tmp/lib\" -DBIN_DIR=\"/tmp/bin\" -DPACKAGE_NAME=\"\" -DPACKAGE_TARNAME=\"\" -DPACKAGE_VERSION=\"\" -DPACKAGE_STRING=\"\" -DPACKAGE_BUGREPORT=\"\" -DMAGIC_VERSION=\"8.0\" -DMAGIC_REVISION=\"100\" -DSTDC_HEADERS=1 -DHAVE_SYS_TYPES_H=1 -DHAVE_SYS_STAT_H=1 -DHAVE_STDLIB_H=1 -DHAVE_STRING_H=1 -DHAVE_MEMORY_H=1 -DHAVE_STRINGS_H=1 -DHAVE_INTTYPES_H=1 -DHAVE_STDINT_H=1 -DHAVE_UNISTD_H=1 -DSIZEOF_VOID_P=8 -DSIZEOF_UNSIGNED_INT=4 -DSIZEOF_UNSIGNED_LONG=8 -DSIZEOF_UNSIGNED_LONG_LONG=8 -DSTDC_HEADERS=1 -DHAVE_SETENV=1 -DHAVE_PUTENV=1 -DHAVE_SYS_MMAN_H=1 -DHAVE_DIRENT_H=1 -DHAVE_LIMITS_H=1 -DHAVE_PATHS_H=1 -DHAVE_VA_COPY=1 -DHAVE___VA_COPY=1 -DFILE_LOCKS=1 -DCALMA_MODULE=1 -DCIF_MODULE=1 -DPLOT_MODULE=1 -DLEF_MODULE=1 -DUSE_READLINE=1 -DHAVE_PTHREADS=1 -DROUTE_MODULE=1 -DEXT2SPICE_AUTO=1 -DEXT2SIM_AUTO=1 -DRSIM_MODULE=1 -DUSE_NEW_MACROS=1 -DVECTOR_FONTS=1 -Dlinux=1 -DSYSV=1 -DISC=1  -DNDEBUG -DGCORE=\"/usr/bin/gcore\" -DSHDLIB_EXT=\"\"  -c DBexpand.c
--- compiling database/DBio.o
rm -f DBio.o
gcc -g -m64 -fPIC   -I. -I..  -I../readline -DCAD_DIR=\"/tmp/lib\" -DBIN_DIR=\"/tmp/bin\" -DPACKAGE_NAME=\"\" -DPACKAGE_TARNAME=\"\" -DPACKAGE_VERSION=\"\" -DPACKAGE_STRING=\"\" -DPACKAGE_BUGREPORT=\"\" -DMAGIC_VERSION=\"8.0\" -DMAGIC_REVISION=\"100\" -DSTDC_HEADERS=1 -DHAVE_SYS_TYPES_H=1 -DHAVE_SYS_STAT_H=1 -DHAVE_STDLIB_H=1 -DHAVE_STRING_H=1 -DHAVE_MEMORY_H=1 -DHAVE_STRINGS_H=1 -DHAVE_INTTYPES_H=1 -DHAVE_STDINT_H=1 -DHAVE_UNISTD_H=1 -DSIZEOF_VOID_P=8 -DSIZEOF_UNSIGNED_INT=4 -DSIZEOF_UNSIGNED_LONG=8 -DSIZEOF_UNSIGNED_LONG_LONG=8 -DSTDC_HEADERS=1 -DHAVE_SETENV=1 -DHAVE_PUTENV=1 -DHAVE_SYS_MMAN_H=1 -DHAVE_DIRENT_H=1 -DHAVE_LIMITS_H=1 -DHAVE_PATHS_H=1 -DHAVE_VA_COPY=1 -DHAVE___VA_COPY=1 -DFILE_LOCKS=1 -DCALMA_MODULE=1 -DCIF_MODULE=1 -DPLOT_MODULE=1 -DLEF_MODULE=1 -DUSE_READLINE=1 -DHAVE_PTHREADS=1 -DROUTE_MODULE=1 -DEXT2SPICE_AUTO=1 -DEXT2SIM_AUTO=1 -DRSIM_MODULE=1 -DUSE_NEW_MACROS=1 -DVECTOR_FONTS=1 -Dlinux=1 -DSYSV=1 -DISC=1  -DNDEBUG -DGCORE=\"/usr/bin/gcore\" -DSHDLIB_EXT=\"\"  -c DBio.c
--- compiling database/DBlabel.o
rm -f DBlabel.o
gcc -g -m64 -fPIC   -I. -I..  -I../readline -DCAD_DIR=\"/tmp/lib\" -DBIN_DIR=\"/tmp/bin\" -DPACKAGE_NAME=\"\" -DPACKAGE_TARNAME=\"\" -DPACKAGE_VERSION=\"\" -DPACKAGE_STRING=\"\" -DPACKAGE_BUGREPORT=\"\" -DMAGIC_VERSION=\"8.0\" -DMAGIC_REVISION=\"100\" -DSTDC_HEADERS=1 -DHAVE_SYS_TYPES_H=1 -DHAVE_SYS_STAT_H=1 -DHAVE_STDLIB_H=1 -DHAVE_STRING_H=1 -DHAVE_MEMORY_H=1 -DHAVE_STRINGS_H=1 -DHAVE_INTTYPES_H=1 -DHAVE_STDINT_H=1 -DHAVE_UNISTD_H=1 -DSIZEOF_VOID_P=8 -DSIZEOF_UNSIGNED_INT=4 -DSIZEOF_UNSIGNED_LONG=8 -DSIZEOF_UNSIGNED_LONG_LONG=8 -DSTDC_HEADERS=1 -DHAVE_SETENV=1 -DHAVE_PUTENV=1 -DHAVE_SYS_MMAN_H=1 -DHAVE_DIRENT_H=1 -DHAVE_LIMITS_H=1 -DHAVE_PATHS_H=1 -DHAVE_VA_COPY=1 -DHAVE___VA_COPY=1 -DFILE_LOCKS=1 -DCALMA_MODULE=1 -DCIF_MODULE=1 -DPLOT_MODULE=1 -DLEF_MODULE=1 -DUSE_READLINE=1 -DHAVE_PTHREADS=1 -DROUTE_MODULE=1 -DEXT2SPICE_AUTO=1 -DEXT2SIM_AUTO=1 -DRSIM_MODULE=1 -DUSE_NEW_MACROS=1 -DVECTOR_FONTS=1 -Dlinux=1 -DSYSV=1 -DISC=1  -DNDEBUG -DGCORE=\"/usr/bin/gcore\" -DSHDLIB_EXT=\"\"  -c DBlabel.c
--- compiling database/DBlabel2.o
rm -f DBlabel2.o
gcc -g -m64 -fPIC   -I. -I..  -I../readline -DCAD_DIR=\"/tmp/lib\" -DBIN_DIR=\"/tmp/bin\" -DPACKAGE_NAME=\"\" -DPACKAGE_TARNAME=\"\" -DPACKAGE_VERSION=\"\" -DPACKAGE_STRING=\"\" -DPACKAGE_BUGREPORT=\"\" -DMAGIC_VERSION=\"8.0\" -DMAGIC_REVISION=\"100\" -DSTDC_HEADERS=1 -DHAVE_SYS_TYPES_H=1 -DHAVE_SYS_STAT_H=1 -DHAVE_STDLIB_H=1 -DHAVE_STRING_H=1 -DHAVE_MEMORY_H=1 -DHAVE_STRINGS_H=1 -DHAVE_INTTYPES_H=1 -DHAVE_STDINT_H=1 -DHAVE_UNISTD_H=1 -DSIZEOF_VOID_P=8 -DSIZEOF_UNSIGNED_INT=4 -DSIZEOF_UNSIGNED_LONG=8 -DSIZEOF_UNSIGNED_LONG_LONG=8 -DSTDC_HEADERS=1 -DHAVE_SETENV=1 -DHAVE_PUTENV=1 -DHAVE_SYS_MMAN_H=1 -DHAVE_DIRENT_H=1 -DHAVE_LIMITS_H=1 -DHAVE_PATHS_H=1 -DHAVE_VA_COPY=1 -DHAVE___VA_COPY=1 -DFILE_LOCKS=1 -DCALMA_MODULE=1 -DCIF_MODULE=1 -DPLOT_MODULE=1 -DLEF_MODULE=1 -DUSE_READLINE=1 -DHAVE_PTHREADS=1 -DROUTE_MODULE=1 -DEXT2SPICE_AUTO=1 -DEXT2SIM_AUTO=1 -DRSIM_MODULE=1 -DUSE_NEW_MACROS=1 -DVECTOR_FONTS=1 -Dlinux=1 -DSYSV=1 -DISC=1  -DNDEBUG -DGCORE=\"/usr/bin/gcore\" -DSHDLIB_EXT=\"\"  -c DBlabel2.c
--- compiling database/DBpaint2.o
rm -f DBpaint2.o
gcc -g -m64 -fPIC   -I. -I..  -I../readline -DCAD_DIR=\"/tmp/lib\" -DBIN_DIR=\"/tmp/bin\" -DPACKAGE_NAME=\"\" -DPACKAGE_TARNAME=\"\" -DPACKAGE_VERSION=\"\" -DPACKAGE_STRING=\"\" -DPACKAGE_BUGREPORT=\"\" -DMAGIC_VERSION=\"8.0\" -DMAGIC_REVISION=\"100\" -DSTDC_HEADERS=1 -DHAVE_SYS_TYPES_H=1 -DHAVE_SYS_STAT_H=1 -DHAVE_STDLIB_H=1 -DHAVE_STRING_H=1 -DHAVE_MEMORY_H=1 -DHAVE_STRINGS_H=1 -DHAVE_INTTYPES_H=1 -DHAVE_STDINT_H=1 -DHAVE_UNISTD_H=1 -DSIZEOF_VOID_P=8 -DSIZEOF_UNSIGNED_INT=4 -DSIZEOF_UNSIGNED_LONG=8 -DSIZEOF_UNSIGNED_LONG_LONG=8 -DSTDC_HEADERS=1 -DHAVE_SETENV=1 -DHAVE_PUTENV=1 -DHAVE_SYS_MMAN_H=1 -DHAVE_DIRENT_H=1 -DHAVE_LIMITS_H=1 -DHAVE_PATHS_H=1 -DHAVE_VA_COPY=1 -DHAVE___VA_COPY=1 -DFILE_LOCKS=1 -DCALMA_MODULE=1 -DCIF_MODULE=1 -DPLOT_MODULE=1 -DLEF_MODULE=1 -DUSE_READLINE=1 -DHAVE_PTHREADS=1 -DROUTE_MODULE=1 -DEXT2SPICE_AUTO=1 -DEXT2SIM_AUTO=1 -DRSIM_MODULE=1 -DUSE_NEW_MACROS=1 -DVECTOR_FONTS=1 -Dlinux=1 -DSYSV=1 -DISC=1  -DNDEBUG -DGCORE=\"/usr/bin/gcore\" -DSHDLIB_EXT=\"\"  -c DBpaint2.c
--- compiling database/DBpaint.o
rm -f DBpaint.o
gcc -g -m64 -fPIC   -I. -I..  -I../readline -DCAD_DIR=\"/tmp/lib\" -DBIN_DIR=\"/tmp/bin\" -DPACKAGE_NAME=\"\" -DPACKAGE_TARNAME=\"\" -DPACKAGE_VERSION=\"\" -DPACKAGE_STRING=\"\" -DPACKAGE_BUGREPORT=\"\" -DMAGIC_VERSION=\"8.0\" -DMAGIC_REVISION=\"100\" -DSTDC_HEADERS=1 -DHAVE_SYS_TYPES_H=1 -DHAVE_SYS_STAT_H=1 -DHAVE_STDLIB_H=1 -DHAVE_STRING_H=1 -DHAVE_MEMORY_H=1 -DHAVE_STRINGS_H=1 -DHAVE_INTTYPES_H=1 -DHAVE_STDINT_H=1 -DHAVE_UNISTD_H=1 -DSIZEOF_VOID_P=8 -DSIZEOF_UNSIGNED_INT=4 -DSIZEOF_UNSIGNED_LONG=8 -DSIZEOF_UNSIGNED_LONG_LONG=8 -DSTDC_HEADERS=1 -DHAVE_SETENV=1 -DHAVE_PUTENV=1 -DHAVE_SYS_MMAN_H=1 -DHAVE_DIRENT_H=1 -DHAVE_LIMITS_H=1 -DHAVE_PATHS_H=1 -DHAVE_VA_COPY=1 -DHAVE___VA_COPY=1 -DFILE_LOCKS=1 -DCALMA_MODULE=1 -DCIF_MODULE=1 -DPLOT_MODULE=1 -DLEF_MODULE=1 -DUSE_READLINE=1 -DHAVE_PTHREADS=1 -DROUTE_MODULE=1 -DEXT2SPICE_AUTO=1 -DEXT2SIM_AUTO=1 -DRSIM_MODULE=1 -DUSE_NEW_MACROS=1 -DVECTOR_FONTS=1 -Dlinux=1 -DSYSV=1 -DISC=1  -DNDEBUG -DGCORE=\"/usr/bin/gcore\" -DSHDLIB_EXT=\"\"  -c DBpaint.c
--- compiling database/DBprop.o
rm -f DBprop.o
gcc -g -m64 -fPIC   -I. -I..  -I../readline -DCAD_DIR=\"/tmp/lib\" -DBIN_DIR=\"/tmp/bin\" -DPACKAGE_NAME=\"\" -DPACKAGE_TARNAME=\"\" -DPACKAGE_VERSION=\"\" -DPACKAGE_STRING=\"\" -DPACKAGE_BUGREPORT=\"\" -DMAGIC_VERSION=\"8.0\" -DMAGIC_REVISION=\"100\" -DSTDC_HEADERS=1 -DHAVE_SYS_TYPES_H=1 -DHAVE_SYS_STAT_H=1 -DHAVE_STDLIB_H=1 -DHAVE_STRING_H=1 -DHAVE_MEMORY_H=1 -DHAVE_STRINGS_H=1 -DHAVE_INTTYPES_H=1 -DHAVE_STDINT_H=1 -DHAVE_UNISTD_H=1 -DSIZEOF_VOID_P=8 -DSIZEOF_UNSIGNED_INT=4 -DSIZEOF_UNSIGNED_LONG=8 -DSIZEOF_UNSIGNED_LONG_LONG=8 -DSTDC_HEADERS=1 -DHAVE_SETENV=1 -DHAVE_PUTENV=1 -DHAVE_SYS_MMAN_H=1 -DHAVE_DIRENT_H=1 -DHAVE_LIMITS_H=1 -DHAVE_PATHS_H=1 -DHAVE_VA_COPY=1 -DHAVE___VA_COPY=1 -DFILE_LOCKS=1 -DCALMA_MODULE=1 -DCIF_MODULE=1 -DPLOT_MODULE=1 -DLEF_MODULE=1 -DUSE_READLINE=1 -DHAVE_PTHREADS=1 -DROUTE_MODULE=1 -DEXT2SPICE_AUTO=1 -DEXT2SIM_AUTO=1 -DRSIM_MODULE=1 -DUSE_NEW_MACROS=1 -DVECTOR_FONTS=1 -Dlinux=1 -DSYSV=1 -DISC=1  -DNDEBUG -DGCORE=\"/usr/bin/gcore\" -DSHDLIB_EXT=\"\"  -c DBprop.c
--- compiling database/DBtech.o
rm -f DBtech.o
gcc -g -m64 -fPIC   -I. -I..  -I../readline -DCAD_DIR=\"/tmp/lib\" -DBIN_DIR=\"/tmp/bin\" -DPACKAGE_NAME=\"\" -DPACKAGE_TARNAME=\"\" -DPACKAGE_VERSION=\"\" -DPACKAGE_STRING=\"\" -DPACKAGE_BUGREPORT=\"\" -DMAGIC_VERSION=\"8.0\" -DMAGIC_REVISION=\"100\" -DSTDC_HEADERS=1 -DHAVE_SYS_TYPES_H=1 -DHAVE_SYS_STAT_H=1 -DHAVE_STDLIB_H=1 -DHAVE_STRING_H=1 -DHAVE_MEMORY_H=1 -DHAVE_STRINGS_H=1 -DHAVE_INTTYPES_H=1 -DHAVE_STDINT_H=1 -DHAVE_UNISTD_H=1 -DSIZEOF_VOID_P=8 -DSIZEOF_UNSIGNED_INT=4 -DSIZEOF_UNSIGNED_LONG=8 -DSIZEOF_UNSIGNED_LONG_LONG=8 -DSTDC_HEADERS=1 -DHAVE_SETENV=1 -DHAVE_PUTENV=1 -DHAVE_SYS_MMAN_H=1 -DHAVE_DIRENT_H=1 -DHAVE_LIMITS_H=1 -DHAVE_PATHS_H=1 -DHAVE_VA_COPY=1 -DHAVE___VA_COPY=1 -DFILE_LOCKS=1 -DCALMA_MODULE=1 -DCIF_MODULE=1 -DPLOT_MODULE=1 -DLEF_MODULE=1 -DUSE_READLINE=1 -DHAVE_PTHREADS=1 -DROUTE_MODULE=1 -DEXT2SPICE_AUTO=1 -DEXT2SIM_AUTO=1 -DRSIM_MODULE=1 -DUSE_NEW_MACROS=1 -DVECTOR_FONTS=1 -Dlinux=1 -DSYSV=1 -DISC=1  -DNDEBUG -DGCORE=\"/usr/bin/gcore\" -DSHDLIB_EXT=\"\"  -c DBtech.c
--- compiling database/DBtcontact.o
rm -f DBtcontact.o
gcc -g -m64 -fPIC   -I. -I..  -I../readline -DCAD_DIR=\"/tmp/lib\" -DBIN_DIR=\"/tmp/bin\" -DPACKAGE_NAME=\"\" -DPACKAGE_TARNAME=\"\" -DPACKAGE_VERSION=\"\" -DPACKAGE_STRING=\"\" -DPACKAGE_BUGREPORT=\"\" -DMAGIC_VERSION=\"8.0\" -DMAGIC_REVISION=\"100\" -DSTDC_HEADERS=1 -DHAVE_SYS_TYPES_H=1 -DHAVE_SYS_STAT_H=1 -DHAVE_STDLIB_H=1 -DHAVE_STRING_H=1 -DHAVE_MEMORY_H=1 -DHAVE_STRINGS_H=1 -DHAVE_INTTYPES_H=1 -DHAVE_STDINT_H=1 -DHAVE_UNISTD_H=1 -DSIZEOF_VOID_P=8 -DSIZEOF_UNSIGNED_INT=4 -DSIZEOF_UNSIGNED_LONG=8 -DSIZEOF_UNSIGNED_LONG_LONG=8 -DSTDC_HEADERS=1 -DHAVE_SETENV=1 -DHAVE_PUTENV=1 -DHAVE_SYS_MMAN_H=1 -DHAVE_DIRENT_H=1 -DHAVE_LIMITS_H=1 -DHAVE_PATHS_H=1 -DHAVE_VA_COPY=1 -DHAVE___VA_COPY=1 -DFILE_LOCKS=1 -DCALMA_MODULE=1 -DCIF_MODULE=1 -DPLOT_MODULE=1 -DLEF_MODULE=1 -DUSE_READLINE=1 -DHAVE_PTHREADS=1 -DROUTE_MODULE=1 -DEXT2SPICE_AUTO=1 -DEXT2SIM_AUTO=1 -DRSIM_MODULE=1 -DUSE_NEW_MACROS=1 -DVECTOR_FONTS=1 -Dlinux=1 -DSYSV=1 -DISC=1  -DNDEBUG -DGCORE=\"/usr/bin/gcore\" -DSHDLIB_EXT=\"\"  -c DBtcontact.c
--- compiling database/DBtechname.o
rm -f DBtechname.o
gcc -g -m64 -fPIC   -I. -I..  -I../readline -DCAD_DIR=\"/tmp/lib\" -DBIN_DIR=\"/tmp/bin\" -DPACKAGE_NAME=\"\" -DPACKAGE_TARNAME=\"\" -DPACKAGE_VERSION=\"\" -DPACKAGE_STRING=\"\" -DPACKAGE_BUGREPORT=\"\" -DMAGIC_VERSION=\"8.0\" -DMAGIC_REVISION=\"100\" -DSTDC_HEADERS=1 -DHAVE_SYS_TYPES_H=1 -DHAVE_SYS_STAT_H=1 -DHAVE_STDLIB_H=1 -DHAVE_STRING_H=1 -DHAVE_MEMORY_H=1 -DHAVE_STRINGS_H=1 -DHAVE_INTTYPES_H=1 -DHAVE_STDINT_H=1 -DHAVE_UNISTD_H=1 -DSIZEOF_VOID_P=8 -DSIZEOF_UNSIGNED_INT=4 -DSIZEOF_UNSIGNED_LONG=8 -DSIZEOF_UNSIGNED_LONG_LONG=8 -DSTDC_HEADERS=1 -DHAVE_SETENV=1 -DHAVE_PUTENV=1 -DHAVE_SYS_MMAN_H=1 -DHAVE_DIRENT_H=1 -DHAVE_LIMITS_H=1 -DHAVE_PATHS_H=1 -DHAVE_VA_COPY=1 -DHAVE___VA_COPY=1 -DFILE_LOCKS=1 -DCALMA_MODULE=1 -DCIF_MODULE=1 -DPLOT_MODULE=1 -DLEF_MODULE=1 -DUSE_READLINE=1 -DHAVE_PTHREADS=1 -DROUTE_MODULE=1 -DEXT2SPICE_AUTO=1 -DEXT2SIM_AUTO=1 -DRSIM_MODULE=1 -DUSE_NEW_MACROS=1 -DVECTOR_FONTS=1 -Dlinux=1 -DSYSV=1 -DISC=1  -DNDEBUG -DGCORE=\"/usr/bin/gcore\" -DSHDLIB_EXT=\"\"  -c DBtechname.c
--- compiling database/DBtpaint.o
rm -f DBtpaint.o
gcc -g -m64 -fPIC   -I. -I..  -I../readline -DCAD_DIR=\"/tmp/lib\" -DBIN_DIR=\"/tmp/bin\" -DPACKAGE_NAME=\"\" -DPACKAGE_TARNAME=\"\" -DPACKAGE_VERSION=\"\" -DPACKAGE_STRING=\"\" -DPACKAGE_BUGREPORT=\"\" -DMAGIC_VERSION=\"8.0\" -DMAGIC_REVISION=\"100\" -DSTDC_HEADERS=1 -DHAVE_SYS_TYPES_H=1 -DHAVE_SYS_STAT_H=1 -DHAVE_STDLIB_H=1 -DHAVE_STRING_H=1 -DHAVE_MEMORY_H=1 -DHAVE_STRINGS_H=1 -DHAVE_INTTYPES_H=1 -DHAVE_STDINT_H=1 -DHAVE_UNISTD_H=1 -DSIZEOF_VOID_P=8 -DSIZEOF_UNSIGNED_INT=4 -DSIZEOF_UNSIGNED_LONG=8 -DSIZEOF_UNSIGNED_LONG_LONG=8 -DSTDC_HEADERS=1 -DHAVE_SETENV=1 -DHAVE_PUTENV=1 -DHAVE_SYS_MMAN_H=1 -DHAVE_DIRENT_H=1 -DHAVE_LIMITS_H=1 -DHAVE_PATHS_H=1 -DHAVE_VA_COPY=1 -DHAVE___VA_COPY=1 -DFILE_LOCKS=1 -DCALMA_MODULE=1 -DCIF_MODULE=1 -DPLOT_MODULE=1 -DLEF_MODULE=1 -DUSE_READLINE=1 -DHAVE_PTHREADS=1 -DROUTE_MODULE=1 -DEXT2SPICE_AUTO=1 -DEXT2SIM_AUTO=1 -DRSIM_MODULE=1 -DUSE_NEW_MACROS=1 -DVECTOR_FONTS=1 -Dlinux=1 -DSYSV=1 -DISC=1  -DNDEBUG -DGCORE=\"/usr/bin/gcore\" -DSHDLIB_EXT=\"\"  -c DBtpaint.c
--- compiling database/DBtpaint2.o
rm -f DBtpaint2.o
gcc -g -m64 -fPIC   -I. -I..  -I../readline -DCAD_DIR=\"/tmp/lib\" -DBIN_DIR=\"/tmp/bin\" -DPACKAGE_NAME=\"\" -DPACKAGE_TARNAME=\"\" -DPACKAGE_VERSION=\"\" -DPACKAGE_STRING=\"\" -DPACKAGE_BUGREPORT=\"\" -DMAGIC_VERSION=\"8.0\" -DMAGIC_REVISION=\"100\" -DSTDC_HEADERS=1 -DHAVE_SYS_TYPES_H=1 -DHAVE_SYS_STAT_H=1 -DHAVE_STDLIB_H=1 -DHAVE_STRING_H=1 -DHAVE_MEMORY_H=1 -DHAVE_STRINGS_H=1 -DHAVE_INTTYPES_H=1 -DHAVE_STDINT_H=1 -DHAVE_UNISTD_H=1 -DSIZEOF_VOID_P=8 -DSIZEOF_UNSIGNED_INT=4 -DSIZEOF_UNSIGNED_LONG=8 -DSIZEOF_UNSIGNED_LONG_LONG=8 -DSTDC_HEADERS=1 -DHAVE_SETENV=1 -DHAVE_PUTENV=1 -DHAVE_SYS_MMAN_H=1 -DHAVE_DIRENT_H=1 -DHAVE_LIMITS_H=1 -DHAVE_PATHS_H=1 -DHAVE_VA_COPY=1 -DHAVE___VA_COPY=1 -DFILE_LOCKS=1 -DCALMA_MODULE=1 -DCIF_MODULE=1 -DPLOT_MODULE=1 -DLEF_MODULE=1 -DUSE_READLINE=1 -DHAVE_PTHREADS=1 -DROUTE_MODULE=1 -DEXT2SPICE_AUTO=1 -DEXT2SIM_AUTO=1 -DRSIM_MODULE=1 -DUSE_NEW_MACROS=1 -DVECTOR_FONTS=1 -Dlinux=1 -DSYSV=1 -DISC=1  -DNDEBUG -DGCORE=\"/usr/bin/gcore\" -DSHDLIB_EXT=\"\"  -c DBtpaint2.c
--- compiling database/DBtechtype.o
rm -f DBtechtype.o
gcc -g -m64 -fPIC   -I. -I..  -I../readline -DCAD_DIR=\"/tmp/lib\" -DBIN_DIR=\"/tmp/bin\" -DPACKAGE_NAME=\"\" -DPACKAGE_TARNAME=\"\" -DPACKAGE_VERSION=\"\" -DPACKAGE_STRING=\"\" -DPACKAGE_BUGREPORT=\"\" -DMAGIC_VERSION=\"8.0\" -DMAGIC_REVISION=\"100\" -DSTDC_HEADERS=1 -DHAVE_SYS_TYPES_H=1 -DHAVE_SYS_STAT_H=1 -DHAVE_STDLIB_H=1 -DHAVE_STRING_H=1 -DHAVE_MEMORY_H=1 -DHAVE_STRINGS_H=1 -DHAVE_INTTYPES_H=1 -DHAVE_STDINT_H=1 -DHAVE_UNISTD_H=1 -DSIZEOF_VOID_P=8 -DSIZEOF_UNSIGNED_INT=4 -DSIZEOF_UNSIGNED_LONG=8 -DSIZEOF_UNSIGNED_LONG_LONG=8 -DSTDC_HEADERS=1 -DHAVE_SETENV=1 -DHAVE_PUTENV=1 -DHAVE_SYS_MMAN_H=1 -DHAVE_DIRENT_H=1 -DHAVE_LIMITS_H=1 -DHAVE_PATHS_H=1 -DHAVE_VA_COPY=1 -DHAVE___VA_COPY=1 -DFILE_LOCKS=1 -DCALMA_MODULE=1 -DCIF_MODULE=1 -DPLOT_MODULE=1 -DLEF_MODULE=1 -DUSE_READLINE=1 -DHAVE_PTHREADS=1 -DROUTE_MODULE=1 -DEXT2SPICE_AUTO=1 -DEXT2SIM_AUTO=1 -DRSIM_MODULE=1 -DUSE_NEW_MACROS=1 -DVECTOR_FONTS=1 -Dlinux=1 -DSYSV=1 -DISC=1  -DNDEBUG -DGCORE=\"/usr/bin/gcore\" -DSHDLIB_EXT=\"\"  -c DBtechtype.c
--- compiling database/DBtiles.o
rm -f DBtiles.o
gcc -g -m64 -fPIC   -I. -I..  -I../readline -DCAD_DIR=\"/tmp/lib\" -DBIN_DIR=\"/tmp/bin\" -DPACKAGE_NAME=\"\" -DPACKAGE_TARNAME=\"\" -DPACKAGE_VERSION=\"\" -DPACKAGE_STRING=\"\" -DPACKAGE_BUGREPORT=\"\" -DMAGIC_VERSION=\"8.0\" -DMAGIC_REVISION=\"100\" -DSTDC_HEADERS=1 -DHAVE_SYS_TYPES_H=1 -DHAVE_SYS_STAT_H=1 -DHAVE_STDLIB_H=1 -DHAVE_STRING_H=1 -DHAVE_MEMORY_H=1 -DHAVE_STRINGS_H=1 -DHAVE_INTTYPES_H=1 -DHAVE_STDINT_H=1 -DHAVE_UNISTD_H=1 -DSIZEOF_VOID_P=8 -DSIZEOF_UNSIGNED_INT=4 -DSIZEOF_UNSIGNED_LONG=8 -DSIZEOF_UNSIGNED_LONG_LONG=8 -DSTDC_HEADERS=1 -DHAVE_SETENV=1 -DHAVE_PUTENV=1 -DHAVE_SYS_MMAN_H=1 -DHAVE_DIRENT_H=1 -DHAVE_LIMITS_H=1 -DHAVE_PATHS_H=1 -DHAVE_VA_COPY=1 -DHAVE___VA_COPY=1 -DFILE_LOCKS=1 -DCALMA_MODULE=1 -DCIF_MODULE=1 -DPLOT_MODULE=1 -DLEF_MODULE=1 -DUSE_READLINE=1 -DHAVE_PTHREADS=1 -DROUTE_MODULE=1 -DEXT2SPICE_AUTO=1 -DEXT2SIM_AUTO=1 -DRSIM_MODULE=1 -DUSE_NEW_MACROS=1 -DVECTOR_FONTS=1 -Dlinux=1 -DSYSV=1 -DISC=1  -DNDEBUG -DGCORE=\"/usr/bin/gcore\" -DSHDLIB_EXT=\"\"  -c DBtiles.c
--- compiling database/DBtimestmp.o
rm -f DBtimestmp.o
gcc -g -m64 -fPIC   -I. -I..  -I../readline -DCAD_DIR=\"/tmp/lib\" -DBIN_DIR=\"/tmp/bin\" -DPACKAGE_NAME=\"\" -DPACKAGE_TARNAME=\"\" -DPACKAGE_VERSION=\"\" -DPACKAGE_STRING=\"\" -DPACKAGE_BUGREPORT=\"\" -DMAGIC_VERSION=\"8.0\" -DMAGIC_REVISION=\"100\" -DSTDC_HEADERS=1 -DHAVE_SYS_TYPES_H=1 -DHAVE_SYS_STAT_H=1 -DHAVE_STDLIB_H=1 -DHAVE_STRING_H=1 -DHAVE_MEMORY_H=1 -DHAVE_STRINGS_H=1 -DHAVE_INTTYPES_H=1 -DHAVE_STDINT_H=1 -DHAVE_UNISTD_H=1 -DSIZEOF_VOID_P=8 -DSIZEOF_UNSIGNED_INT=4 -DSIZEOF_UNSIGNED_LONG=8 -DSIZEOF_UNSIGNED_LONG_LONG=8 -DSTDC_HEADERS=1 -DHAVE_SETENV=1 -DHAVE_PUTENV=1 -DHAVE_SYS_MMAN_H=1 -DHAVE_DIRENT_H=1 -DHAVE_LIMITS_H=1 -DHAVE_PATHS_H=1 -DHAVE_VA_COPY=1 -DHAVE___VA_COPY=1 -DFILE_LOCKS=1 -DCALMA_MODULE=1 -DCIF_MODULE=1 -DPLOT_MODULE=1 -DLEF_MODULE=1 -DUSE_READLINE=1 -DHAVE_PTHREADS=1 -DROUTE_MODULE=1 -DEXT2SPICE_AUTO=1 -DEXT2SIM_AUTO=1 -DRSIM_MODULE=1 -DUSE_NEW_MACROS=1 -DVECTOR_FONTS=1 -Dlinux=1 -DSYSV=1 -DISC=1  -DNDEBUG -DGCORE=\"/usr/bin/gcore\" -DSHDLIB_EXT=\"\"  -c DBtimestmp.c
--- compiling database/DBundo.o
rm -f DBundo.o
gcc -g -m64 -fPIC   -I. -I..  -I../readline -DCAD_DIR=\"/tmp/lib\" -DBIN_DIR=\"/tmp/bin\" -DPACKAGE_NAME=\"\" -DPACKAGE_TARNAME=\"\" -DPACKAGE_VERSION=\"\" -DPACKAGE_STRING=\"\" -DPACKAGE_BUGREPORT=\"\" -DMAGIC_VERSION=\"8.0\" -DMAGIC_REVISION=\"100\" -DSTDC_HEADERS=1 -DHAVE_SYS_TYPES_H=1 -DHAVE_SYS_STAT_H=1 -DHAVE_STDLIB_H=1 -DHAVE_STRING_H=1 -DHAVE_MEMORY_H=1 -DHAVE_STRINGS_H=1 -DHAVE_INTTYPES_H=1 -DHAVE_STDINT_H=1 -DHAVE_UNISTD_H=1 -DSIZEOF_VOID_P=8 -DSIZEOF_UNSIGNED_INT=4 -DSIZEOF_UNSIGNED_LONG=8 -DSIZEOF_UNSIGNED_LONG_LONG=8 -DSTDC_HEADERS=1 -DHAVE_SETENV=1 -DHAVE_PUTENV=1 -DHAVE_SYS_MMAN_H=1 -DHAVE_DIRENT_H=1 -DHAVE_LIMITS_H=1 -DHAVE_PATHS_H=1 -DHAVE_VA_COPY=1 -DHAVE___VA_COPY=1 -DFILE_LOCKS=1 -DCALMA_MODULE=1 -DCIF_MODULE=1 -DPLOT_MODULE=1 -DLEF_MODULE=1 -DUSE_READLINE=1 -DHAVE_PTHREADS=1 -DROUTE_MODULE=1 -DEXT2SPICE_AUTO=1 -DEXT2SIM_AUTO=1 -DRSIM_MODULE=1 -DUSE_NEW_MACROS=1 -DVECTOR_FONTS=1 -Dlinux=1 -DSYSV=1 -DISC=1  -DNDEBUG -DGCORE=\"/usr/bin/gcore\" -DSHDLIB_EXT=\"\"  -c DBundo.c
--- linking libdatabase.o
rm -f libdatabase.o
ld -r DBbound.o DBcell.o DBcellbox.o DBcellcopy.o DBcellname.o DBcellsrch.o DBcellsel.o DBcellsubr.o DBconnect.o DBcount.o DBexpand.o DBio.o DBlabel.o DBlabel2.o DBpaint2.o DBpaint.o DBprop.o DBtech.o DBtcontact.o DBtechname.o DBtpaint.o DBtpaint2.o DBtechtype.o DBtiles.o DBtimestmp.o DBundo.o  -o libdatabase.o 
make[2]: Leaving directory `/home/tim/gitsrc/magic-8.0/database'
make[2]: Entering directory `/home/tim/gitsrc/magic-8.0/dbwind'
--- compiling dbwind/DBWcommands.o
rm -f DBWcommands.o
gcc -g -m64 -fPIC   -I. -I..  -I../readline -DCAD_DIR=\"/tmp/lib\" -DBIN_DIR=\"/tmp/bin\" -DPACKAGE_NAME=\"\" -DPACKAGE_TARNAME=\"\" -DPACKAGE_VERSION=\"\" -DPACKAGE_STRING=\"\" -DPACKAGE_BUGREPORT=\"\" -DMAGIC_VERSION=\"8.0\" -DMAGIC_REVISION=\"100\" -DSTDC_HEADERS=1 -DHAVE_SYS_TYPES_H=1 -DHAVE_SYS_STAT_H=1 -DHAVE_STDLIB_H=1 -DHAVE_STRING_H=1 -DHAVE_MEMORY_H=1 -DHAVE_STRINGS_H=1 -DHAVE_INTTYPES_H=1 -DHAVE_STDINT_H=1 -DHAVE_UNISTD_H=1 -DSIZEOF_VOID_P=8 -DSIZEOF_UNSIGNED_INT=4 -DSIZEOF_UNSIGNED_LONG=8 -DSIZEOF_UNSIGNED_LONG_LONG=8 -DSTDC_HEADERS=1 -DHAVE_SETENV=1 -DHAVE_PUTENV=1 -DHAVE_SYS_MMAN_H=1 -DHAVE_DIRENT_H=1 -DHAVE_LIMITS_H=1 -DHAVE_PATHS_H=1 -DHAVE_VA_COPY=1 -DHAVE___VA_COPY=1 -DFILE_LOCKS=1 -DCALMA_MODULE=1 -DCIF_MODULE=1 -DPLOT_MODULE=1 -DLEF_MODULE=1 -DUSE_READLINE=1 -DHAVE_PTHREADS=1 -DROUTE_MODULE=1 -DEXT2SPICE_AUTO=1 -DEXT2SIM_AUTO=1 -DRSIM_MODULE=1 -DUSE_NEW_MACROS=1 -DVECTOR_FONTS=1 -Dlinux=1 -DSYSV=1 -DISC=1  -DNDEBUG -DGCORE=\"/usr/bin/gcore\" -DSHDLIB_EXT=\"\"  -c DBWcommands.c
--- compiling dbwind/DBWdisplay.o
rm -f DBWdisplay.o
gcc -g -m64 -fPIC   -I. -I..  -I../readline -DCAD_DIR=\"/tmp/lib\" -DBIN_DIR=\"/tmp/bin\" -DPACKAGE_NAME=\"\" -DPACKAGE_TARNAME=\"\" -DPACKAGE_VERSION=\"\" -DPACKAGE_STRING=\"\" -DPACKAGE_BUGREPORT=\"\" -DMAGIC_VERSION=\"8.0\" -DMAGIC_REVISION=\"100\" -DSTDC_HEADERS=1 -DHAVE_SYS_TYPES_H=1 -DHAVE_SYS_STAT_H=1 -DHAVE_STDLIB_H=1 -DHAVE_STRING_H=1 -DHAVE_MEMORY_H=1 -DHAVE_STRINGS_H=1 -DHAVE_INTTYPES_H=1 -DHAVE_STDINT_H=1 -DHAVE_UNISTD_H=1 -DSIZEOF_VOID_P=8 -DSIZEOF_UNSIGNED_INT=4 -DSIZEOF_UNSIGNED_LONG=8 -DSIZEOF_UNSIGNED_LONG_LONG=8 -DSTDC_HEADERS=1 -DHAVE_SETENV=1 -DHAVE_PUTENV=1 -DHAVE_SYS_MMAN_H=1 -DHAVE_DIRENT_H=1 -DHAVE_LIMITS_H=1 -DHAVE_PATHS_H=1 -DHAVE_VA_COPY=1 -DHAVE___VA_COPY=1 -DFILE_LOCKS=1 -DCALMA_MODULE=1 -DCIF_MODULE=1 -DPLOT_MODULE=1 -DLEF_MODULE=1 -DUSE_READLINE=1 -DHAVE_PTHREADS=1 -DROUTE_MODULE=1 -DEXT2SPICE_AUTO=1 -DEXT2SIM_AUTO=1 -DRSIM_MODULE=1 -DUSE_NEW_MACROS=1 -DVECTOR_FONTS=1 -Dlinux=1 -DSYSV=1 -DISC=1  -DNDEBUG -DGCORE=\"/usr/bin/gcore\" -DSHDLIB_EXT=\"\"  -c DBWdisplay.c
--- compiling dbwind/DBWbuttons.o
rm -f DBWbuttons.o
gcc -g -m64 -fPIC   -I. -I..  -I../readline -DCAD_DIR=\"/tmp/lib\" -DBIN_DIR=\"/tmp/bin\" -DPACKAGE_NAME=\"\" -DPACKAGE_TARNAME=\"\" -DPACKAGE_VERSION=\"\" -DPACKAGE_STRING=\"\" -DPACKAGE_BUGREPORT=\"\" -DMAGIC_VERSION=\"8.0\" -DMAGIC_REVISION=\"100\" -DSTDC_HEADERS=1 -DHAVE_SYS_TYPES_H=1 -DHAVE_SYS_STAT_H=1 -DHAVE_STDLIB_H=1 -DHAVE_STRING_H=1 -DHAVE_MEMORY_H=1 -DHAVE_STRINGS_H=1 -DHAVE_INTTYPES_H=1 -DHAVE_STDINT_H=1 -DHAVE_UNISTD_H=1 -DSIZEOF_VOID_P=8 -DSIZEOF_UNSIGNED_INT=4 -DSIZEOF_UNSIGNED_LONG=8 -DSIZEOF_UNSIGNED_LONG_LONG=8 -DSTDC_HEADERS=1 -DHAVE_SETENV=1 -DHAVE_PUTENV=1 -DHAVE_SYS_MMAN_H=1 -DHAVE_DIRENT_H=1 -DHAVE_LIMITS_H=1 -DHAVE_PATHS_H=1 -DHAVE_VA_COPY=1 -DHAVE___VA_COPY=1 -DFILE_LOCKS=1 -DCALMA_MODULE=1 -DCIF_MODULE=1 -DPLOT_MODULE=1 -DLEF_MODULE=1 -DUSE_READLINE=1 -DHAVE_PTHREADS=1 -DROUTE_MODULE=1 -DEXT2SPICE_AUTO=1 -DEXT2SIM_AUTO=1 -DRSIM_MODULE=1 -DUSE_NEW_MACROS=1 -DVECTOR_FONTS=1 -Dlinux=1 -DSYSV=1 -DISC=1  -DNDEBUG -DGCORE=\"/usr/bin/gcore\" -DSHDLIB_EXT=\"\"  -c DBWbuttons.c
--- compiling dbwind/DBWelement.o
rm -f DBWelement.o
gcc -g -m64 -fPIC   -I. -I..  -I../readline -DCAD_DIR=\"/tmp/lib\" -DBIN_DIR=\"/tmp/bin\" -DPACKAGE_NAME=\"\" -DPACKAGE_TARNAME=\"\" -DPACKAGE_VERSION=\"\" -DPACKAGE_STRING=\"\" -DPACKAGE_BUGREPORT=\"\" -DMAGIC_VERSION=\"8.0\" -DMAGIC_REVISION=\"100\" -DSTDC_HEADERS=1 -DHAVE_SYS_TYPES_H=1 -DHAVE_SYS_STAT_H=1 -DHAVE_STDLIB_H=1 -DHAVE_STRING_H=1 -DHAVE_MEMORY_H=1 -DHAVE_STRINGS_H=1 -DHAVE_INTTYPES_H=1 -DHAVE_STDINT_H=1 -DHAVE_UNISTD_H=1 -DSIZEOF_VOID_P=8 -DSIZEOF_UNSIGNED_INT=4 -DSIZEOF_UNSIGNED_LONG=8 -DSIZEOF_UNSIGNED_LONG_LONG=8 -DSTDC_HEADERS=1 -DHAVE_SETENV=1 -DHAVE_PUTENV=1 -DHAVE_SYS_MMAN_H=1 -DHAVE_DIRENT_H=1 -DHAVE_LIMITS_H=1 -DHAVE_PATHS_H=1 -DHAVE_VA_COPY=1 -DHAVE___VA_COPY=1 -DFILE_LOCKS=1 -DCALMA_MODULE=1 -DCIF_MODULE=1 -DPLOT_MODULE=1 -DLEF_MODULE=1 -DUSE_READLINE=1 -DHAVE_PTHREADS=1 -DROUTE_MODULE=1 -DEXT2SPICE_AUTO=1 -DEXT2SIM_AUTO=1 -DRSIM_MODULE=1 -DUSE_NEW_MACROS=1 -DVECTOR_FONTS=1 -Dlinux=1 -DSYSV=1 -DISC=1  -DNDEBUG -DGCORE=\"/usr/bin/gcore\" -DSHDLIB_EXT=\"\"  -c DBWelement.c
--- compiling dbwind/DBWfdback.o
rm -f DBWfdback.o
gcc -g -m64 -fPIC   -I. -I..  -I../readline -DCAD_DIR=\"/tmp/lib\" -DBIN_DIR=\"/tmp/bin\" -DPACKAGE_NAME=\"\" -DPACKAGE_TARNAME=\"\" -DPACKAGE_VERSION=\"\" -DPACKAGE_STRING=\"\" -DPACKAGE_BUGREPORT=\"\" -DMAGIC_VERSION=\"8.0\" -DMAGIC_REVISION=\"100\" -DSTDC_HEADERS=1 -DHAVE_SYS_TYPES_H=1 -DHAVE_SYS_STAT_H=1 -DHAVE_STDLIB_H=1 -DHAVE_STRING_H=1 -DHAVE_MEMORY_H=1 -DHAVE_STRINGS_H=1 -DHAVE_INTTYPES_H=1 -DHAVE_STDINT_H=1 -DHAVE_UNISTD_H=1 -DSIZEOF_VOID_P=8 -DSIZEOF_UNSIGNED_INT=4 -DSIZEOF_UNSIGNED_LONG=8 -DSIZEOF_UNSIGNED_LONG_LONG=8 -DSTDC_HEADERS=1 -DHAVE_SETENV=1 -DHAVE_PUTENV=1 -DHAVE_SYS_MMAN_H=1 -DHAVE_DIRENT_H=1 -DHAVE_LIMITS_H=1 -DHAVE_PATHS_H=1 -DHAVE_VA_COPY=1 -DHAVE___VA_COPY=1 -DFILE_LOCKS=1 -DCALMA_MODULE=1 -DCIF_MODULE=1 -DPLOT_MODULE=1 -DLEF_MODULE=1 -DUSE_READLINE=1 -DHAVE_PTHREADS=1 -DROUTE_MODULE=1 -DEXT2SPICE_AUTO=1 -DEXT2SIM_AUTO=1 -DRSIM_MODULE=1 -DUSE_NEW_MACROS=1 -DVECTOR_FONTS=1 -Dlinux=1 -DSYSV=1 -DISC=1  -DNDEBUG -DGCORE=\"/usr/bin/gcore\" -DSHDLIB_EXT=\"\"  -c DBWfdback.c
--- compiling dbwind/DBWhlights.o
rm -f DBWhlights.o
gcc -g -m64 -fPIC   -I. -I..  -I../readline -DCAD_DIR=\"/tmp/lib\" -DBIN_DIR=\"/tmp/bin\" -DPACKAGE_NAME=\"\" -DPACKAGE_TARNAME=\"\" -DPACKAGE_VERSION=\"\" -DPACKAGE_STRING=\"\" -DPACKAGE_BUGREPORT=\"\" -DMAGIC_VERSION=\"8.0\" -DMAGIC_REVISION=\"100\" -DSTDC_HEADERS=1 -DHAVE_SYS_TYPES_H=1 -DHAVE_SYS_STAT_H=1 -DHAVE_STDLIB_H=1 -DHAVE_STRING_H=1 -DHAVE_MEMORY_H=1 -DHAVE_STRINGS_H=1 -DHAVE_INTTYPES_H=1 -DHAVE_STDINT_H=1 -DHAVE_UNISTD_H=1 -DSIZEOF_VOID_P=8 -DSIZEOF_UNSIGNED_INT=4 -DSIZEOF_UNSIGNED_LONG=8 -DSIZEOF_UNSIGNED_LONG_LONG=8 -DSTDC_HEADERS=1 -DHAVE_SETENV=1 -DHAVE_PUTENV=1 -DHAVE_SYS_MMAN_H=1 -DHAVE_DIRENT_H=1 -DHAVE_LIMITS_H=1 -DHAVE_PATHS_H=1 -DHAVE_VA_COPY=1 -DHAVE___VA_COPY=1 -DFILE_LOCKS=1 -DCALMA_MODULE=1 -DCIF_MODULE=1 -DPLOT_MODULE=1 -DLEF_MODULE=1 -DUSE_READLINE=1 -DHAVE_PTHREADS=1 -DROUTE_MODULE=1 -DEXT2SPICE_AUTO=1 -DEXT2SIM_AUTO=1 -DRSIM_MODULE=1 -DUSE_NEW_MACROS=1 -DVECTOR_FONTS=1 -Dlinux=1 -DSYSV=1 -DISC=1  -DNDEBUG -DGCORE=\"/usr/bin/gcore\" -DSHDLIB_EXT=\"\"  -c DBWhlights.c
--- compiling dbwind/DBWprocs.o
rm -f DBWprocs.o
gcc -g -m64 -fPIC   -I. -I..  -I../readline -DCAD_DIR=\"/tmp/lib\" -DBIN_DIR=\"/tmp/bin\" -DPACKAGE_NAME=\"\" -DPACKAGE_TARNAME=\"\" -DPACKAGE_VERSION=\"\" -DPACKAGE_STRING=\"\" -DPACKAGE_BUGREPORT=\"\" -DMAGIC_VERSION=\"8.0\" -DMAGIC_REVISION=\"100\" -DSTDC_HEADERS=1 -DHAVE_SYS_TYPES_H=1 -DHAVE_SYS_STAT_H=1 -DHAVE_STDLIB_H=1 -DHAVE_STRING_H=1 -DHAVE_MEMORY_H=1 -DHAVE_STRINGS_H=1 -DHAVE_INTTYPES_H=1 -DHAVE_STDINT_H=1 -DHAVE_UNISTD_H=1 -DSIZEOF_VOID_P=8 -DSIZEOF_UNSIGNED_INT=4 -DSIZEOF_UNSIGNED_LONG=8 -DSIZEOF_UNSIGNED_LONG_LONG=8 -DSTDC_HEADERS=1 -DHAVE_SETENV=1 -DHAVE_PUTENV=1 -DHAVE_SYS_MMAN_H=1 -DHAVE_DIRENT_H=1 -DHAVE_LIMITS_H=1 -DHAVE_PATHS_H=1 -DHAVE_VA_COPY=1 -DHAVE___VA_COPY=1 -DFILE_LOCKS=1 -DCALMA_MODULE=1 -DCIF_MODULE=1 -DPLOT_MODULE=1 -DLEF_MODULE=1 -DUSE_READLINE=1 -DHAVE_PTHREADS=1 -DROUTE_MODULE=1 -DEXT2SPICE_AUTO=1 -DEXT2SIM_AUTO=1 -DRSIM_MODULE=1 -DUSE_NEW_MACROS=1 -DVECTOR_FONTS=1 -Dlinux=1 -DSYSV=1 -DISC=1  -DNDEBUG -DGCORE=\"/usr/bin/gcore\" -DSHDLIB_EXT=\"\"  -c DBWprocs.c
--- compiling dbwind/DBWtools.o
rm -f DBWtools.o
gcc -g -m64 -fPIC   -I. -I..  -I../readline -DCAD_DIR=\"/tmp/lib\" -DBIN_DIR=\"/tmp/bin\" -DPACKAGE_NAME=\"\" -DPACKAGE_TARNAME=\"\" -DPACKAGE_VERSION=\"\" -DPACKAGE_STRING=\"\" -DPACKAGE_BUGREPORT=\"\" -DMAGIC_VERSION=\"8.0\" -DMAGIC_REVISION=\"100\" -DSTDC_HEADERS=1 -DHAVE_SYS_TYPES_H=1 -DHAVE_SYS_STAT_H=1 -DHAVE_STDLIB_H=1 -DHAVE_STRING_H=1 -DHAVE_MEMORY_H=1 -DHAVE_STRINGS_H=1 -DHAVE_INTTYPES_H=1 -DHAVE_STDINT_H=1 -DHAVE_UNISTD_H=1 -DSIZEOF_VOID_P=8 -DSIZEOF_UNSIGNED_INT=4 -DSIZEOF_UNSIGNED_LONG=8 -DSIZEOF_UNSIGNED_LONG_LONG=8 -DSTDC_HEADERS=1 -DHAVE_SETENV=1 -DHAVE_PUTENV=1 -DHAVE_SYS_MMAN_H=1 -DHAVE_DIRENT_H=1 -DHAVE_LIMITS_H=1 -DHAVE_PATHS_H=1 -DHAVE_VA_COPY=1 -DHAVE___VA_COPY=1 -DFILE_LOCKS=1 -DCALMA_MODULE=1 -DCIF_MODULE=1 -DPLOT_MODULE=1 -DLEF_MODULE=1 -DUSE_READLINE=1 -DHAVE_PTHREADS=1 -DROUTE_MODULE=1 -DEXT2SPICE_AUTO=1 -DEXT2SIM_AUTO=1 -DRSIM_MODULE=1 -DUSE_NEW_MACROS=1 -DVECTOR_FONTS=1 -Dlinux=1 -DSYSV=1 -DISC=1  -DNDEBUG -DGCORE=\"/usr/bin/gcore\" -DSHDLIB_EXT=\"\"  -c DBWtools.c
--- compiling dbwind/DBWundo.o
rm -f DBWundo.o
gcc -g -m64 -fPIC   -I. -I..  -I../readline -DCAD_DIR=\"/tmp/lib\" -DBIN_DIR=\"/tmp/bin\" -DPACKAGE_NAME=\"\" -DPACKAGE_TARNAME=\"\" -DPACKAGE_VERSION=\"\" -DPACKAGE_STRING=\"\" -DPACKAGE_BUGREPORT=\"\" -DMAGIC_VERSION=\"8.0\" -DMAGIC_REVISION=\"100\" -DSTDC_HEADERS=1 -DHAVE_SYS_TYPES_H=1 -DHAVE_SYS_STAT_H=1 -DHAVE_STDLIB_H=1 -DHAVE_STRING_H=1 -DHAVE_MEMORY_H=1 -DHAVE_STRINGS_H=1 -DHAVE_INTTYPES_H=1 -DHAVE_STDINT_H=1 -DHAVE_UNISTD_H=1 -DSIZEOF_VOID_P=8 -DSIZEOF_UNSIGNED_INT=4 -DSIZEOF_UNSIGNED_LONG=8 -DSIZEOF_UNSIGNED_LONG_LONG=8 -DSTDC_HEADERS=1 -DHAVE_SETENV=1 -DHAVE_PUTENV=1 -DHAVE_SYS_MMAN_H=1 -DHAVE_DIRENT_H=1 -DHAVE_LIMITS_H=1 -DHAVE_PATHS_H=1 -DHAVE_VA_COPY=1 -DHAVE___VA_COPY=1 -DFILE_LOCKS=1 -DCALMA_MODULE=1 -DCIF_MODULE=1 -DPLOT_MODULE=1 -DLEF_MODULE=1 -DUSE_READLINE=1 -DHAVE_PTHREADS=1 -DROUTE_MODULE=1 -DEXT2SPICE_AUTO=1 -DEXT2SIM_AUTO=1 -DRSIM_MODULE=1 -DUSE_NEW_MACROS=1 -DVECTOR_FONTS=1 -Dlinux=1 -DSYSV=1 -DISC=1  -DNDEBUG -DGCORE=\"/usr/bin/gcore\" -DSHDLIB_EXT=\"\"  -c DBWundo.c
--- linking libdbwind.o
rm -f libdbwind.o
ld -r DBWcommands.o DBWdisplay.o DBWbuttons.o DBWelement.o DBWfdback.o DBWhlights.o DBWprocs.o DBWtools.o DBWundo.o  -o libdbwind.o 
make[2]: Leaving directory `/home/tim/gitsrc/magic-8.0/dbwind'
make[2]: Entering directory `/home/tim/gitsrc/magic-8.0/debug'
--- compiling debug/debugFlags.o
rm -f debugFlags.o
gcc -g -m64 -fPIC   -I. -I..  -I../readline -DCAD_DIR=\"/tmp/lib\" -DBIN_DIR=\"/tmp/bin\" -DPACKAGE_NAME=\"\" -DPACKAGE_TARNAME=\"\" -DPACKAGE_VERSION=\"\" -DPACKAGE_STRING=\"\" -DPACKAGE_BUGREPORT=\"\" -DMAGIC_VERSION=\"8.0\" -DMAGIC_REVISION=\"100\" -DSTDC_HEADERS=1 -DHAVE_SYS_TYPES_H=1 -DHAVE_SYS_STAT_H=1 -DHAVE_STDLIB_H=1 -DHAVE_STRING_H=1 -DHAVE_MEMORY_H=1 -DHAVE_STRINGS_H=1 -DHAVE_INTTYPES_H=1 -DHAVE_STDINT_H=1 -DHAVE_UNISTD_H=1 -DSIZEOF_VOID_P=8 -DSIZEOF_UNSIGNED_INT=4 -DSIZEOF_UNSIGNED_LONG=8 -DSIZEOF_UNSIGNED_LONG_LONG=8 -DSTDC_HEADERS=1 -DHAVE_SETENV=1 -DHAVE_PUTENV=1 -DHAVE_SYS_MMAN_H=1 -DHAVE_DIRENT_H=1 -DHAVE_LIMITS_H=1 -DHAVE_PATHS_H=1 -DHAVE_VA_COPY=1 -DHAVE___VA_COPY=1 -DFILE_LOCKS=1 -DCALMA_MODULE=1 -DCIF_MODULE=1 -DPLOT_MODULE=1 -DLEF_MODULE=1 -DUSE_READLINE=1 -DHAVE_PTHREADS=1 -DROUTE_MODULE=1 -DEXT2SPICE_AUTO=1 -DEXT2SIM_AUTO=1 -DRSIM_MODULE=1 -DUSE_NEW_MACROS=1 -DVECTOR_FONTS=1 -Dlinux=1 -DSYSV=1 -DISC=1  -DNDEBUG -DGCORE=\"/usr/bin/gcore\" -DSHDLIB_EXT=\"\"  -c debugFlags.c
--- compiling debug/hist.o
rm -f hist.o
gcc -g -m64 -fPIC   -I. -I..  -I../readline -DCAD_DIR=\"/tmp/lib\" -DBIN_DIR=\"/tmp/bin\" -DPACKAGE_NAME=\"\" -DPACKAGE_TARNAME=\"\" -DPACKAGE_VERSION=\"\" -DPACKAGE_STRING=\"\" -DPACKAGE_BUGREPORT=\"\" -DMAGIC_VERSION=\"8.0\" -DMAGIC_REVISION=\"100\" -DSTDC_HEADERS=1 -DHAVE_SYS_TYPES_H=1 -DHAVE_SYS_STAT_H=1 -DHAVE_STDLIB_H=1 -DHAVE_STRING_H=1 -DHAVE_MEMORY_H=1 -DHAVE_STRINGS_H=1 -DHAVE_INTTYPES_H=1 -DHAVE_STDINT_H=1 -DHAVE_UNISTD_H=1 -DSIZEOF_VOID_P=8 -DSIZEOF_UNSIGNED_INT=4 -DSIZEOF_UNSIGNED_LONG=8 -DSIZEOF_UNSIGNED_LONG_LONG=8 -DSTDC_HEADERS=1 -DHAVE_SETENV=1 -DHAVE_PUTENV=1 -DHAVE_SYS_MMAN_H=1 -DHAVE_DIRENT_H=1 -DHAVE_LIMITS_H=1 -DHAVE_PATHS_H=1 -DHAVE_VA_COPY=1 -DHAVE___VA_COPY=1 -DFILE_LOCKS=1 -DCALMA_MODULE=1 -DCIF_MODULE=1 -DPLOT_MODULE=1 -DLEF_MODULE=1 -DUSE_READLINE=1 -DHAVE_PTHREADS=1 -DROUTE_MODULE=1 -DEXT2SPICE_AUTO=1 -DEXT2SIM_AUTO=1 -DRSIM_MODULE=1 -DUSE_NEW_MACROS=1 -DVECTOR_FONTS=1 -Dlinux=1 -DSYSV=1 -DISC=1  -DNDEBUG -DGCORE=\"/usr/bin/gcore\" -DSHDLIB_EXT=\"\"  -c hist.c
--- linking libdebug.o
rm -f libdebug.o
ld -r debugFlags.o hist.o  -o libdebug.o 
make[2]: Leaving directory `/home/tim/gitsrc/magic-8.0/debug'
make[2]: Entering directory `/home/tim/gitsrc/magic-8.0/drc'
--- compiling drc/DRCarray.o
rm -f DRCarray.o
gcc -g -m64 -fPIC   -I. -I..  -I../readline -DCAD_DIR=\"/tmp/lib\" -DBIN_DIR=\"/tmp/bin\" -DPACKAGE_NAME=\"\" -DPACKAGE_TARNAME=\"\" -DPACKAGE_VERSION=\"\" -DPACKAGE_STRING=\"\" -DPACKAGE_BUGREPORT=\"\" -DMAGIC_VERSION=\"8.0\" -DMAGIC_REVISION=\"100\" -DSTDC_HEADERS=1 -DHAVE_SYS_TYPES_H=1 -DHAVE_SYS_STAT_H=1 -DHAVE_STDLIB_H=1 -DHAVE_STRING_H=1 -DHAVE_MEMORY_H=1 -DHAVE_STRINGS_H=1 -DHAVE_INTTYPES_H=1 -DHAVE_STDINT_H=1 -DHAVE_UNISTD_H=1 -DSIZEOF_VOID_P=8 -DSIZEOF_UNSIGNED_INT=4 -DSIZEOF_UNSIGNED_LONG=8 -DSIZEOF_UNSIGNED_LONG_LONG=8 -DSTDC_HEADERS=1 -DHAVE_SETENV=1 -DHAVE_PUTENV=1 -DHAVE_SYS_MMAN_H=1 -DHAVE_DIRENT_H=1 -DHAVE_LIMITS_H=1 -DHAVE_PATHS_H=1 -DHAVE_VA_COPY=1 -DHAVE___VA_COPY=1 -DFILE_LOCKS=1 -DCALMA_MODULE=1 -DCIF_MODULE=1 -DPLOT_MODULE=1 -DLEF_MODULE=1 -DUSE_READLINE=1 -DHAVE_PTHREADS=1 -DROUTE_MODULE=1 -DEXT2SPICE_AUTO=1 -DEXT2SIM_AUTO=1 -DRSIM_MODULE=1 -DUSE_NEW_MACROS=1 -DVECTOR_FONTS=1 -Dlinux=1 -DSYSV=1 -DISC=1  -DNDEBUG -DGCORE=\"/usr/bin/gcore\" -DSHDLIB_EXT=\"\"  -c DRCarray.c
--- compiling drc/DRCbasic.o
rm -f DRCbasic.o
gcc -g -m64 -fPIC   -I. -I..  -I../readline -DCAD_DIR=\"/tmp/lib\" -DBIN_DIR=\"/tmp/bin\" -DPACKAGE_NAME=\"\" -DPACKAGE_TARNAME=\"\" -DPACKAGE_VERSION=\"\" -DPACKAGE_STRING=\"\" -DPACKAGE_BUGREPORT=\"\" -DMAGIC_VERSION=\"8.0\" -DMAGIC_REVISION=\"100\" -DSTDC_HEADERS=1 -DHAVE_SYS_TYPES_H=1 -DHAVE_SYS_STAT_H=1 -DHAVE_STDLIB_H=1 -DHAVE_STRING_H=1 -DHAVE_MEMORY_H=1 -DHAVE_STRINGS_H=1 -DHAVE_INTTYPES_H=1 -DHAVE_STDINT_H=1 -DHAVE_UNISTD_H=1 -DSIZEOF_VOID_P=8 -DSIZEOF_UNSIGNED_INT=4 -DSIZEOF_UNSIGNED_LONG=8 -DSIZEOF_UNSIGNED_LONG_LONG=8 -DSTDC_HEADERS=1 -DHAVE_SETENV=1 -DHAVE_PUTENV=1 -DHAVE_SYS_MMAN_H=1 -DHAVE_DIRENT_H=1 -DHAVE_LIMITS_H=1 -DHAVE_PATHS_H=1 -DHAVE_VA_COPY=1 -DHAVE___VA_COPY=1 -DFILE_LOCKS=1 -DCALMA_MODULE=1 -DCIF_MODULE=1 -DPLOT_MODULE=1 -DLEF_MODULE=1 -DUSE_READLINE=1 -DHAVE_PTHREADS=1 -DROUTE_MODULE=1 -DEXT2SPICE_AUTO=1 -DEXT2SIM_AUTO=1 -DRSIM_MODULE=1 -DUSE_NEW_MACROS=1 -DVECTOR_FONTS=1 -Dlinux=1 -DSYSV=1 -DISC=1  -DNDEBUG -DGCORE=\"/usr/bin/gcore\" -DSHDLIB_EXT=\"\"  -c DRCbasic.c
--- compiling drc/DRCcif.o
rm -f DRCcif.o
gcc -g -m64 -fPIC   -I. -I..  -I../readline -DCAD_DIR=\"/tmp/lib\" -DBIN_DIR=\"/tmp/bin\" -DPACKAGE_NAME=\"\" -DPACKAGE_TARNAME=\"\" -DPACKAGE_VERSION=\"\" -DPACKAGE_STRING=\"\" -DPACKAGE_BUGREPORT=\"\" -DMAGIC_VERSION=\"8.0\" -DMAGIC_REVISION=\"100\" -DSTDC_HEADERS=1 -DHAVE_SYS_TYPES_H=1 -DHAVE_SYS_STAT_H=1 -DHAVE_STDLIB_H=1 -DHAVE_STRING_H=1 -DHAVE_MEMORY_H=1 -DHAVE_STRINGS_H=1 -DHAVE_INTTYPES_H=1 -DHAVE_STDINT_H=1 -DHAVE_UNISTD_H=1 -DSIZEOF_VOID_P=8 -DSIZEOF_UNSIGNED_INT=4 -DSIZEOF_UNSIGNED_LONG=8 -DSIZEOF_UNSIGNED_LONG_LONG=8 -DSTDC_HEADERS=1 -DHAVE_SETENV=1 -DHAVE_PUTENV=1 -DHAVE_SYS_MMAN_H=1 -DHAVE_DIRENT_H=1 -DHAVE_LIMITS_H=1 -DHAVE_PATHS_H=1 -DHAVE_VA_COPY=1 -DHAVE___VA_COPY=1 -DFILE_LOCKS=1 -DCALMA_MODULE=1 -DCIF_MODULE=1 -DPLOT_MODULE=1 -DLEF_MODULE=1 -DUSE_READLINE=1 -DHAVE_PTHREADS=1 -DROUTE_MODULE=1 -DEXT2SPICE_AUTO=1 -DEXT2SIM_AUTO=1 -DRSIM_MODULE=1 -DUSE_NEW_MACROS=1 -DVECTOR_FONTS=1 -Dlinux=1 -DSYSV=1 -DISC=1  -DNDEBUG -DGCORE=\"/usr/bin/gcore\" -DSHDLIB_EXT=\"\"  -c DRCcif.c
--- compiling drc/DRCcontin.o
rm -f DRCcontin.o
gcc -g -m64 -fPIC   -I. -I..  -I../readline -DCAD_DIR=\"/tmp/lib\" -DBIN_DIR=\"/tmp/bin\" -DPACKAGE_NAME=\"\" -DPACKAGE_TARNAME=\"\" -DPACKAGE_VERSION=\"\" -DPACKAGE_STRING=\"\" -DPACKAGE_BUGREPORT=\"\" -DMAGIC_VERSION=\"8.0\" -DMAGIC_REVISION=\"100\" -DSTDC_HEADERS=1 -DHAVE_SYS_TYPES_H=1 -DHAVE_SYS_STAT_H=1 -DHAVE_STDLIB_H=1 -DHAVE_STRING_H=1 -DHAVE_MEMORY_H=1 -DHAVE_STRINGS_H=1 -DHAVE_INTTYPES_H=1 -DHAVE_STDINT_H=1 -DHAVE_UNISTD_H=1 -DSIZEOF_VOID_P=8 -DSIZEOF_UNSIGNED_INT=4 -DSIZEOF_UNSIGNED_LONG=8 -DSIZEOF_UNSIGNED_LONG_LONG=8 -DSTDC_HEADERS=1 -DHAVE_SETENV=1 -DHAVE_PUTENV=1 -DHAVE_SYS_MMAN_H=1 -DHAVE_DIRENT_H=1 -DHAVE_LIMITS_H=1 -DHAVE_PATHS_H=1 -DHAVE_VA_COPY=1 -DHAVE___VA_COPY=1 -DFILE_LOCKS=1 -DCALMA_MODULE=1 -DCIF_MODULE=1 -DPLOT_MODULE=1 -DLEF_MODULE=1 -DUSE_READLINE=1 -DHAVE_PTHREADS=1 -DROUTE_MODULE=1 -DEXT2SPICE_AUTO=1 -DEXT2SIM_AUTO=1 -DRSIM_MODULE=1 -DUSE_NEW_MACROS=1 -DVECTOR_FONTS=1 -Dlinux=1 -DSYSV=1 -DISC=1  -DNDEBUG -DGCORE=\"/usr/bin/gcore\" -DSHDLIB_EXT=\"\"  -c DRCcontin.c
--- compiling drc/DRCmain.o
rm -f DRCmain.o
gcc -g -m64 -fPIC   -I. -I..  -I../readline -DCAD_DIR=\"/tmp/lib\" -DBIN_DIR=\"/tmp/bin\" -DPACKAGE_NAME=\"\" -DPACKAGE_TARNAME=\"\" -DPACKAGE_VERSION=\"\" -DPACKAGE_STRING=\"\" -DPACKAGE_BUGREPORT=\"\" -DMAGIC_VERSION=\"8.0\" -DMAGIC_REVISION=\"100\" -DSTDC_HEADERS=1 -DHAVE_SYS_TYPES_H=1 -DHAVE_SYS_STAT_H=1 -DHAVE_STDLIB_H=1 -DHAVE_STRING_H=1 -DHAVE_MEMORY_H=1 -DHAVE_STRINGS_H=1 -DHAVE_INTTYPES_H=1 -DHAVE_STDINT_H=1 -DHAVE_UNISTD_H=1 -DSIZEOF_VOID_P=8 -DSIZEOF_UNSIGNED_INT=4 -DSIZEOF_UNSIGNED_LONG=8 -DSIZEOF_UNSIGNED_LONG_LONG=8 -DSTDC_HEADERS=1 -DHAVE_SETENV=1 -DHAVE_PUTENV=1 -DHAVE_SYS_MMAN_H=1 -DHAVE_DIRENT_H=1 -DHAVE_LIMITS_H=1 -DHAVE_PATHS_H=1 -DHAVE_VA_COPY=1 -DHAVE___VA_COPY=1 -DFILE_LOCKS=1 -DCALMA_MODULE=1 -DCIF_MODULE=1 -DPLOT_MODULE=1 -DLEF_MODULE=1 -DUSE_READLINE=1 -DHAVE_PTHREADS=1 -DROUTE_MODULE=1 -DEXT2SPICE_AUTO=1 -DEXT2SIM_AUTO=1 -DRSIM_MODULE=1 -DUSE_NEW_MACROS=1 -DVECTOR_FONTS=1 -Dlinux=1 -DSYSV=1 -DISC=1  -DNDEBUG -DGCORE=\"/usr/bin/gcore\" -DSHDLIB_EXT=\"\"  -c DRCmain.c
--- compiling drc/DRCsubcell.o
rm -f DRCsubcell.o
gcc -g -m64 -fPIC   -I. -I..  -I../readline -DCAD_DIR=\"/tmp/lib\" -DBIN_DIR=\"/tmp/bin\" -DPACKAGE_NAME=\"\" -DPACKAGE_TARNAME=\"\" -DPACKAGE_VERSION=\"\" -DPACKAGE_STRING=\"\" -DPACKAGE_BUGREPORT=\"\" -DMAGIC_VERSION=\"8.0\" -DMAGIC_REVISION=\"100\" -DSTDC_HEADERS=1 -DHAVE_SYS_TYPES_H=1 -DHAVE_SYS_STAT_H=1 -DHAVE_STDLIB_H=1 -DHAVE_STRING_H=1 -DHAVE_MEMORY_H=1 -DHAVE_STRINGS_H=1 -DHAVE_INTTYPES_H=1 -DHAVE_STDINT_H=1 -DHAVE_UNISTD_H=1 -DSIZEOF_VOID_P=8 -DSIZEOF_UNSIGNED_INT=4 -DSIZEOF_UNSIGNED_LONG=8 -DSIZEOF_UNSIGNED_LONG_LONG=8 -DSTDC_HEADERS=1 -DHAVE_SETENV=1 -DHAVE_PUTENV=1 -DHAVE_SYS_MMAN_H=1 -DHAVE_DIRENT_H=1 -DHAVE_LIMITS_H=1 -DHAVE_PATHS_H=1 -DHAVE_VA_COPY=1 -DHAVE___VA_COPY=1 -DFILE_LOCKS=1 -DCALMA_MODULE=1 -DCIF_MODULE=1 -DPLOT_MODULE=1 -DLEF_MODULE=1 -DUSE_READLINE=1 -DHAVE_PTHREADS=1 -DROUTE_MODULE=1 -DEXT2SPICE_AUTO=1 -DEXT2SIM_AUTO=1 -DRSIM_MODULE=1 -DUSE_NEW_MACROS=1 -DVECTOR_FONTS=1 -Dlinux=1 -DSYSV=1 -DISC=1  -DNDEBUG -DGCORE=\"/usr/bin/gcore\" -DSHDLIB_EXT=\"\"  -c DRCsubcell.c
--- compiling drc/DRCtech.o
rm -f DRCtech.o
gcc -g -m64 -fPIC   -I. -I..  -I../readline -DCAD_DIR=\"/tmp/lib\" -DBIN_DIR=\"/tmp/bin\" -DPACKAGE_NAME=\"\" -DPACKAGE_TARNAME=\"\" -DPACKAGE_VERSION=\"\" -DPACKAGE_STRING=\"\" -DPACKAGE_BUGREPORT=\"\" -DMAGIC_VERSION=\"8.0\" -DMAGIC_REVISION=\"100\" -DSTDC_HEADERS=1 -DHAVE_SYS_TYPES_H=1 -DHAVE_SYS_STAT_H=1 -DHAVE_STDLIB_H=1 -DHAVE_STRING_H=1 -DHAVE_MEMORY_H=1 -DHAVE_STRINGS_H=1 -DHAVE_INTTYPES_H=1 -DHAVE_STDINT_H=1 -DHAVE_UNISTD_H=1 -DSIZEOF_VOID_P=8 -DSIZEOF_UNSIGNED_INT=4 -DSIZEOF_UNSIGNED_LONG=8 -DSIZEOF_UNSIGNED_LONG_LONG=8 -DSTDC_HEADERS=1 -DHAVE_SETENV=1 -DHAVE_PUTENV=1 -DHAVE_SYS_MMAN_H=1 -DHAVE_DIRENT_H=1 -DHAVE_LIMITS_H=1 -DHAVE_PATHS_H=1 -DHAVE_VA_COPY=1 -DHAVE___VA_COPY=1 -DFILE_LOCKS=1 -DCALMA_MODULE=1 -DCIF_MODULE=1 -DPLOT_MODULE=1 -DLEF_MODULE=1 -DUSE_READLINE=1 -DHAVE_PTHREADS=1 -DROUTE_MODULE=1 -DEXT2SPICE_AUTO=1 -DEXT2SIM_AUTO=1 -DRSIM_MODULE=1 -DUSE_NEW_MACROS=1 -DVECTOR_FONTS=1 -Dlinux=1 -DSYSV=1 -DISC=1  -DNDEBUG -DGCORE=\"/usr/bin/gcore\" -DSHDLIB_EXT=\"\"  -c DRCtech.c
--- compiling drc/DRCprint.o
rm -f DRCprint.o
gcc -g -m64 -fPIC   -I. -I..  -I../readline -DCAD_DIR=\"/tmp/lib\" -DBIN_DIR=\"/tmp/bin\" -DPACKAGE_NAME=\"\" -DPACKAGE_TARNAME=\"\" -DPACKAGE_VERSION=\"\" -DPACKAGE_STRING=\"\" -DPACKAGE_BUGREPORT=\"\" -DMAGIC_VERSION=\"8.0\" -DMAGIC_REVISION=\"100\" -DSTDC_HEADERS=1 -DHAVE_SYS_TYPES_H=1 -DHAVE_SYS_STAT_H=1 -DHAVE_STDLIB_H=1 -DHAVE_STRING_H=1 -DHAVE_MEMORY_H=1 -DHAVE_STRINGS_H=1 -DHAVE_INTTYPES_H=1 -DHAVE_STDINT_H=1 -DHAVE_UNISTD_H=1 -DSIZEOF_VOID_P=8 -DSIZEOF_UNSIGNED_INT=4 -DSIZEOF_UNSIGNED_LONG=8 -DSIZEOF_UNSIGNED_LONG_LONG=8 -DSTDC_HEADERS=1 -DHAVE_SETENV=1 -DHAVE_PUTENV=1 -DHAVE_SYS_MMAN_H=1 -DHAVE_DIRENT_H=1 -DHAVE_LIMITS_H=1 -DHAVE_PATHS_H=1 -DHAVE_VA_COPY=1 -DHAVE___VA_COPY=1 -DFILE_LOCKS=1 -DCALMA_MODULE=1 -DCIF_MODULE=1 -DPLOT_MODULE=1 -DLEF_MODULE=1 -DUSE_READLINE=1 -DHAVE_PTHREADS=1 -DROUTE_MODULE=1 -DEXT2SPICE_AUTO=1 -DEXT2SIM_AUTO=1 -DRSIM_MODULE=1 -DUSE_NEW_MACROS=1 -DVECTOR_FONTS=1 -Dlinux=1 -DSYSV=1 -DISC=1  -DNDEBUG -DGCORE=\"/usr/bin/gcore\" -DSHDLIB_EXT=\"\"  -c DRCprint.c
--- compiling drc/DRCextend.o
rm -f DRCextend.o
gcc -g -m64 -fPIC   -I. -I..  -I../readline -DCAD_DIR=\"/tmp/lib\" -DBIN_DIR=\"/tmp/bin\" -DPACKAGE_NAME=\"\" -DPACKAGE_TARNAME=\"\" -DPACKAGE_VERSION=\"\" -DPACKAGE_STRING=\"\" -DPACKAGE_BUGREPORT=\"\" -DMAGIC_VERSION=\"8.0\" -DMAGIC_REVISION=\"100\" -DSTDC_HEADERS=1 -DHAVE_SYS_TYPES_H=1 -DHAVE_SYS_STAT_H=1 -DHAVE_STDLIB_H=1 -DHAVE_STRING_H=1 -DHAVE_MEMORY_H=1 -DHAVE_STRINGS_H=1 -DHAVE_INTTYPES_H=1 -DHAVE_STDINT_H=1 -DHAVE_UNISTD_H=1 -DSIZEOF_VOID_P=8 -DSIZEOF_UNSIGNED_INT=4 -DSIZEOF_UNSIGNED_LONG=8 -DSIZEOF_UNSIGNED_LONG_LONG=8 -DSTDC_HEADERS=1 -DHAVE_SETENV=1 -DHAVE_PUTENV=1 -DHAVE_SYS_MMAN_H=1 -DHAVE_DIRENT_H=1 -DHAVE_LIMITS_H=1 -DHAVE_PATHS_H=1 -DHAVE_VA_COPY=1 -DHAVE___VA_COPY=1 -DFILE_LOCKS=1 -DCALMA_MODULE=1 -DCIF_MODULE=1 -DPLOT_MODULE=1 -DLEF_MODULE=1 -DUSE_READLINE=1 -DHAVE_PTHREADS=1 -DROUTE_MODULE=1 -DEXT2SPICE_AUTO=1 -DEXT2SIM_AUTO=1 -DRSIM_MODULE=1 -DUSE_NEW_MACROS=1 -DVECTOR_FONTS=1 -Dlinux=1 -DSYSV=1 -DISC=1  -DNDEBUG -DGCORE=\"/usr/bin/gcore\" -DSHDLIB_EXT=\"\"  -c DRCextend.c
--- linking libdrc.o
rm -f libdrc.o
ld -r DRCarray.o DRCbasic.o DRCcif.o DRCcontin.o DRCmain.o DRCsubcell.o DRCtech.o DRCprint.o DRCextend.o  -o libdrc.o 
make[2]: Leaving directory `/home/tim/gitsrc/magic-8.0/drc'
make[2]: Entering directory `/home/tim/gitsrc/magic-8.0/extflat'
--- compiling extflat/EFargs.o
rm -f EFargs.o
gcc -g -m64 -fPIC   -I. -I..  -I../readline -DCAD_DIR=\"/tmp/lib\" -DBIN_DIR=\"/tmp/bin\" -DPACKAGE_NAME=\"\" -DPACKAGE_TARNAME=\"\" -DPACKAGE_VERSION=\"\" -DPACKAGE_STRING=\"\" -DPACKAGE_BUGREPORT=\"\" -DMAGIC_VERSION=\"8.0\" -DMAGIC_REVISION=\"100\" -DSTDC_HEADERS=1 -DHAVE_SYS_TYPES_H=1 -DHAVE_SYS_STAT_H=1 -DHAVE_STDLIB_H=1 -DHAVE_STRING_H=1 -DHAVE_MEMORY_H=1 -DHAVE_STRINGS_H=1 -DHAVE_INTTYPES_H=1 -DHAVE_STDINT_H=1 -DHAVE_UNISTD_H=1 -DSIZEOF_VOID_P=8 -DSIZEOF_UNSIGNED_INT=4 -DSIZEOF_UNSIGNED_LONG=8 -DSIZEOF_UNSIGNED_LONG_LONG=8 -DSTDC_HEADERS=1 -DHAVE_SETENV=1 -DHAVE_PUTENV=1 -DHAVE_SYS_MMAN_H=1 -DHAVE_DIRENT_H=1 -DHAVE_LIMITS_H=1 -DHAVE_PATHS_H=1 -DHAVE_VA_COPY=1 -DHAVE___VA_COPY=1 -DFILE_LOCKS=1 -DCALMA_MODULE=1 -DCIF_MODULE=1 -DPLOT_MODULE=1 -DLEF_MODULE=1 -DUSE_READLINE=1 -DHAVE_PTHREADS=1 -DROUTE_MODULE=1 -DEXT2SPICE_AUTO=1 -DEXT2SIM_AUTO=1 -DRSIM_MODULE=1 -DUSE_NEW_MACROS=1 -DVECTOR_FONTS=1 -Dlinux=1 -DSYSV=1 -DISC=1  -DNDEBUG -DGCORE=\"/usr/bin/gcore\" -DSHDLIB_EXT=\"\"  -c EFargs.c
--- compiling extflat/EFbuild.o
rm -f EFbuild.o
gcc -g -m64 -fPIC   -I. -I..  -I../readline -DCAD_DIR=\"/tmp/lib\" -DBIN_DIR=\"/tmp/bin\" -DPACKAGE_NAME=\"\" -DPACKAGE_TARNAME=\"\" -DPACKAGE_VERSION=\"\" -DPACKAGE_STRING=\"\" -DPACKAGE_BUGREPORT=\"\" -DMAGIC_VERSION=\"8.0\" -DMAGIC_REVISION=\"100\" -DSTDC_HEADERS=1 -DHAVE_SYS_TYPES_H=1 -DHAVE_SYS_STAT_H=1 -DHAVE_STDLIB_H=1 -DHAVE_STRING_H=1 -DHAVE_MEMORY_H=1 -DHAVE_STRINGS_H=1 -DHAVE_INTTYPES_H=1 -DHAVE_STDINT_H=1 -DHAVE_UNISTD_H=1 -DSIZEOF_VOID_P=8 -DSIZEOF_UNSIGNED_INT=4 -DSIZEOF_UNSIGNED_LONG=8 -DSIZEOF_UNSIGNED_LONG_LONG=8 -DSTDC_HEADERS=1 -DHAVE_SETENV=1 -DHAVE_PUTENV=1 -DHAVE_SYS_MMAN_H=1 -DHAVE_DIRENT_H=1 -DHAVE_LIMITS_H=1 -DHAVE_PATHS_H=1 -DHAVE_VA_COPY=1 -DHAVE___VA_COPY=1 -DFILE_LOCKS=1 -DCALMA_MODULE=1 -DCIF_MODULE=1 -DPLOT_MODULE=1 -DLEF_MODULE=1 -DUSE_READLINE=1 -DHAVE_PTHREADS=1 -DROUTE_MODULE=1 -DEXT2SPICE_AUTO=1 -DEXT2SIM_AUTO=1 -DRSIM_MODULE=1 -DUSE_NEW_MACROS=1 -DVECTOR_FONTS=1 -Dlinux=1 -DSYSV=1 -DISC=1  -DNDEBUG -DGCORE=\"/usr/bin/gcore\" -DSHDLIB_EXT=\"\"  -c EFbuild.c
--- compiling extflat/EFdef.o
rm -f EFdef.o
gcc -g -m64 -fPIC   -I. -I..  -I../readline -DCAD_DIR=\"/tmp/lib\" -DBIN_DIR=\"/tmp/bin\" -DPACKAGE_NAME=\"\" -DPACKAGE_TARNAME=\"\" -DPACKAGE_VERSION=\"\" -DPACKAGE_STRING=\"\" -DPACKAGE_BUGREPORT=\"\" -DMAGIC_VERSION=\"8.0\" -DMAGIC_REVISION=\"100\" -DSTDC_HEADERS=1 -DHAVE_SYS_TYPES_H=1 -DHAVE_SYS_STAT_H=1 -DHAVE_STDLIB_H=1 -DHAVE_STRING_H=1 -DHAVE_MEMORY_H=1 -DHAVE_STRINGS_H=1 -DHAVE_INTTYPES_H=1 -DHAVE_STDINT_H=1 -DHAVE_UNISTD_H=1 -DSIZEOF_VOID_P=8 -DSIZEOF_UNSIGNED_INT=4 -DSIZEOF_UNSIGNED_LONG=8 -DSIZEOF_UNSIGNED_LONG_LONG=8 -DSTDC_HEADERS=1 -DHAVE_SETENV=1 -DHAVE_PUTENV=1 -DHAVE_SYS_MMAN_H=1 -DHAVE_DIRENT_H=1 -DHAVE_LIMITS_H=1 -DHAVE_PATHS_H=1 -DHAVE_VA_COPY=1 -DHAVE___VA_COPY=1 -DFILE_LOCKS=1 -DCALMA_MODULE=1 -DCIF_MODULE=1 -DPLOT_MODULE=1 -DLEF_MODULE=1 -DUSE_READLINE=1 -DHAVE_PTHREADS=1 -DROUTE_MODULE=1 -DEXT2SPICE_AUTO=1 -DEXT2SIM_AUTO=1 -DRSIM_MODULE=1 -DUSE_NEW_MACROS=1 -DVECTOR_FONTS=1 -Dlinux=1 -DSYSV=1 -DISC=1  -DNDEBUG -DGCORE=\"/usr/bin/gcore\" -DSHDLIB_EXT=\"\"  -c EFdef.c
--- compiling extflat/EFerr.o
rm -f EFerr.o
gcc -g -m64 -fPIC   -I. -I..  -I../readline -DCAD_DIR=\"/tmp/lib\" -DBIN_DIR=\"/tmp/bin\" -DPACKAGE_NAME=\"\" -DPACKAGE_TARNAME=\"\" -DPACKAGE_VERSION=\"\" -DPACKAGE_STRING=\"\" -DPACKAGE_BUGREPORT=\"\" -DMAGIC_VERSION=\"8.0\" -DMAGIC_REVISION=\"100\" -DSTDC_HEADERS=1 -DHAVE_SYS_TYPES_H=1 -DHAVE_SYS_STAT_H=1 -DHAVE_STDLIB_H=1 -DHAVE_STRING_H=1 -DHAVE_MEMORY_H=1 -DHAVE_STRINGS_H=1 -DHAVE_INTTYPES_H=1 -DHAVE_STDINT_H=1 -DHAVE_UNISTD_H=1 -DSIZEOF_VOID_P=8 -DSIZEOF_UNSIGNED_INT=4 -DSIZEOF_UNSIGNED_LONG=8 -DSIZEOF_UNSIGNED_LONG_LONG=8 -DSTDC_HEADERS=1 -DHAVE_SETENV=1 -DHAVE_PUTENV=1 -DHAVE_SYS_MMAN_H=1 -DHAVE_DIRENT_H=1 -DHAVE_LIMITS_H=1 -DHAVE_PATHS_H=1 -DHAVE_VA_COPY=1 -DHAVE___VA_COPY=1 -DFILE_LOCKS=1 -DCALMA_MODULE=1 -DCIF_MODULE=1 -DPLOT_MODULE=1 -DLEF_MODULE=1 -DUSE_READLINE=1 -DHAVE_PTHREADS=1 -DROUTE_MODULE=1 -DEXT2SPICE_AUTO=1 -DEXT2SIM_AUTO=1 -DRSIM_MODULE=1 -DUSE_NEW_MACROS=1 -DVECTOR_FONTS=1 -Dlinux=1 -DSYSV=1 -DISC=1  -DNDEBUG -DGCORE=\"/usr/bin/gcore\" -DSHDLIB_EXT=\"\"  -c EFerr.c
--- compiling extflat/EFflat.o
rm -f EFflat.o
gcc -g -m64 -fPIC   -I. -I..  -I../readline -DCAD_DIR=\"/tmp/lib\" -DBIN_DIR=\"/tmp/bin\" -DPACKAGE_NAME=\"\" -DPACKAGE_TARNAME=\"\" -DPACKAGE_VERSION=\"\" -DPACKAGE_STRING=\"\" -DPACKAGE_BUGREPORT=\"\" -DMAGIC_VERSION=\"8.0\" -DMAGIC_REVISION=\"100\" -DSTDC_HEADERS=1 -DHAVE_SYS_TYPES_H=1 -DHAVE_SYS_STAT_H=1 -DHAVE_STDLIB_H=1 -DHAVE_STRING_H=1 -DHAVE_MEMORY_H=1 -DHAVE_STRINGS_H=1 -DHAVE_INTTYPES_H=1 -DHAVE_STDINT_H=1 -DHAVE_UNISTD_H=1 -DSIZEOF_VOID_P=8 -DSIZEOF_UNSIGNED_INT=4 -DSIZEOF_UNSIGNED_LONG=8 -DSIZEOF_UNSIGNED_LONG_LONG=8 -DSTDC_HEADERS=1 -DHAVE_SETENV=1 -DHAVE_PUTENV=1 -DHAVE_SYS_MMAN_H=1 -DHAVE_DIRENT_H=1 -DHAVE_LIMITS_H=1 -DHAVE_PATHS_H=1 -DHAVE_VA_COPY=1 -DHAVE___VA_COPY=1 -DFILE_LOCKS=1 -DCALMA_MODULE=1 -DCIF_MODULE=1 -DPLOT_MODULE=1 -DLEF_MODULE=1 -DUSE_READLINE=1 -DHAVE_PTHREADS=1 -DROUTE_MODULE=1 -DEXT2SPICE_AUTO=1 -DEXT2SIM_AUTO=1 -DRSIM_MODULE=1 -DUSE_NEW_MACROS=1 -DVECTOR_FONTS=1 -Dlinux=1 -DSYSV=1 -DISC=1  -DNDEBUG -DGCORE=\"/usr/bin/gcore\" -DSHDLIB_EXT=\"\"  -c EFflat.c
--- compiling extflat/EFhier.o
rm -f EFhier.o
gcc -g -m64 -fPIC   -I. -I..  -I../readline -DCAD_DIR=\"/tmp/lib\" -DBIN_DIR=\"/tmp/bin\" -DPACKAGE_NAME=\"\" -DPACKAGE_TARNAME=\"\" -DPACKAGE_VERSION=\"\" -DPACKAGE_STRING=\"\" -DPACKAGE_BUGREPORT=\"\" -DMAGIC_VERSION=\"8.0\" -DMAGIC_REVISION=\"100\" -DSTDC_HEADERS=1 -DHAVE_SYS_TYPES_H=1 -DHAVE_SYS_STAT_H=1 -DHAVE_STDLIB_H=1 -DHAVE_STRING_H=1 -DHAVE_MEMORY_H=1 -DHAVE_STRINGS_H=1 -DHAVE_INTTYPES_H=1 -DHAVE_STDINT_H=1 -DHAVE_UNISTD_H=1 -DSIZEOF_VOID_P=8 -DSIZEOF_UNSIGNED_INT=4 -DSIZEOF_UNSIGNED_LONG=8 -DSIZEOF_UNSIGNED_LONG_LONG=8 -DSTDC_HEADERS=1 -DHAVE_SETENV=1 -DHAVE_PUTENV=1 -DHAVE_SYS_MMAN_H=1 -DHAVE_DIRENT_H=1 -DHAVE_LIMITS_H=1 -DHAVE_PATHS_H=1 -DHAVE_VA_COPY=1 -DHAVE___VA_COPY=1 -DFILE_LOCKS=1 -DCALMA_MODULE=1 -DCIF_MODULE=1 -DPLOT_MODULE=1 -DLEF_MODULE=1 -DUSE_READLINE=1 -DHAVE_PTHREADS=1 -DROUTE_MODULE=1 -DEXT2SPICE_AUTO=1 -DEXT2SIM_AUTO=1 -DRSIM_MODULE=1 -DUSE_NEW_MACROS=1 -DVECTOR_FONTS=1 -Dlinux=1 -DSYSV=1 -DISC=1  -DNDEBUG -DGCORE=\"/usr/bin/gcore\" -DSHDLIB_EXT=\"\"  -c EFhier.c
--- compiling extflat/EFname.o
rm -f EFname.o
gcc -g -m64 -fPIC   -I. -I..  -I../readline -DCAD_DIR=\"/tmp/lib\" -DBIN_DIR=\"/tmp/bin\" -DPACKAGE_NAME=\"\" -DPACKAGE_TARNAME=\"\" -DPACKAGE_VERSION=\"\" -DPACKAGE_STRING=\"\" -DPACKAGE_BUGREPORT=\"\" -DMAGIC_VERSION=\"8.0\" -DMAGIC_REVISION=\"100\" -DSTDC_HEADERS=1 -DHAVE_SYS_TYPES_H=1 -DHAVE_SYS_STAT_H=1 -DHAVE_STDLIB_H=1 -DHAVE_STRING_H=1 -DHAVE_MEMORY_H=1 -DHAVE_STRINGS_H=1 -DHAVE_INTTYPES_H=1 -DHAVE_STDINT_H=1 -DHAVE_UNISTD_H=1 -DSIZEOF_VOID_P=8 -DSIZEOF_UNSIGNED_INT=4 -DSIZEOF_UNSIGNED_LONG=8 -DSIZEOF_UNSIGNED_LONG_LONG=8 -DSTDC_HEADERS=1 -DHAVE_SETENV=1 -DHAVE_PUTENV=1 -DHAVE_SYS_MMAN_H=1 -DHAVE_DIRENT_H=1 -DHAVE_LIMITS_H=1 -DHAVE_PATHS_H=1 -DHAVE_VA_COPY=1 -DHAVE___VA_COPY=1 -DFILE_LOCKS=1 -DCALMA_MODULE=1 -DCIF_MODULE=1 -DPLOT_MODULE=1 -DLEF_MODULE=1 -DUSE_READLINE=1 -DHAVE_PTHREADS=1 -DROUTE_MODULE=1 -DEXT2SPICE_AUTO=1 -DEXT2SIM_AUTO=1 -DRSIM_MODULE=1 -DUSE_NEW_MACROS=1 -DVECTOR_FONTS=1 -Dlinux=1 -DSYSV=1 -DISC=1  -DNDEBUG -DGCORE=\"/usr/bin/gcore\" -DSHDLIB_EXT=\"\"  -c EFname.c
--- compiling extflat/EFread.o
rm -f EFread.o
gcc -g -m64 -fPIC   -I. -I..  -I../readline -DCAD_DIR=\"/tmp/lib\" -DBIN_DIR=\"/tmp/bin\" -DPACKAGE_NAME=\"\" -DPACKAGE_TARNAME=\"\" -DPACKAGE_VERSION=\"\" -DPACKAGE_STRING=\"\" -DPACKAGE_BUGREPORT=\"\" -DMAGIC_VERSION=\"8.0\" -DMAGIC_REVISION=\"100\" -DSTDC_HEADERS=1 -DHAVE_SYS_TYPES_H=1 -DHAVE_SYS_STAT_H=1 -DHAVE_STDLIB_H=1 -DHAVE_STRING_H=1 -DHAVE_MEMORY_H=1 -DHAVE_STRINGS_H=1 -DHAVE_INTTYPES_H=1 -DHAVE_STDINT_H=1 -DHAVE_UNISTD_H=1 -DSIZEOF_VOID_P=8 -DSIZEOF_UNSIGNED_INT=4 -DSIZEOF_UNSIGNED_LONG=8 -DSIZEOF_UNSIGNED_LONG_LONG=8 -DSTDC_HEADERS=1 -DHAVE_SETENV=1 -DHAVE_PUTENV=1 -DHAVE_SYS_MMAN_H=1 -DHAVE_DIRENT_H=1 -DHAVE_LIMITS_H=1 -DHAVE_PATHS_H=1 -DHAVE_VA_COPY=1 -DHAVE___VA_COPY=1 -DFILE_LOCKS=1 -DCALMA_MODULE=1 -DCIF_MODULE=1 -DPLOT_MODULE=1 -DLEF_MODULE=1 -DUSE_READLINE=1 -DHAVE_PTHREADS=1 -DROUTE_MODULE=1 -DEXT2SPICE_AUTO=1 -DEXT2SIM_AUTO=1 -DRSIM_MODULE=1 -DUSE_NEW_MACROS=1 -DVECTOR_FONTS=1 -Dlinux=1 -DSYSV=1 -DISC=1  -DNDEBUG -DGCORE=\"/usr/bin/gcore\" -DSHDLIB_EXT=\"\"  -c EFread.c
--- compiling extflat/EFsym.o
rm -f EFsym.o
gcc -g -m64 -fPIC   -I. -I..  -I../readline -DCAD_DIR=\"/tmp/lib\" -DBIN_DIR=\"/tmp/bin\" -DPACKAGE_NAME=\"\" -DPACKAGE_TARNAME=\"\" -DPACKAGE_VERSION=\"\" -DPACKAGE_STRING=\"\" -DPACKAGE_BUGREPORT=\"\" -DMAGIC_VERSION=\"8.0\" -DMAGIC_REVISION=\"100\" -DSTDC_HEADERS=1 -DHAVE_SYS_TYPES_H=1 -DHAVE_SYS_STAT_H=1 -DHAVE_STDLIB_H=1 -DHAVE_STRING_H=1 -DHAVE_MEMORY_H=1 -DHAVE_STRINGS_H=1 -DHAVE_INTTYPES_H=1 -DHAVE_STDINT_H=1 -DHAVE_UNISTD_H=1 -DSIZEOF_VOID_P=8 -DSIZEOF_UNSIGNED_INT=4 -DSIZEOF_UNSIGNED_LONG=8 -DSIZEOF_UNSIGNED_LONG_LONG=8 -DSTDC_HEADERS=1 -DHAVE_SETENV=1 -DHAVE_PUTENV=1 -DHAVE_SYS_MMAN_H=1 -DHAVE_DIRENT_H=1 -DHAVE_LIMITS_H=1 -DHAVE_PATHS_H=1 -DHAVE_VA_COPY=1 -DHAVE___VA_COPY=1 -DFILE_LOCKS=1 -DCALMA_MODULE=1 -DCIF_MODULE=1 -DPLOT_MODULE=1 -DLEF_MODULE=1 -DUSE_READLINE=1 -DHAVE_PTHREADS=1 -DROUTE_MODULE=1 -DEXT2SPICE_AUTO=1 -DEXT2SIM_AUTO=1 -DRSIM_MODULE=1 -DUSE_NEW_MACROS=1 -DVECTOR_FONTS=1 -Dlinux=1 -DSYSV=1 -DISC=1  -DNDEBUG -DGCORE=\"/usr/bin/gcore\" -DSHDLIB_EXT=\"\"  -c EFsym.c
--- compiling extflat/EFvisit.o
rm -f EFvisit.o
gcc -g -m64 -fPIC   -I. -I..  -I../readline -DCAD_DIR=\"/tmp/lib\" -DBIN_DIR=\"/tmp/bin\" -DPACKAGE_NAME=\"\" -DPACKAGE_TARNAME=\"\" -DPACKAGE_VERSION=\"\" -DPACKAGE_STRING=\"\" -DPACKAGE_BUGREPORT=\"\" -DMAGIC_VERSION=\"8.0\" -DMAGIC_REVISION=\"100\" -DSTDC_HEADERS=1 -DHAVE_SYS_TYPES_H=1 -DHAVE_SYS_STAT_H=1 -DHAVE_STDLIB_H=1 -DHAVE_STRING_H=1 -DHAVE_MEMORY_H=1 -DHAVE_STRINGS_H=1 -DHAVE_INTTYPES_H=1 -DHAVE_STDINT_H=1 -DHAVE_UNISTD_H=1 -DSIZEOF_VOID_P=8 -DSIZEOF_UNSIGNED_INT=4 -DSIZEOF_UNSIGNED_LONG=8 -DSIZEOF_UNSIGNED_LONG_LONG=8 -DSTDC_HEADERS=1 -DHAVE_SETENV=1 -DHAVE_PUTENV=1 -DHAVE_SYS_MMAN_H=1 -DHAVE_DIRENT_H=1 -DHAVE_LIMITS_H=1 -DHAVE_PATHS_H=1 -DHAVE_VA_COPY=1 -DHAVE___VA_COPY=1 -DFILE_LOCKS=1 -DCALMA_MODULE=1 -DCIF_MODULE=1 -DPLOT_MODULE=1 -DLEF_MODULE=1 -DUSE_READLINE=1 -DHAVE_PTHREADS=1 -DROUTE_MODULE=1 -DEXT2SPICE_AUTO=1 -DEXT2SIM_AUTO=1 -DRSIM_MODULE=1 -DUSE_NEW_MACROS=1 -DVECTOR_FONTS=1 -Dlinux=1 -DSYSV=1 -DISC=1  -DNDEBUG -DGCORE=\"/usr/bin/gcore\" -DSHDLIB_EXT=\"\"  -c EFvisit.c
--- linking libextflat.o
rm -f libextflat.o
ld -r EFargs.o EFbuild.o EFdef.o EFerr.o EFflat.o EFhier.o EFname.o EFread.o EFsym.o EFvisit.o  -o libextflat.o 
make[2]: Leaving directory `/home/tim/gitsrc/magic-8.0/extflat'
make[2]: Entering directory `/home/tim/gitsrc/magic-8.0/extract'
--- compiling extract/ExtArray.o
rm -f ExtArray.o
gcc -g -m64 -fPIC   -I. -I..  -I../readline -DCAD_DIR=\"/tmp/lib\" -DBIN_DIR=\"/tmp/bin\" -DPACKAGE_NAME=\"\" -DPACKAGE_TARNAME=\"\" -DPACKAGE_VERSION=\"\" -DPACKAGE_STRING=\"\" -DPACKAGE_BUGREPORT=\"\" -DMAGIC_VERSION=\"8.0\" -DMAGIC_REVISION=\"100\" -DSTDC_HEADERS=1 -DHAVE_SYS_TYPES_H=1 -DHAVE_SYS_STAT_H=1 -DHAVE_STDLIB_H=1 -DHAVE_STRING_H=1 -DHAVE_MEMORY_H=1 -DHAVE_STRINGS_H=1 -DHAVE_INTTYPES_H=1 -DHAVE_STDINT_H=1 -DHAVE_UNISTD_H=1 -DSIZEOF_VOID_P=8 -DSIZEOF_UNSIGNED_INT=4 -DSIZEOF_UNSIGNED_LONG=8 -DSIZEOF_UNSIGNED_LONG_LONG=8 -DSTDC_HEADERS=1 -DHAVE_SETENV=1 -DHAVE_PUTENV=1 -DHAVE_SYS_MMAN_H=1 -DHAVE_DIRENT_H=1 -DHAVE_LIMITS_H=1 -DHAVE_PATHS_H=1 -DHAVE_VA_COPY=1 -DHAVE___VA_COPY=1 -DFILE_LOCKS=1 -DCALMA_MODULE=1 -DCIF_MODULE=1 -DPLOT_MODULE=1 -DLEF_MODULE=1 -DUSE_READLINE=1 -DHAVE_PTHREADS=1 -DROUTE_MODULE=1 -DEXT2SPICE_AUTO=1 -DEXT2SIM_AUTO=1 -DRSIM_MODULE=1 -DUSE_NEW_MACROS=1 -DVECTOR_FONTS=1 -Dlinux=1 -DSYSV=1 -DISC=1  -DNDEBUG -DGCORE=\"/usr/bin/gcore\" -DSHDLIB_EXT=\"\"  -c ExtArray.c
--- compiling extract/ExtBasic.o
rm -f ExtBasic.o
gcc -g -m64 -fPIC   -I. -I..  -I../readline -DCAD_DIR=\"/tmp/lib\" -DBIN_DIR=\"/tmp/bin\" -DPACKAGE_NAME=\"\" -DPACKAGE_TARNAME=\"\" -DPACKAGE_VERSION=\"\" -DPACKAGE_STRING=\"\" -DPACKAGE_BUGREPORT=\"\" -DMAGIC_VERSION=\"8.0\" -DMAGIC_REVISION=\"100\" -DSTDC_HEADERS=1 -DHAVE_SYS_TYPES_H=1 -DHAVE_SYS_STAT_H=1 -DHAVE_STDLIB_H=1 -DHAVE_STRING_H=1 -DHAVE_MEMORY_H=1 -DHAVE_STRINGS_H=1 -DHAVE_INTTYPES_H=1 -DHAVE_STDINT_H=1 -DHAVE_UNISTD_H=1 -DSIZEOF_VOID_P=8 -DSIZEOF_UNSIGNED_INT=4 -DSIZEOF_UNSIGNED_LONG=8 -DSIZEOF_UNSIGNED_LONG_LONG=8 -DSTDC_HEADERS=1 -DHAVE_SETENV=1 -DHAVE_PUTENV=1 -DHAVE_SYS_MMAN_H=1 -DHAVE_DIRENT_H=1 -DHAVE_LIMITS_H=1 -DHAVE_PATHS_H=1 -DHAVE_VA_COPY=1 -DHAVE___VA_COPY=1 -DFILE_LOCKS=1 -DCALMA_MODULE=1 -DCIF_MODULE=1 -DPLOT_MODULE=1 -DLEF_MODULE=1 -DUSE_READLINE=1 -DHAVE_PTHREADS=1 -DROUTE_MODULE=1 -DEXT2SPICE_AUTO=1 -DEXT2SIM_AUTO=1 -DRSIM_MODULE=1 -DUSE_NEW_MACROS=1 -DVECTOR_FONTS=1 -Dlinux=1 -DSYSV=1 -DISC=1  -DNDEBUG -DGCORE=\"/usr/bin/gcore\" -DSHDLIB_EXT=\"\"  -c ExtBasic.c
--- compiling extract/ExtCell.o
rm -f ExtCell.o
gcc -g -m64 -fPIC   -I. -I..  -I../readline -DCAD_DIR=\"/tmp/lib\" -DBIN_DIR=\"/tmp/bin\" -DPACKAGE_NAME=\"\" -DPACKAGE_TARNAME=\"\" -DPACKAGE_VERSION=\"\" -DPACKAGE_STRING=\"\" -DPACKAGE_BUGREPORT=\"\" -DMAGIC_VERSION=\"8.0\" -DMAGIC_REVISION=\"100\" -DSTDC_HEADERS=1 -DHAVE_SYS_TYPES_H=1 -DHAVE_SYS_STAT_H=1 -DHAVE_STDLIB_H=1 -DHAVE_STRING_H=1 -DHAVE_MEMORY_H=1 -DHAVE_STRINGS_H=1 -DHAVE_INTTYPES_H=1 -DHAVE_STDINT_H=1 -DHAVE_UNISTD_H=1 -DSIZEOF_VOID_P=8 -DSIZEOF_UNSIGNED_INT=4 -DSIZEOF_UNSIGNED_LONG=8 -DSIZEOF_UNSIGNED_LONG_LONG=8 -DSTDC_HEADERS=1 -DHAVE_SETENV=1 -DHAVE_PUTENV=1 -DHAVE_SYS_MMAN_H=1 -DHAVE_DIRENT_H=1 -DHAVE_LIMITS_H=1 -DHAVE_PATHS_H=1 -DHAVE_VA_COPY=1 -DHAVE___VA_COPY=1 -DFILE_LOCKS=1 -DCALMA_MODULE=1 -DCIF_MODULE=1 -DPLOT_MODULE=1 -DLEF_MODULE=1 -DUSE_READLINE=1 -DHAVE_PTHREADS=1 -DROUTE_MODULE=1 -DEXT2SPICE_AUTO=1 -DEXT2SIM_AUTO=1 -DRSIM_MODULE=1 -DUSE_NEW_MACROS=1 -DVECTOR_FONTS=1 -Dlinux=1 -DSYSV=1 -DISC=1  -DNDEBUG -DGCORE=\"/usr/bin/gcore\" -DSHDLIB_EXT=\"\"  -c ExtCell.c
--- compiling extract/ExtCouple.o
rm -f ExtCouple.o
gcc -g -m64 -fPIC   -I. -I..  -I../readline -DCAD_DIR=\"/tmp/lib\" -DBIN_DIR=\"/tmp/bin\" -DPACKAGE_NAME=\"\" -DPACKAGE_TARNAME=\"\" -DPACKAGE_VERSION=\"\" -DPACKAGE_STRING=\"\" -DPACKAGE_BUGREPORT=\"\" -DMAGIC_VERSION=\"8.0\" -DMAGIC_REVISION=\"100\" -DSTDC_HEADERS=1 -DHAVE_SYS_TYPES_H=1 -DHAVE_SYS_STAT_H=1 -DHAVE_STDLIB_H=1 -DHAVE_STRING_H=1 -DHAVE_MEMORY_H=1 -DHAVE_STRINGS_H=1 -DHAVE_INTTYPES_H=1 -DHAVE_STDINT_H=1 -DHAVE_UNISTD_H=1 -DSIZEOF_VOID_P=8 -DSIZEOF_UNSIGNED_INT=4 -DSIZEOF_UNSIGNED_LONG=8 -DSIZEOF_UNSIGNED_LONG_LONG=8 -DSTDC_HEADERS=1 -DHAVE_SETENV=1 -DHAVE_PUTENV=1 -DHAVE_SYS_MMAN_H=1 -DHAVE_DIRENT_H=1 -DHAVE_LIMITS_H=1 -DHAVE_PATHS_H=1 -DHAVE_VA_COPY=1 -DHAVE___VA_COPY=1 -DFILE_LOCKS=1 -DCALMA_MODULE=1 -DCIF_MODULE=1 -DPLOT_MODULE=1 -DLEF_MODULE=1 -DUSE_READLINE=1 -DHAVE_PTHREADS=1 -DROUTE_MODULE=1 -DEXT2SPICE_AUTO=1 -DEXT2SIM_AUTO=1 -DRSIM_MODULE=1 -DUSE_NEW_MACROS=1 -DVECTOR_FONTS=1 -Dlinux=1 -DSYSV=1 -DISC=1  -DNDEBUG -DGCORE=\"/usr/bin/gcore\" -DSHDLIB_EXT=\"\"  -c ExtCouple.c
--- compiling extract/ExtHard.o
rm -f ExtHard.o
gcc -g -m64 -fPIC   -I. -I..  -I../readline -DCAD_DIR=\"/tmp/lib\" -DBIN_DIR=\"/tmp/bin\" -DPACKAGE_NAME=\"\" -DPACKAGE_TARNAME=\"\" -DPACKAGE_VERSION=\"\" -DPACKAGE_STRING=\"\" -DPACKAGE_BUGREPORT=\"\" -DMAGIC_VERSION=\"8.0\" -DMAGIC_REVISION=\"100\" -DSTDC_HEADERS=1 -DHAVE_SYS_TYPES_H=1 -DHAVE_SYS_STAT_H=1 -DHAVE_STDLIB_H=1 -DHAVE_STRING_H=1 -DHAVE_MEMORY_H=1 -DHAVE_STRINGS_H=1 -DHAVE_INTTYPES_H=1 -DHAVE_STDINT_H=1 -DHAVE_UNISTD_H=1 -DSIZEOF_VOID_P=8 -DSIZEOF_UNSIGNED_INT=4 -DSIZEOF_UNSIGNED_LONG=8 -DSIZEOF_UNSIGNED_LONG_LONG=8 -DSTDC_HEADERS=1 -DHAVE_SETENV=1 -DHAVE_PUTENV=1 -DHAVE_SYS_MMAN_H=1 -DHAVE_DIRENT_H=1 -DHAVE_LIMITS_H=1 -DHAVE_PATHS_H=1 -DHAVE_VA_COPY=1 -DHAVE___VA_COPY=1 -DFILE_LOCKS=1 -DCALMA_MODULE=1 -DCIF_MODULE=1 -DPLOT_MODULE=1 -DLEF_MODULE=1 -DUSE_READLINE=1 -DHAVE_PTHREADS=1 -DROUTE_MODULE=1 -DEXT2SPICE_AUTO=1 -DEXT2SIM_AUTO=1 -DRSIM_MODULE=1 -DUSE_NEW_MACROS=1 -DVECTOR_FONTS=1 -Dlinux=1 -DSYSV=1 -DISC=1  -DNDEBUG -DGCORE=\"/usr/bin/gcore\" -DSHDLIB_EXT=\"\"  -c ExtHard.c
--- compiling extract/ExtHier.o
rm -f ExtHier.o
gcc -g -m64 -fPIC   -I. -I..  -I../readline -DCAD_DIR=\"/tmp/lib\" -DBIN_DIR=\"/tmp/bin\" -DPACKAGE_NAME=\"\" -DPACKAGE_TARNAME=\"\" -DPACKAGE_VERSION=\"\" -DPACKAGE_STRING=\"\" -DPACKAGE_BUGREPORT=\"\" -DMAGIC_VERSION=\"8.0\" -DMAGIC_REVISION=\"100\" -DSTDC_HEADERS=1 -DHAVE_SYS_TYPES_H=1 -DHAVE_SYS_STAT_H=1 -DHAVE_STDLIB_H=1 -DHAVE_STRING_H=1 -DHAVE_MEMORY_H=1 -DHAVE_STRINGS_H=1 -DHAVE_INTTYPES_H=1 -DHAVE_STDINT_H=1 -DHAVE_UNISTD_H=1 -DSIZEOF_VOID_P=8 -DSIZEOF_UNSIGNED_INT=4 -DSIZEOF_UNSIGNED_LONG=8 -DSIZEOF_UNSIGNED_LONG_LONG=8 -DSTDC_HEADERS=1 -DHAVE_SETENV=1 -DHAVE_PUTENV=1 -DHAVE_SYS_MMAN_H=1 -DHAVE_DIRENT_H=1 -DHAVE_LIMITS_H=1 -DHAVE_PATHS_H=1 -DHAVE_VA_COPY=1 -DHAVE___VA_COPY=1 -DFILE_LOCKS=1 -DCALMA_MODULE=1 -DCIF_MODULE=1 -DPLOT_MODULE=1 -DLEF_MODULE=1 -DUSE_READLINE=1 -DHAVE_PTHREADS=1 -DROUTE_MODULE=1 -DEXT2SPICE_AUTO=1 -DEXT2SIM_AUTO=1 -DRSIM_MODULE=1 -DUSE_NEW_MACROS=1 -DVECTOR_FONTS=1 -Dlinux=1 -DSYSV=1 -DISC=1  -DNDEBUG -DGCORE=\"/usr/bin/gcore\" -DSHDLIB_EXT=\"\"  -c ExtHier.c
--- compiling extract/ExtLength.o
rm -f ExtLength.o
gcc -g -m64 -fPIC   -I. -I..  -I../readline -DCAD_DIR=\"/tmp/lib\" -DBIN_DIR=\"/tmp/bin\" -DPACKAGE_NAME=\"\" -DPACKAGE_TARNAME=\"\" -DPACKAGE_VERSION=\"\" -DPACKAGE_STRING=\"\" -DPACKAGE_BUGREPORT=\"\" -DMAGIC_VERSION=\"8.0\" -DMAGIC_REVISION=\"100\" -DSTDC_HEADERS=1 -DHAVE_SYS_TYPES_H=1 -DHAVE_SYS_STAT_H=1 -DHAVE_STDLIB_H=1 -DHAVE_STRING_H=1 -DHAVE_MEMORY_H=1 -DHAVE_STRINGS_H=1 -DHAVE_INTTYPES_H=1 -DHAVE_STDINT_H=1 -DHAVE_UNISTD_H=1 -DSIZEOF_VOID_P=8 -DSIZEOF_UNSIGNED_INT=4 -DSIZEOF_UNSIGNED_LONG=8 -DSIZEOF_UNSIGNED_LONG_LONG=8 -DSTDC_HEADERS=1 -DHAVE_SETENV=1 -DHAVE_PUTENV=1 -DHAVE_SYS_MMAN_H=1 -DHAVE_DIRENT_H=1 -DHAVE_LIMITS_H=1 -DHAVE_PATHS_H=1 -DHAVE_VA_COPY=1 -DHAVE___VA_COPY=1 -DFILE_LOCKS=1 -DCALMA_MODULE=1 -DCIF_MODULE=1 -DPLOT_MODULE=1 -DLEF_MODULE=1 -DUSE_READLINE=1 -DHAVE_PTHREADS=1 -DROUTE_MODULE=1 -DEXT2SPICE_AUTO=1 -DEXT2SIM_AUTO=1 -DRSIM_MODULE=1 -DUSE_NEW_MACROS=1 -DVECTOR_FONTS=1 -Dlinux=1 -DSYSV=1 -DISC=1  -DNDEBUG -DGCORE=\"/usr/bin/gcore\" -DSHDLIB_EXT=\"\"  -c ExtLength.c
--- compiling extract/ExtMain.o
rm -f ExtMain.o
gcc -g -m64 -fPIC   -I. -I..  -I../readline -DCAD_DIR=\"/tmp/lib\" -DBIN_DIR=\"/tmp/bin\" -DPACKAGE_NAME=\"\" -DPACKAGE_TARNAME=\"\" -DPACKAGE_VERSION=\"\" -DPACKAGE_STRING=\"\" -DPACKAGE_BUGREPORT=\"\" -DMAGIC_VERSION=\"8.0\" -DMAGIC_REVISION=\"100\" -DSTDC_HEADERS=1 -DHAVE_SYS_TYPES_H=1 -DHAVE_SYS_STAT_H=1 -DHAVE_STDLIB_H=1 -DHAVE_STRING_H=1 -DHAVE_MEMORY_H=1 -DHAVE_STRINGS_H=1 -DHAVE_INTTYPES_H=1 -DHAVE_STDINT_H=1 -DHAVE_UNISTD_H=1 -DSIZEOF_VOID_P=8 -DSIZEOF_UNSIGNED_INT=4 -DSIZEOF_UNSIGNED_LONG=8 -DSIZEOF_UNSIGNED_LONG_LONG=8 -DSTDC_HEADERS=1 -DHAVE_SETENV=1 -DHAVE_PUTENV=1 -DHAVE_SYS_MMAN_H=1 -DHAVE_DIRENT_H=1 -DHAVE_LIMITS_H=1 -DHAVE_PATHS_H=1 -DHAVE_VA_COPY=1 -DHAVE___VA_COPY=1 -DFILE_LOCKS=1 -DCALMA_MODULE=1 -DCIF_MODULE=1 -DPLOT_MODULE=1 -DLEF_MODULE=1 -DUSE_READLINE=1 -DHAVE_PTHREADS=1 -DROUTE_MODULE=1 -DEXT2SPICE_AUTO=1 -DEXT2SIM_AUTO=1 -DRSIM_MODULE=1 -DUSE_NEW_MACROS=1 -DVECTOR_FONTS=1 -Dlinux=1 -DSYSV=1 -DISC=1  -DNDEBUG -DGCORE=\"/usr/bin/gcore\" -DSHDLIB_EXT=\"\"  -c ExtMain.c
--- compiling extract/ExtNghbors.o
rm -f ExtNghbors.o
gcc -g -m64 -fPIC   -I. -I..  -I../readline -DCAD_DIR=\"/tmp/lib\" -DBIN_DIR=\"/tmp/bin\" -DPACKAGE_NAME=\"\" -DPACKAGE_TARNAME=\"\" -DPACKAGE_VERSION=\"\" -DPACKAGE_STRING=\"\" -DPACKAGE_BUGREPORT=\"\" -DMAGIC_VERSION=\"8.0\" -DMAGIC_REVISION=\"100\" -DSTDC_HEADERS=1 -DHAVE_SYS_TYPES_H=1 -DHAVE_SYS_STAT_H=1 -DHAVE_STDLIB_H=1 -DHAVE_STRING_H=1 -DHAVE_MEMORY_H=1 -DHAVE_STRINGS_H=1 -DHAVE_INTTYPES_H=1 -DHAVE_STDINT_H=1 -DHAVE_UNISTD_H=1 -DSIZEOF_VOID_P=8 -DSIZEOF_UNSIGNED_INT=4 -DSIZEOF_UNSIGNED_LONG=8 -DSIZEOF_UNSIGNED_LONG_LONG=8 -DSTDC_HEADERS=1 -DHAVE_SETENV=1 -DHAVE_PUTENV=1 -DHAVE_SYS_MMAN_H=1 -DHAVE_DIRENT_H=1 -DHAVE_LIMITS_H=1 -DHAVE_PATHS_H=1 -DHAVE_VA_COPY=1 -DHAVE___VA_COPY=1 -DFILE_LOCKS=1 -DCALMA_MODULE=1 -DCIF_MODULE=1 -DPLOT_MODULE=1 -DLEF_MODULE=1 -DUSE_READLINE=1 -DHAVE_PTHREADS=1 -DROUTE_MODULE=1 -DEXT2SPICE_AUTO=1 -DEXT2SIM_AUTO=1 -DRSIM_MODULE=1 -DUSE_NEW_MACROS=1 -DVECTOR_FONTS=1 -Dlinux=1 -DSYSV=1 -DISC=1  -DNDEBUG -DGCORE=\"/usr/bin/gcore\" -DSHDLIB_EXT=\"\"  -c ExtNghbors.c
--- compiling extract/ExtPerim.o
rm -f ExtPerim.o
gcc -g -m64 -fPIC   -I. -I..  -I../readline -DCAD_DIR=\"/tmp/lib\" -DBIN_DIR=\"/tmp/bin\" -DPACKAGE_NAME=\"\" -DPACKAGE_TARNAME=\"\" -DPACKAGE_VERSION=\"\" -DPACKAGE_STRING=\"\" -DPACKAGE_BUGREPORT=\"\" -DMAGIC_VERSION=\"8.0\" -DMAGIC_REVISION=\"100\" -DSTDC_HEADERS=1 -DHAVE_SYS_TYPES_H=1 -DHAVE_SYS_STAT_H=1 -DHAVE_STDLIB_H=1 -DHAVE_STRING_H=1 -DHAVE_MEMORY_H=1 -DHAVE_STRINGS_H=1 -DHAVE_INTTYPES_H=1 -DHAVE_STDINT_H=1 -DHAVE_UNISTD_H=1 -DSIZEOF_VOID_P=8 -DSIZEOF_UNSIGNED_INT=4 -DSIZEOF_UNSIGNED_LONG=8 -DSIZEOF_UNSIGNED_LONG_LONG=8 -DSTDC_HEADERS=1 -DHAVE_SETENV=1 -DHAVE_PUTENV=1 -DHAVE_SYS_MMAN_H=1 -DHAVE_DIRENT_H=1 -DHAVE_LIMITS_H=1 -DHAVE_PATHS_H=1 -DHAVE_VA_COPY=1 -DHAVE___VA_COPY=1 -DFILE_LOCKS=1 -DCALMA_MODULE=1 -DCIF_MODULE=1 -DPLOT_MODULE=1 -DLEF_MODULE=1 -DUSE_READLINE=1 -DHAVE_PTHREADS=1 -DROUTE_MODULE=1 -DEXT2SPICE_AUTO=1 -DEXT2SIM_AUTO=1 -DRSIM_MODULE=1 -DUSE_NEW_MACROS=1 -DVECTOR_FONTS=1 -Dlinux=1 -DSYSV=1 -DISC=1  -DNDEBUG -DGCORE=\"/usr/bin/gcore\" -DSHDLIB_EXT=\"\"  -c ExtPerim.c
--- compiling extract/ExtRegion.o
rm -f ExtRegion.o
gcc -g -m64 -fPIC   -I. -I..  -I../readline -DCAD_DIR=\"/tmp/lib\" -DBIN_DIR=\"/tmp/bin\" -DPACKAGE_NAME=\"\" -DPACKAGE_TARNAME=\"\" -DPACKAGE_VERSION=\"\" -DPACKAGE_STRING=\"\" -DPACKAGE_BUGREPORT=\"\" -DMAGIC_VERSION=\"8.0\" -DMAGIC_REVISION=\"100\" -DSTDC_HEADERS=1 -DHAVE_SYS_TYPES_H=1 -DHAVE_SYS_STAT_H=1 -DHAVE_STDLIB_H=1 -DHAVE_STRING_H=1 -DHAVE_MEMORY_H=1 -DHAVE_STRINGS_H=1 -DHAVE_INTTYPES_H=1 -DHAVE_STDINT_H=1 -DHAVE_UNISTD_H=1 -DSIZEOF_VOID_P=8 -DSIZEOF_UNSIGNED_INT=4 -DSIZEOF_UNSIGNED_LONG=8 -DSIZEOF_UNSIGNED_LONG_LONG=8 -DSTDC_HEADERS=1 -DHAVE_SETENV=1 -DHAVE_PUTENV=1 -DHAVE_SYS_MMAN_H=1 -DHAVE_DIRENT_H=1 -DHAVE_LIMITS_H=1 -DHAVE_PATHS_H=1 -DHAVE_VA_COPY=1 -DHAVE___VA_COPY=1 -DFILE_LOCKS=1 -DCALMA_MODULE=1 -DCIF_MODULE=1 -DPLOT_MODULE=1 -DLEF_MODULE=1 -DUSE_READLINE=1 -DHAVE_PTHREADS=1 -DROUTE_MODULE=1 -DEXT2SPICE_AUTO=1 -DEXT2SIM_AUTO=1 -DRSIM_MODULE=1 -DUSE_NEW_MACROS=1 -DVECTOR_FONTS=1 -Dlinux=1 -DSYSV=1 -DISC=1  -DNDEBUG -DGCORE=\"/usr/bin/gcore\" -DSHDLIB_EXT=\"\"  -c ExtRegion.c
--- compiling extract/ExtSubtree.o
rm -f ExtSubtree.o
gcc -g -m64 -fPIC   -I. -I..  -I../readline -DCAD_DIR=\"/tmp/lib\" -DBIN_DIR=\"/tmp/bin\" -DPACKAGE_NAME=\"\" -DPACKAGE_TARNAME=\"\" -DPACKAGE_VERSION=\"\" -DPACKAGE_STRING=\"\" -DPACKAGE_BUGREPORT=\"\" -DMAGIC_VERSION=\"8.0\" -DMAGIC_REVISION=\"100\" -DSTDC_HEADERS=1 -DHAVE_SYS_TYPES_H=1 -DHAVE_SYS_STAT_H=1 -DHAVE_STDLIB_H=1 -DHAVE_STRING_H=1 -DHAVE_MEMORY_H=1 -DHAVE_STRINGS_H=1 -DHAVE_INTTYPES_H=1 -DHAVE_STDINT_H=1 -DHAVE_UNISTD_H=1 -DSIZEOF_VOID_P=8 -DSIZEOF_UNSIGNED_INT=4 -DSIZEOF_UNSIGNED_LONG=8 -DSIZEOF_UNSIGNED_LONG_LONG=8 -DSTDC_HEADERS=1 -DHAVE_SETENV=1 -DHAVE_PUTENV=1 -DHAVE_SYS_MMAN_H=1 -DHAVE_DIRENT_H=1 -DHAVE_LIMITS_H=1 -DHAVE_PATHS_H=1 -DHAVE_VA_COPY=1 -DHAVE___VA_COPY=1 -DFILE_LOCKS=1 -DCALMA_MODULE=1 -DCIF_MODULE=1 -DPLOT_MODULE=1 -DLEF_MODULE=1 -DUSE_READLINE=1 -DHAVE_PTHREADS=1 -DROUTE_MODULE=1 -DEXT2SPICE_AUTO=1 -DEXT2SIM_AUTO=1 -DRSIM_MODULE=1 -DUSE_NEW_MACROS=1 -DVECTOR_FONTS=1 -Dlinux=1 -DSYSV=1 -DISC=1  -DNDEBUG -DGCORE=\"/usr/bin/gcore\" -DSHDLIB_EXT=\"\"  -c ExtSubtree.c
--- compiling extract/ExtTech.o
rm -f ExtTech.o
gcc -g -m64 -fPIC   -I. -I..  -I../readline -DCAD_DIR=\"/tmp/lib\" -DBIN_DIR=\"/tmp/bin\" -DPACKAGE_NAME=\"\" -DPACKAGE_TARNAME=\"\" -DPACKAGE_VERSION=\"\" -DPACKAGE_STRING=\"\" -DPACKAGE_BUGREPORT=\"\" -DMAGIC_VERSION=\"8.0\" -DMAGIC_REVISION=\"100\" -DSTDC_HEADERS=1 -DHAVE_SYS_TYPES_H=1 -DHAVE_SYS_STAT_H=1 -DHAVE_STDLIB_H=1 -DHAVE_STRING_H=1 -DHAVE_MEMORY_H=1 -DHAVE_STRINGS_H=1 -DHAVE_INTTYPES_H=1 -DHAVE_STDINT_H=1 -DHAVE_UNISTD_H=1 -DSIZEOF_VOID_P=8 -DSIZEOF_UNSIGNED_INT=4 -DSIZEOF_UNSIGNED_LONG=8 -DSIZEOF_UNSIGNED_LONG_LONG=8 -DSTDC_HEADERS=1 -DHAVE_SETENV=1 -DHAVE_PUTENV=1 -DHAVE_SYS_MMAN_H=1 -DHAVE_DIRENT_H=1 -DHAVE_LIMITS_H=1 -DHAVE_PATHS_H=1 -DHAVE_VA_COPY=1 -DHAVE___VA_COPY=1 -DFILE_LOCKS=1 -DCALMA_MODULE=1 -DCIF_MODULE=1 -DPLOT_MODULE=1 -DLEF_MODULE=1 -DUSE_READLINE=1 -DHAVE_PTHREADS=1 -DROUTE_MODULE=1 -DEXT2SPICE_AUTO=1 -DEXT2SIM_AUTO=1 -DRSIM_MODULE=1 -DUSE_NEW_MACROS=1 -DVECTOR_FONTS=1 -Dlinux=1 -DSYSV=1 -DISC=1  -DNDEBUG -DGCORE=\"/usr/bin/gcore\" -DSHDLIB_EXT=\"\"  -c ExtTech.c
--- compiling extract/ExtTest.o
rm -f ExtTest.o
gcc -g -m64 -fPIC   -I. -I..  -I../readline -DCAD_DIR=\"/tmp/lib\" -DBIN_DIR=\"/tmp/bin\" -DPACKAGE_NAME=\"\" -DPACKAGE_TARNAME=\"\" -DPACKAGE_VERSION=\"\" -DPACKAGE_STRING=\"\" -DPACKAGE_BUGREPORT=\"\" -DMAGIC_VERSION=\"8.0\" -DMAGIC_REVISION=\"100\" -DSTDC_HEADERS=1 -DHAVE_SYS_TYPES_H=1 -DHAVE_SYS_STAT_H=1 -DHAVE_STDLIB_H=1 -DHAVE_STRING_H=1 -DHAVE_MEMORY_H=1 -DHAVE_STRINGS_H=1 -DHAVE_INTTYPES_H=1 -DHAVE_STDINT_H=1 -DHAVE_UNISTD_H=1 -DSIZEOF_VOID_P=8 -DSIZEOF_UNSIGNED_INT=4 -DSIZEOF_UNSIGNED_LONG=8 -DSIZEOF_UNSIGNED_LONG_LONG=8 -DSTDC_HEADERS=1 -DHAVE_SETENV=1 -DHAVE_PUTENV=1 -DHAVE_SYS_MMAN_H=1 -DHAVE_DIRENT_H=1 -DHAVE_LIMITS_H=1 -DHAVE_PATHS_H=1 -DHAVE_VA_COPY=1 -DHAVE___VA_COPY=1 -DFILE_LOCKS=1 -DCALMA_MODULE=1 -DCIF_MODULE=1 -DPLOT_MODULE=1 -DLEF_MODULE=1 -DUSE_READLINE=1 -DHAVE_PTHREADS=1 -DROUTE_MODULE=1 -DEXT2SPICE_AUTO=1 -DEXT2SIM_AUTO=1 -DRSIM_MODULE=1 -DUSE_NEW_MACROS=1 -DVECTOR_FONTS=1 -Dlinux=1 -DSYSV=1 -DISC=1  -DNDEBUG -DGCORE=\"/usr/bin/gcore\" -DSHDLIB_EXT=\"\"  -c ExtTest.c
--- compiling extract/ExtTimes.o
rm -f ExtTimes.o
gcc -g -m64 -fPIC   -I. -I..  -I../readline -DCAD_DIR=\"/tmp/lib\" -DBIN_DIR=\"/tmp/bin\" -DPACKAGE_NAME=\"\" -DPACKAGE_TARNAME=\"\" -DPACKAGE_VERSION=\"\" -DPACKAGE_STRING=\"\" -DPACKAGE_BUGREPORT=\"\" -DMAGIC_VERSION=\"8.0\" -DMAGIC_REVISION=\"100\" -DSTDC_HEADERS=1 -DHAVE_SYS_TYPES_H=1 -DHAVE_SYS_STAT_H=1 -DHAVE_STDLIB_H=1 -DHAVE_STRING_H=1 -DHAVE_MEMORY_H=1 -DHAVE_STRINGS_H=1 -DHAVE_INTTYPES_H=1 -DHAVE_STDINT_H=1 -DHAVE_UNISTD_H=1 -DSIZEOF_VOID_P=8 -DSIZEOF_UNSIGNED_INT=4 -DSIZEOF_UNSIGNED_LONG=8 -DSIZEOF_UNSIGNED_LONG_LONG=8 -DSTDC_HEADERS=1 -DHAVE_SETENV=1 -DHAVE_PUTENV=1 -DHAVE_SYS_MMAN_H=1 -DHAVE_DIRENT_H=1 -DHAVE_LIMITS_H=1 -DHAVE_PATHS_H=1 -DHAVE_VA_COPY=1 -DHAVE___VA_COPY=1 -DFILE_LOCKS=1 -DCALMA_MODULE=1 -DCIF_MODULE=1 -DPLOT_MODULE=1 -DLEF_MODULE=1 -DUSE_READLINE=1 -DHAVE_PTHREADS=1 -DROUTE_MODULE=1 -DEXT2SPICE_AUTO=1 -DEXT2SIM_AUTO=1 -DRSIM_MODULE=1 -DUSE_NEW_MACROS=1 -DVECTOR_FONTS=1 -Dlinux=1 -DSYSV=1 -DISC=1  -DNDEBUG -DGCORE=\"/usr/bin/gcore\" -DSHDLIB_EXT=\"\"  -c ExtTimes.c
--- compiling extract/ExtYank.o
rm -f ExtYank.o
gcc -g -m64 -fPIC   -I. -I..  -I../readline -DCAD_DIR=\"/tmp/lib\" -DBIN_DIR=\"/tmp/bin\" -DPACKAGE_NAME=\"\" -DPACKAGE_TARNAME=\"\" -DPACKAGE_VERSION=\"\" -DPACKAGE_STRING=\"\" -DPACKAGE_BUGREPORT=\"\" -DMAGIC_VERSION=\"8.0\" -DMAGIC_REVISION=\"100\" -DSTDC_HEADERS=1 -DHAVE_SYS_TYPES_H=1 -DHAVE_SYS_STAT_H=1 -DHAVE_STDLIB_H=1 -DHAVE_STRING_H=1 -DHAVE_MEMORY_H=1 -DHAVE_STRINGS_H=1 -DHAVE_INTTYPES_H=1 -DHAVE_STDINT_H=1 -DHAVE_UNISTD_H=1 -DSIZEOF_VOID_P=8 -DSIZEOF_UNSIGNED_INT=4 -DSIZEOF_UNSIGNED_LONG=8 -DSIZEOF_UNSIGNED_LONG_LONG=8 -DSTDC_HEADERS=1 -DHAVE_SETENV=1 -DHAVE_PUTENV=1 -DHAVE_SYS_MMAN_H=1 -DHAVE_DIRENT_H=1 -DHAVE_LIMITS_H=1 -DHAVE_PATHS_H=1 -DHAVE_VA_COPY=1 -DHAVE___VA_COPY=1 -DFILE_LOCKS=1 -DCALMA_MODULE=1 -DCIF_MODULE=1 -DPLOT_MODULE=1 -DLEF_MODULE=1 -DUSE_READLINE=1 -DHAVE_PTHREADS=1 -DROUTE_MODULE=1 -DEXT2SPICE_AUTO=1 -DEXT2SIM_AUTO=1 -DRSIM_MODULE=1 -DUSE_NEW_MACROS=1 -DVECTOR_FONTS=1 -Dlinux=1 -DSYSV=1 -DISC=1  -DNDEBUG -DGCORE=\"/usr/bin/gcore\" -DSHDLIB_EXT=\"\"  -c ExtYank.c
--- compiling extract/ExtInter.o
rm -f ExtInter.o
gcc -g -m64 -fPIC   -I. -I..  -I../readline -DCAD_DIR=\"/tmp/lib\" -DBIN_DIR=\"/tmp/bin\" -DPACKAGE_NAME=\"\" -DPACKAGE_TARNAME=\"\" -DPACKAGE_VERSION=\"\" -DPACKAGE_STRING=\"\" -DPACKAGE_BUGREPORT=\"\" -DMAGIC_VERSION=\"8.0\" -DMAGIC_REVISION=\"100\" -DSTDC_HEADERS=1 -DHAVE_SYS_TYPES_H=1 -DHAVE_SYS_STAT_H=1 -DHAVE_STDLIB_H=1 -DHAVE_STRING_H=1 -DHAVE_MEMORY_H=1 -DHAVE_STRINGS_H=1 -DHAVE_INTTYPES_H=1 -DHAVE_STDINT_H=1 -DHAVE_UNISTD_H=1 -DSIZEOF_VOID_P=8 -DSIZEOF_UNSIGNED_INT=4 -DSIZEOF_UNSIGNED_LONG=8 -DSIZEOF_UNSIGNED_LONG_LONG=8 -DSTDC_HEADERS=1 -DHAVE_SETENV=1 -DHAVE_PUTENV=1 -DHAVE_SYS_MMAN_H=1 -DHAVE_DIRENT_H=1 -DHAVE_LIMITS_H=1 -DHAVE_PATHS_H=1 -DHAVE_VA_COPY=1 -DHAVE___VA_COPY=1 -DFILE_LOCKS=1 -DCALMA_MODULE=1 -DCIF_MODULE=1 -DPLOT_MODULE=1 -DLEF_MODULE=1 -DUSE_READLINE=1 -DHAVE_PTHREADS=1 -DROUTE_MODULE=1 -DEXT2SPICE_AUTO=1 -DEXT2SIM_AUTO=1 -DRSIM_MODULE=1 -DUSE_NEW_MACROS=1 -DVECTOR_FONTS=1 -Dlinux=1 -DSYSV=1 -DISC=1  -DNDEBUG -DGCORE=\"/usr/bin/gcore\" -DSHDLIB_EXT=\"\"  -c ExtInter.c
--- compiling extract/ExtUnique.o
rm -f ExtUnique.o
gcc -g -m64 -fPIC   -I. -I..  -I../readline -DCAD_DIR=\"/tmp/lib\" -DBIN_DIR=\"/tmp/bin\" -DPACKAGE_NAME=\"\" -DPACKAGE_TARNAME=\"\" -DPACKAGE_VERSION=\"\" -DPACKAGE_STRING=\"\" -DPACKAGE_BUGREPORT=\"\" -DMAGIC_VERSION=\"8.0\" -DMAGIC_REVISION=\"100\" -DSTDC_HEADERS=1 -DHAVE_SYS_TYPES_H=1 -DHAVE_SYS_STAT_H=1 -DHAVE_STDLIB_H=1 -DHAVE_STRING_H=1 -DHAVE_MEMORY_H=1 -DHAVE_STRINGS_H=1 -DHAVE_INTTYPES_H=1 -DHAVE_STDINT_H=1 -DHAVE_UNISTD_H=1 -DSIZEOF_VOID_P=8 -DSIZEOF_UNSIGNED_INT=4 -DSIZEOF_UNSIGNED_LONG=8 -DSIZEOF_UNSIGNED_LONG_LONG=8 -DSTDC_HEADERS=1 -DHAVE_SETENV=1 -DHAVE_PUTENV=1 -DHAVE_SYS_MMAN_H=1 -DHAVE_DIRENT_H=1 -DHAVE_LIMITS_H=1 -DHAVE_PATHS_H=1 -DHAVE_VA_COPY=1 -DHAVE___VA_COPY=1 -DFILE_LOCKS=1 -DCALMA_MODULE=1 -DCIF_MODULE=1 -DPLOT_MODULE=1 -DLEF_MODULE=1 -DUSE_READLINE=1 -DHAVE_PTHREADS=1 -DROUTE_MODULE=1 -DEXT2SPICE_AUTO=1 -DEXT2SIM_AUTO=1 -DRSIM_MODULE=1 -DUSE_NEW_MACROS=1 -DVECTOR_FONTS=1 -Dlinux=1 -DSYSV=1 -DISC=1  -DNDEBUG -DGCORE=\"/usr/bin/gcore\" -DSHDLIB_EXT=\"\"  -c ExtUnique.c
--- linking libextract.o
rm -f libextract.o
ld -r ExtArray.o ExtBasic.o ExtCell.o ExtCouple.o ExtHard.o ExtHier.o ExtLength.o ExtMain.o ExtNghbors.o ExtPerim.o ExtRegion.o ExtSubtree.o ExtTech.o ExtTest.o ExtTimes.o ExtYank.o ExtInter.o ExtUnique.o  -o libextract.o 
make[2]: Leaving directory `/home/tim/gitsrc/magic-8.0/extract'
make[2]: Entering directory `/home/tim/gitsrc/magic-8.0/graphics'
--- compiling graphics/grMain.o
rm -f grMain.o
gcc -g -m64 -fPIC   -I/usr/X11R6/include  -I. -I..  -I../readline -DCAD_DIR=\"/tmp/lib\" -DBIN_DIR=\"/tmp/bin\" -DPACKAGE_NAME=\"\" -DPACKAGE_TARNAME=\"\" -DPACKAGE_VERSION=\"\" -DPACKAGE_STRING=\"\" -DPACKAGE_BUGREPORT=\"\" -DMAGIC_VERSION=\"8.0\" -DMAGIC_REVISION=\"100\" -DSTDC_HEADERS=1 -DHAVE_SYS_TYPES_H=1 -DHAVE_SYS_STAT_H=1 -DHAVE_STDLIB_H=1 -DHAVE_STRING_H=1 -DHAVE_MEMORY_H=1 -DHAVE_STRINGS_H=1 -DHAVE_INTTYPES_H=1 -DHAVE_STDINT_H=1 -DHAVE_UNISTD_H=1 -DSIZEOF_VOID_P=8 -DSIZEOF_UNSIGNED_INT=4 -DSIZEOF_UNSIGNED_LONG=8 -DSIZEOF_UNSIGNED_LONG_LONG=8 -DSTDC_HEADERS=1 -DHAVE_SETENV=1 -DHAVE_PUTENV=1 -DHAVE_SYS_MMAN_H=1 -DHAVE_DIRENT_H=1 -DHAVE_LIMITS_H=1 -DHAVE_PATHS_H=1 -DHAVE_VA_COPY=1 -DHAVE___VA_COPY=1 -DFILE_LOCKS=1 -DCALMA_MODULE=1 -DCIF_MODULE=1 -DPLOT_MODULE=1 -DLEF_MODULE=1 -DUSE_READLINE=1 -DHAVE_PTHREADS=1 -DROUTE_MODULE=1 -DEXT2SPICE_AUTO=1 -DEXT2SIM_AUTO=1 -DRSIM_MODULE=1 -DUSE_NEW_MACROS=1 -DVECTOR_FONTS=1 -Dlinux=1 -DSYSV=1 -DISC=1  -DNDEBUG -DGCORE=\"/usr/bin/gcore\" -DSHDLIB_EXT=\"\" -DX11 -DXLIB -DNDEBUG  -c grMain.c
--- compiling graphics/grLock.o
rm -f grLock.o
gcc -g -m64 -fPIC   -I/usr/X11R6/include  -I. -I..  -I../readline -DCAD_DIR=\"/tmp/lib\" -DBIN_DIR=\"/tmp/bin\" -DPACKAGE_NAME=\"\" -DPACKAGE_TARNAME=\"\" -DPACKAGE_VERSION=\"\" -DPACKAGE_STRING=\"\" -DPACKAGE_BUGREPORT=\"\" -DMAGIC_VERSION=\"8.0\" -DMAGIC_REVISION=\"100\" -DSTDC_HEADERS=1 -DHAVE_SYS_TYPES_H=1 -DHAVE_SYS_STAT_H=1 -DHAVE_STDLIB_H=1 -DHAVE_STRING_H=1 -DHAVE_MEMORY_H=1 -DHAVE_STRINGS_H=1 -DHAVE_INTTYPES_H=1 -DHAVE_STDINT_H=1 -DHAVE_UNISTD_H=1 -DSIZEOF_VOID_P=8 -DSIZEOF_UNSIGNED_INT=4 -DSIZEOF_UNSIGNED_LONG=8 -DSIZEOF_UNSIGNED_LONG_LONG=8 -DSTDC_HEADERS=1 -DHAVE_SETENV=1 -DHAVE_PUTENV=1 -DHAVE_SYS_MMAN_H=1 -DHAVE_DIRENT_H=1 -DHAVE_LIMITS_H=1 -DHAVE_PATHS_H=1 -DHAVE_VA_COPY=1 -DHAVE___VA_COPY=1 -DFILE_LOCKS=1 -DCALMA_MODULE=1 -DCIF_MODULE=1 -DPLOT_MODULE=1 -DLEF_MODULE=1 -DUSE_READLINE=1 -DHAVE_PTHREADS=1 -DROUTE_MODULE=1 -DEXT2SPICE_AUTO=1 -DEXT2SIM_AUTO=1 -DRSIM_MODULE=1 -DUSE_NEW_MACROS=1 -DVECTOR_FONTS=1 -Dlinux=1 -DSYSV=1 -DISC=1  -DNDEBUG -DGCORE=\"/usr/bin/gcore\" -DSHDLIB_EXT=\"\" -DX11 -DXLIB -DNDEBUG  -c grLock.c
--- compiling graphics/grDStyle.o
rm -f grDStyle.o
gcc -g -m64 -fPIC   -I/usr/X11R6/include  -I. -I..  -I../readline -DCAD_DIR=\"/tmp/lib\" -DBIN_DIR=\"/tmp/bin\" -DPACKAGE_NAME=\"\" -DPACKAGE_TARNAME=\"\" -DPACKAGE_VERSION=\"\" -DPACKAGE_STRING=\"\" -DPACKAGE_BUGREPORT=\"\" -DMAGIC_VERSION=\"8.0\" -DMAGIC_REVISION=\"100\" -DSTDC_HEADERS=1 -DHAVE_SYS_TYPES_H=1 -DHAVE_SYS_STAT_H=1 -DHAVE_STDLIB_H=1 -DHAVE_STRING_H=1 -DHAVE_MEMORY_H=1 -DHAVE_STRINGS_H=1 -DHAVE_INTTYPES_H=1 -DHAVE_STDINT_H=1 -DHAVE_UNISTD_H=1 -DSIZEOF_VOID_P=8 -DSIZEOF_UNSIGNED_INT=4 -DSIZEOF_UNSIGNED_LONG=8 -DSIZEOF_UNSIGNED_LONG_LONG=8 -DSTDC_HEADERS=1 -DHAVE_SETENV=1 -DHAVE_PUTENV=1 -DHAVE_SYS_MMAN_H=1 -DHAVE_DIRENT_H=1 -DHAVE_LIMITS_H=1 -DHAVE_PATHS_H=1 -DHAVE_VA_COPY=1 -DHAVE___VA_COPY=1 -DFILE_LOCKS=1 -DCALMA_MODULE=1 -DCIF_MODULE=1 -DPLOT_MODULE=1 -DLEF_MODULE=1 -DUSE_READLINE=1 -DHAVE_PTHREADS=1 -DROUTE_MODULE=1 -DEXT2SPICE_AUTO=1 -DEXT2SIM_AUTO=1 -DRSIM_MODULE=1 -DUSE_NEW_MACROS=1 -DVECTOR_FONTS=1 -Dlinux=1 -DSYSV=1 -DISC=1  -DNDEBUG -DGCORE=\"/usr/bin/gcore\" -DSHDLIB_EXT=\"\" -DX11 -DXLIB -DNDEBUG  -c grDStyle.c
--- compiling graphics/grText.o
rm -f grText.o
gcc -g -m64 -fPIC   -I/usr/X11R6/include  -I. -I..  -I../readline -DCAD_DIR=\"/tmp/lib\" -DBIN_DIR=\"/tmp/bin\" -DPACKAGE_NAME=\"\" -DPACKAGE_TARNAME=\"\" -DPACKAGE_VERSION=\"\" -DPACKAGE_STRING=\"\" -DPACKAGE_BUGREPORT=\"\" -DMAGIC_VERSION=\"8.0\" -DMAGIC_REVISION=\"100\" -DSTDC_HEADERS=1 -DHAVE_SYS_TYPES_H=1 -DHAVE_SYS_STAT_H=1 -DHAVE_STDLIB_H=1 -DHAVE_STRING_H=1 -DHAVE_MEMORY_H=1 -DHAVE_STRINGS_H=1 -DHAVE_INTTYPES_H=1 -DHAVE_STDINT_H=1 -DHAVE_UNISTD_H=1 -DSIZEOF_VOID_P=8 -DSIZEOF_UNSIGNED_INT=4 -DSIZEOF_UNSIGNED_LONG=8 -DSIZEOF_UNSIGNED_LONG_LONG=8 -DSTDC_HEADERS=1 -DHAVE_SETENV=1 -DHAVE_PUTENV=1 -DHAVE_SYS_MMAN_H=1 -DHAVE_DIRENT_H=1 -DHAVE_LIMITS_H=1 -DHAVE_PATHS_H=1 -DHAVE_VA_COPY=1 -DHAVE___VA_COPY=1 -DFILE_LOCKS=1 -DCALMA_MODULE=1 -DCIF_MODULE=1 -DPLOT_MODULE=1 -DLEF_MODULE=1 -DUSE_READLINE=1 -DHAVE_PTHREADS=1 -DROUTE_MODULE=1 -DEXT2SPICE_AUTO=1 -DEXT2SIM_AUTO=1 -DRSIM_MODULE=1 -DUSE_NEW_MACROS=1 -DVECTOR_FONTS=1 -Dlinux=1 -DSYSV=1 -DISC=1  -DNDEBUG -DGCORE=\"/usr/bin/gcore\" -DSHDLIB_EXT=\"\" -DX11 -DXLIB -DNDEBUG  -c grText.c
--- compiling graphics/grCMap.o
rm -f grCMap.o
gcc -g -m64 -fPIC   -I/usr/X11R6/include  -I. -I..  -I../readline -DCAD_DIR=\"/tmp/lib\" -DBIN_DIR=\"/tmp/bin\" -DPACKAGE_NAME=\"\" -DPACKAGE_TARNAME=\"\" -DPACKAGE_VERSION=\"\" -DPACKAGE_STRING=\"\" -DPACKAGE_BUGREPORT=\"\" -DMAGIC_VERSION=\"8.0\" -DMAGIC_REVISION=\"100\" -DSTDC_HEADERS=1 -DHAVE_SYS_TYPES_H=1 -DHAVE_SYS_STAT_H=1 -DHAVE_STDLIB_H=1 -DHAVE_STRING_H=1 -DHAVE_MEMORY_H=1 -DHAVE_STRINGS_H=1 -DHAVE_INTTYPES_H=1 -DHAVE_STDINT_H=1 -DHAVE_UNISTD_H=1 -DSIZEOF_VOID_P=8 -DSIZEOF_UNSIGNED_INT=4 -DSIZEOF_UNSIGNED_LONG=8 -DSIZEOF_UNSIGNED_LONG_LONG=8 -DSTDC_HEADERS=1 -DHAVE_SETENV=1 -DHAVE_PUTENV=1 -DHAVE_SYS_MMAN_H=1 -DHAVE_DIRENT_H=1 -DHAVE_LIMITS_H=1 -DHAVE_PATHS_H=1 -DHAVE_VA_COPY=1 -DHAVE___VA_COPY=1 -DFILE_LOCKS=1 -DCALMA_MODULE=1 -DCIF_MODULE=1 -DPLOT_MODULE=1 -DLEF_MODULE=1 -DUSE_READLINE=1 -DHAVE_PTHREADS=1 -DROUTE_MODULE=1 -DEXT2SPICE_AUTO=1 -DEXT2SIM_AUTO=1 -DRSIM_MODULE=1 -DUSE_NEW_MACROS=1 -DVECTOR_FONTS=1 -Dlinux=1 -DSYSV=1 -DISC=1  -DNDEBUG -DGCORE=\"/usr/bin/gcore\" -DSHDLIB_EXT=\"\" -DX11 -DXLIB -DNDEBUG  -c grCMap.c
--- compiling graphics/grClip.o
rm -f grClip.o
gcc -g -m64 -fPIC   -I/usr/X11R6/include  -I. -I..  -I../readline -DCAD_DIR=\"/tmp/lib\" -DBIN_DIR=\"/tmp/bin\" -DPACKAGE_NAME=\"\" -DPACKAGE_TARNAME=\"\" -DPACKAGE_VERSION=\"\" -DPACKAGE_STRING=\"\" -DPACKAGE_BUGREPORT=\"\" -DMAGIC_VERSION=\"8.0\" -DMAGIC_REVISION=\"100\" -DSTDC_HEADERS=1 -DHAVE_SYS_TYPES_H=1 -DHAVE_SYS_STAT_H=1 -DHAVE_STDLIB_H=1 -DHAVE_STRING_H=1 -DHAVE_MEMORY_H=1 -DHAVE_STRINGS_H=1 -DHAVE_INTTYPES_H=1 -DHAVE_STDINT_H=1 -DHAVE_UNISTD_H=1 -DSIZEOF_VOID_P=8 -DSIZEOF_UNSIGNED_INT=4 -DSIZEOF_UNSIGNED_LONG=8 -DSIZEOF_UNSIGNED_LONG_LONG=8 -DSTDC_HEADERS=1 -DHAVE_SETENV=1 -DHAVE_PUTENV=1 -DHAVE_SYS_MMAN_H=1 -DHAVE_DIRENT_H=1 -DHAVE_LIMITS_H=1 -DHAVE_PATHS_H=1 -DHAVE_VA_COPY=1 -DHAVE___VA_COPY=1 -DFILE_LOCKS=1 -DCALMA_MODULE=1 -DCIF_MODULE=1 -DPLOT_MODULE=1 -DLEF_MODULE=1 -DUSE_READLINE=1 -DHAVE_PTHREADS=1 -DROUTE_MODULE=1 -DEXT2SPICE_AUTO=1 -DEXT2SIM_AUTO=1 -DRSIM_MODULE=1 -DUSE_NEW_MACROS=1 -DVECTOR_FONTS=1 -Dlinux=1 -DSYSV=1 -DISC=1  -DNDEBUG -DGCORE=\"/usr/bin/gcore\" -DSHDLIB_EXT=\"\" -DX11 -DXLIB -DNDEBUG  -c grClip.c
--- compiling graphics/grGlyphs.o
rm -f grGlyphs.o
gcc -g -m64 -fPIC   -I/usr/X11R6/include  -I. -I..  -I../readline -DCAD_DIR=\"/tmp/lib\" -DBIN_DIR=\"/tmp/bin\" -DPACKAGE_NAME=\"\" -DPACKAGE_TARNAME=\"\" -DPACKAGE_VERSION=\"\" -DPACKAGE_STRING=\"\" -DPACKAGE_BUGREPORT=\"\" -DMAGIC_VERSION=\"8.0\" -DMAGIC_REVISION=\"100\" -DSTDC_HEADERS=1 -DHAVE_SYS_TYPES_H=1 -DHAVE_SYS_STAT_H=1 -DHAVE_STDLIB_H=1 -DHAVE_STRING_H=1 -DHAVE_MEMORY_H=1 -DHAVE_STRINGS_H=1 -DHAVE_INTTYPES_H=1 -DHAVE_STDINT_H=1 -DHAVE_UNISTD_H=1 -DSIZEOF_VOID_P=8 -DSIZEOF_UNSIGNED_INT=4 -DSIZEOF_UNSIGNED_LONG=8 -DSIZEOF_UNSIGNED_LONG_LONG=8 -DSTDC_HEADERS=1 -DHAVE_SETENV=1 -DHAVE_PUTENV=1 -DHAVE_SYS_MMAN_H=1 -DHAVE_DIRENT_H=1 -DHAVE_LIMITS_H=1 -DHAVE_PATHS_H=1 -DHAVE_VA_COPY=1 -DHAVE___VA_COPY=1 -DFILE_LOCKS=1 -DCALMA_MODULE=1 -DCIF_MODULE=1 -DPLOT_MODULE=1 -DLEF_MODULE=1 -DUSE_READLINE=1 -DHAVE_PTHREADS=1 -DROUTE_MODULE=1 -DEXT2SPICE_AUTO=1 -DEXT2SIM_AUTO=1 -DRSIM_MODULE=1 -DUSE_NEW_MACROS=1 -DVECTOR_FONTS=1 -Dlinux=1 -DSYSV=1 -DISC=1  -DNDEBUG -DGCORE=\"/usr/bin/gcore\" -DSHDLIB_EXT=\"\" -DX11 -DXLIB -DNDEBUG  -c grGlyphs.c
--- compiling graphics/grNull.o
rm -f grNull.o
gcc -g -m64 -fPIC   -I/usr/X11R6/include  -I. -I..  -I../readline -DCAD_DIR=\"/tmp/lib\" -DBIN_DIR=\"/tmp/bin\" -DPACKAGE_NAME=\"\" -DPACKAGE_TARNAME=\"\" -DPACKAGE_VERSION=\"\" -DPACKAGE_STRING=\"\" -DPACKAGE_BUGREPORT=\"\" -DMAGIC_VERSION=\"8.0\" -DMAGIC_REVISION=\"100\" -DSTDC_HEADERS=1 -DHAVE_SYS_TYPES_H=1 -DHAVE_SYS_STAT_H=1 -DHAVE_STDLIB_H=1 -DHAVE_STRING_H=1 -DHAVE_MEMORY_H=1 -DHAVE_STRINGS_H=1 -DHAVE_INTTYPES_H=1 -DHAVE_STDINT_H=1 -DHAVE_UNISTD_H=1 -DSIZEOF_VOID_P=8 -DSIZEOF_UNSIGNED_INT=4 -DSIZEOF_UNSIGNED_LONG=8 -DSIZEOF_UNSIGNED_LONG_LONG=8 -DSTDC_HEADERS=1 -DHAVE_SETENV=1 -DHAVE_PUTENV=1 -DHAVE_SYS_MMAN_H=1 -DHAVE_DIRENT_H=1 -DHAVE_LIMITS_H=1 -DHAVE_PATHS_H=1 -DHAVE_VA_COPY=1 -DHAVE___VA_COPY=1 -DFILE_LOCKS=1 -DCALMA_MODULE=1 -DCIF_MODULE=1 -DPLOT_MODULE=1 -DLEF_MODULE=1 -DUSE_READLINE=1 -DHAVE_PTHREADS=1 -DROUTE_MODULE=1 -DEXT2SPICE_AUTO=1 -DEXT2SIM_AUTO=1 -DRSIM_MODULE=1 -DUSE_NEW_MACROS=1 -DVECTOR_FONTS=1 -Dlinux=1 -DSYSV=1 -DISC=1  -DNDEBUG -DGCORE=\"/usr/bin/gcore\" -DSHDLIB_EXT=\"\" -DX11 -DXLIB -DNDEBUG  -c grNull.c
--- compiling graphics/W3Dmain.o
rm -f W3Dmain.o
gcc -g -m64 -fPIC   -I/usr/X11R6/include  -I. -I..  -I../readline -DCAD_DIR=\"/tmp/lib\" -DBIN_DIR=\"/tmp/bin\" -DPACKAGE_NAME=\"\" -DPACKAGE_TARNAME=\"\" -DPACKAGE_VERSION=\"\" -DPACKAGE_STRING=\"\" -DPACKAGE_BUGREPORT=\"\" -DMAGIC_VERSION=\"8.0\" -DMAGIC_REVISION=\"100\" -DSTDC_HEADERS=1 -DHAVE_SYS_TYPES_H=1 -DHAVE_SYS_STAT_H=1 -DHAVE_STDLIB_H=1 -DHAVE_STRING_H=1 -DHAVE_MEMORY_H=1 -DHAVE_STRINGS_H=1 -DHAVE_INTTYPES_H=1 -DHAVE_STDINT_H=1 -DHAVE_UNISTD_H=1 -DSIZEOF_VOID_P=8 -DSIZEOF_UNSIGNED_INT=4 -DSIZEOF_UNSIGNED_LONG=8 -DSIZEOF_UNSIGNED_LONG_LONG=8 -DSTDC_HEADERS=1 -DHAVE_SETENV=1 -DHAVE_PUTENV=1 -DHAVE_SYS_MMAN_H=1 -DHAVE_DIRENT_H=1 -DHAVE_LIMITS_H=1 -DHAVE_PATHS_H=1 -DHAVE_VA_COPY=1 -DHAVE___VA_COPY=1 -DFILE_LOCKS=1 -DCALMA_MODULE=1 -DCIF_MODULE=1 -DPLOT_MODULE=1 -DLEF_MODULE=1 -DUSE_READLINE=1 -DHAVE_PTHREADS=1 -DROUTE_MODULE=1 -DEXT2SPICE_AUTO=1 -DEXT2SIM_AUTO=1 -DRSIM_MODULE=1 -DUSE_NEW_MACROS=1 -DVECTOR_FONTS=1 -Dlinux=1 -DSYSV=1 -DISC=1  -DNDEBUG -DGCORE=\"/usr/bin/gcore\" -DSHDLIB_EXT=\"\" -DX11 -DXLIB -DNDEBUG  -c W3Dmain.c
--- compiling graphics/grX11thread.o
rm -f grX11thread.o
gcc -g -m64 -fPIC   -I/usr/X11R6/include  -I. -I..  -I../readline -DCAD_DIR=\"/tmp/lib\" -DBIN_DIR=\"/tmp/bin\" -DPACKAGE_NAME=\"\" -DPACKAGE_TARNAME=\"\" -DPACKAGE_VERSION=\"\" -DPACKAGE_STRING=\"\" -DPACKAGE_BUGREPORT=\"\" -DMAGIC_VERSION=\"8.0\" -DMAGIC_REVISION=\"100\" -DSTDC_HEADERS=1 -DHAVE_SYS_TYPES_H=1 -DHAVE_SYS_STAT_H=1 -DHAVE_STDLIB_H=1 -DHAVE_STRING_H=1 -DHAVE_MEMORY_H=1 -DHAVE_STRINGS_H=1 -DHAVE_INTTYPES_H=1 -DHAVE_STDINT_H=1 -DHAVE_UNISTD_H=1 -DSIZEOF_VOID_P=8 -DSIZEOF_UNSIGNED_INT=4 -DSIZEOF_UNSIGNED_LONG=8 -DSIZEOF_UNSIGNED_LONG_LONG=8 -DSTDC_HEADERS=1 -DHAVE_SETENV=1 -DHAVE_PUTENV=1 -DHAVE_SYS_MMAN_H=1 -DHAVE_DIRENT_H=1 -DHAVE_LIMITS_H=1 -DHAVE_PATHS_H=1 -DHAVE_VA_COPY=1 -DHAVE___VA_COPY=1 -DFILE_LOCKS=1 -DCALMA_MODULE=1 -DCIF_MODULE=1 -DPLOT_MODULE=1 -DLEF_MODULE=1 -DUSE_READLINE=1 -DHAVE_PTHREADS=1 -DROUTE_MODULE=1 -DEXT2SPICE_AUTO=1 -DEXT2SIM_AUTO=1 -DRSIM_MODULE=1 -DUSE_NEW_MACROS=1 -DVECTOR_FONTS=1 -Dlinux=1 -DSYSV=1 -DISC=1  -DNDEBUG -DGCORE=\"/usr/bin/gcore\" -DSHDLIB_EXT=\"\" -DX11 -DXLIB -DNDEBUG  -c grX11thread.c
--- compiling graphics/grX11su1.o
rm -f grX11su1.o
gcc -g -m64 -fPIC   -I/usr/X11R6/include  -I. -I..  -I../readline -DCAD_DIR=\"/tmp/lib\" -DBIN_DIR=\"/tmp/bin\" -DPACKAGE_NAME=\"\" -DPACKAGE_TARNAME=\"\" -DPACKAGE_VERSION=\"\" -DPACKAGE_STRING=\"\" -DPACKAGE_BUGREPORT=\"\" -DMAGIC_VERSION=\"8.0\" -DMAGIC_REVISION=\"100\" -DSTDC_HEADERS=1 -DHAVE_SYS_TYPES_H=1 -DHAVE_SYS_STAT_H=1 -DHAVE_STDLIB_H=1 -DHAVE_STRING_H=1 -DHAVE_MEMORY_H=1 -DHAVE_STRINGS_H=1 -DHAVE_INTTYPES_H=1 -DHAVE_STDINT_H=1 -DHAVE_UNISTD_H=1 -DSIZEOF_VOID_P=8 -DSIZEOF_UNSIGNED_INT=4 -DSIZEOF_UNSIGNED_LONG=8 -DSIZEOF_UNSIGNED_LONG_LONG=8 -DSTDC_HEADERS=1 -DHAVE_SETENV=1 -DHAVE_PUTENV=1 -DHAVE_SYS_MMAN_H=1 -DHAVE_DIRENT_H=1 -DHAVE_LIMITS_H=1 -DHAVE_PATHS_H=1 -DHAVE_VA_COPY=1 -DHAVE___VA_COPY=1 -DFILE_LOCKS=1 -DCALMA_MODULE=1 -DCIF_MODULE=1 -DPLOT_MODULE=1 -DLEF_MODULE=1 -DUSE_READLINE=1 -DHAVE_PTHREADS=1 -DROUTE_MODULE=1 -DEXT2SPICE_AUTO=1 -DEXT2SIM_AUTO=1 -DRSIM_MODULE=1 -DUSE_NEW_MACROS=1 -DVECTOR_FONTS=1 -Dlinux=1 -DSYSV=1 -DISC=1  -DNDEBUG -DGCORE=\"/usr/bin/gcore\" -DSHDLIB_EXT=\"\" -DX11 -DXLIB -DNDEBUG  -c grX11su1.c
grX11su1.c: In function `grx11SetWMandC':
grX11su1.c:141: warning: overflow in implicit constant conversion
grX11su1.c:144: warning: overflow in implicit constant conversion
grX11su1.c: In function `grx11SetSPattern':
grX11su1.c:275: warning: cast to pointer from integer of different size
grX11su1.c: In function `grX11Stdin':
grX11su1.c:790: warning: passing arg 2 of `HashLookOnly' makes pointer from integer without a cast
grX11su1.c:807: warning: passing arg 2 of `HashLookOnly' makes pointer from integer without a cast
grX11su1.c:828: warning: passing arg 2 of `HashLookOnly' makes pointer from integer without a cast
grX11su1.c:859: warning: passing arg 2 of `HashLookOnly' makes pointer from integer without a cast
grX11su1.c:880: warning: passing arg 2 of `HashLookOnly' makes pointer from integer without a cast
grX11su1.c:910: warning: passing arg 2 of `HashLookOnly' makes pointer from integer without a cast
grX11su1.c: In function `GrX11Create':
grX11su1.c:1222: warning: passing arg 2 of `HashFind' makes pointer from integer without a cast
grX11su1.c: In function `GrX11Delete':
grX11su1.c:1271: warning: passing arg 2 of `HashLookOnly' makes pointer from integer without a cast
--- compiling graphics/grX11su2.o
rm -f grX11su2.o
gcc -g -m64 -fPIC   -I/usr/X11R6/include  -I. -I..  -I../readline -DCAD_DIR=\"/tmp/lib\" -DBIN_DIR=\"/tmp/bin\" -DPACKAGE_NAME=\"\" -DPACKAGE_TARNAME=\"\" -DPACKAGE_VERSION=\"\" -DPACKAGE_STRING=\"\" -DPACKAGE_BUGREPORT=\"\" -DMAGIC_VERSION=\"8.0\" -DMAGIC_REVISION=\"100\" -DSTDC_HEADERS=1 -DHAVE_SYS_TYPES_H=1 -DHAVE_SYS_STAT_H=1 -DHAVE_STDLIB_H=1 -DHAVE_STRING_H=1 -DHAVE_MEMORY_H=1 -DHAVE_STRINGS_H=1 -DHAVE_INTTYPES_H=1 -DHAVE_STDINT_H=1 -DHAVE_UNISTD_H=1 -DSIZEOF_VOID_P=8 -DSIZEOF_UNSIGNED_INT=4 -DSIZEOF_UNSIGNED_LONG=8 -DSIZEOF_UNSIGNED_LONG_LONG=8 -DSTDC_HEADERS=1 -DHAVE_SETENV=1 -DHAVE_PUTENV=1 -DHAVE_SYS_MMAN_H=1 -DHAVE_DIRENT_H=1 -DHAVE_LIMITS_H=1 -DHAVE_PATHS_H=1 -DHAVE_VA_COPY=1 -DHAVE___VA_COPY=1 -DFILE_LOCKS=1 -DCALMA_MODULE=1 -DCIF_MODULE=1 -DPLOT_MODULE=1 -DLEF_MODULE=1 -DUSE_READLINE=1 -DHAVE_PTHREADS=1 -DROUTE_MODULE=1 -DEXT2SPICE_AUTO=1 -DEXT2SIM_AUTO=1 -DRSIM_MODULE=1 -DUSE_NEW_MACROS=1 -DVECTOR_FONTS=1 -Dlinux=1 -DSYSV=1 -DISC=1  -DNDEBUG -DGCORE=\"/usr/bin/gcore\" -DSHDLIB_EXT=\"\" -DX11 -DXLIB -DNDEBUG  -c grX11su2.c
--- compiling graphics/grX11su3.o
rm -f grX11su3.o
gcc -g -m64 -fPIC   -I/usr/X11R6/include  -I. -I..  -I../readline -DCAD_DIR=\"/tmp/lib\" -DBIN_DIR=\"/tmp/bin\" -DPACKAGE_NAME=\"\" -DPACKAGE_TARNAME=\"\" -DPACKAGE_VERSION=\"\" -DPACKAGE_STRING=\"\" -DPACKAGE_BUGREPORT=\"\" -DMAGIC_VERSION=\"8.0\" -DMAGIC_REVISION=\"100\" -DSTDC_HEADERS=1 -DHAVE_SYS_TYPES_H=1 -DHAVE_SYS_STAT_H=1 -DHAVE_STDLIB_H=1 -DHAVE_STRING_H=1 -DHAVE_MEMORY_H=1 -DHAVE_STRINGS_H=1 -DHAVE_INTTYPES_H=1 -DHAVE_STDINT_H=1 -DHAVE_UNISTD_H=1 -DSIZEOF_VOID_P=8 -DSIZEOF_UNSIGNED_INT=4 -DSIZEOF_UNSIGNED_LONG=8 -DSIZEOF_UNSIGNED_LONG_LONG=8 -DSTDC_HEADERS=1 -DHAVE_SETENV=1 -DHAVE_PUTENV=1 -DHAVE_SYS_MMAN_H=1 -DHAVE_DIRENT_H=1 -DHAVE_LIMITS_H=1 -DHAVE_PATHS_H=1 -DHAVE_VA_COPY=1 -DHAVE___VA_COPY=1 -DFILE_LOCKS=1 -DCALMA_MODULE=1 -DCIF_MODULE=1 -DPLOT_MODULE=1 -DLEF_MODULE=1 -DUSE_READLINE=1 -DHAVE_PTHREADS=1 -DROUTE_MODULE=1 -DEXT2SPICE_AUTO=1 -DEXT2SIM_AUTO=1 -DRSIM_MODULE=1 -DUSE_NEW_MACROS=1 -DVECTOR_FONTS=1 -Dlinux=1 -DSYSV=1 -DISC=1  -DNDEBUG -DGCORE=\"/usr/bin/gcore\" -DSHDLIB_EXT=\"\" -DX11 -DXLIB -DNDEBUG  -c grX11su3.c
grX11su3.c: In function `grx11FontText':
grX11su3.c:661: warning: cast to pointer from integer of different size
--- compiling graphics/grX11su4.o
rm -f grX11su4.o
gcc -g -m64 -fPIC   -I/usr/X11R6/include  -I. -I..  -I../readline -DCAD_DIR=\"/tmp/lib\" -DBIN_DIR=\"/tmp/bin\" -DPACKAGE_NAME=\"\" -DPACKAGE_TARNAME=\"\" -DPACKAGE_VERSION=\"\" -DPACKAGE_STRING=\"\" -DPACKAGE_BUGREPORT=\"\" -DMAGIC_VERSION=\"8.0\" -DMAGIC_REVISION=\"100\" -DSTDC_HEADERS=1 -DHAVE_SYS_TYPES_H=1 -DHAVE_SYS_STAT_H=1 -DHAVE_STDLIB_H=1 -DHAVE_STRING_H=1 -DHAVE_MEMORY_H=1 -DHAVE_STRINGS_H=1 -DHAVE_INTTYPES_H=1 -DHAVE_STDINT_H=1 -DHAVE_UNISTD_H=1 -DSIZEOF_VOID_P=8 -DSIZEOF_UNSIGNED_INT=4 -DSIZEOF_UNSIGNED_LONG=8 -DSIZEOF_UNSIGNED_LONG_LONG=8 -DSTDC_HEADERS=1 -DHAVE_SETENV=1 -DHAVE_PUTENV=1 -DHAVE_SYS_MMAN_H=1 -DHAVE_DIRENT_H=1 -DHAVE_LIMITS_H=1 -DHAVE_PATHS_H=1 -DHAVE_VA_COPY=1 -DHAVE___VA_COPY=1 -DFILE_LOCKS=1 -DCALMA_MODULE=1 -DCIF_MODULE=1 -DPLOT_MODULE=1 -DLEF_MODULE=1 -DUSE_READLINE=1 -DHAVE_PTHREADS=1 -DROUTE_MODULE=1 -DEXT2SPICE_AUTO=1 -DEXT2SIM_AUTO=1 -DRSIM_MODULE=1 -DUSE_NEW_MACROS=1 -DVECTOR_FONTS=1 -Dlinux=1 -DSYSV=1 -DISC=1  -DNDEBUG -DGCORE=\"/usr/bin/gcore\" -DSHDLIB_EXT=\"\" -DX11 -DXLIB -DNDEBUG  -c grX11su4.c
--- compiling graphics/grX11su5.o
rm -f grX11su5.o
gcc -g -m64 -fPIC   -I/usr/X11R6/include  -I. -I..  -I../readline -DCAD_DIR=\"/tmp/lib\" -DBIN_DIR=\"/tmp/bin\" -DPACKAGE_NAME=\"\" -DPACKAGE_TARNAME=\"\" -DPACKAGE_VERSION=\"\" -DPACKAGE_STRING=\"\" -DPACKAGE_BUGREPORT=\"\" -DMAGIC_VERSION=\"8.0\" -DMAGIC_REVISION=\"100\" -DSTDC_HEADERS=1 -DHAVE_SYS_TYPES_H=1 -DHAVE_SYS_STAT_H=1 -DHAVE_STDLIB_H=1 -DHAVE_STRING_H=1 -DHAVE_MEMORY_H=1 -DHAVE_STRINGS_H=1 -DHAVE_INTTYPES_H=1 -DHAVE_STDINT_H=1 -DHAVE_UNISTD_H=1 -DSIZEOF_VOID_P=8 -DSIZEOF_UNSIGNED_INT=4 -DSIZEOF_UNSIGNED_LONG=8 -DSIZEOF_UNSIGNED_LONG_LONG=8 -DSTDC_HEADERS=1 -DHAVE_SETENV=1 -DHAVE_PUTENV=1 -DHAVE_SYS_MMAN_H=1 -DHAVE_DIRENT_H=1 -DHAVE_LIMITS_H=1 -DHAVE_PATHS_H=1 -DHAVE_VA_COPY=1 -DHAVE___VA_COPY=1 -DFILE_LOCKS=1 -DCALMA_MODULE=1 -DCIF_MODULE=1 -DPLOT_MODULE=1 -DLEF_MODULE=1 -DUSE_READLINE=1 -DHAVE_PTHREADS=1 -DROUTE_MODULE=1 -DEXT2SPICE_AUTO=1 -DEXT2SIM_AUTO=1 -DRSIM_MODULE=1 -DUSE_NEW_MACROS=1 -DVECTOR_FONTS=1 -Dlinux=1 -DSYSV=1 -DISC=1  -DNDEBUG -DGCORE=\"/usr/bin/gcore\" -DSHDLIB_EXT=\"\" -DX11 -DXLIB -DNDEBUG  -c grX11su5.c
--- linking libgraphics.o
rm -f libgraphics.o
ld -r grMain.o grLock.o grDStyle.o grText.o grCMap.o grClip.o grGlyphs.o grNull.o W3Dmain.o grX11thread.o grX11su1.o grX11su2.o grX11su3.o grX11su4.o grX11su5.o -o libgraphics.o 
make[2]: Leaving directory `/home/tim/gitsrc/magic-8.0/graphics'
make[2]: Entering directory `/home/tim/gitsrc/magic-8.0/netmenu'
--- compiling netmenu/NMbutton.o
rm -f NMbutton.o
gcc -g -m64 -fPIC   -I. -I..  -I../readline -DCAD_DIR=\"/tmp/lib\" -DBIN_DIR=\"/tmp/bin\" -DPACKAGE_NAME=\"\" -DPACKAGE_TARNAME=\"\" -DPACKAGE_VERSION=\"\" -DPACKAGE_STRING=\"\" -DPACKAGE_BUGREPORT=\"\" -DMAGIC_VERSION=\"8.0\" -DMAGIC_REVISION=\"100\" -DSTDC_HEADERS=1 -DHAVE_SYS_TYPES_H=1 -DHAVE_SYS_STAT_H=1 -DHAVE_STDLIB_H=1 -DHAVE_STRING_H=1 -DHAVE_MEMORY_H=1 -DHAVE_STRINGS_H=1 -DHAVE_INTTYPES_H=1 -DHAVE_STDINT_H=1 -DHAVE_UNISTD_H=1 -DSIZEOF_VOID_P=8 -DSIZEOF_UNSIGNED_INT=4 -DSIZEOF_UNSIGNED_LONG=8 -DSIZEOF_UNSIGNED_LONG_LONG=8 -DSTDC_HEADERS=1 -DHAVE_SETENV=1 -DHAVE_PUTENV=1 -DHAVE_SYS_MMAN_H=1 -DHAVE_DIRENT_H=1 -DHAVE_LIMITS_H=1 -DHAVE_PATHS_H=1 -DHAVE_VA_COPY=1 -DHAVE___VA_COPY=1 -DFILE_LOCKS=1 -DCALMA_MODULE=1 -DCIF_MODULE=1 -DPLOT_MODULE=1 -DLEF_MODULE=1 -DUSE_READLINE=1 -DHAVE_PTHREADS=1 -DROUTE_MODULE=1 -DEXT2SPICE_AUTO=1 -DEXT2SIM_AUTO=1 -DRSIM_MODULE=1 -DUSE_NEW_MACROS=1 -DVECTOR_FONTS=1 -Dlinux=1 -DSYSV=1 -DISC=1  -DNDEBUG -DGCORE=\"/usr/bin/gcore\" -DSHDLIB_EXT=\"\"  -c NMbutton.c
--- compiling netmenu/NMcmdAK.o
rm -f NMcmdAK.o
gcc -g -m64 -fPIC   -I. -I..  -I../readline -DCAD_DIR=\"/tmp/lib\" -DBIN_DIR=\"/tmp/bin\" -DPACKAGE_NAME=\"\" -DPACKAGE_TARNAME=\"\" -DPACKAGE_VERSION=\"\" -DPACKAGE_STRING=\"\" -DPACKAGE_BUGREPORT=\"\" -DMAGIC_VERSION=\"8.0\" -DMAGIC_REVISION=\"100\" -DSTDC_HEADERS=1 -DHAVE_SYS_TYPES_H=1 -DHAVE_SYS_STAT_H=1 -DHAVE_STDLIB_H=1 -DHAVE_STRING_H=1 -DHAVE_MEMORY_H=1 -DHAVE_STRINGS_H=1 -DHAVE_INTTYPES_H=1 -DHAVE_STDINT_H=1 -DHAVE_UNISTD_H=1 -DSIZEOF_VOID_P=8 -DSIZEOF_UNSIGNED_INT=4 -DSIZEOF_UNSIGNED_LONG=8 -DSIZEOF_UNSIGNED_LONG_LONG=8 -DSTDC_HEADERS=1 -DHAVE_SETENV=1 -DHAVE_PUTENV=1 -DHAVE_SYS_MMAN_H=1 -DHAVE_DIRENT_H=1 -DHAVE_LIMITS_H=1 -DHAVE_PATHS_H=1 -DHAVE_VA_COPY=1 -DHAVE___VA_COPY=1 -DFILE_LOCKS=1 -DCALMA_MODULE=1 -DCIF_MODULE=1 -DPLOT_MODULE=1 -DLEF_MODULE=1 -DUSE_READLINE=1 -DHAVE_PTHREADS=1 -DROUTE_MODULE=1 -DEXT2SPICE_AUTO=1 -DEXT2SIM_AUTO=1 -DRSIM_MODULE=1 -DUSE_NEW_MACROS=1 -DVECTOR_FONTS=1 -Dlinux=1 -DSYSV=1 -DISC=1  -DNDEBUG -DGCORE=\"/usr/bin/gcore\" -DSHDLIB_EXT=\"\"  -c NMcmdAK.c
--- compiling netmenu/NMcmdLZ.o
rm -f NMcmdLZ.o
gcc -g -m64 -fPIC   -I. -I..  -I../readline -DCAD_DIR=\"/tmp/lib\" -DBIN_DIR=\"/tmp/bin\" -DPACKAGE_NAME=\"\" -DPACKAGE_TARNAME=\"\" -DPACKAGE_VERSION=\"\" -DPACKAGE_STRING=\"\" -DPACKAGE_BUGREPORT=\"\" -DMAGIC_VERSION=\"8.0\" -DMAGIC_REVISION=\"100\" -DSTDC_HEADERS=1 -DHAVE_SYS_TYPES_H=1 -DHAVE_SYS_STAT_H=1 -DHAVE_STDLIB_H=1 -DHAVE_STRING_H=1 -DHAVE_MEMORY_H=1 -DHAVE_STRINGS_H=1 -DHAVE_INTTYPES_H=1 -DHAVE_STDINT_H=1 -DHAVE_UNISTD_H=1 -DSIZEOF_VOID_P=8 -DSIZEOF_UNSIGNED_INT=4 -DSIZEOF_UNSIGNED_LONG=8 -DSIZEOF_UNSIGNED_LONG_LONG=8 -DSTDC_HEADERS=1 -DHAVE_SETENV=1 -DHAVE_PUTENV=1 -DHAVE_SYS_MMAN_H=1 -DHAVE_DIRENT_H=1 -DHAVE_LIMITS_H=1 -DHAVE_PATHS_H=1 -DHAVE_VA_COPY=1 -DHAVE___VA_COPY=1 -DFILE_LOCKS=1 -DCALMA_MODULE=1 -DCIF_MODULE=1 -DPLOT_MODULE=1 -DLEF_MODULE=1 -DUSE_READLINE=1 -DHAVE_PTHREADS=1 -DROUTE_MODULE=1 -DEXT2SPICE_AUTO=1 -DEXT2SIM_AUTO=1 -DRSIM_MODULE=1 -DUSE_NEW_MACROS=1 -DVECTOR_FONTS=1 -Dlinux=1 -DSYSV=1 -DISC=1  -DNDEBUG -DGCORE=\"/usr/bin/gcore\" -DSHDLIB_EXT=\"\"  -c NMcmdLZ.c
--- compiling netmenu/NMlabel.o
rm -f NMlabel.o
gcc -g -m64 -fPIC   -I. -I..  -I../readline -DCAD_DIR=\"/tmp/lib\" -DBIN_DIR=\"/tmp/bin\" -DPACKAGE_NAME=\"\" -DPACKAGE_TARNAME=\"\" -DPACKAGE_VERSION=\"\" -DPACKAGE_STRING=\"\" -DPACKAGE_BUGREPORT=\"\" -DMAGIC_VERSION=\"8.0\" -DMAGIC_REVISION=\"100\" -DSTDC_HEADERS=1 -DHAVE_SYS_TYPES_H=1 -DHAVE_SYS_STAT_H=1 -DHAVE_STDLIB_H=1 -DHAVE_STRING_H=1 -DHAVE_MEMORY_H=1 -DHAVE_STRINGS_H=1 -DHAVE_INTTYPES_H=1 -DHAVE_STDINT_H=1 -DHAVE_UNISTD_H=1 -DSIZEOF_VOID_P=8 -DSIZEOF_UNSIGNED_INT=4 -DSIZEOF_UNSIGNED_LONG=8 -DSIZEOF_UNSIGNED_LONG_LONG=8 -DSTDC_HEADERS=1 -DHAVE_SETENV=1 -DHAVE_PUTENV=1 -DHAVE_SYS_MMAN_H=1 -DHAVE_DIRENT_H=1 -DHAVE_LIMITS_H=1 -DHAVE_PATHS_H=1 -DHAVE_VA_COPY=1 -DHAVE___VA_COPY=1 -DFILE_LOCKS=1 -DCALMA_MODULE=1 -DCIF_MODULE=1 -DPLOT_MODULE=1 -DLEF_MODULE=1 -DUSE_READLINE=1 -DHAVE_PTHREADS=1 -DROUTE_MODULE=1 -DEXT2SPICE_AUTO=1 -DEXT2SIM_AUTO=1 -DRSIM_MODULE=1 -DUSE_NEW_MACROS=1 -DVECTOR_FONTS=1 -Dlinux=1 -DSYSV=1 -DISC=1  -DNDEBUG -DGCORE=\"/usr/bin/gcore\" -DSHDLIB_EXT=\"\"  -c NMlabel.c
--- compiling netmenu/NMmain.o
rm -f NMmain.o
gcc -g -m64 -fPIC   -I. -I..  -I../readline -DCAD_DIR=\"/tmp/lib\" -DBIN_DIR=\"/tmp/bin\" -DPACKAGE_NAME=\"\" -DPACKAGE_TARNAME=\"\" -DPACKAGE_VERSION=\"\" -DPACKAGE_STRING=\"\" -DPACKAGE_BUGREPORT=\"\" -DMAGIC_VERSION=\"8.0\" -DMAGIC_REVISION=\"100\" -DSTDC_HEADERS=1 -DHAVE_SYS_TYPES_H=1 -DHAVE_SYS_STAT_H=1 -DHAVE_STDLIB_H=1 -DHAVE_STRING_H=1 -DHAVE_MEMORY_H=1 -DHAVE_STRINGS_H=1 -DHAVE_INTTYPES_H=1 -DHAVE_STDINT_H=1 -DHAVE_UNISTD_H=1 -DSIZEOF_VOID_P=8 -DSIZEOF_UNSIGNED_INT=4 -DSIZEOF_UNSIGNED_LONG=8 -DSIZEOF_UNSIGNED_LONG_LONG=8 -DSTDC_HEADERS=1 -DHAVE_SETENV=1 -DHAVE_PUTENV=1 -DHAVE_SYS_MMAN_H=1 -DHAVE_DIRENT_H=1 -DHAVE_LIMITS_H=1 -DHAVE_PATHS_H=1 -DHAVE_VA_COPY=1 -DHAVE___VA_COPY=1 -DFILE_LOCKS=1 -DCALMA_MODULE=1 -DCIF_MODULE=1 -DPLOT_MODULE=1 -DLEF_MODULE=1 -DUSE_READLINE=1 -DHAVE_PTHREADS=1 -DROUTE_MODULE=1 -DEXT2SPICE_AUTO=1 -DEXT2SIM_AUTO=1 -DRSIM_MODULE=1 -DUSE_NEW_MACROS=1 -DVECTOR_FONTS=1 -Dlinux=1 -DSYSV=1 -DISC=1  -DNDEBUG -DGCORE=\"/usr/bin/gcore\" -DSHDLIB_EXT=\"\"  -c NMmain.c
--- compiling netmenu/NMnetlist.o
rm -f NMnetlist.o
gcc -g -m64 -fPIC   -I. -I..  -I../readline -DCAD_DIR=\"/tmp/lib\" -DBIN_DIR=\"/tmp/bin\" -DPACKAGE_NAME=\"\" -DPACKAGE_TARNAME=\"\" -DPACKAGE_VERSION=\"\" -DPACKAGE_STRING=\"\" -DPACKAGE_BUGREPORT=\"\" -DMAGIC_VERSION=\"8.0\" -DMAGIC_REVISION=\"100\" -DSTDC_HEADERS=1 -DHAVE_SYS_TYPES_H=1 -DHAVE_SYS_STAT_H=1 -DHAVE_STDLIB_H=1 -DHAVE_STRING_H=1 -DHAVE_MEMORY_H=1 -DHAVE_STRINGS_H=1 -DHAVE_INTTYPES_H=1 -DHAVE_STDINT_H=1 -DHAVE_UNISTD_H=1 -DSIZEOF_VOID_P=8 -DSIZEOF_UNSIGNED_INT=4 -DSIZEOF_UNSIGNED_LONG=8 -DSIZEOF_UNSIGNED_LONG_LONG=8 -DSTDC_HEADERS=1 -DHAVE_SETENV=1 -DHAVE_PUTENV=1 -DHAVE_SYS_MMAN_H=1 -DHAVE_DIRENT_H=1 -DHAVE_LIMITS_H=1 -DHAVE_PATHS_H=1 -DHAVE_VA_COPY=1 -DHAVE___VA_COPY=1 -DFILE_LOCKS=1 -DCALMA_MODULE=1 -DCIF_MODULE=1 -DPLOT_MODULE=1 -DLEF_MODULE=1 -DUSE_READLINE=1 -DHAVE_PTHREADS=1 -DROUTE_MODULE=1 -DEXT2SPICE_AUTO=1 -DEXT2SIM_AUTO=1 -DRSIM_MODULE=1 -DUSE_NEW_MACROS=1 -DVECTOR_FONTS=1 -Dlinux=1 -DSYSV=1 -DISC=1  -DNDEBUG -DGCORE=\"/usr/bin/gcore\" -DSHDLIB_EXT=\"\"  -c NMnetlist.c
--- compiling netmenu/NMshowpt.o
rm -f NMshowpt.o
gcc -g -m64 -fPIC   -I. -I..  -I../readline -DCAD_DIR=\"/tmp/lib\" -DBIN_DIR=\"/tmp/bin\" -DPACKAGE_NAME=\"\" -DPACKAGE_TARNAME=\"\" -DPACKAGE_VERSION=\"\" -DPACKAGE_STRING=\"\" -DPACKAGE_BUGREPORT=\"\" -DMAGIC_VERSION=\"8.0\" -DMAGIC_REVISION=\"100\" -DSTDC_HEADERS=1 -DHAVE_SYS_TYPES_H=1 -DHAVE_SYS_STAT_H=1 -DHAVE_STDLIB_H=1 -DHAVE_STRING_H=1 -DHAVE_MEMORY_H=1 -DHAVE_STRINGS_H=1 -DHAVE_INTTYPES_H=1 -DHAVE_STDINT_H=1 -DHAVE_UNISTD_H=1 -DSIZEOF_VOID_P=8 -DSIZEOF_UNSIGNED_INT=4 -DSIZEOF_UNSIGNED_LONG=8 -DSIZEOF_UNSIGNED_LONG_LONG=8 -DSTDC_HEADERS=1 -DHAVE_SETENV=1 -DHAVE_PUTENV=1 -DHAVE_SYS_MMAN_H=1 -DHAVE_DIRENT_H=1 -DHAVE_LIMITS_H=1 -DHAVE_PATHS_H=1 -DHAVE_VA_COPY=1 -DHAVE___VA_COPY=1 -DFILE_LOCKS=1 -DCALMA_MODULE=1 -DCIF_MODULE=1 -DPLOT_MODULE=1 -DLEF_MODULE=1 -DUSE_READLINE=1 -DHAVE_PTHREADS=1 -DROUTE_MODULE=1 -DEXT2SPICE_AUTO=1 -DEXT2SIM_AUTO=1 -DRSIM_MODULE=1 -DUSE_NEW_MACROS=1 -DVECTOR_FONTS=1 -Dlinux=1 -DSYSV=1 -DISC=1  -DNDEBUG -DGCORE=\"/usr/bin/gcore\" -DSHDLIB_EXT=\"\"  -c NMshowpt.c
--- compiling netmenu/NMshowcell.o
rm -f NMshowcell.o
gcc -g -m64 -fPIC   -I. -I..  -I../readline -DCAD_DIR=\"/tmp/lib\" -DBIN_DIR=\"/tmp/bin\" -DPACKAGE_NAME=\"\" -DPACKAGE_TARNAME=\"\" -DPACKAGE_VERSION=\"\" -DPACKAGE_STRING=\"\" -DPACKAGE_BUGREPORT=\"\" -DMAGIC_VERSION=\"8.0\" -DMAGIC_REVISION=\"100\" -DSTDC_HEADERS=1 -DHAVE_SYS_TYPES_H=1 -DHAVE_SYS_STAT_H=1 -DHAVE_STDLIB_H=1 -DHAVE_STRING_H=1 -DHAVE_MEMORY_H=1 -DHAVE_STRINGS_H=1 -DHAVE_INTTYPES_H=1 -DHAVE_STDINT_H=1 -DHAVE_UNISTD_H=1 -DSIZEOF_VOID_P=8 -DSIZEOF_UNSIGNED_INT=4 -DSIZEOF_UNSIGNED_LONG=8 -DSIZEOF_UNSIGNED_LONG_LONG=8 -DSTDC_HEADERS=1 -DHAVE_SETENV=1 -DHAVE_PUTENV=1 -DHAVE_SYS_MMAN_H=1 -DHAVE_DIRENT_H=1 -DHAVE_LIMITS_H=1 -DHAVE_PATHS_H=1 -DHAVE_VA_COPY=1 -DHAVE___VA_COPY=1 -DFILE_LOCKS=1 -DCALMA_MODULE=1 -DCIF_MODULE=1 -DPLOT_MODULE=1 -DLEF_MODULE=1 -DUSE_READLINE=1 -DHAVE_PTHREADS=1 -DROUTE_MODULE=1 -DEXT2SPICE_AUTO=1 -DEXT2SIM_AUTO=1 -DRSIM_MODULE=1 -DUSE_NEW_MACROS=1 -DVECTOR_FONTS=1 -Dlinux=1 -DSYSV=1 -DISC=1  -DNDEBUG -DGCORE=\"/usr/bin/gcore\" -DSHDLIB_EXT=\"\"  -c NMshowcell.c
--- compiling netmenu/NMundo.o
rm -f NMundo.o
gcc -g -m64 -fPIC   -I. -I..  -I../readline -DCAD_DIR=\"/tmp/lib\" -DBIN_DIR=\"/tmp/bin\" -DPACKAGE_NAME=\"\" -DPACKAGE_TARNAME=\"\" -DPACKAGE_VERSION=\"\" -DPACKAGE_STRING=\"\" -DPACKAGE_BUGREPORT=\"\" -DMAGIC_VERSION=\"8.0\" -DMAGIC_REVISION=\"100\" -DSTDC_HEADERS=1 -DHAVE_SYS_TYPES_H=1 -DHAVE_SYS_STAT_H=1 -DHAVE_STDLIB_H=1 -DHAVE_STRING_H=1 -DHAVE_MEMORY_H=1 -DHAVE_STRINGS_H=1 -DHAVE_INTTYPES_H=1 -DHAVE_STDINT_H=1 -DHAVE_UNISTD_H=1 -DSIZEOF_VOID_P=8 -DSIZEOF_UNSIGNED_INT=4 -DSIZEOF_UNSIGNED_LONG=8 -DSIZEOF_UNSIGNED_LONG_LONG=8 -DSTDC_HEADERS=1 -DHAVE_SETENV=1 -DHAVE_PUTENV=1 -DHAVE_SYS_MMAN_H=1 -DHAVE_DIRENT_H=1 -DHAVE_LIMITS_H=1 -DHAVE_PATHS_H=1 -DHAVE_VA_COPY=1 -DHAVE___VA_COPY=1 -DFILE_LOCKS=1 -DCALMA_MODULE=1 -DCIF_MODULE=1 -DPLOT_MODULE=1 -DLEF_MODULE=1 -DUSE_READLINE=1 -DHAVE_PTHREADS=1 -DROUTE_MODULE=1 -DEXT2SPICE_AUTO=1 -DEXT2SIM_AUTO=1 -DRSIM_MODULE=1 -DUSE_NEW_MACROS=1 -DVECTOR_FONTS=1 -Dlinux=1 -DSYSV=1 -DISC=1  -DNDEBUG -DGCORE=\"/usr/bin/gcore\" -DSHDLIB_EXT=\"\"  -c NMundo.c
--- compiling netmenu/NMwiring.o
rm -f NMwiring.o
gcc -g -m64 -fPIC   -I. -I..  -I../readline -DCAD_DIR=\"/tmp/lib\" -DBIN_DIR=\"/tmp/bin\" -DPACKAGE_NAME=\"\" -DPACKAGE_TARNAME=\"\" -DPACKAGE_VERSION=\"\" -DPACKAGE_STRING=\"\" -DPACKAGE_BUGREPORT=\"\" -DMAGIC_VERSION=\"8.0\" -DMAGIC_REVISION=\"100\" -DSTDC_HEADERS=1 -DHAVE_SYS_TYPES_H=1 -DHAVE_SYS_STAT_H=1 -DHAVE_STDLIB_H=1 -DHAVE_STRING_H=1 -DHAVE_MEMORY_H=1 -DHAVE_STRINGS_H=1 -DHAVE_INTTYPES_H=1 -DHAVE_STDINT_H=1 -DHAVE_UNISTD_H=1 -DSIZEOF_VOID_P=8 -DSIZEOF_UNSIGNED_INT=4 -DSIZEOF_UNSIGNED_LONG=8 -DSIZEOF_UNSIGNED_LONG_LONG=8 -DSTDC_HEADERS=1 -DHAVE_SETENV=1 -DHAVE_PUTENV=1 -DHAVE_SYS_MMAN_H=1 -DHAVE_DIRENT_H=1 -DHAVE_LIMITS_H=1 -DHAVE_PATHS_H=1 -DHAVE_VA_COPY=1 -DHAVE___VA_COPY=1 -DFILE_LOCKS=1 -DCALMA_MODULE=1 -DCIF_MODULE=1 -DPLOT_MODULE=1 -DLEF_MODULE=1 -DUSE_READLINE=1 -DHAVE_PTHREADS=1 -DROUTE_MODULE=1 -DEXT2SPICE_AUTO=1 -DEXT2SIM_AUTO=1 -DRSIM_MODULE=1 -DUSE_NEW_MACROS=1 -DVECTOR_FONTS=1 -Dlinux=1 -DSYSV=1 -DISC=1  -DNDEBUG -DGCORE=\"/usr/bin/gcore\" -DSHDLIB_EXT=\"\"  -c NMwiring.c
--- linking libnetmenu.o
rm -f libnetmenu.o
ld -r NMbutton.o NMcmdAK.o NMcmdLZ.o NMlabel.o NMmain.o NMnetlist.o NMshowpt.o NMshowcell.o NMundo.o NMwiring.o  -o libnetmenu.o 
make[2]: Leaving directory `/home/tim/gitsrc/magic-8.0/netmenu'
make[2]: Entering directory `/home/tim/gitsrc/magic-8.0/plow'
--- compiling plow/PlowCmd.o
rm -f PlowCmd.o
gcc -g -m64 -fPIC   -I. -I..  -I../readline -DCAD_DIR=\"/tmp/lib\" -DBIN_DIR=\"/tmp/bin\" -DPACKAGE_NAME=\"\" -DPACKAGE_TARNAME=\"\" -DPACKAGE_VERSION=\"\" -DPACKAGE_STRING=\"\" -DPACKAGE_BUGREPORT=\"\" -DMAGIC_VERSION=\"8.0\" -DMAGIC_REVISION=\"100\" -DSTDC_HEADERS=1 -DHAVE_SYS_TYPES_H=1 -DHAVE_SYS_STAT_H=1 -DHAVE_STDLIB_H=1 -DHAVE_STRING_H=1 -DHAVE_MEMORY_H=1 -DHAVE_STRINGS_H=1 -DHAVE_INTTYPES_H=1 -DHAVE_STDINT_H=1 -DHAVE_UNISTD_H=1 -DSIZEOF_VOID_P=8 -DSIZEOF_UNSIGNED_INT=4 -DSIZEOF_UNSIGNED_LONG=8 -DSIZEOF_UNSIGNED_LONG_LONG=8 -DSTDC_HEADERS=1 -DHAVE_SETENV=1 -DHAVE_PUTENV=1 -DHAVE_SYS_MMAN_H=1 -DHAVE_DIRENT_H=1 -DHAVE_LIMITS_H=1 -DHAVE_PATHS_H=1 -DHAVE_VA_COPY=1 -DHAVE___VA_COPY=1 -DFILE_LOCKS=1 -DCALMA_MODULE=1 -DCIF_MODULE=1 -DPLOT_MODULE=1 -DLEF_MODULE=1 -DUSE_READLINE=1 -DHAVE_PTHREADS=1 -DROUTE_MODULE=1 -DEXT2SPICE_AUTO=1 -DEXT2SIM_AUTO=1 -DRSIM_MODULE=1 -DUSE_NEW_MACROS=1 -DVECTOR_FONTS=1 -Dlinux=1 -DSYSV=1 -DISC=1  -DNDEBUG -DGCORE=\"/usr/bin/gcore\" -DSHDLIB_EXT=\"\"  -c PlowCmd.c
--- compiling plow/PlowJogs.o
rm -f PlowJogs.o
gcc -g -m64 -fPIC   -I. -I..  -I../readline -DCAD_DIR=\"/tmp/lib\" -DBIN_DIR=\"/tmp/bin\" -DPACKAGE_NAME=\"\" -DPACKAGE_TARNAME=\"\" -DPACKAGE_VERSION=\"\" -DPACKAGE_STRING=\"\" -DPACKAGE_BUGREPORT=\"\" -DMAGIC_VERSION=\"8.0\" -DMAGIC_REVISION=\"100\" -DSTDC_HEADERS=1 -DHAVE_SYS_TYPES_H=1 -DHAVE_SYS_STAT_H=1 -DHAVE_STDLIB_H=1 -DHAVE_STRING_H=1 -DHAVE_MEMORY_H=1 -DHAVE_STRINGS_H=1 -DHAVE_INTTYPES_H=1 -DHAVE_STDINT_H=1 -DHAVE_UNISTD_H=1 -DSIZEOF_VOID_P=8 -DSIZEOF_UNSIGNED_INT=4 -DSIZEOF_UNSIGNED_LONG=8 -DSIZEOF_UNSIGNED_LONG_LONG=8 -DSTDC_HEADERS=1 -DHAVE_SETENV=1 -DHAVE_PUTENV=1 -DHAVE_SYS_MMAN_H=1 -DHAVE_DIRENT_H=1 -DHAVE_LIMITS_H=1 -DHAVE_PATHS_H=1 -DHAVE_VA_COPY=1 -DHAVE___VA_COPY=1 -DFILE_LOCKS=1 -DCALMA_MODULE=1 -DCIF_MODULE=1 -DPLOT_MODULE=1 -DLEF_MODULE=1 -DUSE_READLINE=1 -DHAVE_PTHREADS=1 -DROUTE_MODULE=1 -DEXT2SPICE_AUTO=1 -DEXT2SIM_AUTO=1 -DRSIM_MODULE=1 -DUSE_NEW_MACROS=1 -DVECTOR_FONTS=1 -Dlinux=1 -DSYSV=1 -DISC=1  -DNDEBUG -DGCORE=\"/usr/bin/gcore\" -DSHDLIB_EXT=\"\"  -c PlowJogs.c
--- compiling plow/PlowMain.o
rm -f PlowMain.o
gcc -g -m64 -fPIC   -I. -I..  -I../readline -DCAD_DIR=\"/tmp/lib\" -DBIN_DIR=\"/tmp/bin\" -DPACKAGE_NAME=\"\" -DPACKAGE_TARNAME=\"\" -DPACKAGE_VERSION=\"\" -DPACKAGE_STRING=\"\" -DPACKAGE_BUGREPORT=\"\" -DMAGIC_VERSION=\"8.0\" -DMAGIC_REVISION=\"100\" -DSTDC_HEADERS=1 -DHAVE_SYS_TYPES_H=1 -DHAVE_SYS_STAT_H=1 -DHAVE_STDLIB_H=1 -DHAVE_STRING_H=1 -DHAVE_MEMORY_H=1 -DHAVE_STRINGS_H=1 -DHAVE_INTTYPES_H=1 -DHAVE_STDINT_H=1 -DHAVE_UNISTD_H=1 -DSIZEOF_VOID_P=8 -DSIZEOF_UNSIGNED_INT=4 -DSIZEOF_UNSIGNED_LONG=8 -DSIZEOF_UNSIGNED_LONG_LONG=8 -DSTDC_HEADERS=1 -DHAVE_SETENV=1 -DHAVE_PUTENV=1 -DHAVE_SYS_MMAN_H=1 -DHAVE_DIRENT_H=1 -DHAVE_LIMITS_H=1 -DHAVE_PATHS_H=1 -DHAVE_VA_COPY=1 -DHAVE___VA_COPY=1 -DFILE_LOCKS=1 -DCALMA_MODULE=1 -DCIF_MODULE=1 -DPLOT_MODULE=1 -DLEF_MODULE=1 -DUSE_READLINE=1 -DHAVE_PTHREADS=1 -DROUTE_MODULE=1 -DEXT2SPICE_AUTO=1 -DEXT2SIM_AUTO=1 -DRSIM_MODULE=1 -DUSE_NEW_MACROS=1 -DVECTOR_FONTS=1 -Dlinux=1 -DSYSV=1 -DISC=1  -DNDEBUG -DGCORE=\"/usr/bin/gcore\" -DSHDLIB_EXT=\"\"  -c PlowMain.c
--- compiling plow/PlowQueue.o
rm -f PlowQueue.o
gcc -g -m64 -fPIC   -I. -I..  -I../readline -DCAD_DIR=\"/tmp/lib\" -DBIN_DIR=\"/tmp/bin\" -DPACKAGE_NAME=\"\" -DPACKAGE_TARNAME=\"\" -DPACKAGE_VERSION=\"\" -DPACKAGE_STRING=\"\" -DPACKAGE_BUGREPORT=\"\" -DMAGIC_VERSION=\"8.0\" -DMAGIC_REVISION=\"100\" -DSTDC_HEADERS=1 -DHAVE_SYS_TYPES_H=1 -DHAVE_SYS_STAT_H=1 -DHAVE_STDLIB_H=1 -DHAVE_STRING_H=1 -DHAVE_MEMORY_H=1 -DHAVE_STRINGS_H=1 -DHAVE_INTTYPES_H=1 -DHAVE_STDINT_H=1 -DHAVE_UNISTD_H=1 -DSIZEOF_VOID_P=8 -DSIZEOF_UNSIGNED_INT=4 -DSIZEOF_UNSIGNED_LONG=8 -DSIZEOF_UNSIGNED_LONG_LONG=8 -DSTDC_HEADERS=1 -DHAVE_SETENV=1 -DHAVE_PUTENV=1 -DHAVE_SYS_MMAN_H=1 -DHAVE_DIRENT_H=1 -DHAVE_LIMITS_H=1 -DHAVE_PATHS_H=1 -DHAVE_VA_COPY=1 -DHAVE___VA_COPY=1 -DFILE_LOCKS=1 -DCALMA_MODULE=1 -DCIF_MODULE=1 -DPLOT_MODULE=1 -DLEF_MODULE=1 -DUSE_READLINE=1 -DHAVE_PTHREADS=1 -DROUTE_MODULE=1 -DEXT2SPICE_AUTO=1 -DEXT2SIM_AUTO=1 -DRSIM_MODULE=1 -DUSE_NEW_MACROS=1 -DVECTOR_FONTS=1 -Dlinux=1 -DSYSV=1 -DISC=1  -DNDEBUG -DGCORE=\"/usr/bin/gcore\" -DSHDLIB_EXT=\"\"  -c PlowQueue.c
--- compiling plow/PlowRandom.o
rm -f PlowRandom.o
gcc -g -m64 -fPIC   -I. -I..  -I../readline -DCAD_DIR=\"/tmp/lib\" -DBIN_DIR=\"/tmp/bin\" -DPACKAGE_NAME=\"\" -DPACKAGE_TARNAME=\"\" -DPACKAGE_VERSION=\"\" -DPACKAGE_STRING=\"\" -DPACKAGE_BUGREPORT=\"\" -DMAGIC_VERSION=\"8.0\" -DMAGIC_REVISION=\"100\" -DSTDC_HEADERS=1 -DHAVE_SYS_TYPES_H=1 -DHAVE_SYS_STAT_H=1 -DHAVE_STDLIB_H=1 -DHAVE_STRING_H=1 -DHAVE_MEMORY_H=1 -DHAVE_STRINGS_H=1 -DHAVE_INTTYPES_H=1 -DHAVE_STDINT_H=1 -DHAVE_UNISTD_H=1 -DSIZEOF_VOID_P=8 -DSIZEOF_UNSIGNED_INT=4 -DSIZEOF_UNSIGNED_LONG=8 -DSIZEOF_UNSIGNED_LONG_LONG=8 -DSTDC_HEADERS=1 -DHAVE_SETENV=1 -DHAVE_PUTENV=1 -DHAVE_SYS_MMAN_H=1 -DHAVE_DIRENT_H=1 -DHAVE_LIMITS_H=1 -DHAVE_PATHS_H=1 -DHAVE_VA_COPY=1 -DHAVE___VA_COPY=1 -DFILE_LOCKS=1 -DCALMA_MODULE=1 -DCIF_MODULE=1 -DPLOT_MODULE=1 -DLEF_MODULE=1 -DUSE_READLINE=1 -DHAVE_PTHREADS=1 -DROUTE_MODULE=1 -DEXT2SPICE_AUTO=1 -DEXT2SIM_AUTO=1 -DRSIM_MODULE=1 -DUSE_NEW_MACROS=1 -DVECTOR_FONTS=1 -Dlinux=1 -DSYSV=1 -DISC=1  -DNDEBUG -DGCORE=\"/usr/bin/gcore\" -DSHDLIB_EXT=\"\"  -c PlowRandom.c
--- compiling plow/PlowRules1.o
rm -f PlowRules1.o
gcc -g -m64 -fPIC   -I. -I..  -I../readline -DCAD_DIR=\"/tmp/lib\" -DBIN_DIR=\"/tmp/bin\" -DPACKAGE_NAME=\"\" -DPACKAGE_TARNAME=\"\" -DPACKAGE_VERSION=\"\" -DPACKAGE_STRING=\"\" -DPACKAGE_BUGREPORT=\"\" -DMAGIC_VERSION=\"8.0\" -DMAGIC_REVISION=\"100\" -DSTDC_HEADERS=1 -DHAVE_SYS_TYPES_H=1 -DHAVE_SYS_STAT_H=1 -DHAVE_STDLIB_H=1 -DHAVE_STRING_H=1 -DHAVE_MEMORY_H=1 -DHAVE_STRINGS_H=1 -DHAVE_INTTYPES_H=1 -DHAVE_STDINT_H=1 -DHAVE_UNISTD_H=1 -DSIZEOF_VOID_P=8 -DSIZEOF_UNSIGNED_INT=4 -DSIZEOF_UNSIGNED_LONG=8 -DSIZEOF_UNSIGNED_LONG_LONG=8 -DSTDC_HEADERS=1 -DHAVE_SETENV=1 -DHAVE_PUTENV=1 -DHAVE_SYS_MMAN_H=1 -DHAVE_DIRENT_H=1 -DHAVE_LIMITS_H=1 -DHAVE_PATHS_H=1 -DHAVE_VA_COPY=1 -DHAVE___VA_COPY=1 -DFILE_LOCKS=1 -DCALMA_MODULE=1 -DCIF_MODULE=1 -DPLOT_MODULE=1 -DLEF_MODULE=1 -DUSE_READLINE=1 -DHAVE_PTHREADS=1 -DROUTE_MODULE=1 -DEXT2SPICE_AUTO=1 -DEXT2SIM_AUTO=1 -DRSIM_MODULE=1 -DUSE_NEW_MACROS=1 -DVECTOR_FONTS=1 -Dlinux=1 -DSYSV=1 -DISC=1  -DNDEBUG -DGCORE=\"/usr/bin/gcore\" -DSHDLIB_EXT=\"\"  -c PlowRules1.c
--- compiling plow/PlowRules2.o
rm -f PlowRules2.o
gcc -g -m64 -fPIC   -I. -I..  -I../readline -DCAD_DIR=\"/tmp/lib\" -DBIN_DIR=\"/tmp/bin\" -DPACKAGE_NAME=\"\" -DPACKAGE_TARNAME=\"\" -DPACKAGE_VERSION=\"\" -DPACKAGE_STRING=\"\" -DPACKAGE_BUGREPORT=\"\" -DMAGIC_VERSION=\"8.0\" -DMAGIC_REVISION=\"100\" -DSTDC_HEADERS=1 -DHAVE_SYS_TYPES_H=1 -DHAVE_SYS_STAT_H=1 -DHAVE_STDLIB_H=1 -DHAVE_STRING_H=1 -DHAVE_MEMORY_H=1 -DHAVE_STRINGS_H=1 -DHAVE_INTTYPES_H=1 -DHAVE_STDINT_H=1 -DHAVE_UNISTD_H=1 -DSIZEOF_VOID_P=8 -DSIZEOF_UNSIGNED_INT=4 -DSIZEOF_UNSIGNED_LONG=8 -DSIZEOF_UNSIGNED_LONG_LONG=8 -DSTDC_HEADERS=1 -DHAVE_SETENV=1 -DHAVE_PUTENV=1 -DHAVE_SYS_MMAN_H=1 -DHAVE_DIRENT_H=1 -DHAVE_LIMITS_H=1 -DHAVE_PATHS_H=1 -DHAVE_VA_COPY=1 -DHAVE___VA_COPY=1 -DFILE_LOCKS=1 -DCALMA_MODULE=1 -DCIF_MODULE=1 -DPLOT_MODULE=1 -DLEF_MODULE=1 -DUSE_READLINE=1 -DHAVE_PTHREADS=1 -DROUTE_MODULE=1 -DEXT2SPICE_AUTO=1 -DEXT2SIM_AUTO=1 -DRSIM_MODULE=1 -DUSE_NEW_MACROS=1 -DVECTOR_FONTS=1 -Dlinux=1 -DSYSV=1 -DISC=1  -DNDEBUG -DGCORE=\"/usr/bin/gcore\" -DSHDLIB_EXT=\"\"  -c PlowRules2.c
--- compiling plow/PlowRules3.o
rm -f PlowRules3.o
gcc -g -m64 -fPIC   -I. -I..  -I../readline -DCAD_DIR=\"/tmp/lib\" -DBIN_DIR=\"/tmp/bin\" -DPACKAGE_NAME=\"\" -DPACKAGE_TARNAME=\"\" -DPACKAGE_VERSION=\"\" -DPACKAGE_STRING=\"\" -DPACKAGE_BUGREPORT=\"\" -DMAGIC_VERSION=\"8.0\" -DMAGIC_REVISION=\"100\" -DSTDC_HEADERS=1 -DHAVE_SYS_TYPES_H=1 -DHAVE_SYS_STAT_H=1 -DHAVE_STDLIB_H=1 -DHAVE_STRING_H=1 -DHAVE_MEMORY_H=1 -DHAVE_STRINGS_H=1 -DHAVE_INTTYPES_H=1 -DHAVE_STDINT_H=1 -DHAVE_UNISTD_H=1 -DSIZEOF_VOID_P=8 -DSIZEOF_UNSIGNED_INT=4 -DSIZEOF_UNSIGNED_LONG=8 -DSIZEOF_UNSIGNED_LONG_LONG=8 -DSTDC_HEADERS=1 -DHAVE_SETENV=1 -DHAVE_PUTENV=1 -DHAVE_SYS_MMAN_H=1 -DHAVE_DIRENT_H=1 -DHAVE_LIMITS_H=1 -DHAVE_PATHS_H=1 -DHAVE_VA_COPY=1 -DHAVE___VA_COPY=1 -DFILE_LOCKS=1 -DCALMA_MODULE=1 -DCIF_MODULE=1 -DPLOT_MODULE=1 -DLEF_MODULE=1 -DUSE_READLINE=1 -DHAVE_PTHREADS=1 -DROUTE_MODULE=1 -DEXT2SPICE_AUTO=1 -DEXT2SIM_AUTO=1 -DRSIM_MODULE=1 -DUSE_NEW_MACROS=1 -DVECTOR_FONTS=1 -Dlinux=1 -DSYSV=1 -DISC=1  -DNDEBUG -DGCORE=\"/usr/bin/gcore\" -DSHDLIB_EXT=\"\"  -c PlowRules3.c
--- compiling plow/PlowSearch.o
rm -f PlowSearch.o
gcc -g -m64 -fPIC   -I. -I..  -I../readline -DCAD_DIR=\"/tmp/lib\" -DBIN_DIR=\"/tmp/bin\" -DPACKAGE_NAME=\"\" -DPACKAGE_TARNAME=\"\" -DPACKAGE_VERSION=\"\" -DPACKAGE_STRING=\"\" -DPACKAGE_BUGREPORT=\"\" -DMAGIC_VERSION=\"8.0\" -DMAGIC_REVISION=\"100\" -DSTDC_HEADERS=1 -DHAVE_SYS_TYPES_H=1 -DHAVE_SYS_STAT_H=1 -DHAVE_STDLIB_H=1 -DHAVE_STRING_H=1 -DHAVE_MEMORY_H=1 -DHAVE_STRINGS_H=1 -DHAVE_INTTYPES_H=1 -DHAVE_STDINT_H=1 -DHAVE_UNISTD_H=1 -DSIZEOF_VOID_P=8 -DSIZEOF_UNSIGNED_INT=4 -DSIZEOF_UNSIGNED_LONG=8 -DSIZEOF_UNSIGNED_LONG_LONG=8 -DSTDC_HEADERS=1 -DHAVE_SETENV=1 -DHAVE_PUTENV=1 -DHAVE_SYS_MMAN_H=1 -DHAVE_DIRENT_H=1 -DHAVE_LIMITS_H=1 -DHAVE_PATHS_H=1 -DHAVE_VA_COPY=1 -DHAVE___VA_COPY=1 -DFILE_LOCKS=1 -DCALMA_MODULE=1 -DCIF_MODULE=1 -DPLOT_MODULE=1 -DLEF_MODULE=1 -DUSE_READLINE=1 -DHAVE_PTHREADS=1 -DROUTE_MODULE=1 -DEXT2SPICE_AUTO=1 -DEXT2SIM_AUTO=1 -DRSIM_MODULE=1 -DUSE_NEW_MACROS=1 -DVECTOR_FONTS=1 -Dlinux=1 -DSYSV=1 -DISC=1  -DNDEBUG -DGCORE=\"/usr/bin/gcore\" -DSHDLIB_EXT=\"\"  -c PlowSearch.c
--- compiling plow/PlowTech.o
rm -f PlowTech.o
gcc -g -m64 -fPIC   -I. -I..  -I../readline -DCAD_DIR=\"/tmp/lib\" -DBIN_DIR=\"/tmp/bin\" -DPACKAGE_NAME=\"\" -DPACKAGE_TARNAME=\"\" -DPACKAGE_VERSION=\"\" -DPACKAGE_STRING=\"\" -DPACKAGE_BUGREPORT=\"\" -DMAGIC_VERSION=\"8.0\" -DMAGIC_REVISION=\"100\" -DSTDC_HEADERS=1 -DHAVE_SYS_TYPES_H=1 -DHAVE_SYS_STAT_H=1 -DHAVE_STDLIB_H=1 -DHAVE_STRING_H=1 -DHAVE_MEMORY_H=1 -DHAVE_STRINGS_H=1 -DHAVE_INTTYPES_H=1 -DHAVE_STDINT_H=1 -DHAVE_UNISTD_H=1 -DSIZEOF_VOID_P=8 -DSIZEOF_UNSIGNED_INT=4 -DSIZEOF_UNSIGNED_LONG=8 -DSIZEOF_UNSIGNED_LONG_LONG=8 -DSTDC_HEADERS=1 -DHAVE_SETENV=1 -DHAVE_PUTENV=1 -DHAVE_SYS_MMAN_H=1 -DHAVE_DIRENT_H=1 -DHAVE_LIMITS_H=1 -DHAVE_PATHS_H=1 -DHAVE_VA_COPY=1 -DHAVE___VA_COPY=1 -DFILE_LOCKS=1 -DCALMA_MODULE=1 -DCIF_MODULE=1 -DPLOT_MODULE=1 -DLEF_MODULE=1 -DUSE_READLINE=1 -DHAVE_PTHREADS=1 -DROUTE_MODULE=1 -DEXT2SPICE_AUTO=1 -DEXT2SIM_AUTO=1 -DRSIM_MODULE=1 -DUSE_NEW_MACROS=1 -DVECTOR_FONTS=1 -Dlinux=1 -DSYSV=1 -DISC=1  -DNDEBUG -DGCORE=\"/usr/bin/gcore\" -DSHDLIB_EXT=\"\"  -c PlowTech.c
--- compiling plow/PlowTest.o
rm -f PlowTest.o
gcc -g -m64 -fPIC   -I. -I..  -I../readline -DCAD_DIR=\"/tmp/lib\" -DBIN_DIR=\"/tmp/bin\" -DPACKAGE_NAME=\"\" -DPACKAGE_TARNAME=\"\" -DPACKAGE_VERSION=\"\" -DPACKAGE_STRING=\"\" -DPACKAGE_BUGREPORT=\"\" -DMAGIC_VERSION=\"8.0\" -DMAGIC_REVISION=\"100\" -DSTDC_HEADERS=1 -DHAVE_SYS_TYPES_H=1 -DHAVE_SYS_STAT_H=1 -DHAVE_STDLIB_H=1 -DHAVE_STRING_H=1 -DHAVE_MEMORY_H=1 -DHAVE_STRINGS_H=1 -DHAVE_INTTYPES_H=1 -DHAVE_STDINT_H=1 -DHAVE_UNISTD_H=1 -DSIZEOF_VOID_P=8 -DSIZEOF_UNSIGNED_INT=4 -DSIZEOF_UNSIGNED_LONG=8 -DSIZEOF_UNSIGNED_LONG_LONG=8 -DSTDC_HEADERS=1 -DHAVE_SETENV=1 -DHAVE_PUTENV=1 -DHAVE_SYS_MMAN_H=1 -DHAVE_DIRENT_H=1 -DHAVE_LIMITS_H=1 -DHAVE_PATHS_H=1 -DHAVE_VA_COPY=1 -DHAVE___VA_COPY=1 -DFILE_LOCKS=1 -DCALMA_MODULE=1 -DCIF_MODULE=1 -DPLOT_MODULE=1 -DLEF_MODULE=1 -DUSE_READLINE=1 -DHAVE_PTHREADS=1 -DROUTE_MODULE=1 -DEXT2SPICE_AUTO=1 -DEXT2SIM_AUTO=1 -DRSIM_MODULE=1 -DUSE_NEW_MACROS=1 -DVECTOR_FONTS=1 -Dlinux=1 -DSYSV=1 -DISC=1  -DNDEBUG -DGCORE=\"/usr/bin/gcore\" -DSHDLIB_EXT=\"\"  -c PlowTest.c
--- compiling plow/PlowWidth.o
rm -f PlowWidth.o
gcc -g -m64 -fPIC   -I. -I..  -I../readline -DCAD_DIR=\"/tmp/lib\" -DBIN_DIR=\"/tmp/bin\" -DPACKAGE_NAME=\"\" -DPACKAGE_TARNAME=\"\" -DPACKAGE_VERSION=\"\" -DPACKAGE_STRING=\"\" -DPACKAGE_BUGREPORT=\"\" -DMAGIC_VERSION=\"8.0\" -DMAGIC_REVISION=\"100\" -DSTDC_HEADERS=1 -DHAVE_SYS_TYPES_H=1 -DHAVE_SYS_STAT_H=1 -DHAVE_STDLIB_H=1 -DHAVE_STRING_H=1 -DHAVE_MEMORY_H=1 -DHAVE_STRINGS_H=1 -DHAVE_INTTYPES_H=1 -DHAVE_STDINT_H=1 -DHAVE_UNISTD_H=1 -DSIZEOF_VOID_P=8 -DSIZEOF_UNSIGNED_INT=4 -DSIZEOF_UNSIGNED_LONG=8 -DSIZEOF_UNSIGNED_LONG_LONG=8 -DSTDC_HEADERS=1 -DHAVE_SETENV=1 -DHAVE_PUTENV=1 -DHAVE_SYS_MMAN_H=1 -DHAVE_DIRENT_H=1 -DHAVE_LIMITS_H=1 -DHAVE_PATHS_H=1 -DHAVE_VA_COPY=1 -DHAVE___VA_COPY=1 -DFILE_LOCKS=1 -DCALMA_MODULE=1 -DCIF_MODULE=1 -DPLOT_MODULE=1 -DLEF_MODULE=1 -DUSE_READLINE=1 -DHAVE_PTHREADS=1 -DROUTE_MODULE=1 -DEXT2SPICE_AUTO=1 -DEXT2SIM_AUTO=1 -DRSIM_MODULE=1 -DUSE_NEW_MACROS=1 -DVECTOR_FONTS=1 -Dlinux=1 -DSYSV=1 -DISC=1  -DNDEBUG -DGCORE=\"/usr/bin/gcore\" -DSHDLIB_EXT=\"\"  -c PlowWidth.c
--- compiling plow/PlowYank.o
rm -f PlowYank.o
gcc -g -m64 -fPIC   -I. -I..  -I../readline -DCAD_DIR=\"/tmp/lib\" -DBIN_DIR=\"/tmp/bin\" -DPACKAGE_NAME=\"\" -DPACKAGE_TARNAME=\"\" -DPACKAGE_VERSION=\"\" -DPACKAGE_STRING=\"\" -DPACKAGE_BUGREPORT=\"\" -DMAGIC_VERSION=\"8.0\" -DMAGIC_REVISION=\"100\" -DSTDC_HEADERS=1 -DHAVE_SYS_TYPES_H=1 -DHAVE_SYS_STAT_H=1 -DHAVE_STDLIB_H=1 -DHAVE_STRING_H=1 -DHAVE_MEMORY_H=1 -DHAVE_STRINGS_H=1 -DHAVE_INTTYPES_H=1 -DHAVE_STDINT_H=1 -DHAVE_UNISTD_H=1 -DSIZEOF_VOID_P=8 -DSIZEOF_UNSIGNED_INT=4 -DSIZEOF_UNSIGNED_LONG=8 -DSIZEOF_UNSIGNED_LONG_LONG=8 -DSTDC_HEADERS=1 -DHAVE_SETENV=1 -DHAVE_PUTENV=1 -DHAVE_SYS_MMAN_H=1 -DHAVE_DIRENT_H=1 -DHAVE_LIMITS_H=1 -DHAVE_PATHS_H=1 -DHAVE_VA_COPY=1 -DHAVE___VA_COPY=1 -DFILE_LOCKS=1 -DCALMA_MODULE=1 -DCIF_MODULE=1 -DPLOT_MODULE=1 -DLEF_MODULE=1 -DUSE_READLINE=1 -DHAVE_PTHREADS=1 -DROUTE_MODULE=1 -DEXT2SPICE_AUTO=1 -DEXT2SIM_AUTO=1 -DRSIM_MODULE=1 -DUSE_NEW_MACROS=1 -DVECTOR_FONTS=1 -Dlinux=1 -DSYSV=1 -DISC=1  -DNDEBUG -DGCORE=\"/usr/bin/gcore\" -DSHDLIB_EXT=\"\"  -c PlowYank.c
--- linking libplow.o
rm -f libplow.o
ld -r PlowCmd.o PlowJogs.o PlowMain.o PlowQueue.o PlowRandom.o PlowRules1.o PlowRules2.o PlowRules3.o PlowSearch.o PlowTech.o PlowTest.o PlowWidth.o PlowYank.o  -o libplow.o 
make[2]: Leaving directory `/home/tim/gitsrc/magic-8.0/plow'
make[2]: Entering directory `/home/tim/gitsrc/magic-8.0/resis'
--- compiling resis/ResMain.o
rm -f ResMain.o
gcc -g -m64 -fPIC   -I. -I..  -I../readline -DCAD_DIR=\"/tmp/lib\" -DBIN_DIR=\"/tmp/bin\" -DPACKAGE_NAME=\"\" -DPACKAGE_TARNAME=\"\" -DPACKAGE_VERSION=\"\" -DPACKAGE_STRING=\"\" -DPACKAGE_BUGREPORT=\"\" -DMAGIC_VERSION=\"8.0\" -DMAGIC_REVISION=\"100\" -DSTDC_HEADERS=1 -DHAVE_SYS_TYPES_H=1 -DHAVE_SYS_STAT_H=1 -DHAVE_STDLIB_H=1 -DHAVE_STRING_H=1 -DHAVE_MEMORY_H=1 -DHAVE_STRINGS_H=1 -DHAVE_INTTYPES_H=1 -DHAVE_STDINT_H=1 -DHAVE_UNISTD_H=1 -DSIZEOF_VOID_P=8 -DSIZEOF_UNSIGNED_INT=4 -DSIZEOF_UNSIGNED_LONG=8 -DSIZEOF_UNSIGNED_LONG_LONG=8 -DSTDC_HEADERS=1 -DHAVE_SETENV=1 -DHAVE_PUTENV=1 -DHAVE_SYS_MMAN_H=1 -DHAVE_DIRENT_H=1 -DHAVE_LIMITS_H=1 -DHAVE_PATHS_H=1 -DHAVE_VA_COPY=1 -DHAVE___VA_COPY=1 -DFILE_LOCKS=1 -DCALMA_MODULE=1 -DCIF_MODULE=1 -DPLOT_MODULE=1 -DLEF_MODULE=1 -DUSE_READLINE=1 -DHAVE_PTHREADS=1 -DROUTE_MODULE=1 -DEXT2SPICE_AUTO=1 -DEXT2SIM_AUTO=1 -DRSIM_MODULE=1 -DUSE_NEW_MACROS=1 -DVECTOR_FONTS=1 -Dlinux=1 -DSYSV=1 -DISC=1  -DNDEBUG -DGCORE=\"/usr/bin/gcore\" -DSHDLIB_EXT=\"\"  -c ResMain.c
--- compiling resis/ResJunct.o
rm -f ResJunct.o
gcc -g -m64 -fPIC   -I. -I..  -I../readline -DCAD_DIR=\"/tmp/lib\" -DBIN_DIR=\"/tmp/bin\" -DPACKAGE_NAME=\"\" -DPACKAGE_TARNAME=\"\" -DPACKAGE_VERSION=\"\" -DPACKAGE_STRING=\"\" -DPACKAGE_BUGREPORT=\"\" -DMAGIC_VERSION=\"8.0\" -DMAGIC_REVISION=\"100\" -DSTDC_HEADERS=1 -DHAVE_SYS_TYPES_H=1 -DHAVE_SYS_STAT_H=1 -DHAVE_STDLIB_H=1 -DHAVE_STRING_H=1 -DHAVE_MEMORY_H=1 -DHAVE_STRINGS_H=1 -DHAVE_INTTYPES_H=1 -DHAVE_STDINT_H=1 -DHAVE_UNISTD_H=1 -DSIZEOF_VOID_P=8 -DSIZEOF_UNSIGNED_INT=4 -DSIZEOF_UNSIGNED_LONG=8 -DSIZEOF_UNSIGNED_LONG_LONG=8 -DSTDC_HEADERS=1 -DHAVE_SETENV=1 -DHAVE_PUTENV=1 -DHAVE_SYS_MMAN_H=1 -DHAVE_DIRENT_H=1 -DHAVE_LIMITS_H=1 -DHAVE_PATHS_H=1 -DHAVE_VA_COPY=1 -DHAVE___VA_COPY=1 -DFILE_LOCKS=1 -DCALMA_MODULE=1 -DCIF_MODULE=1 -DPLOT_MODULE=1 -DLEF_MODULE=1 -DUSE_READLINE=1 -DHAVE_PTHREADS=1 -DROUTE_MODULE=1 -DEXT2SPICE_AUTO=1 -DEXT2SIM_AUTO=1 -DRSIM_MODULE=1 -DUSE_NEW_MACROS=1 -DVECTOR_FONTS=1 -Dlinux=1 -DSYSV=1 -DISC=1  -DNDEBUG -DGCORE=\"/usr/bin/gcore\" -DSHDLIB_EXT=\"\"  -c ResJunct.c
--- compiling resis/ResMakeRes.o
rm -f ResMakeRes.o
gcc -g -m64 -fPIC   -I. -I..  -I../readline -DCAD_DIR=\"/tmp/lib\" -DBIN_DIR=\"/tmp/bin\" -DPACKAGE_NAME=\"\" -DPACKAGE_TARNAME=\"\" -DPACKAGE_VERSION=\"\" -DPACKAGE_STRING=\"\" -DPACKAGE_BUGREPORT=\"\" -DMAGIC_VERSION=\"8.0\" -DMAGIC_REVISION=\"100\" -DSTDC_HEADERS=1 -DHAVE_SYS_TYPES_H=1 -DHAVE_SYS_STAT_H=1 -DHAVE_STDLIB_H=1 -DHAVE_STRING_H=1 -DHAVE_MEMORY_H=1 -DHAVE_STRINGS_H=1 -DHAVE_INTTYPES_H=1 -DHAVE_STDINT_H=1 -DHAVE_UNISTD_H=1 -DSIZEOF_VOID_P=8 -DSIZEOF_UNSIGNED_INT=4 -DSIZEOF_UNSIGNED_LONG=8 -DSIZEOF_UNSIGNED_LONG_LONG=8 -DSTDC_HEADERS=1 -DHAVE_SETENV=1 -DHAVE_PUTENV=1 -DHAVE_SYS_MMAN_H=1 -DHAVE_DIRENT_H=1 -DHAVE_LIMITS_H=1 -DHAVE_PATHS_H=1 -DHAVE_VA_COPY=1 -DHAVE___VA_COPY=1 -DFILE_LOCKS=1 -DCALMA_MODULE=1 -DCIF_MODULE=1 -DPLOT_MODULE=1 -DLEF_MODULE=1 -DUSE_READLINE=1 -DHAVE_PTHREADS=1 -DROUTE_MODULE=1 -DEXT2SPICE_AUTO=1 -DEXT2SIM_AUTO=1 -DRSIM_MODULE=1 -DUSE_NEW_MACROS=1 -DVECTOR_FONTS=1 -Dlinux=1 -DSYSV=1 -DISC=1  -DNDEBUG -DGCORE=\"/usr/bin/gcore\" -DSHDLIB_EXT=\"\"  -c ResMakeRes.c
--- compiling resis/ResSimple.o
rm -f ResSimple.o
gcc -g -m64 -fPIC   -I. -I..  -I../readline -DCAD_DIR=\"/tmp/lib\" -DBIN_DIR=\"/tmp/bin\" -DPACKAGE_NAME=\"\" -DPACKAGE_TARNAME=\"\" -DPACKAGE_VERSION=\"\" -DPACKAGE_STRING=\"\" -DPACKAGE_BUGREPORT=\"\" -DMAGIC_VERSION=\"8.0\" -DMAGIC_REVISION=\"100\" -DSTDC_HEADERS=1 -DHAVE_SYS_TYPES_H=1 -DHAVE_SYS_STAT_H=1 -DHAVE_STDLIB_H=1 -DHAVE_STRING_H=1 -DHAVE_MEMORY_H=1 -DHAVE_STRINGS_H=1 -DHAVE_INTTYPES_H=1 -DHAVE_STDINT_H=1 -DHAVE_UNISTD_H=1 -DSIZEOF_VOID_P=8 -DSIZEOF_UNSIGNED_INT=4 -DSIZEOF_UNSIGNED_LONG=8 -DSIZEOF_UNSIGNED_LONG_LONG=8 -DSTDC_HEADERS=1 -DHAVE_SETENV=1 -DHAVE_PUTENV=1 -DHAVE_SYS_MMAN_H=1 -DHAVE_DIRENT_H=1 -DHAVE_LIMITS_H=1 -DHAVE_PATHS_H=1 -DHAVE_VA_COPY=1 -DHAVE___VA_COPY=1 -DFILE_LOCKS=1 -DCALMA_MODULE=1 -DCIF_MODULE=1 -DPLOT_MODULE=1 -DLEF_MODULE=1 -DUSE_READLINE=1 -DHAVE_PTHREADS=1 -DROUTE_MODULE=1 -DEXT2SPICE_AUTO=1 -DEXT2SIM_AUTO=1 -DRSIM_MODULE=1 -DUSE_NEW_MACROS=1 -DVECTOR_FONTS=1 -Dlinux=1 -DSYSV=1 -DISC=1  -DNDEBUG -DGCORE=\"/usr/bin/gcore\" -DSHDLIB_EXT=\"\"  -c ResSimple.c
--- compiling resis/ResPrint.o
rm -f ResPrint.o
gcc -g -m64 -fPIC   -I. -I..  -I../readline -DCAD_DIR=\"/tmp/lib\" -DBIN_DIR=\"/tmp/bin\" -DPACKAGE_NAME=\"\" -DPACKAGE_TARNAME=\"\" -DPACKAGE_VERSION=\"\" -DPACKAGE_STRING=\"\" -DPACKAGE_BUGREPORT=\"\" -DMAGIC_VERSION=\"8.0\" -DMAGIC_REVISION=\"100\" -DSTDC_HEADERS=1 -DHAVE_SYS_TYPES_H=1 -DHAVE_SYS_STAT_H=1 -DHAVE_STDLIB_H=1 -DHAVE_STRING_H=1 -DHAVE_MEMORY_H=1 -DHAVE_STRINGS_H=1 -DHAVE_INTTYPES_H=1 -DHAVE_STDINT_H=1 -DHAVE_UNISTD_H=1 -DSIZEOF_VOID_P=8 -DSIZEOF_UNSIGNED_INT=4 -DSIZEOF_UNSIGNED_LONG=8 -DSIZEOF_UNSIGNED_LONG_LONG=8 -DSTDC_HEADERS=1 -DHAVE_SETENV=1 -DHAVE_PUTENV=1 -DHAVE_SYS_MMAN_H=1 -DHAVE_DIRENT_H=1 -DHAVE_LIMITS_H=1 -DHAVE_PATHS_H=1 -DHAVE_VA_COPY=1 -DHAVE___VA_COPY=1 -DFILE_LOCKS=1 -DCALMA_MODULE=1 -DCIF_MODULE=1 -DPLOT_MODULE=1 -DLEF_MODULE=1 -DUSE_READLINE=1 -DHAVE_PTHREADS=1 -DROUTE_MODULE=1 -DEXT2SPICE_AUTO=1 -DEXT2SIM_AUTO=1 -DRSIM_MODULE=1 -DUSE_NEW_MACROS=1 -DVECTOR_FONTS=1 -Dlinux=1 -DSYSV=1 -DISC=1  -DNDEBUG -DGCORE=\"/usr/bin/gcore\" -DSHDLIB_EXT=\"\"  -c ResPrint.c
--- compiling resis/ResReadSim.o
rm -f ResReadSim.o
gcc -g -m64 -fPIC   -I. -I..  -I../readline -DCAD_DIR=\"/tmp/lib\" -DBIN_DIR=\"/tmp/bin\" -DPACKAGE_NAME=\"\" -DPACKAGE_TARNAME=\"\" -DPACKAGE_VERSION=\"\" -DPACKAGE_STRING=\"\" -DPACKAGE_BUGREPORT=\"\" -DMAGIC_VERSION=\"8.0\" -DMAGIC_REVISION=\"100\" -DSTDC_HEADERS=1 -DHAVE_SYS_TYPES_H=1 -DHAVE_SYS_STAT_H=1 -DHAVE_STDLIB_H=1 -DHAVE_STRING_H=1 -DHAVE_MEMORY_H=1 -DHAVE_STRINGS_H=1 -DHAVE_INTTYPES_H=1 -DHAVE_STDINT_H=1 -DHAVE_UNISTD_H=1 -DSIZEOF_VOID_P=8 -DSIZEOF_UNSIGNED_INT=4 -DSIZEOF_UNSIGNED_LONG=8 -DSIZEOF_UNSIGNED_LONG_LONG=8 -DSTDC_HEADERS=1 -DHAVE_SETENV=1 -DHAVE_PUTENV=1 -DHAVE_SYS_MMAN_H=1 -DHAVE_DIRENT_H=1 -DHAVE_LIMITS_H=1 -DHAVE_PATHS_H=1 -DHAVE_VA_COPY=1 -DHAVE___VA_COPY=1 -DFILE_LOCKS=1 -DCALMA_MODULE=1 -DCIF_MODULE=1 -DPLOT_MODULE=1 -DLEF_MODULE=1 -DUSE_READLINE=1 -DHAVE_PTHREADS=1 -DROUTE_MODULE=1 -DEXT2SPICE_AUTO=1 -DEXT2SIM_AUTO=1 -DRSIM_MODULE=1 -DUSE_NEW_MACROS=1 -DVECTOR_FONTS=1 -Dlinux=1 -DSYSV=1 -DISC=1  -DNDEBUG -DGCORE=\"/usr/bin/gcore\" -DSHDLIB_EXT=\"\"  -c ResReadSim.c
--- compiling resis/ResConDCS.o
rm -f ResConDCS.o
gcc -g -m64 -fPIC   -I. -I..  -I../readline -DCAD_DIR=\"/tmp/lib\" -DBIN_DIR=\"/tmp/bin\" -DPACKAGE_NAME=\"\" -DPACKAGE_TARNAME=\"\" -DPACKAGE_VERSION=\"\" -DPACKAGE_STRING=\"\" -DPACKAGE_BUGREPORT=\"\" -DMAGIC_VERSION=\"8.0\" -DMAGIC_REVISION=\"100\" -DSTDC_HEADERS=1 -DHAVE_SYS_TYPES_H=1 -DHAVE_SYS_STAT_H=1 -DHAVE_STDLIB_H=1 -DHAVE_STRING_H=1 -DHAVE_MEMORY_H=1 -DHAVE_STRINGS_H=1 -DHAVE_INTTYPES_H=1 -DHAVE_STDINT_H=1 -DHAVE_UNISTD_H=1 -DSIZEOF_VOID_P=8 -DSIZEOF_UNSIGNED_INT=4 -DSIZEOF_UNSIGNED_LONG=8 -DSIZEOF_UNSIGNED_LONG_LONG=8 -DSTDC_HEADERS=1 -DHAVE_SETENV=1 -DHAVE_PUTENV=1 -DHAVE_SYS_MMAN_H=1 -DHAVE_DIRENT_H=1 -DHAVE_LIMITS_H=1 -DHAVE_PATHS_H=1 -DHAVE_VA_COPY=1 -DHAVE___VA_COPY=1 -DFILE_LOCKS=1 -DCALMA_MODULE=1 -DCIF_MODULE=1 -DPLOT_MODULE=1 -DLEF_MODULE=1 -DUSE_READLINE=1 -DHAVE_PTHREADS=1 -DROUTE_MODULE=1 -DEXT2SPICE_AUTO=1 -DEXT2SIM_AUTO=1 -DRSIM_MODULE=1 -DUSE_NEW_MACROS=1 -DVECTOR_FONTS=1 -Dlinux=1 -DSYSV=1 -DISC=1  -DNDEBUG -DGCORE=\"/usr/bin/gcore\" -DSHDLIB_EXT=\"\"  -c ResConDCS.c
--- compiling resis/ResRex.o
rm -f ResRex.o
gcc -g -m64 -fPIC   -I. -I..  -I../readline -DCAD_DIR=\"/tmp/lib\" -DBIN_DIR=\"/tmp/bin\" -DPACKAGE_NAME=\"\" -DPACKAGE_TARNAME=\"\" -DPACKAGE_VERSION=\"\" -DPACKAGE_STRING=\"\" -DPACKAGE_BUGREPORT=\"\" -DMAGIC_VERSION=\"8.0\" -DMAGIC_REVISION=\"100\" -DSTDC_HEADERS=1 -DHAVE_SYS_TYPES_H=1 -DHAVE_SYS_STAT_H=1 -DHAVE_STDLIB_H=1 -DHAVE_STRING_H=1 -DHAVE_MEMORY_H=1 -DHAVE_STRINGS_H=1 -DHAVE_INTTYPES_H=1 -DHAVE_STDINT_H=1 -DHAVE_UNISTD_H=1 -DSIZEOF_VOID_P=8 -DSIZEOF_UNSIGNED_INT=4 -DSIZEOF_UNSIGNED_LONG=8 -DSIZEOF_UNSIGNED_LONG_LONG=8 -DSTDC_HEADERS=1 -DHAVE_SETENV=1 -DHAVE_PUTENV=1 -DHAVE_SYS_MMAN_H=1 -DHAVE_DIRENT_H=1 -DHAVE_LIMITS_H=1 -DHAVE_PATHS_H=1 -DHAVE_VA_COPY=1 -DHAVE___VA_COPY=1 -DFILE_LOCKS=1 -DCALMA_MODULE=1 -DCIF_MODULE=1 -DPLOT_MODULE=1 -DLEF_MODULE=1 -DUSE_READLINE=1 -DHAVE_PTHREADS=1 -DROUTE_MODULE=1 -DEXT2SPICE_AUTO=1 -DEXT2SIM_AUTO=1 -DRSIM_MODULE=1 -DUSE_NEW_MACROS=1 -DVECTOR_FONTS=1 -Dlinux=1 -DSYSV=1 -DISC=1  -DNDEBUG -DGCORE=\"/usr/bin/gcore\" -DSHDLIB_EXT=\"\"  -c ResRex.c
--- compiling resis/ResBasic.o
rm -f ResBasic.o
gcc -g -m64 -fPIC   -I. -I..  -I../readline -DCAD_DIR=\"/tmp/lib\" -DBIN_DIR=\"/tmp/bin\" -DPACKAGE_NAME=\"\" -DPACKAGE_TARNAME=\"\" -DPACKAGE_VERSION=\"\" -DPACKAGE_STRING=\"\" -DPACKAGE_BUGREPORT=\"\" -DMAGIC_VERSION=\"8.0\" -DMAGIC_REVISION=\"100\" -DSTDC_HEADERS=1 -DHAVE_SYS_TYPES_H=1 -DHAVE_SYS_STAT_H=1 -DHAVE_STDLIB_H=1 -DHAVE_STRING_H=1 -DHAVE_MEMORY_H=1 -DHAVE_STRINGS_H=1 -DHAVE_INTTYPES_H=1 -DHAVE_STDINT_H=1 -DHAVE_UNISTD_H=1 -DSIZEOF_VOID_P=8 -DSIZEOF_UNSIGNED_INT=4 -DSIZEOF_UNSIGNED_LONG=8 -DSIZEOF_UNSIGNED_LONG_LONG=8 -DSTDC_HEADERS=1 -DHAVE_SETENV=1 -DHAVE_PUTENV=1 -DHAVE_SYS_MMAN_H=1 -DHAVE_DIRENT_H=1 -DHAVE_LIMITS_H=1 -DHAVE_PATHS_H=1 -DHAVE_VA_COPY=1 -DHAVE___VA_COPY=1 -DFILE_LOCKS=1 -DCALMA_MODULE=1 -DCIF_MODULE=1 -DPLOT_MODULE=1 -DLEF_MODULE=1 -DUSE_READLINE=1 -DHAVE_PTHREADS=1 -DROUTE_MODULE=1 -DEXT2SPICE_AUTO=1 -DEXT2SIM_AUTO=1 -DRSIM_MODULE=1 -DUSE_NEW_MACROS=1 -DVECTOR_FONTS=1 -Dlinux=1 -DSYSV=1 -DISC=1  -DNDEBUG -DGCORE=\"/usr/bin/gcore\" -DSHDLIB_EXT=\"\"  -c ResBasic.c
--- compiling resis/ResMerge.o
rm -f ResMerge.o
gcc -g -m64 -fPIC   -I. -I..  -I../readline -DCAD_DIR=\"/tmp/lib\" -DBIN_DIR=\"/tmp/bin\" -DPACKAGE_NAME=\"\" -DPACKAGE_TARNAME=\"\" -DPACKAGE_VERSION=\"\" -DPACKAGE_STRING=\"\" -DPACKAGE_BUGREPORT=\"\" -DMAGIC_VERSION=\"8.0\" -DMAGIC_REVISION=\"100\" -DSTDC_HEADERS=1 -DHAVE_SYS_TYPES_H=1 -DHAVE_SYS_STAT_H=1 -DHAVE_STDLIB_H=1 -DHAVE_STRING_H=1 -DHAVE_MEMORY_H=1 -DHAVE_STRINGS_H=1 -DHAVE_INTTYPES_H=1 -DHAVE_STDINT_H=1 -DHAVE_UNISTD_H=1 -DSIZEOF_VOID_P=8 -DSIZEOF_UNSIGNED_INT=4 -DSIZEOF_UNSIGNED_LONG=8 -DSIZEOF_UNSIGNED_LONG_LONG=8 -DSTDC_HEADERS=1 -DHAVE_SETENV=1 -DHAVE_PUTENV=1 -DHAVE_SYS_MMAN_H=1 -DHAVE_DIRENT_H=1 -DHAVE_LIMITS_H=1 -DHAVE_PATHS_H=1 -DHAVE_VA_COPY=1 -DHAVE___VA_COPY=1 -DFILE_LOCKS=1 -DCALMA_MODULE=1 -DCIF_MODULE=1 -DPLOT_MODULE=1 -DLEF_MODULE=1 -DUSE_READLINE=1 -DHAVE_PTHREADS=1 -DROUTE_MODULE=1 -DEXT2SPICE_AUTO=1 -DEXT2SIM_AUTO=1 -DRSIM_MODULE=1 -DUSE_NEW_MACROS=1 -DVECTOR_FONTS=1 -Dlinux=1 -DSYSV=1 -DISC=1  -DNDEBUG -DGCORE=\"/usr/bin/gcore\" -DSHDLIB_EXT=\"\"  -c ResMerge.c
--- compiling resis/ResChecks.o
rm -f ResChecks.o
gcc -g -m64 -fPIC   -I. -I..  -I../readline -DCAD_DIR=\"/tmp/lib\" -DBIN_DIR=\"/tmp/bin\" -DPACKAGE_NAME=\"\" -DPACKAGE_TARNAME=\"\" -DPACKAGE_VERSION=\"\" -DPACKAGE_STRING=\"\" -DPACKAGE_BUGREPORT=\"\" -DMAGIC_VERSION=\"8.0\" -DMAGIC_REVISION=\"100\" -DSTDC_HEADERS=1 -DHAVE_SYS_TYPES_H=1 -DHAVE_SYS_STAT_H=1 -DHAVE_STDLIB_H=1 -DHAVE_STRING_H=1 -DHAVE_MEMORY_H=1 -DHAVE_STRINGS_H=1 -DHAVE_INTTYPES_H=1 -DHAVE_STDINT_H=1 -DHAVE_UNISTD_H=1 -DSIZEOF_VOID_P=8 -DSIZEOF_UNSIGNED_INT=4 -DSIZEOF_UNSIGNED_LONG=8 -DSIZEOF_UNSIGNED_LONG_LONG=8 -DSTDC_HEADERS=1 -DHAVE_SETENV=1 -DHAVE_PUTENV=1 -DHAVE_SYS_MMAN_H=1 -DHAVE_DIRENT_H=1 -DHAVE_LIMITS_H=1 -DHAVE_PATHS_H=1 -DHAVE_VA_COPY=1 -DHAVE___VA_COPY=1 -DFILE_LOCKS=1 -DCALMA_MODULE=1 -DCIF_MODULE=1 -DPLOT_MODULE=1 -DLEF_MODULE=1 -DUSE_READLINE=1 -DHAVE_PTHREADS=1 -DROUTE_MODULE=1 -DEXT2SPICE_AUTO=1 -DEXT2SIM_AUTO=1 -DRSIM_MODULE=1 -DUSE_NEW_MACROS=1 -DVECTOR_FONTS=1 -Dlinux=1 -DSYSV=1 -DISC=1  -DNDEBUG -DGCORE=\"/usr/bin/gcore\" -DSHDLIB_EXT=\"\"  -c ResChecks.c
--- compiling resis/ResFract.o
rm -f ResFract.o
gcc -g -m64 -fPIC   -I. -I..  -I../readline -DCAD_DIR=\"/tmp/lib\" -DBIN_DIR=\"/tmp/bin\" -DPACKAGE_NAME=\"\" -DPACKAGE_TARNAME=\"\" -DPACKAGE_VERSION=\"\" -DPACKAGE_STRING=\"\" -DPACKAGE_BUGREPORT=\"\" -DMAGIC_VERSION=\"8.0\" -DMAGIC_REVISION=\"100\" -DSTDC_HEADERS=1 -DHAVE_SYS_TYPES_H=1 -DHAVE_SYS_STAT_H=1 -DHAVE_STDLIB_H=1 -DHAVE_STRING_H=1 -DHAVE_MEMORY_H=1 -DHAVE_STRINGS_H=1 -DHAVE_INTTYPES_H=1 -DHAVE_STDINT_H=1 -DHAVE_UNISTD_H=1 -DSIZEOF_VOID_P=8 -DSIZEOF_UNSIGNED_INT=4 -DSIZEOF_UNSIGNED_LONG=8 -DSIZEOF_UNSIGNED_LONG_LONG=8 -DSTDC_HEADERS=1 -DHAVE_SETENV=1 -DHAVE_PUTENV=1 -DHAVE_SYS_MMAN_H=1 -DHAVE_DIRENT_H=1 -DHAVE_LIMITS_H=1 -DHAVE_PATHS_H=1 -DHAVE_VA_COPY=1 -DHAVE___VA_COPY=1 -DFILE_LOCKS=1 -DCALMA_MODULE=1 -DCIF_MODULE=1 -DPLOT_MODULE=1 -DLEF_MODULE=1 -DUSE_READLINE=1 -DHAVE_PTHREADS=1 -DROUTE_MODULE=1 -DEXT2SPICE_AUTO=1 -DEXT2SIM_AUTO=1 -DRSIM_MODULE=1 -DUSE_NEW_MACROS=1 -DVECTOR_FONTS=1 -Dlinux=1 -DSYSV=1 -DISC=1  -DNDEBUG -DGCORE=\"/usr/bin/gcore\" -DSHDLIB_EXT=\"\"  -c ResFract.c
--- compiling resis/ResUtils.o
rm -f ResUtils.o
gcc -g -m64 -fPIC   -I. -I..  -I../readline -DCAD_DIR=\"/tmp/lib\" -DBIN_DIR=\"/tmp/bin\" -DPACKAGE_NAME=\"\" -DPACKAGE_TARNAME=\"\" -DPACKAGE_VERSION=\"\" -DPACKAGE_STRING=\"\" -DPACKAGE_BUGREPORT=\"\" -DMAGIC_VERSION=\"8.0\" -DMAGIC_REVISION=\"100\" -DSTDC_HEADERS=1 -DHAVE_SYS_TYPES_H=1 -DHAVE_SYS_STAT_H=1 -DHAVE_STDLIB_H=1 -DHAVE_STRING_H=1 -DHAVE_MEMORY_H=1 -DHAVE_STRINGS_H=1 -DHAVE_INTTYPES_H=1 -DHAVE_STDINT_H=1 -DHAVE_UNISTD_H=1 -DSIZEOF_VOID_P=8 -DSIZEOF_UNSIGNED_INT=4 -DSIZEOF_UNSIGNED_LONG=8 -DSIZEOF_UNSIGNED_LONG_LONG=8 -DSTDC_HEADERS=1 -DHAVE_SETENV=1 -DHAVE_PUTENV=1 -DHAVE_SYS_MMAN_H=1 -DHAVE_DIRENT_H=1 -DHAVE_LIMITS_H=1 -DHAVE_PATHS_H=1 -DHAVE_VA_COPY=1 -DHAVE___VA_COPY=1 -DFILE_LOCKS=1 -DCALMA_MODULE=1 -DCIF_MODULE=1 -DPLOT_MODULE=1 -DLEF_MODULE=1 -DUSE_READLINE=1 -DHAVE_PTHREADS=1 -DROUTE_MODULE=1 -DEXT2SPICE_AUTO=1 -DEXT2SIM_AUTO=1 -DRSIM_MODULE=1 -DUSE_NEW_MACROS=1 -DVECTOR_FONTS=1 -Dlinux=1 -DSYSV=1 -DISC=1  -DNDEBUG -DGCORE=\"/usr/bin/gcore\" -DSHDLIB_EXT=\"\"  -c ResUtils.c
--- compiling resis/ResDebug.o
rm -f ResDebug.o
gcc -g -m64 -fPIC   -I. -I..  -I../readline -DCAD_DIR=\"/tmp/lib\" -DBIN_DIR=\"/tmp/bin\" -DPACKAGE_NAME=\"\" -DPACKAGE_TARNAME=\"\" -DPACKAGE_VERSION=\"\" -DPACKAGE_STRING=\"\" -DPACKAGE_BUGREPORT=\"\" -DMAGIC_VERSION=\"8.0\" -DMAGIC_REVISION=\"100\" -DSTDC_HEADERS=1 -DHAVE_SYS_TYPES_H=1 -DHAVE_SYS_STAT_H=1 -DHAVE_STDLIB_H=1 -DHAVE_STRING_H=1 -DHAVE_MEMORY_H=1 -DHAVE_STRINGS_H=1 -DHAVE_INTTYPES_H=1 -DHAVE_STDINT_H=1 -DHAVE_UNISTD_H=1 -DSIZEOF_VOID_P=8 -DSIZEOF_UNSIGNED_INT=4 -DSIZEOF_UNSIGNED_LONG=8 -DSIZEOF_UNSIGNED_LONG_LONG=8 -DSTDC_HEADERS=1 -DHAVE_SETENV=1 -DHAVE_PUTENV=1 -DHAVE_SYS_MMAN_H=1 -DHAVE_DIRENT_H=1 -DHAVE_LIMITS_H=1 -DHAVE_PATHS_H=1 -DHAVE_VA_COPY=1 -DHAVE___VA_COPY=1 -DFILE_LOCKS=1 -DCALMA_MODULE=1 -DCIF_MODULE=1 -DPLOT_MODULE=1 -DLEF_MODULE=1 -DUSE_READLINE=1 -DHAVE_PTHREADS=1 -DROUTE_MODULE=1 -DEXT2SPICE_AUTO=1 -DEXT2SIM_AUTO=1 -DRSIM_MODULE=1 -DUSE_NEW_MACROS=1 -DVECTOR_FONTS=1 -Dlinux=1 -DSYSV=1 -DISC=1  -DNDEBUG -DGCORE=\"/usr/bin/gcore\" -DSHDLIB_EXT=\"\"  -c ResDebug.c
--- linking libresis.o
rm -f libresis.o
ld -r ResMain.o ResJunct.o ResMakeRes.o ResSimple.o ResPrint.o ResReadSim.o ResConDCS.o ResRex.o ResBasic.o ResMerge.o ResChecks.o ResFract.o ResUtils.o ResDebug.o  -o libresis.o 
make[2]: Leaving directory `/home/tim/gitsrc/magic-8.0/resis'
make[2]: Entering directory `/home/tim/gitsrc/magic-8.0/select'
--- compiling select/selCreate.o
rm -f selCreate.o
gcc -g -m64 -fPIC   -I. -I..  -I../readline -DCAD_DIR=\"/tmp/lib\" -DBIN_DIR=\"/tmp/bin\" -DPACKAGE_NAME=\"\" -DPACKAGE_TARNAME=\"\" -DPACKAGE_VERSION=\"\" -DPACKAGE_STRING=\"\" -DPACKAGE_BUGREPORT=\"\" -DMAGIC_VERSION=\"8.0\" -DMAGIC_REVISION=\"100\" -DSTDC_HEADERS=1 -DHAVE_SYS_TYPES_H=1 -DHAVE_SYS_STAT_H=1 -DHAVE_STDLIB_H=1 -DHAVE_STRING_H=1 -DHAVE_MEMORY_H=1 -DHAVE_STRINGS_H=1 -DHAVE_INTTYPES_H=1 -DHAVE_STDINT_H=1 -DHAVE_UNISTD_H=1 -DSIZEOF_VOID_P=8 -DSIZEOF_UNSIGNED_INT=4 -DSIZEOF_UNSIGNED_LONG=8 -DSIZEOF_UNSIGNED_LONG_LONG=8 -DSTDC_HEADERS=1 -DHAVE_SETENV=1 -DHAVE_PUTENV=1 -DHAVE_SYS_MMAN_H=1 -DHAVE_DIRENT_H=1 -DHAVE_LIMITS_H=1 -DHAVE_PATHS_H=1 -DHAVE_VA_COPY=1 -DHAVE___VA_COPY=1 -DFILE_LOCKS=1 -DCALMA_MODULE=1 -DCIF_MODULE=1 -DPLOT_MODULE=1 -DLEF_MODULE=1 -DUSE_READLINE=1 -DHAVE_PTHREADS=1 -DROUTE_MODULE=1 -DEXT2SPICE_AUTO=1 -DEXT2SIM_AUTO=1 -DRSIM_MODULE=1 -DUSE_NEW_MACROS=1 -DVECTOR_FONTS=1 -Dlinux=1 -DSYSV=1 -DISC=1  -DNDEBUG -DGCORE=\"/usr/bin/gcore\" -DSHDLIB_EXT=\"\"  -c selCreate.c
--- compiling select/selDisplay.o
rm -f selDisplay.o
gcc -g -m64 -fPIC   -I. -I..  -I../readline -DCAD_DIR=\"/tmp/lib\" -DBIN_DIR=\"/tmp/bin\" -DPACKAGE_NAME=\"\" -DPACKAGE_TARNAME=\"\" -DPACKAGE_VERSION=\"\" -DPACKAGE_STRING=\"\" -DPACKAGE_BUGREPORT=\"\" -DMAGIC_VERSION=\"8.0\" -DMAGIC_REVISION=\"100\" -DSTDC_HEADERS=1 -DHAVE_SYS_TYPES_H=1 -DHAVE_SYS_STAT_H=1 -DHAVE_STDLIB_H=1 -DHAVE_STRING_H=1 -DHAVE_MEMORY_H=1 -DHAVE_STRINGS_H=1 -DHAVE_INTTYPES_H=1 -DHAVE_STDINT_H=1 -DHAVE_UNISTD_H=1 -DSIZEOF_VOID_P=8 -DSIZEOF_UNSIGNED_INT=4 -DSIZEOF_UNSIGNED_LONG=8 -DSIZEOF_UNSIGNED_LONG_LONG=8 -DSTDC_HEADERS=1 -DHAVE_SETENV=1 -DHAVE_PUTENV=1 -DHAVE_SYS_MMAN_H=1 -DHAVE_DIRENT_H=1 -DHAVE_LIMITS_H=1 -DHAVE_PATHS_H=1 -DHAVE_VA_COPY=1 -DHAVE___VA_COPY=1 -DFILE_LOCKS=1 -DCALMA_MODULE=1 -DCIF_MODULE=1 -DPLOT_MODULE=1 -DLEF_MODULE=1 -DUSE_READLINE=1 -DHAVE_PTHREADS=1 -DROUTE_MODULE=1 -DEXT2SPICE_AUTO=1 -DEXT2SIM_AUTO=1 -DRSIM_MODULE=1 -DUSE_NEW_MACROS=1 -DVECTOR_FONTS=1 -Dlinux=1 -DSYSV=1 -DISC=1  -DNDEBUG -DGCORE=\"/usr/bin/gcore\" -DSHDLIB_EXT=\"\"  -c selDisplay.c
--- compiling select/selEnum.o
rm -f selEnum.o
gcc -g -m64 -fPIC   -I. -I..  -I../readline -DCAD_DIR=\"/tmp/lib\" -DBIN_DIR=\"/tmp/bin\" -DPACKAGE_NAME=\"\" -DPACKAGE_TARNAME=\"\" -DPACKAGE_VERSION=\"\" -DPACKAGE_STRING=\"\" -DPACKAGE_BUGREPORT=\"\" -DMAGIC_VERSION=\"8.0\" -DMAGIC_REVISION=\"100\" -DSTDC_HEADERS=1 -DHAVE_SYS_TYPES_H=1 -DHAVE_SYS_STAT_H=1 -DHAVE_STDLIB_H=1 -DHAVE_STRING_H=1 -DHAVE_MEMORY_H=1 -DHAVE_STRINGS_H=1 -DHAVE_INTTYPES_H=1 -DHAVE_STDINT_H=1 -DHAVE_UNISTD_H=1 -DSIZEOF_VOID_P=8 -DSIZEOF_UNSIGNED_INT=4 -DSIZEOF_UNSIGNED_LONG=8 -DSIZEOF_UNSIGNED_LONG_LONG=8 -DSTDC_HEADERS=1 -DHAVE_SETENV=1 -DHAVE_PUTENV=1 -DHAVE_SYS_MMAN_H=1 -DHAVE_DIRENT_H=1 -DHAVE_LIMITS_H=1 -DHAVE_PATHS_H=1 -DHAVE_VA_COPY=1 -DHAVE___VA_COPY=1 -DFILE_LOCKS=1 -DCALMA_MODULE=1 -DCIF_MODULE=1 -DPLOT_MODULE=1 -DLEF_MODULE=1 -DUSE_READLINE=1 -DHAVE_PTHREADS=1 -DROUTE_MODULE=1 -DEXT2SPICE_AUTO=1 -DEXT2SIM_AUTO=1 -DRSIM_MODULE=1 -DUSE_NEW_MACROS=1 -DVECTOR_FONTS=1 -Dlinux=1 -DSYSV=1 -DISC=1  -DNDEBUG -DGCORE=\"/usr/bin/gcore\" -DSHDLIB_EXT=\"\"  -c selEnum.c
--- compiling select/selOps.o
rm -f selOps.o
gcc -g -m64 -fPIC   -I. -I..  -I../readline -DCAD_DIR=\"/tmp/lib\" -DBIN_DIR=\"/tmp/bin\" -DPACKAGE_NAME=\"\" -DPACKAGE_TARNAME=\"\" -DPACKAGE_VERSION=\"\" -DPACKAGE_STRING=\"\" -DPACKAGE_BUGREPORT=\"\" -DMAGIC_VERSION=\"8.0\" -DMAGIC_REVISION=\"100\" -DSTDC_HEADERS=1 -DHAVE_SYS_TYPES_H=1 -DHAVE_SYS_STAT_H=1 -DHAVE_STDLIB_H=1 -DHAVE_STRING_H=1 -DHAVE_MEMORY_H=1 -DHAVE_STRINGS_H=1 -DHAVE_INTTYPES_H=1 -DHAVE_STDINT_H=1 -DHAVE_UNISTD_H=1 -DSIZEOF_VOID_P=8 -DSIZEOF_UNSIGNED_INT=4 -DSIZEOF_UNSIGNED_LONG=8 -DSIZEOF_UNSIGNED_LONG_LONG=8 -DSTDC_HEADERS=1 -DHAVE_SETENV=1 -DHAVE_PUTENV=1 -DHAVE_SYS_MMAN_H=1 -DHAVE_DIRENT_H=1 -DHAVE_LIMITS_H=1 -DHAVE_PATHS_H=1 -DHAVE_VA_COPY=1 -DHAVE___VA_COPY=1 -DFILE_LOCKS=1 -DCALMA_MODULE=1 -DCIF_MODULE=1 -DPLOT_MODULE=1 -DLEF_MODULE=1 -DUSE_READLINE=1 -DHAVE_PTHREADS=1 -DROUTE_MODULE=1 -DEXT2SPICE_AUTO=1 -DEXT2SIM_AUTO=1 -DRSIM_MODULE=1 -DUSE_NEW_MACROS=1 -DVECTOR_FONTS=1 -Dlinux=1 -DSYSV=1 -DISC=1  -DNDEBUG -DGCORE=\"/usr/bin/gcore\" -DSHDLIB_EXT=\"\"  -c selOps.c
--- compiling select/selUndo.o
rm -f selUndo.o
gcc -g -m64 -fPIC   -I. -I..  -I../readline -DCAD_DIR=\"/tmp/lib\" -DBIN_DIR=\"/tmp/bin\" -DPACKAGE_NAME=\"\" -DPACKAGE_TARNAME=\"\" -DPACKAGE_VERSION=\"\" -DPACKAGE_STRING=\"\" -DPACKAGE_BUGREPORT=\"\" -DMAGIC_VERSION=\"8.0\" -DMAGIC_REVISION=\"100\" -DSTDC_HEADERS=1 -DHAVE_SYS_TYPES_H=1 -DHAVE_SYS_STAT_H=1 -DHAVE_STDLIB_H=1 -DHAVE_STRING_H=1 -DHAVE_MEMORY_H=1 -DHAVE_STRINGS_H=1 -DHAVE_INTTYPES_H=1 -DHAVE_STDINT_H=1 -DHAVE_UNISTD_H=1 -DSIZEOF_VOID_P=8 -DSIZEOF_UNSIGNED_INT=4 -DSIZEOF_UNSIGNED_LONG=8 -DSIZEOF_UNSIGNED_LONG_LONG=8 -DSTDC_HEADERS=1 -DHAVE_SETENV=1 -DHAVE_PUTENV=1 -DHAVE_SYS_MMAN_H=1 -DHAVE_DIRENT_H=1 -DHAVE_LIMITS_H=1 -DHAVE_PATHS_H=1 -DHAVE_VA_COPY=1 -DHAVE___VA_COPY=1 -DFILE_LOCKS=1 -DCALMA_MODULE=1 -DCIF_MODULE=1 -DPLOT_MODULE=1 -DLEF_MODULE=1 -DUSE_READLINE=1 -DHAVE_PTHREADS=1 -DROUTE_MODULE=1 -DEXT2SPICE_AUTO=1 -DEXT2SIM_AUTO=1 -DRSIM_MODULE=1 -DUSE_NEW_MACROS=1 -DVECTOR_FONTS=1 -Dlinux=1 -DSYSV=1 -DISC=1  -DNDEBUG -DGCORE=\"/usr/bin/gcore\" -DSHDLIB_EXT=\"\"  -c selUndo.c
--- compiling select/selUnselect.o
rm -f selUnselect.o
gcc -g -m64 -fPIC   -I. -I..  -I../readline -DCAD_DIR=\"/tmp/lib\" -DBIN_DIR=\"/tmp/bin\" -DPACKAGE_NAME=\"\" -DPACKAGE_TARNAME=\"\" -DPACKAGE_VERSION=\"\" -DPACKAGE_STRING=\"\" -DPACKAGE_BUGREPORT=\"\" -DMAGIC_VERSION=\"8.0\" -DMAGIC_REVISION=\"100\" -DSTDC_HEADERS=1 -DHAVE_SYS_TYPES_H=1 -DHAVE_SYS_STAT_H=1 -DHAVE_STDLIB_H=1 -DHAVE_STRING_H=1 -DHAVE_MEMORY_H=1 -DHAVE_STRINGS_H=1 -DHAVE_INTTYPES_H=1 -DHAVE_STDINT_H=1 -DHAVE_UNISTD_H=1 -DSIZEOF_VOID_P=8 -DSIZEOF_UNSIGNED_INT=4 -DSIZEOF_UNSIGNED_LONG=8 -DSIZEOF_UNSIGNED_LONG_LONG=8 -DSTDC_HEADERS=1 -DHAVE_SETENV=1 -DHAVE_PUTENV=1 -DHAVE_SYS_MMAN_H=1 -DHAVE_DIRENT_H=1 -DHAVE_LIMITS_H=1 -DHAVE_PATHS_H=1 -DHAVE_VA_COPY=1 -DHAVE___VA_COPY=1 -DFILE_LOCKS=1 -DCALMA_MODULE=1 -DCIF_MODULE=1 -DPLOT_MODULE=1 -DLEF_MODULE=1 -DUSE_READLINE=1 -DHAVE_PTHREADS=1 -DROUTE_MODULE=1 -DEXT2SPICE_AUTO=1 -DEXT2SIM_AUTO=1 -DRSIM_MODULE=1 -DUSE_NEW_MACROS=1 -DVECTOR_FONTS=1 -Dlinux=1 -DSYSV=1 -DISC=1  -DNDEBUG -DGCORE=\"/usr/bin/gcore\" -DSHDLIB_EXT=\"\"  -c selUnselect.c
--- linking libselect.o
rm -f libselect.o
ld -r selCreate.o selDisplay.o selEnum.o selOps.o selUndo.o selUnselect.o  -o libselect.o 
make[2]: Leaving directory `/home/tim/gitsrc/magic-8.0/select'
make[2]: Entering directory `/home/tim/gitsrc/magic-8.0/sim'
--- compiling sim/SimDBstuff.o
rm -f SimDBstuff.o
gcc -g -m64 -fPIC   -I. -I..  -I../readline -DCAD_DIR=\"/tmp/lib\" -DBIN_DIR=\"/tmp/bin\" -DPACKAGE_NAME=\"\" -DPACKAGE_TARNAME=\"\" -DPACKAGE_VERSION=\"\" -DPACKAGE_STRING=\"\" -DPACKAGE_BUGREPORT=\"\" -DMAGIC_VERSION=\"8.0\" -DMAGIC_REVISION=\"100\" -DSTDC_HEADERS=1 -DHAVE_SYS_TYPES_H=1 -DHAVE_SYS_STAT_H=1 -DHAVE_STDLIB_H=1 -DHAVE_STRING_H=1 -DHAVE_MEMORY_H=1 -DHAVE_STRINGS_H=1 -DHAVE_INTTYPES_H=1 -DHAVE_STDINT_H=1 -DHAVE_UNISTD_H=1 -DSIZEOF_VOID_P=8 -DSIZEOF_UNSIGNED_INT=4 -DSIZEOF_UNSIGNED_LONG=8 -DSIZEOF_UNSIGNED_LONG_LONG=8 -DSTDC_HEADERS=1 -DHAVE_SETENV=1 -DHAVE_PUTENV=1 -DHAVE_SYS_MMAN_H=1 -DHAVE_DIRENT_H=1 -DHAVE_LIMITS_H=1 -DHAVE_PATHS_H=1 -DHAVE_VA_COPY=1 -DHAVE___VA_COPY=1 -DFILE_LOCKS=1 -DCALMA_MODULE=1 -DCIF_MODULE=1 -DPLOT_MODULE=1 -DLEF_MODULE=1 -DUSE_READLINE=1 -DHAVE_PTHREADS=1 -DROUTE_MODULE=1 -DEXT2SPICE_AUTO=1 -DEXT2SIM_AUTO=1 -DRSIM_MODULE=1 -DUSE_NEW_MACROS=1 -DVECTOR_FONTS=1 -Dlinux=1 -DSYSV=1 -DISC=1  -DNDEBUG -DGCORE=\"/usr/bin/gcore\" -DSHDLIB_EXT=\"\"  -c SimDBstuff.c
--- compiling sim/SimSelect.o
rm -f SimSelect.o
gcc -g -m64 -fPIC   -I. -I..  -I../readline -DCAD_DIR=\"/tmp/lib\" -DBIN_DIR=\"/tmp/bin\" -DPACKAGE_NAME=\"\" -DPACKAGE_TARNAME=\"\" -DPACKAGE_VERSION=\"\" -DPACKAGE_STRING=\"\" -DPACKAGE_BUGREPORT=\"\" -DMAGIC_VERSION=\"8.0\" -DMAGIC_REVISION=\"100\" -DSTDC_HEADERS=1 -DHAVE_SYS_TYPES_H=1 -DHAVE_SYS_STAT_H=1 -DHAVE_STDLIB_H=1 -DHAVE_STRING_H=1 -DHAVE_MEMORY_H=1 -DHAVE_STRINGS_H=1 -DHAVE_INTTYPES_H=1 -DHAVE_STDINT_H=1 -DHAVE_UNISTD_H=1 -DSIZEOF_VOID_P=8 -DSIZEOF_UNSIGNED_INT=4 -DSIZEOF_UNSIGNED_LONG=8 -DSIZEOF_UNSIGNED_LONG_LONG=8 -DSTDC_HEADERS=1 -DHAVE_SETENV=1 -DHAVE_PUTENV=1 -DHAVE_SYS_MMAN_H=1 -DHAVE_DIRENT_H=1 -DHAVE_LIMITS_H=1 -DHAVE_PATHS_H=1 -DHAVE_VA_COPY=1 -DHAVE___VA_COPY=1 -DFILE_LOCKS=1 -DCALMA_MODULE=1 -DCIF_MODULE=1 -DPLOT_MODULE=1 -DLEF_MODULE=1 -DUSE_READLINE=1 -DHAVE_PTHREADS=1 -DROUTE_MODULE=1 -DEXT2SPICE_AUTO=1 -DEXT2SIM_AUTO=1 -DRSIM_MODULE=1 -DUSE_NEW_MACROS=1 -DVECTOR_FONTS=1 -Dlinux=1 -DSYSV=1 -DISC=1  -DNDEBUG -DGCORE=\"/usr/bin/gcore\" -DSHDLIB_EXT=\"\"  -c SimSelect.c
--- compiling sim/SimRsim.o
rm -f SimRsim.o
gcc -g -m64 -fPIC   -I. -I..  -I../readline -DCAD_DIR=\"/tmp/lib\" -DBIN_DIR=\"/tmp/bin\" -DPACKAGE_NAME=\"\" -DPACKAGE_TARNAME=\"\" -DPACKAGE_VERSION=\"\" -DPACKAGE_STRING=\"\" -DPACKAGE_BUGREPORT=\"\" -DMAGIC_VERSION=\"8.0\" -DMAGIC_REVISION=\"100\" -DSTDC_HEADERS=1 -DHAVE_SYS_TYPES_H=1 -DHAVE_SYS_STAT_H=1 -DHAVE_STDLIB_H=1 -DHAVE_STRING_H=1 -DHAVE_MEMORY_H=1 -DHAVE_STRINGS_H=1 -DHAVE_INTTYPES_H=1 -DHAVE_STDINT_H=1 -DHAVE_UNISTD_H=1 -DSIZEOF_VOID_P=8 -DSIZEOF_UNSIGNED_INT=4 -DSIZEOF_UNSIGNED_LONG=8 -DSIZEOF_UNSIGNED_LONG_LONG=8 -DSTDC_HEADERS=1 -DHAVE_SETENV=1 -DHAVE_PUTENV=1 -DHAVE_SYS_MMAN_H=1 -DHAVE_DIRENT_H=1 -DHAVE_LIMITS_H=1 -DHAVE_PATHS_H=1 -DHAVE_VA_COPY=1 -DHAVE___VA_COPY=1 -DFILE_LOCKS=1 -DCALMA_MODULE=1 -DCIF_MODULE=1 -DPLOT_MODULE=1 -DLEF_MODULE=1 -DUSE_READLINE=1 -DHAVE_PTHREADS=1 -DROUTE_MODULE=1 -DEXT2SPICE_AUTO=1 -DEXT2SIM_AUTO=1 -DRSIM_MODULE=1 -DUSE_NEW_MACROS=1 -DVECTOR_FONTS=1 -Dlinux=1 -DSYSV=1 -DISC=1  -DNDEBUG -DGCORE=\"/usr/bin/gcore\" -DSHDLIB_EXT=\"\"  -c SimRsim.c
--- compiling sim/SimExtract.o
rm -f SimExtract.o
gcc -g -m64 -fPIC   -I. -I..  -I../readline -DCAD_DIR=\"/tmp/lib\" -DBIN_DIR=\"/tmp/bin\" -DPACKAGE_NAME=\"\" -DPACKAGE_TARNAME=\"\" -DPACKAGE_VERSION=\"\" -DPACKAGE_STRING=\"\" -DPACKAGE_BUGREPORT=\"\" -DMAGIC_VERSION=\"8.0\" -DMAGIC_REVISION=\"100\" -DSTDC_HEADERS=1 -DHAVE_SYS_TYPES_H=1 -DHAVE_SYS_STAT_H=1 -DHAVE_STDLIB_H=1 -DHAVE_STRING_H=1 -DHAVE_MEMORY_H=1 -DHAVE_STRINGS_H=1 -DHAVE_INTTYPES_H=1 -DHAVE_STDINT_H=1 -DHAVE_UNISTD_H=1 -DSIZEOF_VOID_P=8 -DSIZEOF_UNSIGNED_INT=4 -DSIZEOF_UNSIGNED_LONG=8 -DSIZEOF_UNSIGNED_LONG_LONG=8 -DSTDC_HEADERS=1 -DHAVE_SETENV=1 -DHAVE_PUTENV=1 -DHAVE_SYS_MMAN_H=1 -DHAVE_DIRENT_H=1 -DHAVE_LIMITS_H=1 -DHAVE_PATHS_H=1 -DHAVE_VA_COPY=1 -DHAVE___VA_COPY=1 -DFILE_LOCKS=1 -DCALMA_MODULE=1 -DCIF_MODULE=1 -DPLOT_MODULE=1 -DLEF_MODULE=1 -DUSE_READLINE=1 -DHAVE_PTHREADS=1 -DROUTE_MODULE=1 -DEXT2SPICE_AUTO=1 -DEXT2SIM_AUTO=1 -DRSIM_MODULE=1 -DUSE_NEW_MACROS=1 -DVECTOR_FONTS=1 -Dlinux=1 -DSYSV=1 -DISC=1  -DNDEBUG -DGCORE=\"/usr/bin/gcore\" -DSHDLIB_EXT=\"\"  -c SimExtract.c
--- linking libsim.o
rm -f libsim.o
ld -r SimDBstuff.o SimSelect.o SimRsim.o SimExtract.o  -o libsim.o 
make[2]: Leaving directory `/home/tim/gitsrc/magic-8.0/sim'
make[2]: Entering directory `/home/tim/gitsrc/magic-8.0/textio'
--- compiling textio/txCommands.o
rm -f txCommands.o
gcc -g -m64 -fPIC   -I. -I..  -I../readline -DCAD_DIR=\"/tmp/lib\" -DBIN_DIR=\"/tmp/bin\" -DPACKAGE_NAME=\"\" -DPACKAGE_TARNAME=\"\" -DPACKAGE_VERSION=\"\" -DPACKAGE_STRING=\"\" -DPACKAGE_BUGREPORT=\"\" -DMAGIC_VERSION=\"8.0\" -DMAGIC_REVISION=\"100\" -DSTDC_HEADERS=1 -DHAVE_SYS_TYPES_H=1 -DHAVE_SYS_STAT_H=1 -DHAVE_STDLIB_H=1 -DHAVE_STRING_H=1 -DHAVE_MEMORY_H=1 -DHAVE_STRINGS_H=1 -DHAVE_INTTYPES_H=1 -DHAVE_STDINT_H=1 -DHAVE_UNISTD_H=1 -DSIZEOF_VOID_P=8 -DSIZEOF_UNSIGNED_INT=4 -DSIZEOF_UNSIGNED_LONG=8 -DSIZEOF_UNSIGNED_LONG_LONG=8 -DSTDC_HEADERS=1 -DHAVE_SETENV=1 -DHAVE_PUTENV=1 -DHAVE_SYS_MMAN_H=1 -DHAVE_DIRENT_H=1 -DHAVE_LIMITS_H=1 -DHAVE_PATHS_H=1 -DHAVE_VA_COPY=1 -DHAVE___VA_COPY=1 -DFILE_LOCKS=1 -DCALMA_MODULE=1 -DCIF_MODULE=1 -DPLOT_MODULE=1 -DLEF_MODULE=1 -DUSE_READLINE=1 -DHAVE_PTHREADS=1 -DROUTE_MODULE=1 -DEXT2SPICE_AUTO=1 -DEXT2SIM_AUTO=1 -DRSIM_MODULE=1 -DUSE_NEW_MACROS=1 -DVECTOR_FONTS=1 -Dlinux=1 -DSYSV=1 -DISC=1  -DNDEBUG -DGCORE=\"/usr/bin/gcore\" -DSHDLIB_EXT=\"\"  -c txCommands.c
--- compiling textio/txInput.o
rm -f txInput.o
gcc -g -m64 -fPIC   -I. -I..  -I../readline -DCAD_DIR=\"/tmp/lib\" -DBIN_DIR=\"/tmp/bin\" -DPACKAGE_NAME=\"\" -DPACKAGE_TARNAME=\"\" -DPACKAGE_VERSION=\"\" -DPACKAGE_STRING=\"\" -DPACKAGE_BUGREPORT=\"\" -DMAGIC_VERSION=\"8.0\" -DMAGIC_REVISION=\"100\" -DSTDC_HEADERS=1 -DHAVE_SYS_TYPES_H=1 -DHAVE_SYS_STAT_H=1 -DHAVE_STDLIB_H=1 -DHAVE_STRING_H=1 -DHAVE_MEMORY_H=1 -DHAVE_STRINGS_H=1 -DHAVE_INTTYPES_H=1 -DHAVE_STDINT_H=1 -DHAVE_UNISTD_H=1 -DSIZEOF_VOID_P=8 -DSIZEOF_UNSIGNED_INT=4 -DSIZEOF_UNSIGNED_LONG=8 -DSIZEOF_UNSIGNED_LONG_LONG=8 -DSTDC_HEADERS=1 -DHAVE_SETENV=1 -DHAVE_PUTENV=1 -DHAVE_SYS_MMAN_H=1 -DHAVE_DIRENT_H=1 -DHAVE_LIMITS_H=1 -DHAVE_PATHS_H=1 -DHAVE_VA_COPY=1 -DHAVE___VA_COPY=1 -DFILE_LOCKS=1 -DCALMA_MODULE=1 -DCIF_MODULE=1 -DPLOT_MODULE=1 -DLEF_MODULE=1 -DUSE_READLINE=1 -DHAVE_PTHREADS=1 -DROUTE_MODULE=1 -DEXT2SPICE_AUTO=1 -DEXT2SIM_AUTO=1 -DRSIM_MODULE=1 -DUSE_NEW_MACROS=1 -DVECTOR_FONTS=1 -Dlinux=1 -DSYSV=1 -DISC=1  -DNDEBUG -DGCORE=\"/usr/bin/gcore\" -DSHDLIB_EXT=\"\"  -c txInput.c
txInput.c: In function `make_techtype_list':
txInput.c:938: warning: cast to pointer from integer of different size
--- compiling textio/txMain.o
rm -f txMain.o
gcc -g -m64 -fPIC   -I. -I..  -I../readline -DCAD_DIR=\"/tmp/lib\" -DBIN_DIR=\"/tmp/bin\" -DPACKAGE_NAME=\"\" -DPACKAGE_TARNAME=\"\" -DPACKAGE_VERSION=\"\" -DPACKAGE_STRING=\"\" -DPACKAGE_BUGREPORT=\"\" -DMAGIC_VERSION=\"8.0\" -DMAGIC_REVISION=\"100\" -DSTDC_HEADERS=1 -DHAVE_SYS_TYPES_H=1 -DHAVE_SYS_STAT_H=1 -DHAVE_STDLIB_H=1 -DHAVE_STRING_H=1 -DHAVE_MEMORY_H=1 -DHAVE_STRINGS_H=1 -DHAVE_INTTYPES_H=1 -DHAVE_STDINT_H=1 -DHAVE_UNISTD_H=1 -DSIZEOF_VOID_P=8 -DSIZEOF_UNSIGNED_INT=4 -DSIZEOF_UNSIGNED_LONG=8 -DSIZEOF_UNSIGNED_LONG_LONG=8 -DSTDC_HEADERS=1 -DHAVE_SETENV=1 -DHAVE_PUTENV=1 -DHAVE_SYS_MMAN_H=1 -DHAVE_DIRENT_H=1 -DHAVE_LIMITS_H=1 -DHAVE_PATHS_H=1 -DHAVE_VA_COPY=1 -DHAVE___VA_COPY=1 -DFILE_LOCKS=1 -DCALMA_MODULE=1 -DCIF_MODULE=1 -DPLOT_MODULE=1 -DLEF_MODULE=1 -DUSE_READLINE=1 -DHAVE_PTHREADS=1 -DROUTE_MODULE=1 -DEXT2SPICE_AUTO=1 -DEXT2SIM_AUTO=1 -DRSIM_MODULE=1 -DUSE_NEW_MACROS=1 -DVECTOR_FONTS=1 -Dlinux=1 -DSYSV=1 -DISC=1  -DNDEBUG -DGCORE=\"/usr/bin/gcore\" -DSHDLIB_EXT=\"\"  -c txMain.c
txMain.c: In function `TxInitReadline':
txMain.c:134: warning: cast to pointer from integer of different size
txMain.c:144: warning: cast to pointer from integer of different size
txMain.c:159: warning: cast to pointer from integer of different size
--- compiling textio/txMore.o
rm -f txMore.o
gcc -g -m64 -fPIC   -I. -I..  -I../readline -DCAD_DIR=\"/tmp/lib\" -DBIN_DIR=\"/tmp/bin\" -DPACKAGE_NAME=\"\" -DPACKAGE_TARNAME=\"\" -DPACKAGE_VERSION=\"\" -DPACKAGE_STRING=\"\" -DPACKAGE_BUGREPORT=\"\" -DMAGIC_VERSION=\"8.0\" -DMAGIC_REVISION=\"100\" -DSTDC_HEADERS=1 -DHAVE_SYS_TYPES_H=1 -DHAVE_SYS_STAT_H=1 -DHAVE_STDLIB_H=1 -DHAVE_STRING_H=1 -DHAVE_MEMORY_H=1 -DHAVE_STRINGS_H=1 -DHAVE_INTTYPES_H=1 -DHAVE_STDINT_H=1 -DHAVE_UNISTD_H=1 -DSIZEOF_VOID_P=8 -DSIZEOF_UNSIGNED_INT=4 -DSIZEOF_UNSIGNED_LONG=8 -DSIZEOF_UNSIGNED_LONG_LONG=8 -DSTDC_HEADERS=1 -DHAVE_SETENV=1 -DHAVE_PUTENV=1 -DHAVE_SYS_MMAN_H=1 -DHAVE_DIRENT_H=1 -DHAVE_LIMITS_H=1 -DHAVE_PATHS_H=1 -DHAVE_VA_COPY=1 -DHAVE___VA_COPY=1 -DFILE_LOCKS=1 -DCALMA_MODULE=1 -DCIF_MODULE=1 -DPLOT_MODULE=1 -DLEF_MODULE=1 -DUSE_READLINE=1 -DHAVE_PTHREADS=1 -DROUTE_MODULE=1 -DEXT2SPICE_AUTO=1 -DEXT2SIM_AUTO=1 -DRSIM_MODULE=1 -DUSE_NEW_MACROS=1 -DVECTOR_FONTS=1 -Dlinux=1 -DSYSV=1 -DISC=1  -DNDEBUG -DGCORE=\"/usr/bin/gcore\" -DSHDLIB_EXT=\"\"  -c txMore.c
--- compiling textio/txOutput.o
rm -f txOutput.o
gcc -g -m64 -fPIC   -I. -I..  -I../readline -DCAD_DIR=\"/tmp/lib\" -DBIN_DIR=\"/tmp/bin\" -DPACKAGE_NAME=\"\" -DPACKAGE_TARNAME=\"\" -DPACKAGE_VERSION=\"\" -DPACKAGE_STRING=\"\" -DPACKAGE_BUGREPORT=\"\" -DMAGIC_VERSION=\"8.0\" -DMAGIC_REVISION=\"100\" -DSTDC_HEADERS=1 -DHAVE_SYS_TYPES_H=1 -DHAVE_SYS_STAT_H=1 -DHAVE_STDLIB_H=1 -DHAVE_STRING_H=1 -DHAVE_MEMORY_H=1 -DHAVE_STRINGS_H=1 -DHAVE_INTTYPES_H=1 -DHAVE_STDINT_H=1 -DHAVE_UNISTD_H=1 -DSIZEOF_VOID_P=8 -DSIZEOF_UNSIGNED_INT=4 -DSIZEOF_UNSIGNED_LONG=8 -DSIZEOF_UNSIGNED_LONG_LONG=8 -DSTDC_HEADERS=1 -DHAVE_SETENV=1 -DHAVE_PUTENV=1 -DHAVE_SYS_MMAN_H=1 -DHAVE_DIRENT_H=1 -DHAVE_LIMITS_H=1 -DHAVE_PATHS_H=1 -DHAVE_VA_COPY=1 -DHAVE___VA_COPY=1 -DFILE_LOCKS=1 -DCALMA_MODULE=1 -DCIF_MODULE=1 -DPLOT_MODULE=1 -DLEF_MODULE=1 -DUSE_READLINE=1 -DHAVE_PTHREADS=1 -DROUTE_MODULE=1 -DEXT2SPICE_AUTO=1 -DEXT2SIM_AUTO=1 -DRSIM_MODULE=1 -DUSE_NEW_MACROS=1 -DVECTOR_FONTS=1 -Dlinux=1 -DSYSV=1 -DISC=1  -DNDEBUG -DGCORE=\"/usr/bin/gcore\" -DSHDLIB_EXT=\"\"  -c txOutput.c
--- linking libtextio.o
rm -f libtextio.o
ld -r txCommands.o txInput.o txMain.o txMore.o txOutput.o  -o libtextio.o 
make[2]: Leaving directory `/home/tim/gitsrc/magic-8.0/textio'
make[2]: Entering directory `/home/tim/gitsrc/magic-8.0/tiles'
--- compiling tiles/tile.o
rm -f tile.o
gcc -g -m64 -fPIC   -I. -I..  -I../readline -DCAD_DIR=\"/tmp/lib\" -DBIN_DIR=\"/tmp/bin\" -DPACKAGE_NAME=\"\" -DPACKAGE_TARNAME=\"\" -DPACKAGE_VERSION=\"\" -DPACKAGE_STRING=\"\" -DPACKAGE_BUGREPORT=\"\" -DMAGIC_VERSION=\"8.0\" -DMAGIC_REVISION=\"100\" -DSTDC_HEADERS=1 -DHAVE_SYS_TYPES_H=1 -DHAVE_SYS_STAT_H=1 -DHAVE_STDLIB_H=1 -DHAVE_STRING_H=1 -DHAVE_MEMORY_H=1 -DHAVE_STRINGS_H=1 -DHAVE_INTTYPES_H=1 -DHAVE_STDINT_H=1 -DHAVE_UNISTD_H=1 -DSIZEOF_VOID_P=8 -DSIZEOF_UNSIGNED_INT=4 -DSIZEOF_UNSIGNED_LONG=8 -DSIZEOF_UNSIGNED_LONG_LONG=8 -DSTDC_HEADERS=1 -DHAVE_SETENV=1 -DHAVE_PUTENV=1 -DHAVE_SYS_MMAN_H=1 -DHAVE_DIRENT_H=1 -DHAVE_LIMITS_H=1 -DHAVE_PATHS_H=1 -DHAVE_VA_COPY=1 -DHAVE___VA_COPY=1 -DFILE_LOCKS=1 -DCALMA_MODULE=1 -DCIF_MODULE=1 -DPLOT_MODULE=1 -DLEF_MODULE=1 -DUSE_READLINE=1 -DHAVE_PTHREADS=1 -DROUTE_MODULE=1 -DEXT2SPICE_AUTO=1 -DEXT2SIM_AUTO=1 -DRSIM_MODULE=1 -DUSE_NEW_MACROS=1 -DVECTOR_FONTS=1 -Dlinux=1 -DSYSV=1 -DISC=1  -DNDEBUG -DGCORE=\"/usr/bin/gcore\" -DSHDLIB_EXT=\"\"  -c tile.c
--- compiling tiles/search.o
rm -f search.o
gcc -g -m64 -fPIC   -I. -I..  -I../readline -DCAD_DIR=\"/tmp/lib\" -DBIN_DIR=\"/tmp/bin\" -DPACKAGE_NAME=\"\" -DPACKAGE_TARNAME=\"\" -DPACKAGE_VERSION=\"\" -DPACKAGE_STRING=\"\" -DPACKAGE_BUGREPORT=\"\" -DMAGIC_VERSION=\"8.0\" -DMAGIC_REVISION=\"100\" -DSTDC_HEADERS=1 -DHAVE_SYS_TYPES_H=1 -DHAVE_SYS_STAT_H=1 -DHAVE_STDLIB_H=1 -DHAVE_STRING_H=1 -DHAVE_MEMORY_H=1 -DHAVE_STRINGS_H=1 -DHAVE_INTTYPES_H=1 -DHAVE_STDINT_H=1 -DHAVE_UNISTD_H=1 -DSIZEOF_VOID_P=8 -DSIZEOF_UNSIGNED_INT=4 -DSIZEOF_UNSIGNED_LONG=8 -DSIZEOF_UNSIGNED_LONG_LONG=8 -DSTDC_HEADERS=1 -DHAVE_SETENV=1 -DHAVE_PUTENV=1 -DHAVE_SYS_MMAN_H=1 -DHAVE_DIRENT_H=1 -DHAVE_LIMITS_H=1 -DHAVE_PATHS_H=1 -DHAVE_VA_COPY=1 -DHAVE___VA_COPY=1 -DFILE_LOCKS=1 -DCALMA_MODULE=1 -DCIF_MODULE=1 -DPLOT_MODULE=1 -DLEF_MODULE=1 -DUSE_READLINE=1 -DHAVE_PTHREADS=1 -DROUTE_MODULE=1 -DEXT2SPICE_AUTO=1 -DEXT2SIM_AUTO=1 -DRSIM_MODULE=1 -DUSE_NEW_MACROS=1 -DVECTOR_FONTS=1 -Dlinux=1 -DSYSV=1 -DISC=1  -DNDEBUG -DGCORE=\"/usr/bin/gcore\" -DSHDLIB_EXT=\"\"  -c search.c
--- compiling tiles/search2.o
rm -f search2.o
gcc -g -m64 -fPIC   -I. -I..  -I../readline -DCAD_DIR=\"/tmp/lib\" -DBIN_DIR=\"/tmp/bin\" -DPACKAGE_NAME=\"\" -DPACKAGE_TARNAME=\"\" -DPACKAGE_VERSION=\"\" -DPACKAGE_STRING=\"\" -DPACKAGE_BUGREPORT=\"\" -DMAGIC_VERSION=\"8.0\" -DMAGIC_REVISION=\"100\" -DSTDC_HEADERS=1 -DHAVE_SYS_TYPES_H=1 -DHAVE_SYS_STAT_H=1 -DHAVE_STDLIB_H=1 -DHAVE_STRING_H=1 -DHAVE_MEMORY_H=1 -DHAVE_STRINGS_H=1 -DHAVE_INTTYPES_H=1 -DHAVE_STDINT_H=1 -DHAVE_UNISTD_H=1 -DSIZEOF_VOID_P=8 -DSIZEOF_UNSIGNED_INT=4 -DSIZEOF_UNSIGNED_LONG=8 -DSIZEOF_UNSIGNED_LONG_LONG=8 -DSTDC_HEADERS=1 -DHAVE_SETENV=1 -DHAVE_PUTENV=1 -DHAVE_SYS_MMAN_H=1 -DHAVE_DIRENT_H=1 -DHAVE_LIMITS_H=1 -DHAVE_PATHS_H=1 -DHAVE_VA_COPY=1 -DHAVE___VA_COPY=1 -DFILE_LOCKS=1 -DCALMA_MODULE=1 -DCIF_MODULE=1 -DPLOT_MODULE=1 -DLEF_MODULE=1 -DUSE_READLINE=1 -DHAVE_PTHREADS=1 -DROUTE_MODULE=1 -DEXT2SPICE_AUTO=1 -DEXT2SIM_AUTO=1 -DRSIM_MODULE=1 -DUSE_NEW_MACROS=1 -DVECTOR_FONTS=1 -Dlinux=1 -DSYSV=1 -DISC=1  -DNDEBUG -DGCORE=\"/usr/bin/gcore\" -DSHDLIB_EXT=\"\"  -c search2.c
--- linking libtiles.o
rm -f libtiles.o
ld -r tile.o search.o search2.o  -o libtiles.o 
make[2]: Leaving directory `/home/tim/gitsrc/magic-8.0/tiles'
make[2]: Entering directory `/home/tim/gitsrc/magic-8.0/utils'
--- compiling utils/args.o
rm -f args.o
gcc -g -m64 -fPIC   -I/usr/X11R6/include  -I. -I..  -I../readline -DCAD_DIR=\"/tmp/lib\" -DBIN_DIR=\"/tmp/bin\" -DPACKAGE_NAME=\"\" -DPACKAGE_TARNAME=\"\" -DPACKAGE_VERSION=\"\" -DPACKAGE_STRING=\"\" -DPACKAGE_BUGREPORT=\"\" -DMAGIC_VERSION=\"8.0\" -DMAGIC_REVISION=\"100\" -DSTDC_HEADERS=1 -DHAVE_SYS_TYPES_H=1 -DHAVE_SYS_STAT_H=1 -DHAVE_STDLIB_H=1 -DHAVE_STRING_H=1 -DHAVE_MEMORY_H=1 -DHAVE_STRINGS_H=1 -DHAVE_INTTYPES_H=1 -DHAVE_STDINT_H=1 -DHAVE_UNISTD_H=1 -DSIZEOF_VOID_P=8 -DSIZEOF_UNSIGNED_INT=4 -DSIZEOF_UNSIGNED_LONG=8 -DSIZEOF_UNSIGNED_LONG_LONG=8 -DSTDC_HEADERS=1 -DHAVE_SETENV=1 -DHAVE_PUTENV=1 -DHAVE_SYS_MMAN_H=1 -DHAVE_DIRENT_H=1 -DHAVE_LIMITS_H=1 -DHAVE_PATHS_H=1 -DHAVE_VA_COPY=1 -DHAVE___VA_COPY=1 -DFILE_LOCKS=1 -DCALMA_MODULE=1 -DCIF_MODULE=1 -DPLOT_MODULE=1 -DLEF_MODULE=1 -DUSE_READLINE=1 -DHAVE_PTHREADS=1 -DROUTE_MODULE=1 -DEXT2SPICE_AUTO=1 -DEXT2SIM_AUTO=1 -DRSIM_MODULE=1 -DUSE_NEW_MACROS=1 -DVECTOR_FONTS=1 -Dlinux=1 -DSYSV=1 -DISC=1  -DNDEBUG -DGCORE=\"/usr/bin/gcore\" -DSHDLIB_EXT=\"\" -DX11 -DXLIB -DNDEBUG  -c args.c
--- compiling utils/child.o
rm -f child.o
gcc -g -m64 -fPIC   -I/usr/X11R6/include  -I. -I..  -I../readline -DCAD_DIR=\"/tmp/lib\" -DBIN_DIR=\"/tmp/bin\" -DPACKAGE_NAME=\"\" -DPACKAGE_TARNAME=\"\" -DPACKAGE_VERSION=\"\" -DPACKAGE_STRING=\"\" -DPACKAGE_BUGREPORT=\"\" -DMAGIC_VERSION=\"8.0\" -DMAGIC_REVISION=\"100\" -DSTDC_HEADERS=1 -DHAVE_SYS_TYPES_H=1 -DHAVE_SYS_STAT_H=1 -DHAVE_STDLIB_H=1 -DHAVE_STRING_H=1 -DHAVE_MEMORY_H=1 -DHAVE_STRINGS_H=1 -DHAVE_INTTYPES_H=1 -DHAVE_STDINT_H=1 -DHAVE_UNISTD_H=1 -DSIZEOF_VOID_P=8 -DSIZEOF_UNSIGNED_INT=4 -DSIZEOF_UNSIGNED_LONG=8 -DSIZEOF_UNSIGNED_LONG_LONG=8 -DSTDC_HEADERS=1 -DHAVE_SETENV=1 -DHAVE_PUTENV=1 -DHAVE_SYS_MMAN_H=1 -DHAVE_DIRENT_H=1 -DHAVE_LIMITS_H=1 -DHAVE_PATHS_H=1 -DHAVE_VA_COPY=1 -DHAVE___VA_COPY=1 -DFILE_LOCKS=1 -DCALMA_MODULE=1 -DCIF_MODULE=1 -DPLOT_MODULE=1 -DLEF_MODULE=1 -DUSE_READLINE=1 -DHAVE_PTHREADS=1 -DROUTE_MODULE=1 -DEXT2SPICE_AUTO=1 -DEXT2SIM_AUTO=1 -DRSIM_MODULE=1 -DUSE_NEW_MACROS=1 -DVECTOR_FONTS=1 -Dlinux=1 -DSYSV=1 -DISC=1  -DNDEBUG -DGCORE=\"/usr/bin/gcore\" -DSHDLIB_EXT=\"\" -DX11 -DXLIB -DNDEBUG  -c child.c
--- compiling utils/dqueue.o
rm -f dqueue.o
gcc -g -m64 -fPIC   -I/usr/X11R6/include  -I. -I..  -I../readline -DCAD_DIR=\"/tmp/lib\" -DBIN_DIR=\"/tmp/bin\" -DPACKAGE_NAME=\"\" -DPACKAGE_TARNAME=\"\" -DPACKAGE_VERSION=\"\" -DPACKAGE_STRING=\"\" -DPACKAGE_BUGREPORT=\"\" -DMAGIC_VERSION=\"8.0\" -DMAGIC_REVISION=\"100\" -DSTDC_HEADERS=1 -DHAVE_SYS_TYPES_H=1 -DHAVE_SYS_STAT_H=1 -DHAVE_STDLIB_H=1 -DHAVE_STRING_H=1 -DHAVE_MEMORY_H=1 -DHAVE_STRINGS_H=1 -DHAVE_INTTYPES_H=1 -DHAVE_STDINT_H=1 -DHAVE_UNISTD_H=1 -DSIZEOF_VOID_P=8 -DSIZEOF_UNSIGNED_INT=4 -DSIZEOF_UNSIGNED_LONG=8 -DSIZEOF_UNSIGNED_LONG_LONG=8 -DSTDC_HEADERS=1 -DHAVE_SETENV=1 -DHAVE_PUTENV=1 -DHAVE_SYS_MMAN_H=1 -DHAVE_DIRENT_H=1 -DHAVE_LIMITS_H=1 -DHAVE_PATHS_H=1 -DHAVE_VA_COPY=1 -DHAVE___VA_COPY=1 -DFILE_LOCKS=1 -DCALMA_MODULE=1 -DCIF_MODULE=1 -DPLOT_MODULE=1 -DLEF_MODULE=1 -DUSE_READLINE=1 -DHAVE_PTHREADS=1 -DROUTE_MODULE=1 -DEXT2SPICE_AUTO=1 -DEXT2SIM_AUTO=1 -DRSIM_MODULE=1 -DUSE_NEW_MACROS=1 -DVECTOR_FONTS=1 -Dlinux=1 -DSYSV=1 -DISC=1  -DNDEBUG -DGCORE=\"/usr/bin/gcore\" -DSHDLIB_EXT=\"\" -DX11 -DXLIB -DNDEBUG  -c dqueue.c
--- compiling utils/finddisp.o
rm -f finddisp.o
gcc -g -m64 -fPIC   -I/usr/X11R6/include  -I. -I..  -I../readline -DCAD_DIR=\"/tmp/lib\" -DBIN_DIR=\"/tmp/bin\" -DPACKAGE_NAME=\"\" -DPACKAGE_TARNAME=\"\" -DPACKAGE_VERSION=\"\" -DPACKAGE_STRING=\"\" -DPACKAGE_BUGREPORT=\"\" -DMAGIC_VERSION=\"8.0\" -DMAGIC_REVISION=\"100\" -DSTDC_HEADERS=1 -DHAVE_SYS_TYPES_H=1 -DHAVE_SYS_STAT_H=1 -DHAVE_STDLIB_H=1 -DHAVE_STRING_H=1 -DHAVE_MEMORY_H=1 -DHAVE_STRINGS_H=1 -DHAVE_INTTYPES_H=1 -DHAVE_STDINT_H=1 -DHAVE_UNISTD_H=1 -DSIZEOF_VOID_P=8 -DSIZEOF_UNSIGNED_INT=4 -DSIZEOF_UNSIGNED_LONG=8 -DSIZEOF_UNSIGNED_LONG_LONG=8 -DSTDC_HEADERS=1 -DHAVE_SETENV=1 -DHAVE_PUTENV=1 -DHAVE_SYS_MMAN_H=1 -DHAVE_DIRENT_H=1 -DHAVE_LIMITS_H=1 -DHAVE_PATHS_H=1 -DHAVE_VA_COPY=1 -DHAVE___VA_COPY=1 -DFILE_LOCKS=1 -DCALMA_MODULE=1 -DCIF_MODULE=1 -DPLOT_MODULE=1 -DLEF_MODULE=1 -DUSE_READLINE=1 -DHAVE_PTHREADS=1 -DROUTE_MODULE=1 -DEXT2SPICE_AUTO=1 -DEXT2SIM_AUTO=1 -DRSIM_MODULE=1 -DUSE_NEW_MACROS=1 -DVECTOR_FONTS=1 -Dlinux=1 -DSYSV=1 -DISC=1  -DNDEBUG -DGCORE=\"/usr/bin/gcore\" -DSHDLIB_EXT=\"\" -DX11 -DXLIB -DNDEBUG  -c finddisp.c
--- compiling utils/flock.o
rm -f flock.o
gcc -g -m64 -fPIC   -I/usr/X11R6/include  -I. -I..  -I../readline -DCAD_DIR=\"/tmp/lib\" -DBIN_DIR=\"/tmp/bin\" -DPACKAGE_NAME=\"\" -DPACKAGE_TARNAME=\"\" -DPACKAGE_VERSION=\"\" -DPACKAGE_STRING=\"\" -DPACKAGE_BUGREPORT=\"\" -DMAGIC_VERSION=\"8.0\" -DMAGIC_REVISION=\"100\" -DSTDC_HEADERS=1 -DHAVE_SYS_TYPES_H=1 -DHAVE_SYS_STAT_H=1 -DHAVE_STDLIB_H=1 -DHAVE_STRING_H=1 -DHAVE_MEMORY_H=1 -DHAVE_STRINGS_H=1 -DHAVE_INTTYPES_H=1 -DHAVE_STDINT_H=1 -DHAVE_UNISTD_H=1 -DSIZEOF_VOID_P=8 -DSIZEOF_UNSIGNED_INT=4 -DSIZEOF_UNSIGNED_LONG=8 -DSIZEOF_UNSIGNED_LONG_LONG=8 -DSTDC_HEADERS=1 -DHAVE_SETENV=1 -DHAVE_PUTENV=1 -DHAVE_SYS_MMAN_H=1 -DHAVE_DIRENT_H=1 -DHAVE_LIMITS_H=1 -DHAVE_PATHS_H=1 -DHAVE_VA_COPY=1 -DHAVE___VA_COPY=1 -DFILE_LOCKS=1 -DCALMA_MODULE=1 -DCIF_MODULE=1 -DPLOT_MODULE=1 -DLEF_MODULE=1 -DUSE_READLINE=1 -DHAVE_PTHREADS=1 -DROUTE_MODULE=1 -DEXT2SPICE_AUTO=1 -DEXT2SIM_AUTO=1 -DRSIM_MODULE=1 -DUSE_NEW_MACROS=1 -DVECTOR_FONTS=1 -Dlinux=1 -DSYSV=1 -DISC=1  -DNDEBUG -DGCORE=\"/usr/bin/gcore\" -DSHDLIB_EXT=\"\" -DX11 -DXLIB -DNDEBUG  -c flock.c
--- compiling utils/flsbuf.o
rm -f flsbuf.o
gcc -g -m64 -fPIC   -I/usr/X11R6/include  -I. -I..  -I../readline -DCAD_DIR=\"/tmp/lib\" -DBIN_DIR=\"/tmp/bin\" -DPACKAGE_NAME=\"\" -DPACKAGE_TARNAME=\"\" -DPACKAGE_VERSION=\"\" -DPACKAGE_STRING=\"\" -DPACKAGE_BUGREPORT=\"\" -DMAGIC_VERSION=\"8.0\" -DMAGIC_REVISION=\"100\" -DSTDC_HEADERS=1 -DHAVE_SYS_TYPES_H=1 -DHAVE_SYS_STAT_H=1 -DHAVE_STDLIB_H=1 -DHAVE_STRING_H=1 -DHAVE_MEMORY_H=1 -DHAVE_STRINGS_H=1 -DHAVE_INTTYPES_H=1 -DHAVE_STDINT_H=1 -DHAVE_UNISTD_H=1 -DSIZEOF_VOID_P=8 -DSIZEOF_UNSIGNED_INT=4 -DSIZEOF_UNSIGNED_LONG=8 -DSIZEOF_UNSIGNED_LONG_LONG=8 -DSTDC_HEADERS=1 -DHAVE_SETENV=1 -DHAVE_PUTENV=1 -DHAVE_SYS_MMAN_H=1 -DHAVE_DIRENT_H=1 -DHAVE_LIMITS_H=1 -DHAVE_PATHS_H=1 -DHAVE_VA_COPY=1 -DHAVE___VA_COPY=1 -DFILE_LOCKS=1 -DCALMA_MODULE=1 -DCIF_MODULE=1 -DPLOT_MODULE=1 -DLEF_MODULE=1 -DUSE_READLINE=1 -DHAVE_PTHREADS=1 -DROUTE_MODULE=1 -DEXT2SPICE_AUTO=1 -DEXT2SIM_AUTO=1 -DRSIM_MODULE=1 -DUSE_NEW_MACROS=1 -DVECTOR_FONTS=1 -Dlinux=1 -DSYSV=1 -DISC=1  -DNDEBUG -DGCORE=\"/usr/bin/gcore\" -DSHDLIB_EXT=\"\" -DX11 -DXLIB -DNDEBUG  -c flsbuf.c
--- compiling utils/fraction.o
rm -f fraction.o
gcc -g -m64 -fPIC   -I/usr/X11R6/include  -I. -I..  -I../readline -DCAD_DIR=\"/tmp/lib\" -DBIN_DIR=\"/tmp/bin\" -DPACKAGE_NAME=\"\" -DPACKAGE_TARNAME=\"\" -DPACKAGE_VERSION=\"\" -DPACKAGE_STRING=\"\" -DPACKAGE_BUGREPORT=\"\" -DMAGIC_VERSION=\"8.0\" -DMAGIC_REVISION=\"100\" -DSTDC_HEADERS=1 -DHAVE_SYS_TYPES_H=1 -DHAVE_SYS_STAT_H=1 -DHAVE_STDLIB_H=1 -DHAVE_STRING_H=1 -DHAVE_MEMORY_H=1 -DHAVE_STRINGS_H=1 -DHAVE_INTTYPES_H=1 -DHAVE_STDINT_H=1 -DHAVE_UNISTD_H=1 -DSIZEOF_VOID_P=8 -DSIZEOF_UNSIGNED_INT=4 -DSIZEOF_UNSIGNED_LONG=8 -DSIZEOF_UNSIGNED_LONG_LONG=8 -DSTDC_HEADERS=1 -DHAVE_SETENV=1 -DHAVE_PUTENV=1 -DHAVE_SYS_MMAN_H=1 -DHAVE_DIRENT_H=1 -DHAVE_LIMITS_H=1 -DHAVE_PATHS_H=1 -DHAVE_VA_COPY=1 -DHAVE___VA_COPY=1 -DFILE_LOCKS=1 -DCALMA_MODULE=1 -DCIF_MODULE=1 -DPLOT_MODULE=1 -DLEF_MODULE=1 -DUSE_READLINE=1 -DHAVE_PTHREADS=1 -DROUTE_MODULE=1 -DEXT2SPICE_AUTO=1 -DEXT2SIM_AUTO=1 -DRSIM_MODULE=1 -DUSE_NEW_MACROS=1 -DVECTOR_FONTS=1 -Dlinux=1 -DSYSV=1 -DISC=1  -DNDEBUG -DGCORE=\"/usr/bin/gcore\" -DSHDLIB_EXT=\"\" -DX11 -DXLIB -DNDEBUG  -c fraction.c
--- compiling utils/geometry.o
rm -f geometry.o
gcc -g -m64 -fPIC   -I/usr/X11R6/include  -I. -I..  -I../readline -DCAD_DIR=\"/tmp/lib\" -DBIN_DIR=\"/tmp/bin\" -DPACKAGE_NAME=\"\" -DPACKAGE_TARNAME=\"\" -DPACKAGE_VERSION=\"\" -DPACKAGE_STRING=\"\" -DPACKAGE_BUGREPORT=\"\" -DMAGIC_VERSION=\"8.0\" -DMAGIC_REVISION=\"100\" -DSTDC_HEADERS=1 -DHAVE_SYS_TYPES_H=1 -DHAVE_SYS_STAT_H=1 -DHAVE_STDLIB_H=1 -DHAVE_STRING_H=1 -DHAVE_MEMORY_H=1 -DHAVE_STRINGS_H=1 -DHAVE_INTTYPES_H=1 -DHAVE_STDINT_H=1 -DHAVE_UNISTD_H=1 -DSIZEOF_VOID_P=8 -DSIZEOF_UNSIGNED_INT=4 -DSIZEOF_UNSIGNED_LONG=8 -DSIZEOF_UNSIGNED_LONG_LONG=8 -DSTDC_HEADERS=1 -DHAVE_SETENV=1 -DHAVE_PUTENV=1 -DHAVE_SYS_MMAN_H=1 -DHAVE_DIRENT_H=1 -DHAVE_LIMITS_H=1 -DHAVE_PATHS_H=1 -DHAVE_VA_COPY=1 -DHAVE___VA_COPY=1 -DFILE_LOCKS=1 -DCALMA_MODULE=1 -DCIF_MODULE=1 -DPLOT_MODULE=1 -DLEF_MODULE=1 -DUSE_READLINE=1 -DHAVE_PTHREADS=1 -DROUTE_MODULE=1 -DEXT2SPICE_AUTO=1 -DEXT2SIM_AUTO=1 -DRSIM_MODULE=1 -DUSE_NEW_MACROS=1 -DVECTOR_FONTS=1 -Dlinux=1 -DSYSV=1 -DISC=1  -DNDEBUG -DGCORE=\"/usr/bin/gcore\" -DSHDLIB_EXT=\"\" -DX11 -DXLIB -DNDEBUG  -c geometry.c
--- compiling utils/getrect.o
rm -f getrect.o
gcc -g -m64 -fPIC   -I/usr/X11R6/include  -I. -I..  -I../readline -DCAD_DIR=\"/tmp/lib\" -DBIN_DIR=\"/tmp/bin\" -DPACKAGE_NAME=\"\" -DPACKAGE_TARNAME=\"\" -DPACKAGE_VERSION=\"\" -DPACKAGE_STRING=\"\" -DPACKAGE_BUGREPORT=\"\" -DMAGIC_VERSION=\"8.0\" -DMAGIC_REVISION=\"100\" -DSTDC_HEADERS=1 -DHAVE_SYS_TYPES_H=1 -DHAVE_SYS_STAT_H=1 -DHAVE_STDLIB_H=1 -DHAVE_STRING_H=1 -DHAVE_MEMORY_H=1 -DHAVE_STRINGS_H=1 -DHAVE_INTTYPES_H=1 -DHAVE_STDINT_H=1 -DHAVE_UNISTD_H=1 -DSIZEOF_VOID_P=8 -DSIZEOF_UNSIGNED_INT=4 -DSIZEOF_UNSIGNED_LONG=8 -DSIZEOF_UNSIGNED_LONG_LONG=8 -DSTDC_HEADERS=1 -DHAVE_SETENV=1 -DHAVE_PUTENV=1 -DHAVE_SYS_MMAN_H=1 -DHAVE_DIRENT_H=1 -DHAVE_LIMITS_H=1 -DHAVE_PATHS_H=1 -DHAVE_VA_COPY=1 -DHAVE___VA_COPY=1 -DFILE_LOCKS=1 -DCALMA_MODULE=1 -DCIF_MODULE=1 -DPLOT_MODULE=1 -DLEF_MODULE=1 -DUSE_READLINE=1 -DHAVE_PTHREADS=1 -DROUTE_MODULE=1 -DEXT2SPICE_AUTO=1 -DEXT2SIM_AUTO=1 -DRSIM_MODULE=1 -DUSE_NEW_MACROS=1 -DVECTOR_FONTS=1 -Dlinux=1 -DSYSV=1 -DISC=1  -DNDEBUG -DGCORE=\"/usr/bin/gcore\" -DSHDLIB_EXT=\"\" -DX11 -DXLIB -DNDEBUG  -c getrect.c
--- compiling utils/hash.o
rm -f hash.o
gcc -g -m64 -fPIC   -I/usr/X11R6/include  -I. -I..  -I../readline -DCAD_DIR=\"/tmp/lib\" -DBIN_DIR=\"/tmp/bin\" -DPACKAGE_NAME=\"\" -DPACKAGE_TARNAME=\"\" -DPACKAGE_VERSION=\"\" -DPACKAGE_STRING=\"\" -DPACKAGE_BUGREPORT=\"\" -DMAGIC_VERSION=\"8.0\" -DMAGIC_REVISION=\"100\" -DSTDC_HEADERS=1 -DHAVE_SYS_TYPES_H=1 -DHAVE_SYS_STAT_H=1 -DHAVE_STDLIB_H=1 -DHAVE_STRING_H=1 -DHAVE_MEMORY_H=1 -DHAVE_STRINGS_H=1 -DHAVE_INTTYPES_H=1 -DHAVE_STDINT_H=1 -DHAVE_UNISTD_H=1 -DSIZEOF_VOID_P=8 -DSIZEOF_UNSIGNED_INT=4 -DSIZEOF_UNSIGNED_LONG=8 -DSIZEOF_UNSIGNED_LONG_LONG=8 -DSTDC_HEADERS=1 -DHAVE_SETENV=1 -DHAVE_PUTENV=1 -DHAVE_SYS_MMAN_H=1 -DHAVE_DIRENT_H=1 -DHAVE_LIMITS_H=1 -DHAVE_PATHS_H=1 -DHAVE_VA_COPY=1 -DHAVE___VA_COPY=1 -DFILE_LOCKS=1 -DCALMA_MODULE=1 -DCIF_MODULE=1 -DPLOT_MODULE=1 -DLEF_MODULE=1 -DUSE_READLINE=1 -DHAVE_PTHREADS=1 -DROUTE_MODULE=1 -DEXT2SPICE_AUTO=1 -DEXT2SIM_AUTO=1 -DRSIM_MODULE=1 -DUSE_NEW_MACROS=1 -DVECTOR_FONTS=1 -Dlinux=1 -DSYSV=1 -DISC=1  -DNDEBUG -DGCORE=\"/usr/bin/gcore\" -DSHDLIB_EXT=\"\" -DX11 -DXLIB -DNDEBUG  -c hash.c
--- compiling utils/heap.o
rm -f heap.o
gcc -g -m64 -fPIC   -I/usr/X11R6/include  -I. -I..  -I../readline -DCAD_DIR=\"/tmp/lib\" -DBIN_DIR=\"/tmp/bin\" -DPACKAGE_NAME=\"\" -DPACKAGE_TARNAME=\"\" -DPACKAGE_VERSION=\"\" -DPACKAGE_STRING=\"\" -DPACKAGE_BUGREPORT=\"\" -DMAGIC_VERSION=\"8.0\" -DMAGIC_REVISION=\"100\" -DSTDC_HEADERS=1 -DHAVE_SYS_TYPES_H=1 -DHAVE_SYS_STAT_H=1 -DHAVE_STDLIB_H=1 -DHAVE_STRING_H=1 -DHAVE_MEMORY_H=1 -DHAVE_STRINGS_H=1 -DHAVE_INTTYPES_H=1 -DHAVE_STDINT_H=1 -DHAVE_UNISTD_H=1 -DSIZEOF_VOID_P=8 -DSIZEOF_UNSIGNED_INT=4 -DSIZEOF_UNSIGNED_LONG=8 -DSIZEOF_UNSIGNED_LONG_LONG=8 -DSTDC_HEADERS=1 -DHAVE_SETENV=1 -DHAVE_PUTENV=1 -DHAVE_SYS_MMAN_H=1 -DHAVE_DIRENT_H=1 -DHAVE_LIMITS_H=1 -DHAVE_PATHS_H=1 -DHAVE_VA_COPY=1 -DHAVE___VA_COPY=1 -DFILE_LOCKS=1 -DCALMA_MODULE=1 -DCIF_MODULE=1 -DPLOT_MODULE=1 -DLEF_MODULE=1 -DUSE_READLINE=1 -DHAVE_PTHREADS=1 -DROUTE_MODULE=1 -DEXT2SPICE_AUTO=1 -DEXT2SIM_AUTO=1 -DRSIM_MODULE=1 -DUSE_NEW_MACROS=1 -DVECTOR_FONTS=1 -Dlinux=1 -DSYSV=1 -DISC=1  -DNDEBUG -DGCORE=\"/usr/bin/gcore\" -DSHDLIB_EXT=\"\" -DX11 -DXLIB -DNDEBUG  -c heap.c
--- compiling utils/list.o
rm -f list.o
gcc -g -m64 -fPIC   -I/usr/X11R6/include  -I. -I..  -I../readline -DCAD_DIR=\"/tmp/lib\" -DBIN_DIR=\"/tmp/bin\" -DPACKAGE_NAME=\"\" -DPACKAGE_TARNAME=\"\" -DPACKAGE_VERSION=\"\" -DPACKAGE_STRING=\"\" -DPACKAGE_BUGREPORT=\"\" -DMAGIC_VERSION=\"8.0\" -DMAGIC_REVISION=\"100\" -DSTDC_HEADERS=1 -DHAVE_SYS_TYPES_H=1 -DHAVE_SYS_STAT_H=1 -DHAVE_STDLIB_H=1 -DHAVE_STRING_H=1 -DHAVE_MEMORY_H=1 -DHAVE_STRINGS_H=1 -DHAVE_INTTYPES_H=1 -DHAVE_STDINT_H=1 -DHAVE_UNISTD_H=1 -DSIZEOF_VOID_P=8 -DSIZEOF_UNSIGNED_INT=4 -DSIZEOF_UNSIGNED_LONG=8 -DSIZEOF_UNSIGNED_LONG_LONG=8 -DSTDC_HEADERS=1 -DHAVE_SETENV=1 -DHAVE_PUTENV=1 -DHAVE_SYS_MMAN_H=1 -DHAVE_DIRENT_H=1 -DHAVE_LIMITS_H=1 -DHAVE_PATHS_H=1 -DHAVE_VA_COPY=1 -DHAVE___VA_COPY=1 -DFILE_LOCKS=1 -DCALMA_MODULE=1 -DCIF_MODULE=1 -DPLOT_MODULE=1 -DLEF_MODULE=1 -DUSE_READLINE=1 -DHAVE_PTHREADS=1 -DROUTE_MODULE=1 -DEXT2SPICE_AUTO=1 -DEXT2SIM_AUTO=1 -DRSIM_MODULE=1 -DUSE_NEW_MACROS=1 -DVECTOR_FONTS=1 -Dlinux=1 -DSYSV=1 -DISC=1  -DNDEBUG -DGCORE=\"/usr/bin/gcore\" -DSHDLIB_EXT=\"\" -DX11 -DXLIB -DNDEBUG  -c list.c
--- compiling utils/lookup.o
rm -f lookup.o
gcc -g -m64 -fPIC   -I/usr/X11R6/include  -I. -I..  -I../readline -DCAD_DIR=\"/tmp/lib\" -DBIN_DIR=\"/tmp/bin\" -DPACKAGE_NAME=\"\" -DPACKAGE_TARNAME=\"\" -DPACKAGE_VERSION=\"\" -DPACKAGE_STRING=\"\" -DPACKAGE_BUGREPORT=\"\" -DMAGIC_VERSION=\"8.0\" -DMAGIC_REVISION=\"100\" -DSTDC_HEADERS=1 -DHAVE_SYS_TYPES_H=1 -DHAVE_SYS_STAT_H=1 -DHAVE_STDLIB_H=1 -DHAVE_STRING_H=1 -DHAVE_MEMORY_H=1 -DHAVE_STRINGS_H=1 -DHAVE_INTTYPES_H=1 -DHAVE_STDINT_H=1 -DHAVE_UNISTD_H=1 -DSIZEOF_VOID_P=8 -DSIZEOF_UNSIGNED_INT=4 -DSIZEOF_UNSIGNED_LONG=8 -DSIZEOF_UNSIGNED_LONG_LONG=8 -DSTDC_HEADERS=1 -DHAVE_SETENV=1 -DHAVE_PUTENV=1 -DHAVE_SYS_MMAN_H=1 -DHAVE_DIRENT_H=1 -DHAVE_LIMITS_H=1 -DHAVE_PATHS_H=1 -DHAVE_VA_COPY=1 -DHAVE___VA_COPY=1 -DFILE_LOCKS=1 -DCALMA_MODULE=1 -DCIF_MODULE=1 -DPLOT_MODULE=1 -DLEF_MODULE=1 -DUSE_READLINE=1 -DHAVE_PTHREADS=1 -DROUTE_MODULE=1 -DEXT2SPICE_AUTO=1 -DEXT2SIM_AUTO=1 -DRSIM_MODULE=1 -DUSE_NEW_MACROS=1 -DVECTOR_FONTS=1 -Dlinux=1 -DSYSV=1 -DISC=1  -DNDEBUG -DGCORE=\"/usr/bin/gcore\" -DSHDLIB_EXT=\"\" -DX11 -DXLIB -DNDEBUG  -c lookup.c
--- compiling utils/lookupany.o
rm -f lookupany.o
gcc -g -m64 -fPIC   -I/usr/X11R6/include  -I. -I..  -I../readline -DCAD_DIR=\"/tmp/lib\" -DBIN_DIR=\"/tmp/bin\" -DPACKAGE_NAME=\"\" -DPACKAGE_TARNAME=\"\" -DPACKAGE_VERSION=\"\" -DPACKAGE_STRING=\"\" -DPACKAGE_BUGREPORT=\"\" -DMAGIC_VERSION=\"8.0\" -DMAGIC_REVISION=\"100\" -DSTDC_HEADERS=1 -DHAVE_SYS_TYPES_H=1 -DHAVE_SYS_STAT_H=1 -DHAVE_STDLIB_H=1 -DHAVE_STRING_H=1 -DHAVE_MEMORY_H=1 -DHAVE_STRINGS_H=1 -DHAVE_INTTYPES_H=1 -DHAVE_STDINT_H=1 -DHAVE_UNISTD_H=1 -DSIZEOF_VOID_P=8 -DSIZEOF_UNSIGNED_INT=4 -DSIZEOF_UNSIGNED_LONG=8 -DSIZEOF_UNSIGNED_LONG_LONG=8 -DSTDC_HEADERS=1 -DHAVE_SETENV=1 -DHAVE_PUTENV=1 -DHAVE_SYS_MMAN_H=1 -DHAVE_DIRENT_H=1 -DHAVE_LIMITS_H=1 -DHAVE_PATHS_H=1 -DHAVE_VA_COPY=1 -DHAVE___VA_COPY=1 -DFILE_LOCKS=1 -DCALMA_MODULE=1 -DCIF_MODULE=1 -DPLOT_MODULE=1 -DLEF_MODULE=1 -DUSE_READLINE=1 -DHAVE_PTHREADS=1 -DROUTE_MODULE=1 -DEXT2SPICE_AUTO=1 -DEXT2SIM_AUTO=1 -DRSIM_MODULE=1 -DUSE_NEW_MACROS=1 -DVECTOR_FONTS=1 -Dlinux=1 -DSYSV=1 -DISC=1  -DNDEBUG -DGCORE=\"/usr/bin/gcore\" -DSHDLIB_EXT=\"\" -DX11 -DXLIB -DNDEBUG  -c lookupany.c
--- compiling utils/lookupfull.o
rm -f lookupfull.o
gcc -g -m64 -fPIC   -I/usr/X11R6/include  -I. -I..  -I../readline -DCAD_DIR=\"/tmp/lib\" -DBIN_DIR=\"/tmp/bin\" -DPACKAGE_NAME=\"\" -DPACKAGE_TARNAME=\"\" -DPACKAGE_VERSION=\"\" -DPACKAGE_STRING=\"\" -DPACKAGE_BUGREPORT=\"\" -DMAGIC_VERSION=\"8.0\" -DMAGIC_REVISION=\"100\" -DSTDC_HEADERS=1 -DHAVE_SYS_TYPES_H=1 -DHAVE_SYS_STAT_H=1 -DHAVE_STDLIB_H=1 -DHAVE_STRING_H=1 -DHAVE_MEMORY_H=1 -DHAVE_STRINGS_H=1 -DHAVE_INTTYPES_H=1 -DHAVE_STDINT_H=1 -DHAVE_UNISTD_H=1 -DSIZEOF_VOID_P=8 -DSIZEOF_UNSIGNED_INT=4 -DSIZEOF_UNSIGNED_LONG=8 -DSIZEOF_UNSIGNED_LONG_LONG=8 -DSTDC_HEADERS=1 -DHAVE_SETENV=1 -DHAVE_PUTENV=1 -DHAVE_SYS_MMAN_H=1 -DHAVE_DIRENT_H=1 -DHAVE_LIMITS_H=1 -DHAVE_PATHS_H=1 -DHAVE_VA_COPY=1 -DHAVE___VA_COPY=1 -DFILE_LOCKS=1 -DCALMA_MODULE=1 -DCIF_MODULE=1 -DPLOT_MODULE=1 -DLEF_MODULE=1 -DUSE_READLINE=1 -DHAVE_PTHREADS=1 -DROUTE_MODULE=1 -DEXT2SPICE_AUTO=1 -DEXT2SIM_AUTO=1 -DRSIM_MODULE=1 -DUSE_NEW_MACROS=1 -DVECTOR_FONTS=1 -Dlinux=1 -DSYSV=1 -DISC=1  -DNDEBUG -DGCORE=\"/usr/bin/gcore\" -DSHDLIB_EXT=\"\" -DX11 -DXLIB -DNDEBUG  -c lookupfull.c
--- compiling utils/macros.o
rm -f macros.o
gcc -g -m64 -fPIC   -I/usr/X11R6/include  -I. -I..  -I../readline -DCAD_DIR=\"/tmp/lib\" -DBIN_DIR=\"/tmp/bin\" -DPACKAGE_NAME=\"\" -DPACKAGE_TARNAME=\"\" -DPACKAGE_VERSION=\"\" -DPACKAGE_STRING=\"\" -DPACKAGE_BUGREPORT=\"\" -DMAGIC_VERSION=\"8.0\" -DMAGIC_REVISION=\"100\" -DSTDC_HEADERS=1 -DHAVE_SYS_TYPES_H=1 -DHAVE_SYS_STAT_H=1 -DHAVE_STDLIB_H=1 -DHAVE_STRING_H=1 -DHAVE_MEMORY_H=1 -DHAVE_STRINGS_H=1 -DHAVE_INTTYPES_H=1 -DHAVE_STDINT_H=1 -DHAVE_UNISTD_H=1 -DSIZEOF_VOID_P=8 -DSIZEOF_UNSIGNED_INT=4 -DSIZEOF_UNSIGNED_LONG=8 -DSIZEOF_UNSIGNED_LONG_LONG=8 -DSTDC_HEADERS=1 -DHAVE_SETENV=1 -DHAVE_PUTENV=1 -DHAVE_SYS_MMAN_H=1 -DHAVE_DIRENT_H=1 -DHAVE_LIMITS_H=1 -DHAVE_PATHS_H=1 -DHAVE_VA_COPY=1 -DHAVE___VA_COPY=1 -DFILE_LOCKS=1 -DCALMA_MODULE=1 -DCIF_MODULE=1 -DPLOT_MODULE=1 -DLEF_MODULE=1 -DUSE_READLINE=1 -DHAVE_PTHREADS=1 -DROUTE_MODULE=1 -DEXT2SPICE_AUTO=1 -DEXT2SIM_AUTO=1 -DRSIM_MODULE=1 -DUSE_NEW_MACROS=1 -DVECTOR_FONTS=1 -Dlinux=1 -DSYSV=1 -DISC=1  -DNDEBUG -DGCORE=\"/usr/bin/gcore\" -DSHDLIB_EXT=\"\" -DX11 -DXLIB -DNDEBUG  -c macros.c
--- compiling utils/main.o
rm -f main.o
gcc -g -m64 -fPIC   -I/usr/X11R6/include  -I. -I..  -I../readline -DCAD_DIR=\"/tmp/lib\" -DBIN_DIR=\"/tmp/bin\" -DPACKAGE_NAME=\"\" -DPACKAGE_TARNAME=\"\" -DPACKAGE_VERSION=\"\" -DPACKAGE_STRING=\"\" -DPACKAGE_BUGREPORT=\"\" -DMAGIC_VERSION=\"8.0\" -DMAGIC_REVISION=\"100\" -DSTDC_HEADERS=1 -DHAVE_SYS_TYPES_H=1 -DHAVE_SYS_STAT_H=1 -DHAVE_STDLIB_H=1 -DHAVE_STRING_H=1 -DHAVE_MEMORY_H=1 -DHAVE_STRINGS_H=1 -DHAVE_INTTYPES_H=1 -DHAVE_STDINT_H=1 -DHAVE_UNISTD_H=1 -DSIZEOF_VOID_P=8 -DSIZEOF_UNSIGNED_INT=4 -DSIZEOF_UNSIGNED_LONG=8 -DSIZEOF_UNSIGNED_LONG_LONG=8 -DSTDC_HEADERS=1 -DHAVE_SETENV=1 -DHAVE_PUTENV=1 -DHAVE_SYS_MMAN_H=1 -DHAVE_DIRENT_H=1 -DHAVE_LIMITS_H=1 -DHAVE_PATHS_H=1 -DHAVE_VA_COPY=1 -DHAVE___VA_COPY=1 -DFILE_LOCKS=1 -DCALMA_MODULE=1 -DCIF_MODULE=1 -DPLOT_MODULE=1 -DLEF_MODULE=1 -DUSE_READLINE=1 -DHAVE_PTHREADS=1 -DROUTE_MODULE=1 -DEXT2SPICE_AUTO=1 -DEXT2SIM_AUTO=1 -DRSIM_MODULE=1 -DUSE_NEW_MACROS=1 -DVECTOR_FONTS=1 -Dlinux=1 -DSYSV=1 -DISC=1  -DNDEBUG -DGCORE=\"/usr/bin/gcore\" -DSHDLIB_EXT=\"\" -DX11 -DXLIB -DNDEBUG  -c main.c
--- compiling utils/malloc.o
rm -f malloc.o
gcc -g -m64 -fPIC   -I/usr/X11R6/include  -I. -I..  -I../readline -DCAD_DIR=\"/tmp/lib\" -DBIN_DIR=\"/tmp/bin\" -DPACKAGE_NAME=\"\" -DPACKAGE_TARNAME=\"\" -DPACKAGE_VERSION=\"\" -DPACKAGE_STRING=\"\" -DPACKAGE_BUGREPORT=\"\" -DMAGIC_VERSION=\"8.0\" -DMAGIC_REVISION=\"100\" -DSTDC_HEADERS=1 -DHAVE_SYS_TYPES_H=1 -DHAVE_SYS_STAT_H=1 -DHAVE_STDLIB_H=1 -DHAVE_STRING_H=1 -DHAVE_MEMORY_H=1 -DHAVE_STRINGS_H=1 -DHAVE_INTTYPES_H=1 -DHAVE_STDINT_H=1 -DHAVE_UNISTD_H=1 -DSIZEOF_VOID_P=8 -DSIZEOF_UNSIGNED_INT=4 -DSIZEOF_UNSIGNED_LONG=8 -DSIZEOF_UNSIGNED_LONG_LONG=8 -DSTDC_HEADERS=1 -DHAVE_SETENV=1 -DHAVE_PUTENV=1 -DHAVE_SYS_MMAN_H=1 -DHAVE_DIRENT_H=1 -DHAVE_LIMITS_H=1 -DHAVE_PATHS_H=1 -DHAVE_VA_COPY=1 -DHAVE___VA_COPY=1 -DFILE_LOCKS=1 -DCALMA_MODULE=1 -DCIF_MODULE=1 -DPLOT_MODULE=1 -DLEF_MODULE=1 -DUSE_READLINE=1 -DHAVE_PTHREADS=1 -DROUTE_MODULE=1 -DEXT2SPICE_AUTO=1 -DEXT2SIM_AUTO=1 -DRSIM_MODULE=1 -DUSE_NEW_MACROS=1 -DVECTOR_FONTS=1 -Dlinux=1 -DSYSV=1 -DISC=1  -DNDEBUG -DGCORE=\"/usr/bin/gcore\" -DSHDLIB_EXT=\"\" -DX11 -DXLIB -DNDEBUG  -c malloc.c
--- compiling utils/match.o
rm -f match.o
gcc -g -m64 -fPIC   -I/usr/X11R6/include  -I. -I..  -I../readline -DCAD_DIR=\"/tmp/lib\" -DBIN_DIR=\"/tmp/bin\" -DPACKAGE_NAME=\"\" -DPACKAGE_TARNAME=\"\" -DPACKAGE_VERSION=\"\" -DPACKAGE_STRING=\"\" -DPACKAGE_BUGREPORT=\"\" -DMAGIC_VERSION=\"8.0\" -DMAGIC_REVISION=\"100\" -DSTDC_HEADERS=1 -DHAVE_SYS_TYPES_H=1 -DHAVE_SYS_STAT_H=1 -DHAVE_STDLIB_H=1 -DHAVE_STRING_H=1 -DHAVE_MEMORY_H=1 -DHAVE_STRINGS_H=1 -DHAVE_INTTYPES_H=1 -DHAVE_STDINT_H=1 -DHAVE_UNISTD_H=1 -DSIZEOF_VOID_P=8 -DSIZEOF_UNSIGNED_INT=4 -DSIZEOF_UNSIGNED_LONG=8 -DSIZEOF_UNSIGNED_LONG_LONG=8 -DSTDC_HEADERS=1 -DHAVE_SETENV=1 -DHAVE_PUTENV=1 -DHAVE_SYS_MMAN_H=1 -DHAVE_DIRENT_H=1 -DHAVE_LIMITS_H=1 -DHAVE_PATHS_H=1 -DHAVE_VA_COPY=1 -DHAVE___VA_COPY=1 -DFILE_LOCKS=1 -DCALMA_MODULE=1 -DCIF_MODULE=1 -DPLOT_MODULE=1 -DLEF_MODULE=1 -DUSE_READLINE=1 -DHAVE_PTHREADS=1 -DROUTE_MODULE=1 -DEXT2SPICE_AUTO=1 -DEXT2SIM_AUTO=1 -DRSIM_MODULE=1 -DUSE_NEW_MACROS=1 -DVECTOR_FONTS=1 -Dlinux=1 -DSYSV=1 -DISC=1  -DNDEBUG -DGCORE=\"/usr/bin/gcore\" -DSHDLIB_EXT=\"\" -DX11 -DXLIB -DNDEBUG  -c match.c
--- compiling utils/maxrect.o
rm -f maxrect.o
gcc -g -m64 -fPIC   -I/usr/X11R6/include  -I. -I..  -I../readline -DCAD_DIR=\"/tmp/lib\" -DBIN_DIR=\"/tmp/bin\" -DPACKAGE_NAME=\"\" -DPACKAGE_TARNAME=\"\" -DPACKAGE_VERSION=\"\" -DPACKAGE_STRING=\"\" -DPACKAGE_BUGREPORT=\"\" -DMAGIC_VERSION=\"8.0\" -DMAGIC_REVISION=\"100\" -DSTDC_HEADERS=1 -DHAVE_SYS_TYPES_H=1 -DHAVE_SYS_STAT_H=1 -DHAVE_STDLIB_H=1 -DHAVE_STRING_H=1 -DHAVE_MEMORY_H=1 -DHAVE_STRINGS_H=1 -DHAVE_INTTYPES_H=1 -DHAVE_STDINT_H=1 -DHAVE_UNISTD_H=1 -DSIZEOF_VOID_P=8 -DSIZEOF_UNSIGNED_INT=4 -DSIZEOF_UNSIGNED_LONG=8 -DSIZEOF_UNSIGNED_LONG_LONG=8 -DSTDC_HEADERS=1 -DHAVE_SETENV=1 -DHAVE_PUTENV=1 -DHAVE_SYS_MMAN_H=1 -DHAVE_DIRENT_H=1 -DHAVE_LIMITS_H=1 -DHAVE_PATHS_H=1 -DHAVE_VA_COPY=1 -DHAVE___VA_COPY=1 -DFILE_LOCKS=1 -DCALMA_MODULE=1 -DCIF_MODULE=1 -DPLOT_MODULE=1 -DLEF_MODULE=1 -DUSE_READLINE=1 -DHAVE_PTHREADS=1 -DROUTE_MODULE=1 -DEXT2SPICE_AUTO=1 -DEXT2SIM_AUTO=1 -DRSIM_MODULE=1 -DUSE_NEW_MACROS=1 -DVECTOR_FONTS=1 -Dlinux=1 -DSYSV=1 -DISC=1  -DNDEBUG -DGCORE=\"/usr/bin/gcore\" -DSHDLIB_EXT=\"\" -DX11 -DXLIB -DNDEBUG  -c maxrect.c
--- compiling utils/netlist.o
rm -f netlist.o
gcc -g -m64 -fPIC   -I/usr/X11R6/include  -I. -I..  -I../readline -DCAD_DIR=\"/tmp/lib\" -DBIN_DIR=\"/tmp/bin\" -DPACKAGE_NAME=\"\" -DPACKAGE_TARNAME=\"\" -DPACKAGE_VERSION=\"\" -DPACKAGE_STRING=\"\" -DPACKAGE_BUGREPORT=\"\" -DMAGIC_VERSION=\"8.0\" -DMAGIC_REVISION=\"100\" -DSTDC_HEADERS=1 -DHAVE_SYS_TYPES_H=1 -DHAVE_SYS_STAT_H=1 -DHAVE_STDLIB_H=1 -DHAVE_STRING_H=1 -DHAVE_MEMORY_H=1 -DHAVE_STRINGS_H=1 -DHAVE_INTTYPES_H=1 -DHAVE_STDINT_H=1 -DHAVE_UNISTD_H=1 -DSIZEOF_VOID_P=8 -DSIZEOF_UNSIGNED_INT=4 -DSIZEOF_UNSIGNED_LONG=8 -DSIZEOF_UNSIGNED_LONG_LONG=8 -DSTDC_HEADERS=1 -DHAVE_SETENV=1 -DHAVE_PUTENV=1 -DHAVE_SYS_MMAN_H=1 -DHAVE_DIRENT_H=1 -DHAVE_LIMITS_H=1 -DHAVE_PATHS_H=1 -DHAVE_VA_COPY=1 -DHAVE___VA_COPY=1 -DFILE_LOCKS=1 -DCALMA_MODULE=1 -DCIF_MODULE=1 -DPLOT_MODULE=1 -DLEF_MODULE=1 -DUSE_READLINE=1 -DHAVE_PTHREADS=1 -DROUTE_MODULE=1 -DEXT2SPICE_AUTO=1 -DEXT2SIM_AUTO=1 -DRSIM_MODULE=1 -DUSE_NEW_MACROS=1 -DVECTOR_FONTS=1 -Dlinux=1 -DSYSV=1 -DISC=1  -DNDEBUG -DGCORE=\"/usr/bin/gcore\" -DSHDLIB_EXT=\"\" -DX11 -DXLIB -DNDEBUG  -c netlist.c
--- compiling utils/niceabort.o
rm -f niceabort.o
gcc -g -m64 -fPIC   -I/usr/X11R6/include  -I. -I..  -I../readline -DCAD_DIR=\"/tmp/lib\" -DBIN_DIR=\"/tmp/bin\" -DPACKAGE_NAME=\"\" -DPACKAGE_TARNAME=\"\" -DPACKAGE_VERSION=\"\" -DPACKAGE_STRING=\"\" -DPACKAGE_BUGREPORT=\"\" -DMAGIC_VERSION=\"8.0\" -DMAGIC_REVISION=\"100\" -DSTDC_HEADERS=1 -DHAVE_SYS_TYPES_H=1 -DHAVE_SYS_STAT_H=1 -DHAVE_STDLIB_H=1 -DHAVE_STRING_H=1 -DHAVE_MEMORY_H=1 -DHAVE_STRINGS_H=1 -DHAVE_INTTYPES_H=1 -DHAVE_STDINT_H=1 -DHAVE_UNISTD_H=1 -DSIZEOF_VOID_P=8 -DSIZEOF_UNSIGNED_INT=4 -DSIZEOF_UNSIGNED_LONG=8 -DSIZEOF_UNSIGNED_LONG_LONG=8 -DSTDC_HEADERS=1 -DHAVE_SETENV=1 -DHAVE_PUTENV=1 -DHAVE_SYS_MMAN_H=1 -DHAVE_DIRENT_H=1 -DHAVE_LIMITS_H=1 -DHAVE_PATHS_H=1 -DHAVE_VA_COPY=1 -DHAVE___VA_COPY=1 -DFILE_LOCKS=1 -DCALMA_MODULE=1 -DCIF_MODULE=1 -DPLOT_MODULE=1 -DLEF_MODULE=1 -DUSE_READLINE=1 -DHAVE_PTHREADS=1 -DROUTE_MODULE=1 -DEXT2SPICE_AUTO=1 -DEXT2SIM_AUTO=1 -DRSIM_MODULE=1 -DUSE_NEW_MACROS=1 -DVECTOR_FONTS=1 -Dlinux=1 -DSYSV=1 -DISC=1  -DNDEBUG -DGCORE=\"/usr/bin/gcore\" -DSHDLIB_EXT=\"\" -DX11 -DXLIB -DNDEBUG  -c niceabort.c
--- compiling utils/parser.o
rm -f parser.o
gcc -g -m64 -fPIC   -I/usr/X11R6/include  -I. -I..  -I../readline -DCAD_DIR=\"/tmp/lib\" -DBIN_DIR=\"/tmp/bin\" -DPACKAGE_NAME=\"\" -DPACKAGE_TARNAME=\"\" -DPACKAGE_VERSION=\"\" -DPACKAGE_STRING=\"\" -DPACKAGE_BUGREPORT=\"\" -DMAGIC_VERSION=\"8.0\" -DMAGIC_REVISION=\"100\" -DSTDC_HEADERS=1 -DHAVE_SYS_TYPES_H=1 -DHAVE_SYS_STAT_H=1 -DHAVE_STDLIB_H=1 -DHAVE_STRING_H=1 -DHAVE_MEMORY_H=1 -DHAVE_STRINGS_H=1 -DHAVE_INTTYPES_H=1 -DHAVE_STDINT_H=1 -DHAVE_UNISTD_H=1 -DSIZEOF_VOID_P=8 -DSIZEOF_UNSIGNED_INT=4 -DSIZEOF_UNSIGNED_LONG=8 -DSIZEOF_UNSIGNED_LONG_LONG=8 -DSTDC_HEADERS=1 -DHAVE_SETENV=1 -DHAVE_PUTENV=1 -DHAVE_SYS_MMAN_H=1 -DHAVE_DIRENT_H=1 -DHAVE_LIMITS_H=1 -DHAVE_PATHS_H=1 -DHAVE_VA_COPY=1 -DHAVE___VA_COPY=1 -DFILE_LOCKS=1 -DCALMA_MODULE=1 -DCIF_MODULE=1 -DPLOT_MODULE=1 -DLEF_MODULE=1 -DUSE_READLINE=1 -DHAVE_PTHREADS=1 -DROUTE_MODULE=1 -DEXT2SPICE_AUTO=1 -DEXT2SIM_AUTO=1 -DRSIM_MODULE=1 -DUSE_NEW_MACROS=1 -DVECTOR_FONTS=1 -Dlinux=1 -DSYSV=1 -DISC=1  -DNDEBUG -DGCORE=\"/usr/bin/gcore\" -DSHDLIB_EXT=\"\" -DX11 -DXLIB -DNDEBUG  -c parser.c
--- compiling utils/path.o
rm -f path.o
gcc -g -m64 -fPIC   -I/usr/X11R6/include  -I. -I..  -I../readline -DCAD_DIR=\"/tmp/lib\" -DBIN_DIR=\"/tmp/bin\" -DPACKAGE_NAME=\"\" -DPACKAGE_TARNAME=\"\" -DPACKAGE_VERSION=\"\" -DPACKAGE_STRING=\"\" -DPACKAGE_BUGREPORT=\"\" -DMAGIC_VERSION=\"8.0\" -DMAGIC_REVISION=\"100\" -DSTDC_HEADERS=1 -DHAVE_SYS_TYPES_H=1 -DHAVE_SYS_STAT_H=1 -DHAVE_STDLIB_H=1 -DHAVE_STRING_H=1 -DHAVE_MEMORY_H=1 -DHAVE_STRINGS_H=1 -DHAVE_INTTYPES_H=1 -DHAVE_STDINT_H=1 -DHAVE_UNISTD_H=1 -DSIZEOF_VOID_P=8 -DSIZEOF_UNSIGNED_INT=4 -DSIZEOF_UNSIGNED_LONG=8 -DSIZEOF_UNSIGNED_LONG_LONG=8 -DSTDC_HEADERS=1 -DHAVE_SETENV=1 -DHAVE_PUTENV=1 -DHAVE_SYS_MMAN_H=1 -DHAVE_DIRENT_H=1 -DHAVE_LIMITS_H=1 -DHAVE_PATHS_H=1 -DHAVE_VA_COPY=1 -DHAVE___VA_COPY=1 -DFILE_LOCKS=1 -DCALMA_MODULE=1 -DCIF_MODULE=1 -DPLOT_MODULE=1 -DLEF_MODULE=1 -DUSE_READLINE=1 -DHAVE_PTHREADS=1 -DROUTE_MODULE=1 -DEXT2SPICE_AUTO=1 -DEXT2SIM_AUTO=1 -DRSIM_MODULE=1 -DUSE_NEW_MACROS=1 -DVECTOR_FONTS=1 -Dlinux=1 -DSYSV=1 -DISC=1  -DNDEBUG -DGCORE=\"/usr/bin/gcore\" -DSHDLIB_EXT=\"\" -DX11 -DXLIB -DNDEBUG  -c path.c
--- compiling utils/pathvisit.o
rm -f pathvisit.o
gcc -g -m64 -fPIC   -I/usr/X11R6/include  -I. -I..  -I../readline -DCAD_DIR=\"/tmp/lib\" -DBIN_DIR=\"/tmp/bin\" -DPACKAGE_NAME=\"\" -DPACKAGE_TARNAME=\"\" -DPACKAGE_VERSION=\"\" -DPACKAGE_STRING=\"\" -DPACKAGE_BUGREPORT=\"\" -DMAGIC_VERSION=\"8.0\" -DMAGIC_REVISION=\"100\" -DSTDC_HEADERS=1 -DHAVE_SYS_TYPES_H=1 -DHAVE_SYS_STAT_H=1 -DHAVE_STDLIB_H=1 -DHAVE_STRING_H=1 -DHAVE_MEMORY_H=1 -DHAVE_STRINGS_H=1 -DHAVE_INTTYPES_H=1 -DHAVE_STDINT_H=1 -DHAVE_UNISTD_H=1 -DSIZEOF_VOID_P=8 -DSIZEOF_UNSIGNED_INT=4 -DSIZEOF_UNSIGNED_LONG=8 -DSIZEOF_UNSIGNED_LONG_LONG=8 -DSTDC_HEADERS=1 -DHAVE_SETENV=1 -DHAVE_PUTENV=1 -DHAVE_SYS_MMAN_H=1 -DHAVE_DIRENT_H=1 -DHAVE_LIMITS_H=1 -DHAVE_PATHS_H=1 -DHAVE_VA_COPY=1 -DHAVE___VA_COPY=1 -DFILE_LOCKS=1 -DCALMA_MODULE=1 -DCIF_MODULE=1 -DPLOT_MODULE=1 -DLEF_MODULE=1 -DUSE_READLINE=1 -DHAVE_PTHREADS=1 -DROUTE_MODULE=1 -DEXT2SPICE_AUTO=1 -DEXT2SIM_AUTO=1 -DRSIM_MODULE=1 -DUSE_NEW_MACROS=1 -DVECTOR_FONTS=1 -Dlinux=1 -DSYSV=1 -DISC=1  -DNDEBUG -DGCORE=\"/usr/bin/gcore\" -DSHDLIB_EXT=\"\" -DX11 -DXLIB -DNDEBUG  -c pathvisit.c
--- compiling utils/port.o
rm -f port.o
gcc -g -m64 -fPIC   -I/usr/X11R6/include  -I. -I..  -I../readline -DCAD_DIR=\"/tmp/lib\" -DBIN_DIR=\"/tmp/bin\" -DPACKAGE_NAME=\"\" -DPACKAGE_TARNAME=\"\" -DPACKAGE_VERSION=\"\" -DPACKAGE_STRING=\"\" -DPACKAGE_BUGREPORT=\"\" -DMAGIC_VERSION=\"8.0\" -DMAGIC_REVISION=\"100\" -DSTDC_HEADERS=1 -DHAVE_SYS_TYPES_H=1 -DHAVE_SYS_STAT_H=1 -DHAVE_STDLIB_H=1 -DHAVE_STRING_H=1 -DHAVE_MEMORY_H=1 -DHAVE_STRINGS_H=1 -DHAVE_INTTYPES_H=1 -DHAVE_STDINT_H=1 -DHAVE_UNISTD_H=1 -DSIZEOF_VOID_P=8 -DSIZEOF_UNSIGNED_INT=4 -DSIZEOF_UNSIGNED_LONG=8 -DSIZEOF_UNSIGNED_LONG_LONG=8 -DSTDC_HEADERS=1 -DHAVE_SETENV=1 -DHAVE_PUTENV=1 -DHAVE_SYS_MMAN_H=1 -DHAVE_DIRENT_H=1 -DHAVE_LIMITS_H=1 -DHAVE_PATHS_H=1 -DHAVE_VA_COPY=1 -DHAVE___VA_COPY=1 -DFILE_LOCKS=1 -DCALMA_MODULE=1 -DCIF_MODULE=1 -DPLOT_MODULE=1 -DLEF_MODULE=1 -DUSE_READLINE=1 -DHAVE_PTHREADS=1 -DROUTE_MODULE=1 -DEXT2SPICE_AUTO=1 -DEXT2SIM_AUTO=1 -DRSIM_MODULE=1 -DUSE_NEW_MACROS=1 -DVECTOR_FONTS=1 -Dlinux=1 -DSYSV=1 -DISC=1  -DNDEBUG -DGCORE=\"/usr/bin/gcore\" -DSHDLIB_EXT=\"\" -DX11 -DXLIB -DNDEBUG  -c port.c
--- compiling utils/printstuff.o
rm -f printstuff.o
gcc -g -m64 -fPIC   -I/usr/X11R6/include  -I. -I..  -I../readline -DCAD_DIR=\"/tmp/lib\" -DBIN_DIR=\"/tmp/bin\" -DPACKAGE_NAME=\"\" -DPACKAGE_TARNAME=\"\" -DPACKAGE_VERSION=\"\" -DPACKAGE_STRING=\"\" -DPACKAGE_BUGREPORT=\"\" -DMAGIC_VERSION=\"8.0\" -DMAGIC_REVISION=\"100\" -DSTDC_HEADERS=1 -DHAVE_SYS_TYPES_H=1 -DHAVE_SYS_STAT_H=1 -DHAVE_STDLIB_H=1 -DHAVE_STRING_H=1 -DHAVE_MEMORY_H=1 -DHAVE_STRINGS_H=1 -DHAVE_INTTYPES_H=1 -DHAVE_STDINT_H=1 -DHAVE_UNISTD_H=1 -DSIZEOF_VOID_P=8 -DSIZEOF_UNSIGNED_INT=4 -DSIZEOF_UNSIGNED_LONG=8 -DSIZEOF_UNSIGNED_LONG_LONG=8 -DSTDC_HEADERS=1 -DHAVE_SETENV=1 -DHAVE_PUTENV=1 -DHAVE_SYS_MMAN_H=1 -DHAVE_DIRENT_H=1 -DHAVE_LIMITS_H=1 -DHAVE_PATHS_H=1 -DHAVE_VA_COPY=1 -DHAVE___VA_COPY=1 -DFILE_LOCKS=1 -DCALMA_MODULE=1 -DCIF_MODULE=1 -DPLOT_MODULE=1 -DLEF_MODULE=1 -DUSE_READLINE=1 -DHAVE_PTHREADS=1 -DROUTE_MODULE=1 -DEXT2SPICE_AUTO=1 -DEXT2SIM_AUTO=1 -DRSIM_MODULE=1 -DUSE_NEW_MACROS=1 -DVECTOR_FONTS=1 -Dlinux=1 -DSYSV=1 -DISC=1  -DNDEBUG -DGCORE=\"/usr/bin/gcore\" -DSHDLIB_EXT=\"\" -DX11 -DXLIB -DNDEBUG  -c printstuff.c
--- compiling utils/signals.o
rm -f signals.o
gcc -g -m64 -fPIC   -I/usr/X11R6/include  -I. -I..  -I../readline -DCAD_DIR=\"/tmp/lib\" -DBIN_DIR=\"/tmp/bin\" -DPACKAGE_NAME=\"\" -DPACKAGE_TARNAME=\"\" -DPACKAGE_VERSION=\"\" -DPACKAGE_STRING=\"\" -DPACKAGE_BUGREPORT=\"\" -DMAGIC_VERSION=\"8.0\" -DMAGIC_REVISION=\"100\" -DSTDC_HEADERS=1 -DHAVE_SYS_TYPES_H=1 -DHAVE_SYS_STAT_H=1 -DHAVE_STDLIB_H=1 -DHAVE_STRING_H=1 -DHAVE_MEMORY_H=1 -DHAVE_STRINGS_H=1 -DHAVE_INTTYPES_H=1 -DHAVE_STDINT_H=1 -DHAVE_UNISTD_H=1 -DSIZEOF_VOID_P=8 -DSIZEOF_UNSIGNED_INT=4 -DSIZEOF_UNSIGNED_LONG=8 -DSIZEOF_UNSIGNED_LONG_LONG=8 -DSTDC_HEADERS=1 -DHAVE_SETENV=1 -DHAVE_PUTENV=1 -DHAVE_SYS_MMAN_H=1 -DHAVE_DIRENT_H=1 -DHAVE_LIMITS_H=1 -DHAVE_PATHS_H=1 -DHAVE_VA_COPY=1 -DHAVE___VA_COPY=1 -DFILE_LOCKS=1 -DCALMA_MODULE=1 -DCIF_MODULE=1 -DPLOT_MODULE=1 -DLEF_MODULE=1 -DUSE_READLINE=1 -DHAVE_PTHREADS=1 -DROUTE_MODULE=1 -DEXT2SPICE_AUTO=1 -DEXT2SIM_AUTO=1 -DRSIM_MODULE=1 -DUSE_NEW_MACROS=1 -DVECTOR_FONTS=1 -Dlinux=1 -DSYSV=1 -DISC=1  -DNDEBUG -DGCORE=\"/usr/bin/gcore\" -DSHDLIB_EXT=\"\" -DX11 -DXLIB -DNDEBUG  -c signals.c
--- compiling utils/stack.o
rm -f stack.o
gcc -g -m64 -fPIC   -I/usr/X11R6/include  -I. -I..  -I../readline -DCAD_DIR=\"/tmp/lib\" -DBIN_DIR=\"/tmp/bin\" -DPACKAGE_NAME=\"\" -DPACKAGE_TARNAME=\"\" -DPACKAGE_VERSION=\"\" -DPACKAGE_STRING=\"\" -DPACKAGE_BUGREPORT=\"\" -DMAGIC_VERSION=\"8.0\" -DMAGIC_REVISION=\"100\" -DSTDC_HEADERS=1 -DHAVE_SYS_TYPES_H=1 -DHAVE_SYS_STAT_H=1 -DHAVE_STDLIB_H=1 -DHAVE_STRING_H=1 -DHAVE_MEMORY_H=1 -DHAVE_STRINGS_H=1 -DHAVE_INTTYPES_H=1 -DHAVE_STDINT_H=1 -DHAVE_UNISTD_H=1 -DSIZEOF_VOID_P=8 -DSIZEOF_UNSIGNED_INT=4 -DSIZEOF_UNSIGNED_LONG=8 -DSIZEOF_UNSIGNED_LONG_LONG=8 -DSTDC_HEADERS=1 -DHAVE_SETENV=1 -DHAVE_PUTENV=1 -DHAVE_SYS_MMAN_H=1 -DHAVE_DIRENT_H=1 -DHAVE_LIMITS_H=1 -DHAVE_PATHS_H=1 -DHAVE_VA_COPY=1 -DHAVE___VA_COPY=1 -DFILE_LOCKS=1 -DCALMA_MODULE=1 -DCIF_MODULE=1 -DPLOT_MODULE=1 -DLEF_MODULE=1 -DUSE_READLINE=1 -DHAVE_PTHREADS=1 -DROUTE_MODULE=1 -DEXT2SPICE_AUTO=1 -DEXT2SIM_AUTO=1 -DRSIM_MODULE=1 -DUSE_NEW_MACROS=1 -DVECTOR_FONTS=1 -Dlinux=1 -DSYSV=1 -DISC=1  -DNDEBUG -DGCORE=\"/usr/bin/gcore\" -DSHDLIB_EXT=\"\" -DX11 -DXLIB -DNDEBUG  -c stack.c
--- compiling utils/strdup.o
rm -f strdup.o
gcc -g -m64 -fPIC   -I/usr/X11R6/include  -I. -I..  -I../readline -DCAD_DIR=\"/tmp/lib\" -DBIN_DIR=\"/tmp/bin\" -DPACKAGE_NAME=\"\" -DPACKAGE_TARNAME=\"\" -DPACKAGE_VERSION=\"\" -DPACKAGE_STRING=\"\" -DPACKAGE_BUGREPORT=\"\" -DMAGIC_VERSION=\"8.0\" -DMAGIC_REVISION=\"100\" -DSTDC_HEADERS=1 -DHAVE_SYS_TYPES_H=1 -DHAVE_SYS_STAT_H=1 -DHAVE_STDLIB_H=1 -DHAVE_STRING_H=1 -DHAVE_MEMORY_H=1 -DHAVE_STRINGS_H=1 -DHAVE_INTTYPES_H=1 -DHAVE_STDINT_H=1 -DHAVE_UNISTD_H=1 -DSIZEOF_VOID_P=8 -DSIZEOF_UNSIGNED_INT=4 -DSIZEOF_UNSIGNED_LONG=8 -DSIZEOF_UNSIGNED_LONG_LONG=8 -DSTDC_HEADERS=1 -DHAVE_SETENV=1 -DHAVE_PUTENV=1 -DHAVE_SYS_MMAN_H=1 -DHAVE_DIRENT_H=1 -DHAVE_LIMITS_H=1 -DHAVE_PATHS_H=1 -DHAVE_VA_COPY=1 -DHAVE___VA_COPY=1 -DFILE_LOCKS=1 -DCALMA_MODULE=1 -DCIF_MODULE=1 -DPLOT_MODULE=1 -DLEF_MODULE=1 -DUSE_READLINE=1 -DHAVE_PTHREADS=1 -DROUTE_MODULE=1 -DEXT2SPICE_AUTO=1 -DEXT2SIM_AUTO=1 -DRSIM_MODULE=1 -DUSE_NEW_MACROS=1 -DVECTOR_FONTS=1 -Dlinux=1 -DSYSV=1 -DISC=1  -DNDEBUG -DGCORE=\"/usr/bin/gcore\" -DSHDLIB_EXT=\"\" -DX11 -DXLIB -DNDEBUG  -c strdup.c
--- compiling utils/runstats.o
rm -f runstats.o
gcc -g -m64 -fPIC   -I/usr/X11R6/include  -I. -I..  -I../readline -DCAD_DIR=\"/tmp/lib\" -DBIN_DIR=\"/tmp/bin\" -DPACKAGE_NAME=\"\" -DPACKAGE_TARNAME=\"\" -DPACKAGE_VERSION=\"\" -DPACKAGE_STRING=\"\" -DPACKAGE_BUGREPORT=\"\" -DMAGIC_VERSION=\"8.0\" -DMAGIC_REVISION=\"100\" -DSTDC_HEADERS=1 -DHAVE_SYS_TYPES_H=1 -DHAVE_SYS_STAT_H=1 -DHAVE_STDLIB_H=1 -DHAVE_STRING_H=1 -DHAVE_MEMORY_H=1 -DHAVE_STRINGS_H=1 -DHAVE_INTTYPES_H=1 -DHAVE_STDINT_H=1 -DHAVE_UNISTD_H=1 -DSIZEOF_VOID_P=8 -DSIZEOF_UNSIGNED_INT=4 -DSIZEOF_UNSIGNED_LONG=8 -DSIZEOF_UNSIGNED_LONG_LONG=8 -DSTDC_HEADERS=1 -DHAVE_SETENV=1 -DHAVE_PUTENV=1 -DHAVE_SYS_MMAN_H=1 -DHAVE_DIRENT_H=1 -DHAVE_LIMITS_H=1 -DHAVE_PATHS_H=1 -DHAVE_VA_COPY=1 -DHAVE___VA_COPY=1 -DFILE_LOCKS=1 -DCALMA_MODULE=1 -DCIF_MODULE=1 -DPLOT_MODULE=1 -DLEF_MODULE=1 -DUSE_READLINE=1 -DHAVE_PTHREADS=1 -DROUTE_MODULE=1 -DEXT2SPICE_AUTO=1 -DEXT2SIM_AUTO=1 -DRSIM_MODULE=1 -DUSE_NEW_MACROS=1 -DVECTOR_FONTS=1 -Dlinux=1 -DSYSV=1 -DISC=1  -DNDEBUG -DGCORE=\"/usr/bin/gcore\" -DSHDLIB_EXT=\"\" -DX11 -DXLIB -DNDEBUG  -c runstats.c
--- compiling utils/set.o
rm -f set.o
gcc -g -m64 -fPIC   -I/usr/X11R6/include  -I. -I..  -I../readline -DCAD_DIR=\"/tmp/lib\" -DBIN_DIR=\"/tmp/bin\" -DPACKAGE_NAME=\"\" -DPACKAGE_TARNAME=\"\" -DPACKAGE_VERSION=\"\" -DPACKAGE_STRING=\"\" -DPACKAGE_BUGREPORT=\"\" -DMAGIC_VERSION=\"8.0\" -DMAGIC_REVISION=\"100\" -DSTDC_HEADERS=1 -DHAVE_SYS_TYPES_H=1 -DHAVE_SYS_STAT_H=1 -DHAVE_STDLIB_H=1 -DHAVE_STRING_H=1 -DHAVE_MEMORY_H=1 -DHAVE_STRINGS_H=1 -DHAVE_INTTYPES_H=1 -DHAVE_STDINT_H=1 -DHAVE_UNISTD_H=1 -DSIZEOF_VOID_P=8 -DSIZEOF_UNSIGNED_INT=4 -DSIZEOF_UNSIGNED_LONG=8 -DSIZEOF_UNSIGNED_LONG_LONG=8 -DSTDC_HEADERS=1 -DHAVE_SETENV=1 -DHAVE_PUTENV=1 -DHAVE_SYS_MMAN_H=1 -DHAVE_DIRENT_H=1 -DHAVE_LIMITS_H=1 -DHAVE_PATHS_H=1 -DHAVE_VA_COPY=1 -DHAVE___VA_COPY=1 -DFILE_LOCKS=1 -DCALMA_MODULE=1 -DCIF_MODULE=1 -DPLOT_MODULE=1 -DLEF_MODULE=1 -DUSE_READLINE=1 -DHAVE_PTHREADS=1 -DROUTE_MODULE=1 -DEXT2SPICE_AUTO=1 -DEXT2SIM_AUTO=1 -DRSIM_MODULE=1 -DUSE_NEW_MACROS=1 -DVECTOR_FONTS=1 -Dlinux=1 -DSYSV=1 -DISC=1  -DNDEBUG -DGCORE=\"/usr/bin/gcore\" -DSHDLIB_EXT=\"\" -DX11 -DXLIB -DNDEBUG  -c set.c
--- compiling utils/show.o
rm -f show.o
gcc -g -m64 -fPIC   -I/usr/X11R6/include  -I. -I..  -I../readline -DCAD_DIR=\"/tmp/lib\" -DBIN_DIR=\"/tmp/bin\" -DPACKAGE_NAME=\"\" -DPACKAGE_TARNAME=\"\" -DPACKAGE_VERSION=\"\" -DPACKAGE_STRING=\"\" -DPACKAGE_BUGREPORT=\"\" -DMAGIC_VERSION=\"8.0\" -DMAGIC_REVISION=\"100\" -DSTDC_HEADERS=1 -DHAVE_SYS_TYPES_H=1 -DHAVE_SYS_STAT_H=1 -DHAVE_STDLIB_H=1 -DHAVE_STRING_H=1 -DHAVE_MEMORY_H=1 -DHAVE_STRINGS_H=1 -DHAVE_INTTYPES_H=1 -DHAVE_STDINT_H=1 -DHAVE_UNISTD_H=1 -DSIZEOF_VOID_P=8 -DSIZEOF_UNSIGNED_INT=4 -DSIZEOF_UNSIGNED_LONG=8 -DSIZEOF_UNSIGNED_LONG_LONG=8 -DSTDC_HEADERS=1 -DHAVE_SETENV=1 -DHAVE_PUTENV=1 -DHAVE_SYS_MMAN_H=1 -DHAVE_DIRENT_H=1 -DHAVE_LIMITS_H=1 -DHAVE_PATHS_H=1 -DHAVE_VA_COPY=1 -DHAVE___VA_COPY=1 -DFILE_LOCKS=1 -DCALMA_MODULE=1 -DCIF_MODULE=1 -DPLOT_MODULE=1 -DLEF_MODULE=1 -DUSE_READLINE=1 -DHAVE_PTHREADS=1 -DROUTE_MODULE=1 -DEXT2SPICE_AUTO=1 -DEXT2SIM_AUTO=1 -DRSIM_MODULE=1 -DUSE_NEW_MACROS=1 -DVECTOR_FONTS=1 -Dlinux=1 -DSYSV=1 -DISC=1  -DNDEBUG -DGCORE=\"/usr/bin/gcore\" -DSHDLIB_EXT=\"\" -DX11 -DXLIB -DNDEBUG  -c show.c
--- compiling utils/tech.o
rm -f tech.o
gcc -g -m64 -fPIC   -I/usr/X11R6/include  -I. -I..  -I../readline -DCAD_DIR=\"/tmp/lib\" -DBIN_DIR=\"/tmp/bin\" -DPACKAGE_NAME=\"\" -DPACKAGE_TARNAME=\"\" -DPACKAGE_VERSION=\"\" -DPACKAGE_STRING=\"\" -DPACKAGE_BUGREPORT=\"\" -DMAGIC_VERSION=\"8.0\" -DMAGIC_REVISION=\"100\" -DSTDC_HEADERS=1 -DHAVE_SYS_TYPES_H=1 -DHAVE_SYS_STAT_H=1 -DHAVE_STDLIB_H=1 -DHAVE_STRING_H=1 -DHAVE_MEMORY_H=1 -DHAVE_STRINGS_H=1 -DHAVE_INTTYPES_H=1 -DHAVE_STDINT_H=1 -DHAVE_UNISTD_H=1 -DSIZEOF_VOID_P=8 -DSIZEOF_UNSIGNED_INT=4 -DSIZEOF_UNSIGNED_LONG=8 -DSIZEOF_UNSIGNED_LONG_LONG=8 -DSTDC_HEADERS=1 -DHAVE_SETENV=1 -DHAVE_PUTENV=1 -DHAVE_SYS_MMAN_H=1 -DHAVE_DIRENT_H=1 -DHAVE_LIMITS_H=1 -DHAVE_PATHS_H=1 -DHAVE_VA_COPY=1 -DHAVE___VA_COPY=1 -DFILE_LOCKS=1 -DCALMA_MODULE=1 -DCIF_MODULE=1 -DPLOT_MODULE=1 -DLEF_MODULE=1 -DUSE_READLINE=1 -DHAVE_PTHREADS=1 -DROUTE_MODULE=1 -DEXT2SPICE_AUTO=1 -DEXT2SIM_AUTO=1 -DRSIM_MODULE=1 -DUSE_NEW_MACROS=1 -DVECTOR_FONTS=1 -Dlinux=1 -DSYSV=1 -DISC=1  -DNDEBUG -DGCORE=\"/usr/bin/gcore\" -DSHDLIB_EXT=\"\" -DX11 -DXLIB -DNDEBUG  -c tech.c
--- compiling utils/touchtypes.o
rm -f touchtypes.o
gcc -g -m64 -fPIC   -I/usr/X11R6/include  -I. -I..  -I../readline -DCAD_DIR=\"/tmp/lib\" -DBIN_DIR=\"/tmp/bin\" -DPACKAGE_NAME=\"\" -DPACKAGE_TARNAME=\"\" -DPACKAGE_VERSION=\"\" -DPACKAGE_STRING=\"\" -DPACKAGE_BUGREPORT=\"\" -DMAGIC_VERSION=\"8.0\" -DMAGIC_REVISION=\"100\" -DSTDC_HEADERS=1 -DHAVE_SYS_TYPES_H=1 -DHAVE_SYS_STAT_H=1 -DHAVE_STDLIB_H=1 -DHAVE_STRING_H=1 -DHAVE_MEMORY_H=1 -DHAVE_STRINGS_H=1 -DHAVE_INTTYPES_H=1 -DHAVE_STDINT_H=1 -DHAVE_UNISTD_H=1 -DSIZEOF_VOID_P=8 -DSIZEOF_UNSIGNED_INT=4 -DSIZEOF_UNSIGNED_LONG=8 -DSIZEOF_UNSIGNED_LONG_LONG=8 -DSTDC_HEADERS=1 -DHAVE_SETENV=1 -DHAVE_PUTENV=1 -DHAVE_SYS_MMAN_H=1 -DHAVE_DIRENT_H=1 -DHAVE_LIMITS_H=1 -DHAVE_PATHS_H=1 -DHAVE_VA_COPY=1 -DHAVE___VA_COPY=1 -DFILE_LOCKS=1 -DCALMA_MODULE=1 -DCIF_MODULE=1 -DPLOT_MODULE=1 -DLEF_MODULE=1 -DUSE_READLINE=1 -DHAVE_PTHREADS=1 -DROUTE_MODULE=1 -DEXT2SPICE_AUTO=1 -DEXT2SIM_AUTO=1 -DRSIM_MODULE=1 -DUSE_NEW_MACROS=1 -DVECTOR_FONTS=1 -Dlinux=1 -DSYSV=1 -DISC=1  -DNDEBUG -DGCORE=\"/usr/bin/gcore\" -DSHDLIB_EXT=\"\" -DX11 -DXLIB -DNDEBUG  -c touchtypes.c
--- compiling utils/undo.o
rm -f undo.o
gcc -g -m64 -fPIC   -I/usr/X11R6/include  -I. -I..  -I../readline -DCAD_DIR=\"/tmp/lib\" -DBIN_DIR=\"/tmp/bin\" -DPACKAGE_NAME=\"\" -DPACKAGE_TARNAME=\"\" -DPACKAGE_VERSION=\"\" -DPACKAGE_STRING=\"\" -DPACKAGE_BUGREPORT=\"\" -DMAGIC_VERSION=\"8.0\" -DMAGIC_REVISION=\"100\" -DSTDC_HEADERS=1 -DHAVE_SYS_TYPES_H=1 -DHAVE_SYS_STAT_H=1 -DHAVE_STDLIB_H=1 -DHAVE_STRING_H=1 -DHAVE_MEMORY_H=1 -DHAVE_STRINGS_H=1 -DHAVE_INTTYPES_H=1 -DHAVE_STDINT_H=1 -DHAVE_UNISTD_H=1 -DSIZEOF_VOID_P=8 -DSIZEOF_UNSIGNED_INT=4 -DSIZEOF_UNSIGNED_LONG=8 -DSIZEOF_UNSIGNED_LONG_LONG=8 -DSTDC_HEADERS=1 -DHAVE_SETENV=1 -DHAVE_PUTENV=1 -DHAVE_SYS_MMAN_H=1 -DHAVE_DIRENT_H=1 -DHAVE_LIMITS_H=1 -DHAVE_PATHS_H=1 -DHAVE_VA_COPY=1 -DHAVE___VA_COPY=1 -DFILE_LOCKS=1 -DCALMA_MODULE=1 -DCIF_MODULE=1 -DPLOT_MODULE=1 -DLEF_MODULE=1 -DUSE_READLINE=1 -DHAVE_PTHREADS=1 -DROUTE_MODULE=1 -DEXT2SPICE_AUTO=1 -DEXT2SIM_AUTO=1 -DRSIM_MODULE=1 -DUSE_NEW_MACROS=1 -DVECTOR_FONTS=1 -Dlinux=1 -DSYSV=1 -DISC=1  -DNDEBUG -DGCORE=\"/usr/bin/gcore\" -DSHDLIB_EXT=\"\" -DX11 -DXLIB -DNDEBUG  -c undo.c
--- linking libutils.o
rm -f libutils.o
ld -r args.o child.o dqueue.o finddisp.o flock.o flsbuf.o fraction.o geometry.o getrect.o hash.o heap.o list.o lookup.o lookupany.o lookupfull.o macros.o main.o malloc.o match.o maxrect.o netlist.o niceabort.o parser.o path.o pathvisit.o port.o printstuff.o signals.o stack.o strdup.o runstats.o set.o show.o tech.o touchtypes.o undo.o  -o libutils.o 
make[2]: Leaving directory `/home/tim/gitsrc/magic-8.0/utils'
make[2]: Entering directory `/home/tim/gitsrc/magic-8.0/windows'
--- compiling windows/windClient.o
rm -f windClient.o
gcc -g -m64 -fPIC   -I. -I..  -I../readline -DCAD_DIR=\"/tmp/lib\" -DBIN_DIR=\"/tmp/bin\" -DPACKAGE_NAME=\"\" -DPACKAGE_TARNAME=\"\" -DPACKAGE_VERSION=\"\" -DPACKAGE_STRING=\"\" -DPACKAGE_BUGREPORT=\"\" -DMAGIC_VERSION=\"8.0\" -DMAGIC_REVISION=\"100\" -DSTDC_HEADERS=1 -DHAVE_SYS_TYPES_H=1 -DHAVE_SYS_STAT_H=1 -DHAVE_STDLIB_H=1 -DHAVE_STRING_H=1 -DHAVE_MEMORY_H=1 -DHAVE_STRINGS_H=1 -DHAVE_INTTYPES_H=1 -DHAVE_STDINT_H=1 -DHAVE_UNISTD_H=1 -DSIZEOF_VOID_P=8 -DSIZEOF_UNSIGNED_INT=4 -DSIZEOF_UNSIGNED_LONG=8 -DSIZEOF_UNSIGNED_LONG_LONG=8 -DSTDC_HEADERS=1 -DHAVE_SETENV=1 -DHAVE_PUTENV=1 -DHAVE_SYS_MMAN_H=1 -DHAVE_DIRENT_H=1 -DHAVE_LIMITS_H=1 -DHAVE_PATHS_H=1 -DHAVE_VA_COPY=1 -DHAVE___VA_COPY=1 -DFILE_LOCKS=1 -DCALMA_MODULE=1 -DCIF_MODULE=1 -DPLOT_MODULE=1 -DLEF_MODULE=1 -DUSE_READLINE=1 -DHAVE_PTHREADS=1 -DROUTE_MODULE=1 -DEXT2SPICE_AUTO=1 -DEXT2SIM_AUTO=1 -DRSIM_MODULE=1 -DUSE_NEW_MACROS=1 -DVECTOR_FONTS=1 -Dlinux=1 -DSYSV=1 -DISC=1  -DNDEBUG -DGCORE=\"/usr/bin/gcore\" -DSHDLIB_EXT=\"\"  -c windClient.c
--- compiling windows/windCmdAM.o
rm -f windCmdAM.o
gcc -g -m64 -fPIC   -I. -I..  -I../readline -DCAD_DIR=\"/tmp/lib\" -DBIN_DIR=\"/tmp/bin\" -DPACKAGE_NAME=\"\" -DPACKAGE_TARNAME=\"\" -DPACKAGE_VERSION=\"\" -DPACKAGE_STRING=\"\" -DPACKAGE_BUGREPORT=\"\" -DMAGIC_VERSION=\"8.0\" -DMAGIC_REVISION=\"100\" -DSTDC_HEADERS=1 -DHAVE_SYS_TYPES_H=1 -DHAVE_SYS_STAT_H=1 -DHAVE_STDLIB_H=1 -DHAVE_STRING_H=1 -DHAVE_MEMORY_H=1 -DHAVE_STRINGS_H=1 -DHAVE_INTTYPES_H=1 -DHAVE_STDINT_H=1 -DHAVE_UNISTD_H=1 -DSIZEOF_VOID_P=8 -DSIZEOF_UNSIGNED_INT=4 -DSIZEOF_UNSIGNED_LONG=8 -DSIZEOF_UNSIGNED_LONG_LONG=8 -DSTDC_HEADERS=1 -DHAVE_SETENV=1 -DHAVE_PUTENV=1 -DHAVE_SYS_MMAN_H=1 -DHAVE_DIRENT_H=1 -DHAVE_LIMITS_H=1 -DHAVE_PATHS_H=1 -DHAVE_VA_COPY=1 -DHAVE___VA_COPY=1 -DFILE_LOCKS=1 -DCALMA_MODULE=1 -DCIF_MODULE=1 -DPLOT_MODULE=1 -DLEF_MODULE=1 -DUSE_READLINE=1 -DHAVE_PTHREADS=1 -DROUTE_MODULE=1 -DEXT2SPICE_AUTO=1 -DEXT2SIM_AUTO=1 -DRSIM_MODULE=1 -DUSE_NEW_MACROS=1 -DVECTOR_FONTS=1 -Dlinux=1 -DSYSV=1 -DISC=1  -DNDEBUG -DGCORE=\"/usr/bin/gcore\" -DSHDLIB_EXT=\"\"  -c windCmdAM.c
windCmdAM.c: In function `windDoMacro':
windCmdAM.c:1008: warning: passing arg 2 of `HashLookOnly' makes pointer from integer without a cast
--- compiling windows/windCmdNR.o
rm -f windCmdNR.o
gcc -g -m64 -fPIC   -I. -I..  -I../readline -DCAD_DIR=\"/tmp/lib\" -DBIN_DIR=\"/tmp/bin\" -DPACKAGE_NAME=\"\" -DPACKAGE_TARNAME=\"\" -DPACKAGE_VERSION=\"\" -DPACKAGE_STRING=\"\" -DPACKAGE_BUGREPORT=\"\" -DMAGIC_VERSION=\"8.0\" -DMAGIC_REVISION=\"100\" -DSTDC_HEADERS=1 -DHAVE_SYS_TYPES_H=1 -DHAVE_SYS_STAT_H=1 -DHAVE_STDLIB_H=1 -DHAVE_STRING_H=1 -DHAVE_MEMORY_H=1 -DHAVE_STRINGS_H=1 -DHAVE_INTTYPES_H=1 -DHAVE_STDINT_H=1 -DHAVE_UNISTD_H=1 -DSIZEOF_VOID_P=8 -DSIZEOF_UNSIGNED_INT=4 -DSIZEOF_UNSIGNED_LONG=8 -DSIZEOF_UNSIGNED_LONG_LONG=8 -DSTDC_HEADERS=1 -DHAVE_SETENV=1 -DHAVE_PUTENV=1 -DHAVE_SYS_MMAN_H=1 -DHAVE_DIRENT_H=1 -DHAVE_LIMITS_H=1 -DHAVE_PATHS_H=1 -DHAVE_VA_COPY=1 -DHAVE___VA_COPY=1 -DFILE_LOCKS=1 -DCALMA_MODULE=1 -DCIF_MODULE=1 -DPLOT_MODULE=1 -DLEF_MODULE=1 -DUSE_READLINE=1 -DHAVE_PTHREADS=1 -DROUTE_MODULE=1 -DEXT2SPICE_AUTO=1 -DEXT2SIM_AUTO=1 -DRSIM_MODULE=1 -DUSE_NEW_MACROS=1 -DVECTOR_FONTS=1 -Dlinux=1 -DSYSV=1 -DISC=1  -DNDEBUG -DGCORE=\"/usr/bin/gcore\" -DSHDLIB_EXT=\"\"  -c windCmdNR.c
--- compiling windows/windCmdSZ.o
rm -f windCmdSZ.o
gcc -g -m64 -fPIC   -I. -I..  -I../readline -DCAD_DIR=\"/tmp/lib\" -DBIN_DIR=\"/tmp/bin\" -DPACKAGE_NAME=\"\" -DPACKAGE_TARNAME=\"\" -DPACKAGE_VERSION=\"\" -DPACKAGE_STRING=\"\" -DPACKAGE_BUGREPORT=\"\" -DMAGIC_VERSION=\"8.0\" -DMAGIC_REVISION=\"100\" -DSTDC_HEADERS=1 -DHAVE_SYS_TYPES_H=1 -DHAVE_SYS_STAT_H=1 -DHAVE_STDLIB_H=1 -DHAVE_STRING_H=1 -DHAVE_MEMORY_H=1 -DHAVE_STRINGS_H=1 -DHAVE_INTTYPES_H=1 -DHAVE_STDINT_H=1 -DHAVE_UNISTD_H=1 -DSIZEOF_VOID_P=8 -DSIZEOF_UNSIGNED_INT=4 -DSIZEOF_UNSIGNED_LONG=8 -DSIZEOF_UNSIGNED_LONG_LONG=8 -DSTDC_HEADERS=1 -DHAVE_SETENV=1 -DHAVE_PUTENV=1 -DHAVE_SYS_MMAN_H=1 -DHAVE_DIRENT_H=1 -DHAVE_LIMITS_H=1 -DHAVE_PATHS_H=1 -DHAVE_VA_COPY=1 -DHAVE___VA_COPY=1 -DFILE_LOCKS=1 -DCALMA_MODULE=1 -DCIF_MODULE=1 -DPLOT_MODULE=1 -DLEF_MODULE=1 -DUSE_READLINE=1 -DHAVE_PTHREADS=1 -DROUTE_MODULE=1 -DEXT2SPICE_AUTO=1 -DEXT2SIM_AUTO=1 -DRSIM_MODULE=1 -DUSE_NEW_MACROS=1 -DVECTOR_FONTS=1 -Dlinux=1 -DSYSV=1 -DISC=1  -DNDEBUG -DGCORE=\"/usr/bin/gcore\" -DSHDLIB_EXT=\"\"  -c windCmdSZ.c
--- compiling windows/windSend.o
rm -f windSend.o
gcc -g -m64 -fPIC   -I. -I..  -I../readline -DCAD_DIR=\"/tmp/lib\" -DBIN_DIR=\"/tmp/bin\" -DPACKAGE_NAME=\"\" -DPACKAGE_TARNAME=\"\" -DPACKAGE_VERSION=\"\" -DPACKAGE_STRING=\"\" -DPACKAGE_BUGREPORT=\"\" -DMAGIC_VERSION=\"8.0\" -DMAGIC_REVISION=\"100\" -DSTDC_HEADERS=1 -DHAVE_SYS_TYPES_H=1 -DHAVE_SYS_STAT_H=1 -DHAVE_STDLIB_H=1 -DHAVE_STRING_H=1 -DHAVE_MEMORY_H=1 -DHAVE_STRINGS_H=1 -DHAVE_INTTYPES_H=1 -DHAVE_STDINT_H=1 -DHAVE_UNISTD_H=1 -DSIZEOF_VOID_P=8 -DSIZEOF_UNSIGNED_INT=4 -DSIZEOF_UNSIGNED_LONG=8 -DSIZEOF_UNSIGNED_LONG_LONG=8 -DSTDC_HEADERS=1 -DHAVE_SETENV=1 -DHAVE_PUTENV=1 -DHAVE_SYS_MMAN_H=1 -DHAVE_DIRENT_H=1 -DHAVE_LIMITS_H=1 -DHAVE_PATHS_H=1 -DHAVE_VA_COPY=1 -DHAVE___VA_COPY=1 -DFILE_LOCKS=1 -DCALMA_MODULE=1 -DCIF_MODULE=1 -DPLOT_MODULE=1 -DLEF_MODULE=1 -DUSE_READLINE=1 -DHAVE_PTHREADS=1 -DROUTE_MODULE=1 -DEXT2SPICE_AUTO=1 -DEXT2SIM_AUTO=1 -DRSIM_MODULE=1 -DUSE_NEW_MACROS=1 -DVECTOR_FONTS=1 -Dlinux=1 -DSYSV=1 -DISC=1  -DNDEBUG -DGCORE=\"/usr/bin/gcore\" -DSHDLIB_EXT=\"\"  -c windSend.c
--- compiling windows/windDebug.o
rm -f windDebug.o
gcc -g -m64 -fPIC   -I. -I..  -I../readline -DCAD_DIR=\"/tmp/lib\" -DBIN_DIR=\"/tmp/bin\" -DPACKAGE_NAME=\"\" -DPACKAGE_TARNAME=\"\" -DPACKAGE_VERSION=\"\" -DPACKAGE_STRING=\"\" -DPACKAGE_BUGREPORT=\"\" -DMAGIC_VERSION=\"8.0\" -DMAGIC_REVISION=\"100\" -DSTDC_HEADERS=1 -DHAVE_SYS_TYPES_H=1 -DHAVE_SYS_STAT_H=1 -DHAVE_STDLIB_H=1 -DHAVE_STRING_H=1 -DHAVE_MEMORY_H=1 -DHAVE_STRINGS_H=1 -DHAVE_INTTYPES_H=1 -DHAVE_STDINT_H=1 -DHAVE_UNISTD_H=1 -DSIZEOF_VOID_P=8 -DSIZEOF_UNSIGNED_INT=4 -DSIZEOF_UNSIGNED_LONG=8 -DSIZEOF_UNSIGNED_LONG_LONG=8 -DSTDC_HEADERS=1 -DHAVE_SETENV=1 -DHAVE_PUTENV=1 -DHAVE_SYS_MMAN_H=1 -DHAVE_DIRENT_H=1 -DHAVE_LIMITS_H=1 -DHAVE_PATHS_H=1 -DHAVE_VA_COPY=1 -DHAVE___VA_COPY=1 -DFILE_LOCKS=1 -DCALMA_MODULE=1 -DCIF_MODULE=1 -DPLOT_MODULE=1 -DLEF_MODULE=1 -DUSE_READLINE=1 -DHAVE_PTHREADS=1 -DROUTE_MODULE=1 -DEXT2SPICE_AUTO=1 -DEXT2SIM_AUTO=1 -DRSIM_MODULE=1 -DUSE_NEW_MACROS=1 -DVECTOR_FONTS=1 -Dlinux=1 -DSYSV=1 -DISC=1  -DNDEBUG -DGCORE=\"/usr/bin/gcore\" -DSHDLIB_EXT=\"\"  -c windDebug.c
--- compiling windows/windDisp.o
rm -f windDisp.o
gcc -g -m64 -fPIC   -I. -I..  -I../readline -DCAD_DIR=\"/tmp/lib\" -DBIN_DIR=\"/tmp/bin\" -DPACKAGE_NAME=\"\" -DPACKAGE_TARNAME=\"\" -DPACKAGE_VERSION=\"\" -DPACKAGE_STRING=\"\" -DPACKAGE_BUGREPORT=\"\" -DMAGIC_VERSION=\"8.0\" -DMAGIC_REVISION=\"100\" -DSTDC_HEADERS=1 -DHAVE_SYS_TYPES_H=1 -DHAVE_SYS_STAT_H=1 -DHAVE_STDLIB_H=1 -DHAVE_STRING_H=1 -DHAVE_MEMORY_H=1 -DHAVE_STRINGS_H=1 -DHAVE_INTTYPES_H=1 -DHAVE_STDINT_H=1 -DHAVE_UNISTD_H=1 -DSIZEOF_VOID_P=8 -DSIZEOF_UNSIGNED_INT=4 -DSIZEOF_UNSIGNED_LONG=8 -DSIZEOF_UNSIGNED_LONG_LONG=8 -DSTDC_HEADERS=1 -DHAVE_SETENV=1 -DHAVE_PUTENV=1 -DHAVE_SYS_MMAN_H=1 -DHAVE_DIRENT_H=1 -DHAVE_LIMITS_H=1 -DHAVE_PATHS_H=1 -DHAVE_VA_COPY=1 -DHAVE___VA_COPY=1 -DFILE_LOCKS=1 -DCALMA_MODULE=1 -DCIF_MODULE=1 -DPLOT_MODULE=1 -DLEF_MODULE=1 -DUSE_READLINE=1 -DHAVE_PTHREADS=1 -DROUTE_MODULE=1 -DEXT2SPICE_AUTO=1 -DEXT2SIM_AUTO=1 -DRSIM_MODULE=1 -DUSE_NEW_MACROS=1 -DVECTOR_FONTS=1 -Dlinux=1 -DSYSV=1 -DISC=1  -DNDEBUG -DGCORE=\"/usr/bin/gcore\" -DSHDLIB_EXT=\"\"  -c windDisp.c
--- compiling windows/windMain.o
rm -f windMain.o
gcc -g -m64 -fPIC   -I. -I..  -I../readline -DCAD_DIR=\"/tmp/lib\" -DBIN_DIR=\"/tmp/bin\" -DPACKAGE_NAME=\"\" -DPACKAGE_TARNAME=\"\" -DPACKAGE_VERSION=\"\" -DPACKAGE_STRING=\"\" -DPACKAGE_BUGREPORT=\"\" -DMAGIC_VERSION=\"8.0\" -DMAGIC_REVISION=\"100\" -DSTDC_HEADERS=1 -DHAVE_SYS_TYPES_H=1 -DHAVE_SYS_STAT_H=1 -DHAVE_STDLIB_H=1 -DHAVE_STRING_H=1 -DHAVE_MEMORY_H=1 -DHAVE_STRINGS_H=1 -DHAVE_INTTYPES_H=1 -DHAVE_STDINT_H=1 -DHAVE_UNISTD_H=1 -DSIZEOF_VOID_P=8 -DSIZEOF_UNSIGNED_INT=4 -DSIZEOF_UNSIGNED_LONG=8 -DSIZEOF_UNSIGNED_LONG_LONG=8 -DSTDC_HEADERS=1 -DHAVE_SETENV=1 -DHAVE_PUTENV=1 -DHAVE_SYS_MMAN_H=1 -DHAVE_DIRENT_H=1 -DHAVE_LIMITS_H=1 -DHAVE_PATHS_H=1 -DHAVE_VA_COPY=1 -DHAVE___VA_COPY=1 -DFILE_LOCKS=1 -DCALMA_MODULE=1 -DCIF_MODULE=1 -DPLOT_MODULE=1 -DLEF_MODULE=1 -DUSE_READLINE=1 -DHAVE_PTHREADS=1 -DROUTE_MODULE=1 -DEXT2SPICE_AUTO=1 -DEXT2SIM_AUTO=1 -DRSIM_MODULE=1 -DUSE_NEW_MACROS=1 -DVECTOR_FONTS=1 -Dlinux=1 -DSYSV=1 -DISC=1  -DNDEBUG -DGCORE=\"/usr/bin/gcore\" -DSHDLIB_EXT=\"\"  -c windMain.c
--- compiling windows/windMove.o
rm -f windMove.o
gcc -g -m64 -fPIC   -I. -I..  -I../readline -DCAD_DIR=\"/tmp/lib\" -DBIN_DIR=\"/tmp/bin\" -DPACKAGE_NAME=\"\" -DPACKAGE_TARNAME=\"\" -DPACKAGE_VERSION=\"\" -DPACKAGE_STRING=\"\" -DPACKAGE_BUGREPORT=\"\" -DMAGIC_VERSION=\"8.0\" -DMAGIC_REVISION=\"100\" -DSTDC_HEADERS=1 -DHAVE_SYS_TYPES_H=1 -DHAVE_SYS_STAT_H=1 -DHAVE_STDLIB_H=1 -DHAVE_STRING_H=1 -DHAVE_MEMORY_H=1 -DHAVE_STRINGS_H=1 -DHAVE_INTTYPES_H=1 -DHAVE_STDINT_H=1 -DHAVE_UNISTD_H=1 -DSIZEOF_VOID_P=8 -DSIZEOF_UNSIGNED_INT=4 -DSIZEOF_UNSIGNED_LONG=8 -DSIZEOF_UNSIGNED_LONG_LONG=8 -DSTDC_HEADERS=1 -DHAVE_SETENV=1 -DHAVE_PUTENV=1 -DHAVE_SYS_MMAN_H=1 -DHAVE_DIRENT_H=1 -DHAVE_LIMITS_H=1 -DHAVE_PATHS_H=1 -DHAVE_VA_COPY=1 -DHAVE___VA_COPY=1 -DFILE_LOCKS=1 -DCALMA_MODULE=1 -DCIF_MODULE=1 -DPLOT_MODULE=1 -DLEF_MODULE=1 -DUSE_READLINE=1 -DHAVE_PTHREADS=1 -DROUTE_MODULE=1 -DEXT2SPICE_AUTO=1 -DEXT2SIM_AUTO=1 -DRSIM_MODULE=1 -DUSE_NEW_MACROS=1 -DVECTOR_FONTS=1 -Dlinux=1 -DSYSV=1 -DISC=1  -DNDEBUG -DGCORE=\"/usr/bin/gcore\" -DSHDLIB_EXT=\"\"  -c windMove.c
--- compiling windows/windSearch.o
rm -f windSearch.o
gcc -g -m64 -fPIC   -I. -I..  -I../readline -DCAD_DIR=\"/tmp/lib\" -DBIN_DIR=\"/tmp/bin\" -DPACKAGE_NAME=\"\" -DPACKAGE_TARNAME=\"\" -DPACKAGE_VERSION=\"\" -DPACKAGE_STRING=\"\" -DPACKAGE_BUGREPORT=\"\" -DMAGIC_VERSION=\"8.0\" -DMAGIC_REVISION=\"100\" -DSTDC_HEADERS=1 -DHAVE_SYS_TYPES_H=1 -DHAVE_SYS_STAT_H=1 -DHAVE_STDLIB_H=1 -DHAVE_STRING_H=1 -DHAVE_MEMORY_H=1 -DHAVE_STRINGS_H=1 -DHAVE_INTTYPES_H=1 -DHAVE_STDINT_H=1 -DHAVE_UNISTD_H=1 -DSIZEOF_VOID_P=8 -DSIZEOF_UNSIGNED_INT=4 -DSIZEOF_UNSIGNED_LONG=8 -DSIZEOF_UNSIGNED_LONG_LONG=8 -DSTDC_HEADERS=1 -DHAVE_SETENV=1 -DHAVE_PUTENV=1 -DHAVE_SYS_MMAN_H=1 -DHAVE_DIRENT_H=1 -DHAVE_LIMITS_H=1 -DHAVE_PATHS_H=1 -DHAVE_VA_COPY=1 -DHAVE___VA_COPY=1 -DFILE_LOCKS=1 -DCALMA_MODULE=1 -DCIF_MODULE=1 -DPLOT_MODULE=1 -DLEF_MODULE=1 -DUSE_READLINE=1 -DHAVE_PTHREADS=1 -DROUTE_MODULE=1 -DEXT2SPICE_AUTO=1 -DEXT2SIM_AUTO=1 -DRSIM_MODULE=1 -DUSE_NEW_MACROS=1 -DVECTOR_FONTS=1 -Dlinux=1 -DSYSV=1 -DISC=1  -DNDEBUG -DGCORE=\"/usr/bin/gcore\" -DSHDLIB_EXT=\"\"  -c windSearch.c
--- compiling windows/windTrans.o
rm -f windTrans.o
gcc -g -m64 -fPIC   -I. -I..  -I../readline -DCAD_DIR=\"/tmp/lib\" -DBIN_DIR=\"/tmp/bin\" -DPACKAGE_NAME=\"\" -DPACKAGE_TARNAME=\"\" -DPACKAGE_VERSION=\"\" -DPACKAGE_STRING=\"\" -DPACKAGE_BUGREPORT=\"\" -DMAGIC_VERSION=\"8.0\" -DMAGIC_REVISION=\"100\" -DSTDC_HEADERS=1 -DHAVE_SYS_TYPES_H=1 -DHAVE_SYS_STAT_H=1 -DHAVE_STDLIB_H=1 -DHAVE_STRING_H=1 -DHAVE_MEMORY_H=1 -DHAVE_STRINGS_H=1 -DHAVE_INTTYPES_H=1 -DHAVE_STDINT_H=1 -DHAVE_UNISTD_H=1 -DSIZEOF_VOID_P=8 -DSIZEOF_UNSIGNED_INT=4 -DSIZEOF_UNSIGNED_LONG=8 -DSIZEOF_UNSIGNED_LONG_LONG=8 -DSTDC_HEADERS=1 -DHAVE_SETENV=1 -DHAVE_PUTENV=1 -DHAVE_SYS_MMAN_H=1 -DHAVE_DIRENT_H=1 -DHAVE_LIMITS_H=1 -DHAVE_PATHS_H=1 -DHAVE_VA_COPY=1 -DHAVE___VA_COPY=1 -DFILE_LOCKS=1 -DCALMA_MODULE=1 -DCIF_MODULE=1 -DPLOT_MODULE=1 -DLEF_MODULE=1 -DUSE_READLINE=1 -DHAVE_PTHREADS=1 -DROUTE_MODULE=1 -DEXT2SPICE_AUTO=1 -DEXT2SIM_AUTO=1 -DRSIM_MODULE=1 -DUSE_NEW_MACROS=1 -DVECTOR_FONTS=1 -Dlinux=1 -DSYSV=1 -DISC=1  -DNDEBUG -DGCORE=\"/usr/bin/gcore\" -DSHDLIB_EXT=\"\"  -c windTrans.c
--- compiling windows/windView.o
rm -f windView.o
gcc -g -m64 -fPIC   -I. -I..  -I../readline -DCAD_DIR=\"/tmp/lib\" -DBIN_DIR=\"/tmp/bin\" -DPACKAGE_NAME=\"\" -DPACKAGE_TARNAME=\"\" -DPACKAGE_VERSION=\"\" -DPACKAGE_STRING=\"\" -DPACKAGE_BUGREPORT=\"\" -DMAGIC_VERSION=\"8.0\" -DMAGIC_REVISION=\"100\" -DSTDC_HEADERS=1 -DHAVE_SYS_TYPES_H=1 -DHAVE_SYS_STAT_H=1 -DHAVE_STDLIB_H=1 -DHAVE_STRING_H=1 -DHAVE_MEMORY_H=1 -DHAVE_STRINGS_H=1 -DHAVE_INTTYPES_H=1 -DHAVE_STDINT_H=1 -DHAVE_UNISTD_H=1 -DSIZEOF_VOID_P=8 -DSIZEOF_UNSIGNED_INT=4 -DSIZEOF_UNSIGNED_LONG=8 -DSIZEOF_UNSIGNED_LONG_LONG=8 -DSTDC_HEADERS=1 -DHAVE_SETENV=1 -DHAVE_PUTENV=1 -DHAVE_SYS_MMAN_H=1 -DHAVE_DIRENT_H=1 -DHAVE_LIMITS_H=1 -DHAVE_PATHS_H=1 -DHAVE_VA_COPY=1 -DHAVE___VA_COPY=1 -DFILE_LOCKS=1 -DCALMA_MODULE=1 -DCIF_MODULE=1 -DPLOT_MODULE=1 -DLEF_MODULE=1 -DUSE_READLINE=1 -DHAVE_PTHREADS=1 -DROUTE_MODULE=1 -DEXT2SPICE_AUTO=1 -DEXT2SIM_AUTO=1 -DRSIM_MODULE=1 -DUSE_NEW_MACROS=1 -DVECTOR_FONTS=1 -Dlinux=1 -DSYSV=1 -DISC=1  -DNDEBUG -DGCORE=\"/usr/bin/gcore\" -DSHDLIB_EXT=\"\"  -c windView.c
--- linking libwindows.o
rm -f libwindows.o
ld -r windClient.o windCmdAM.o windCmdNR.o windCmdSZ.o windSend.o windDebug.o windDisp.o windMain.o windMove.o windSearch.o windTrans.o windView.o  -o libwindows.o 
make[2]: Leaving directory `/home/tim/gitsrc/magic-8.0/windows'
make[2]: Entering directory `/home/tim/gitsrc/magic-8.0/wiring'
--- compiling wiring/wireOps.o
rm -f wireOps.o
gcc -g -m64 -fPIC   -I. -I..  -I../readline -DCAD_DIR=\"/tmp/lib\" -DBIN_DIR=\"/tmp/bin\" -DPACKAGE_NAME=\"\" -DPACKAGE_TARNAME=\"\" -DPACKAGE_VERSION=\"\" -DPACKAGE_STRING=\"\" -DPACKAGE_BUGREPORT=\"\" -DMAGIC_VERSION=\"8.0\" -DMAGIC_REVISION=\"100\" -DSTDC_HEADERS=1 -DHAVE_SYS_TYPES_H=1 -DHAVE_SYS_STAT_H=1 -DHAVE_STDLIB_H=1 -DHAVE_STRING_H=1 -DHAVE_MEMORY_H=1 -DHAVE_STRINGS_H=1 -DHAVE_INTTYPES_H=1 -DHAVE_STDINT_H=1 -DHAVE_UNISTD_H=1 -DSIZEOF_VOID_P=8 -DSIZEOF_UNSIGNED_INT=4 -DSIZEOF_UNSIGNED_LONG=8 -DSIZEOF_UNSIGNED_LONG_LONG=8 -DSTDC_HEADERS=1 -DHAVE_SETENV=1 -DHAVE_PUTENV=1 -DHAVE_SYS_MMAN_H=1 -DHAVE_DIRENT_H=1 -DHAVE_LIMITS_H=1 -DHAVE_PATHS_H=1 -DHAVE_VA_COPY=1 -DHAVE___VA_COPY=1 -DFILE_LOCKS=1 -DCALMA_MODULE=1 -DCIF_MODULE=1 -DPLOT_MODULE=1 -DLEF_MODULE=1 -DUSE_READLINE=1 -DHAVE_PTHREADS=1 -DROUTE_MODULE=1 -DEXT2SPICE_AUTO=1 -DEXT2SIM_AUTO=1 -DRSIM_MODULE=1 -DUSE_NEW_MACROS=1 -DVECTOR_FONTS=1 -Dlinux=1 -DSYSV=1 -DISC=1  -DNDEBUG -DGCORE=\"/usr/bin/gcore\" -DSHDLIB_EXT=\"\"  -c wireOps.c
--- compiling wiring/wireTech.o
rm -f wireTech.o
gcc -g -m64 -fPIC   -I. -I..  -I../readline -DCAD_DIR=\"/tmp/lib\" -DBIN_DIR=\"/tmp/bin\" -DPACKAGE_NAME=\"\" -DPACKAGE_TARNAME=\"\" -DPACKAGE_VERSION=\"\" -DPACKAGE_STRING=\"\" -DPACKAGE_BUGREPORT=\"\" -DMAGIC_VERSION=\"8.0\" -DMAGIC_REVISION=\"100\" -DSTDC_HEADERS=1 -DHAVE_SYS_TYPES_H=1 -DHAVE_SYS_STAT_H=1 -DHAVE_STDLIB_H=1 -DHAVE_STRING_H=1 -DHAVE_MEMORY_H=1 -DHAVE_STRINGS_H=1 -DHAVE_INTTYPES_H=1 -DHAVE_STDINT_H=1 -DHAVE_UNISTD_H=1 -DSIZEOF_VOID_P=8 -DSIZEOF_UNSIGNED_INT=4 -DSIZEOF_UNSIGNED_LONG=8 -DSIZEOF_UNSIGNED_LONG_LONG=8 -DSTDC_HEADERS=1 -DHAVE_SETENV=1 -DHAVE_PUTENV=1 -DHAVE_SYS_MMAN_H=1 -DHAVE_DIRENT_H=1 -DHAVE_LIMITS_H=1 -DHAVE_PATHS_H=1 -DHAVE_VA_COPY=1 -DHAVE___VA_COPY=1 -DFILE_LOCKS=1 -DCALMA_MODULE=1 -DCIF_MODULE=1 -DPLOT_MODULE=1 -DLEF_MODULE=1 -DUSE_READLINE=1 -DHAVE_PTHREADS=1 -DROUTE_MODULE=1 -DEXT2SPICE_AUTO=1 -DEXT2SIM_AUTO=1 -DRSIM_MODULE=1 -DUSE_NEW_MACROS=1 -DVECTOR_FONTS=1 -Dlinux=1 -DSYSV=1 -DISC=1  -DNDEBUG -DGCORE=\"/usr/bin/gcore\" -DSHDLIB_EXT=\"\"  -c wireTech.c
--- compiling wiring/wireUndo.o
rm -f wireUndo.o
gcc -g -m64 -fPIC   -I. -I..  -I../readline -DCAD_DIR=\"/tmp/lib\" -DBIN_DIR=\"/tmp/bin\" -DPACKAGE_NAME=\"\" -DPACKAGE_TARNAME=\"\" -DPACKAGE_VERSION=\"\" -DPACKAGE_STRING=\"\" -DPACKAGE_BUGREPORT=\"\" -DMAGIC_VERSION=\"8.0\" -DMAGIC_REVISION=\"100\" -DSTDC_HEADERS=1 -DHAVE_SYS_TYPES_H=1 -DHAVE_SYS_STAT_H=1 -DHAVE_STDLIB_H=1 -DHAVE_STRING_H=1 -DHAVE_MEMORY_H=1 -DHAVE_STRINGS_H=1 -DHAVE_INTTYPES_H=1 -DHAVE_STDINT_H=1 -DHAVE_UNISTD_H=1 -DSIZEOF_VOID_P=8 -DSIZEOF_UNSIGNED_INT=4 -DSIZEOF_UNSIGNED_LONG=8 -DSIZEOF_UNSIGNED_LONG_LONG=8 -DSTDC_HEADERS=1 -DHAVE_SETENV=1 -DHAVE_PUTENV=1 -DHAVE_SYS_MMAN_H=1 -DHAVE_DIRENT_H=1 -DHAVE_LIMITS_H=1 -DHAVE_PATHS_H=1 -DHAVE_VA_COPY=1 -DHAVE___VA_COPY=1 -DFILE_LOCKS=1 -DCALMA_MODULE=1 -DCIF_MODULE=1 -DPLOT_MODULE=1 -DLEF_MODULE=1 -DUSE_READLINE=1 -DHAVE_PTHREADS=1 -DROUTE_MODULE=1 -DEXT2SPICE_AUTO=1 -DEXT2SIM_AUTO=1 -DRSIM_MODULE=1 -DUSE_NEW_MACROS=1 -DVECTOR_FONTS=1 -Dlinux=1 -DSYSV=1 -DISC=1  -DNDEBUG -DGCORE=\"/usr/bin/gcore\" -DSHDLIB_EXT=\"\"  -c wireUndo.c
--- linking libwiring.o
rm -f libwiring.o
ld -r wireOps.o wireTech.o wireUndo.o  -o libwiring.o 
make[2]: Leaving directory `/home/tim/gitsrc/magic-8.0/wiring'
make[2]: Entering directory `/home/tim/gitsrc/magic-8.0/calma'
--- compiling calma/CalmaRead.o
rm -f CalmaRead.o
gcc -g -m64 -fPIC   -I. -I..  -I../readline -DCAD_DIR=\"/tmp/lib\" -DBIN_DIR=\"/tmp/bin\" -DPACKAGE_NAME=\"\" -DPACKAGE_TARNAME=\"\" -DPACKAGE_VERSION=\"\" -DPACKAGE_STRING=\"\" -DPACKAGE_BUGREPORT=\"\" -DMAGIC_VERSION=\"8.0\" -DMAGIC_REVISION=\"100\" -DSTDC_HEADERS=1 -DHAVE_SYS_TYPES_H=1 -DHAVE_SYS_STAT_H=1 -DHAVE_STDLIB_H=1 -DHAVE_STRING_H=1 -DHAVE_MEMORY_H=1 -DHAVE_STRINGS_H=1 -DHAVE_INTTYPES_H=1 -DHAVE_STDINT_H=1 -DHAVE_UNISTD_H=1 -DSIZEOF_VOID_P=8 -DSIZEOF_UNSIGNED_INT=4 -DSIZEOF_UNSIGNED_LONG=8 -DSIZEOF_UNSIGNED_LONG_LONG=8 -DSTDC_HEADERS=1 -DHAVE_SETENV=1 -DHAVE_PUTENV=1 -DHAVE_SYS_MMAN_H=1 -DHAVE_DIRENT_H=1 -DHAVE_LIMITS_H=1 -DHAVE_PATHS_H=1 -DHAVE_VA_COPY=1 -DHAVE___VA_COPY=1 -DFILE_LOCKS=1 -DCALMA_MODULE=1 -DCIF_MODULE=1 -DPLOT_MODULE=1 -DLEF_MODULE=1 -DUSE_READLINE=1 -DHAVE_PTHREADS=1 -DROUTE_MODULE=1 -DEXT2SPICE_AUTO=1 -DEXT2SIM_AUTO=1 -DRSIM_MODULE=1 -DUSE_NEW_MACROS=1 -DVECTOR_FONTS=1 -Dlinux=1 -DSYSV=1 -DISC=1  -DNDEBUG -DGCORE=\"/usr/bin/gcore\" -DSHDLIB_EXT=\"\"  -c CalmaRead.c
--- compiling calma/CalmaRdcl.o
rm -f CalmaRdcl.o
gcc -g -m64 -fPIC   -I. -I..  -I../readline -DCAD_DIR=\"/tmp/lib\" -DBIN_DIR=\"/tmp/bin\" -DPACKAGE_NAME=\"\" -DPACKAGE_TARNAME=\"\" -DPACKAGE_VERSION=\"\" -DPACKAGE_STRING=\"\" -DPACKAGE_BUGREPORT=\"\" -DMAGIC_VERSION=\"8.0\" -DMAGIC_REVISION=\"100\" -DSTDC_HEADERS=1 -DHAVE_SYS_TYPES_H=1 -DHAVE_SYS_STAT_H=1 -DHAVE_STDLIB_H=1 -DHAVE_STRING_H=1 -DHAVE_MEMORY_H=1 -DHAVE_STRINGS_H=1 -DHAVE_INTTYPES_H=1 -DHAVE_STDINT_H=1 -DHAVE_UNISTD_H=1 -DSIZEOF_VOID_P=8 -DSIZEOF_UNSIGNED_INT=4 -DSIZEOF_UNSIGNED_LONG=8 -DSIZEOF_UNSIGNED_LONG_LONG=8 -DSTDC_HEADERS=1 -DHAVE_SETENV=1 -DHAVE_PUTENV=1 -DHAVE_SYS_MMAN_H=1 -DHAVE_DIRENT_H=1 -DHAVE_LIMITS_H=1 -DHAVE_PATHS_H=1 -DHAVE_VA_COPY=1 -DHAVE___VA_COPY=1 -DFILE_LOCKS=1 -DCALMA_MODULE=1 -DCIF_MODULE=1 -DPLOT_MODULE=1 -DLEF_MODULE=1 -DUSE_READLINE=1 -DHAVE_PTHREADS=1 -DROUTE_MODULE=1 -DEXT2SPICE_AUTO=1 -DEXT2SIM_AUTO=1 -DRSIM_MODULE=1 -DUSE_NEW_MACROS=1 -DVECTOR_FONTS=1 -Dlinux=1 -DSYSV=1 -DISC=1  -DNDEBUG -DGCORE=\"/usr/bin/gcore\" -DSHDLIB_EXT=\"\"  -c CalmaRdcl.c
--- compiling calma/CalmaRdio.o
rm -f CalmaRdio.o
gcc -g -m64 -fPIC   -I. -I..  -I../readline -DCAD_DIR=\"/tmp/lib\" -DBIN_DIR=\"/tmp/bin\" -DPACKAGE_NAME=\"\" -DPACKAGE_TARNAME=\"\" -DPACKAGE_VERSION=\"\" -DPACKAGE_STRING=\"\" -DPACKAGE_BUGREPORT=\"\" -DMAGIC_VERSION=\"8.0\" -DMAGIC_REVISION=\"100\" -DSTDC_HEADERS=1 -DHAVE_SYS_TYPES_H=1 -DHAVE_SYS_STAT_H=1 -DHAVE_STDLIB_H=1 -DHAVE_STRING_H=1 -DHAVE_MEMORY_H=1 -DHAVE_STRINGS_H=1 -DHAVE_INTTYPES_H=1 -DHAVE_STDINT_H=1 -DHAVE_UNISTD_H=1 -DSIZEOF_VOID_P=8 -DSIZEOF_UNSIGNED_INT=4 -DSIZEOF_UNSIGNED_LONG=8 -DSIZEOF_UNSIGNED_LONG_LONG=8 -DSTDC_HEADERS=1 -DHAVE_SETENV=1 -DHAVE_PUTENV=1 -DHAVE_SYS_MMAN_H=1 -DHAVE_DIRENT_H=1 -DHAVE_LIMITS_H=1 -DHAVE_PATHS_H=1 -DHAVE_VA_COPY=1 -DHAVE___VA_COPY=1 -DFILE_LOCKS=1 -DCALMA_MODULE=1 -DCIF_MODULE=1 -DPLOT_MODULE=1 -DLEF_MODULE=1 -DUSE_READLINE=1 -DHAVE_PTHREADS=1 -DROUTE_MODULE=1 -DEXT2SPICE_AUTO=1 -DEXT2SIM_AUTO=1 -DRSIM_MODULE=1 -DUSE_NEW_MACROS=1 -DVECTOR_FONTS=1 -Dlinux=1 -DSYSV=1 -DISC=1  -DNDEBUG -DGCORE=\"/usr/bin/gcore\" -DSHDLIB_EXT=\"\"  -c CalmaRdio.c
--- compiling calma/CalmaRdpt.o
rm -f CalmaRdpt.o
gcc -g -m64 -fPIC   -I. -I..  -I../readline -DCAD_DIR=\"/tmp/lib\" -DBIN_DIR=\"/tmp/bin\" -DPACKAGE_NAME=\"\" -DPACKAGE_TARNAME=\"\" -DPACKAGE_VERSION=\"\" -DPACKAGE_STRING=\"\" -DPACKAGE_BUGREPORT=\"\" -DMAGIC_VERSION=\"8.0\" -DMAGIC_REVISION=\"100\" -DSTDC_HEADERS=1 -DHAVE_SYS_TYPES_H=1 -DHAVE_SYS_STAT_H=1 -DHAVE_STDLIB_H=1 -DHAVE_STRING_H=1 -DHAVE_MEMORY_H=1 -DHAVE_STRINGS_H=1 -DHAVE_INTTYPES_H=1 -DHAVE_STDINT_H=1 -DHAVE_UNISTD_H=1 -DSIZEOF_VOID_P=8 -DSIZEOF_UNSIGNED_INT=4 -DSIZEOF_UNSIGNED_LONG=8 -DSIZEOF_UNSIGNED_LONG_LONG=8 -DSTDC_HEADERS=1 -DHAVE_SETENV=1 -DHAVE_PUTENV=1 -DHAVE_SYS_MMAN_H=1 -DHAVE_DIRENT_H=1 -DHAVE_LIMITS_H=1 -DHAVE_PATHS_H=1 -DHAVE_VA_COPY=1 -DHAVE___VA_COPY=1 -DFILE_LOCKS=1 -DCALMA_MODULE=1 -DCIF_MODULE=1 -DPLOT_MODULE=1 -DLEF_MODULE=1 -DUSE_READLINE=1 -DHAVE_PTHREADS=1 -DROUTE_MODULE=1 -DEXT2SPICE_AUTO=1 -DEXT2SIM_AUTO=1 -DRSIM_MODULE=1 -DUSE_NEW_MACROS=1 -DVECTOR_FONTS=1 -Dlinux=1 -DSYSV=1 -DISC=1  -DNDEBUG -DGCORE=\"/usr/bin/gcore\" -DSHDLIB_EXT=\"\"  -c CalmaRdpt.c
--- compiling calma/CalmaWrite.o
rm -f CalmaWrite.o
gcc -g -m64 -fPIC   -I. -I..  -I../readline -DCAD_DIR=\"/tmp/lib\" -DBIN_DIR=\"/tmp/bin\" -DPACKAGE_NAME=\"\" -DPACKAGE_TARNAME=\"\" -DPACKAGE_VERSION=\"\" -DPACKAGE_STRING=\"\" -DPACKAGE_BUGREPORT=\"\" -DMAGIC_VERSION=\"8.0\" -DMAGIC_REVISION=\"100\" -DSTDC_HEADERS=1 -DHAVE_SYS_TYPES_H=1 -DHAVE_SYS_STAT_H=1 -DHAVE_STDLIB_H=1 -DHAVE_STRING_H=1 -DHAVE_MEMORY_H=1 -DHAVE_STRINGS_H=1 -DHAVE_INTTYPES_H=1 -DHAVE_STDINT_H=1 -DHAVE_UNISTD_H=1 -DSIZEOF_VOID_P=8 -DSIZEOF_UNSIGNED_INT=4 -DSIZEOF_UNSIGNED_LONG=8 -DSIZEOF_UNSIGNED_LONG_LONG=8 -DSTDC_HEADERS=1 -DHAVE_SETENV=1 -DHAVE_PUTENV=1 -DHAVE_SYS_MMAN_H=1 -DHAVE_DIRENT_H=1 -DHAVE_LIMITS_H=1 -DHAVE_PATHS_H=1 -DHAVE_VA_COPY=1 -DHAVE___VA_COPY=1 -DFILE_LOCKS=1 -DCALMA_MODULE=1 -DCIF_MODULE=1 -DPLOT_MODULE=1 -DLEF_MODULE=1 -DUSE_READLINE=1 -DHAVE_PTHREADS=1 -DROUTE_MODULE=1 -DEXT2SPICE_AUTO=1 -DEXT2SIM_AUTO=1 -DRSIM_MODULE=1 -DUSE_NEW_MACROS=1 -DVECTOR_FONTS=1 -Dlinux=1 -DSYSV=1 -DISC=1  -DNDEBUG -DGCORE=\"/usr/bin/gcore\" -DSHDLIB_EXT=\"\"  -c CalmaWrite.c
--- linking libcalma.o
rm -f libcalma.o
ld -r CalmaRead.o CalmaRdcl.o CalmaRdio.o CalmaRdpt.o CalmaWrite.o  -o libcalma.o 
make[2]: Leaving directory `/home/tim/gitsrc/magic-8.0/calma'
make[2]: Entering directory `/home/tim/gitsrc/magic-8.0/cif'
--- compiling cif/CIFgen.o
rm -f CIFgen.o
gcc -g -m64 -fPIC   -I. -I..  -I../readline -DCAD_DIR=\"/tmp/lib\" -DBIN_DIR=\"/tmp/bin\" -DPACKAGE_NAME=\"\" -DPACKAGE_TARNAME=\"\" -DPACKAGE_VERSION=\"\" -DPACKAGE_STRING=\"\" -DPACKAGE_BUGREPORT=\"\" -DMAGIC_VERSION=\"8.0\" -DMAGIC_REVISION=\"100\" -DSTDC_HEADERS=1 -DHAVE_SYS_TYPES_H=1 -DHAVE_SYS_STAT_H=1 -DHAVE_STDLIB_H=1 -DHAVE_STRING_H=1 -DHAVE_MEMORY_H=1 -DHAVE_STRINGS_H=1 -DHAVE_INTTYPES_H=1 -DHAVE_STDINT_H=1 -DHAVE_UNISTD_H=1 -DSIZEOF_VOID_P=8 -DSIZEOF_UNSIGNED_INT=4 -DSIZEOF_UNSIGNED_LONG=8 -DSIZEOF_UNSIGNED_LONG_LONG=8 -DSTDC_HEADERS=1 -DHAVE_SETENV=1 -DHAVE_PUTENV=1 -DHAVE_SYS_MMAN_H=1 -DHAVE_DIRENT_H=1 -DHAVE_LIMITS_H=1 -DHAVE_PATHS_H=1 -DHAVE_VA_COPY=1 -DHAVE___VA_COPY=1 -DFILE_LOCKS=1 -DCALMA_MODULE=1 -DCIF_MODULE=1 -DPLOT_MODULE=1 -DLEF_MODULE=1 -DUSE_READLINE=1 -DHAVE_PTHREADS=1 -DROUTE_MODULE=1 -DEXT2SPICE_AUTO=1 -DEXT2SIM_AUTO=1 -DRSIM_MODULE=1 -DUSE_NEW_MACROS=1 -DVECTOR_FONTS=1 -Dlinux=1 -DSYSV=1 -DISC=1  -DNDEBUG -DGCORE=\"/usr/bin/gcore\" -DSHDLIB_EXT=\"\"  -c CIFgen.c
--- compiling cif/CIFhier.o
rm -f CIFhier.o
gcc -g -m64 -fPIC   -I. -I..  -I../readline -DCAD_DIR=\"/tmp/lib\" -DBIN_DIR=\"/tmp/bin\" -DPACKAGE_NAME=\"\" -DPACKAGE_TARNAME=\"\" -DPACKAGE_VERSION=\"\" -DPACKAGE_STRING=\"\" -DPACKAGE_BUGREPORT=\"\" -DMAGIC_VERSION=\"8.0\" -DMAGIC_REVISION=\"100\" -DSTDC_HEADERS=1 -DHAVE_SYS_TYPES_H=1 -DHAVE_SYS_STAT_H=1 -DHAVE_STDLIB_H=1 -DHAVE_STRING_H=1 -DHAVE_MEMORY_H=1 -DHAVE_STRINGS_H=1 -DHAVE_INTTYPES_H=1 -DHAVE_STDINT_H=1 -DHAVE_UNISTD_H=1 -DSIZEOF_VOID_P=8 -DSIZEOF_UNSIGNED_INT=4 -DSIZEOF_UNSIGNED_LONG=8 -DSIZEOF_UNSIGNED_LONG_LONG=8 -DSTDC_HEADERS=1 -DHAVE_SETENV=1 -DHAVE_PUTENV=1 -DHAVE_SYS_MMAN_H=1 -DHAVE_DIRENT_H=1 -DHAVE_LIMITS_H=1 -DHAVE_PATHS_H=1 -DHAVE_VA_COPY=1 -DHAVE___VA_COPY=1 -DFILE_LOCKS=1 -DCALMA_MODULE=1 -DCIF_MODULE=1 -DPLOT_MODULE=1 -DLEF_MODULE=1 -DUSE_READLINE=1 -DHAVE_PTHREADS=1 -DROUTE_MODULE=1 -DEXT2SPICE_AUTO=1 -DEXT2SIM_AUTO=1 -DRSIM_MODULE=1 -DUSE_NEW_MACROS=1 -DVECTOR_FONTS=1 -Dlinux=1 -DSYSV=1 -DISC=1  -DNDEBUG -DGCORE=\"/usr/bin/gcore\" -DSHDLIB_EXT=\"\"  -c CIFhier.c
--- compiling cif/CIFmain.o
rm -f CIFmain.o
gcc -g -m64 -fPIC   -I. -I..  -I../readline -DCAD_DIR=\"/tmp/lib\" -DBIN_DIR=\"/tmp/bin\" -DPACKAGE_NAME=\"\" -DPACKAGE_TARNAME=\"\" -DPACKAGE_VERSION=\"\" -DPACKAGE_STRING=\"\" -DPACKAGE_BUGREPORT=\"\" -DMAGIC_VERSION=\"8.0\" -DMAGIC_REVISION=\"100\" -DSTDC_HEADERS=1 -DHAVE_SYS_TYPES_H=1 -DHAVE_SYS_STAT_H=1 -DHAVE_STDLIB_H=1 -DHAVE_STRING_H=1 -DHAVE_MEMORY_H=1 -DHAVE_STRINGS_H=1 -DHAVE_INTTYPES_H=1 -DHAVE_STDINT_H=1 -DHAVE_UNISTD_H=1 -DSIZEOF_VOID_P=8 -DSIZEOF_UNSIGNED_INT=4 -DSIZEOF_UNSIGNED_LONG=8 -DSIZEOF_UNSIGNED_LONG_LONG=8 -DSTDC_HEADERS=1 -DHAVE_SETENV=1 -DHAVE_PUTENV=1 -DHAVE_SYS_MMAN_H=1 -DHAVE_DIRENT_H=1 -DHAVE_LIMITS_H=1 -DHAVE_PATHS_H=1 -DHAVE_VA_COPY=1 -DHAVE___VA_COPY=1 -DFILE_LOCKS=1 -DCALMA_MODULE=1 -DCIF_MODULE=1 -DPLOT_MODULE=1 -DLEF_MODULE=1 -DUSE_READLINE=1 -DHAVE_PTHREADS=1 -DROUTE_MODULE=1 -DEXT2SPICE_AUTO=1 -DEXT2SIM_AUTO=1 -DRSIM_MODULE=1 -DUSE_NEW_MACROS=1 -DVECTOR_FONTS=1 -Dlinux=1 -DSYSV=1 -DISC=1  -DNDEBUG -DGCORE=\"/usr/bin/gcore\" -DSHDLIB_EXT=\"\"  -c CIFmain.c
--- compiling cif/CIFrdcl.o
rm -f CIFrdcl.o
gcc -g -m64 -fPIC   -I. -I..  -I../readline -DCAD_DIR=\"/tmp/lib\" -DBIN_DIR=\"/tmp/bin\" -DPACKAGE_NAME=\"\" -DPACKAGE_TARNAME=\"\" -DPACKAGE_VERSION=\"\" -DPACKAGE_STRING=\"\" -DPACKAGE_BUGREPORT=\"\" -DMAGIC_VERSION=\"8.0\" -DMAGIC_REVISION=\"100\" -DSTDC_HEADERS=1 -DHAVE_SYS_TYPES_H=1 -DHAVE_SYS_STAT_H=1 -DHAVE_STDLIB_H=1 -DHAVE_STRING_H=1 -DHAVE_MEMORY_H=1 -DHAVE_STRINGS_H=1 -DHAVE_INTTYPES_H=1 -DHAVE_STDINT_H=1 -DHAVE_UNISTD_H=1 -DSIZEOF_VOID_P=8 -DSIZEOF_UNSIGNED_INT=4 -DSIZEOF_UNSIGNED_LONG=8 -DSIZEOF_UNSIGNED_LONG_LONG=8 -DSTDC_HEADERS=1 -DHAVE_SETENV=1 -DHAVE_PUTENV=1 -DHAVE_SYS_MMAN_H=1 -DHAVE_DIRENT_H=1 -DHAVE_LIMITS_H=1 -DHAVE_PATHS_H=1 -DHAVE_VA_COPY=1 -DHAVE___VA_COPY=1 -DFILE_LOCKS=1 -DCALMA_MODULE=1 -DCIF_MODULE=1 -DPLOT_MODULE=1 -DLEF_MODULE=1 -DUSE_READLINE=1 -DHAVE_PTHREADS=1 -DROUTE_MODULE=1 -DEXT2SPICE_AUTO=1 -DEXT2SIM_AUTO=1 -DRSIM_MODULE=1 -DUSE_NEW_MACROS=1 -DVECTOR_FONTS=1 -Dlinux=1 -DSYSV=1 -DISC=1  -DNDEBUG -DGCORE=\"/usr/bin/gcore\" -DSHDLIB_EXT=\"\"  -c CIFrdcl.c
--- compiling cif/CIFrdpt.o
rm -f CIFrdpt.o
gcc -g -m64 -fPIC   -I. -I..  -I../readline -DCAD_DIR=\"/tmp/lib\" -DBIN_DIR=\"/tmp/bin\" -DPACKAGE_NAME=\"\" -DPACKAGE_TARNAME=\"\" -DPACKAGE_VERSION=\"\" -DPACKAGE_STRING=\"\" -DPACKAGE_BUGREPORT=\"\" -DMAGIC_VERSION=\"8.0\" -DMAGIC_REVISION=\"100\" -DSTDC_HEADERS=1 -DHAVE_SYS_TYPES_H=1 -DHAVE_SYS_STAT_H=1 -DHAVE_STDLIB_H=1 -DHAVE_STRING_H=1 -DHAVE_MEMORY_H=1 -DHAVE_STRINGS_H=1 -DHAVE_INTTYPES_H=1 -DHAVE_STDINT_H=1 -DHAVE_UNISTD_H=1 -DSIZEOF_VOID_P=8 -DSIZEOF_UNSIGNED_INT=4 -DSIZEOF_UNSIGNED_LONG=8 -DSIZEOF_UNSIGNED_LONG_LONG=8 -DSTDC_HEADERS=1 -DHAVE_SETENV=1 -DHAVE_PUTENV=1 -DHAVE_SYS_MMAN_H=1 -DHAVE_DIRENT_H=1 -DHAVE_LIMITS_H=1 -DHAVE_PATHS_H=1 -DHAVE_VA_COPY=1 -DHAVE___VA_COPY=1 -DFILE_LOCKS=1 -DCALMA_MODULE=1 -DCIF_MODULE=1 -DPLOT_MODULE=1 -DLEF_MODULE=1 -DUSE_READLINE=1 -DHAVE_PTHREADS=1 -DROUTE_MODULE=1 -DEXT2SPICE_AUTO=1 -DEXT2SIM_AUTO=1 -DRSIM_MODULE=1 -DUSE_NEW_MACROS=1 -DVECTOR_FONTS=1 -Dlinux=1 -DSYSV=1 -DISC=1  -DNDEBUG -DGCORE=\"/usr/bin/gcore\" -DSHDLIB_EXT=\"\"  -c CIFrdpt.c
--- compiling cif/CIFrdpoly.o
rm -f CIFrdpoly.o
gcc -g -m64 -fPIC   -I. -I..  -I../readline -DCAD_DIR=\"/tmp/lib\" -DBIN_DIR=\"/tmp/bin\" -DPACKAGE_NAME=\"\" -DPACKAGE_TARNAME=\"\" -DPACKAGE_VERSION=\"\" -DPACKAGE_STRING=\"\" -DPACKAGE_BUGREPORT=\"\" -DMAGIC_VERSION=\"8.0\" -DMAGIC_REVISION=\"100\" -DSTDC_HEADERS=1 -DHAVE_SYS_TYPES_H=1 -DHAVE_SYS_STAT_H=1 -DHAVE_STDLIB_H=1 -DHAVE_STRING_H=1 -DHAVE_MEMORY_H=1 -DHAVE_STRINGS_H=1 -DHAVE_INTTYPES_H=1 -DHAVE_STDINT_H=1 -DHAVE_UNISTD_H=1 -DSIZEOF_VOID_P=8 -DSIZEOF_UNSIGNED_INT=4 -DSIZEOF_UNSIGNED_LONG=8 -DSIZEOF_UNSIGNED_LONG_LONG=8 -DSTDC_HEADERS=1 -DHAVE_SETENV=1 -DHAVE_PUTENV=1 -DHAVE_SYS_MMAN_H=1 -DHAVE_DIRENT_H=1 -DHAVE_LIMITS_H=1 -DHAVE_PATHS_H=1 -DHAVE_VA_COPY=1 -DHAVE___VA_COPY=1 -DFILE_LOCKS=1 -DCALMA_MODULE=1 -DCIF_MODULE=1 -DPLOT_MODULE=1 -DLEF_MODULE=1 -DUSE_READLINE=1 -DHAVE_PTHREADS=1 -DROUTE_MODULE=1 -DEXT2SPICE_AUTO=1 -DEXT2SIM_AUTO=1 -DRSIM_MODULE=1 -DUSE_NEW_MACROS=1 -DVECTOR_FONTS=1 -Dlinux=1 -DSYSV=1 -DISC=1  -DNDEBUG -DGCORE=\"/usr/bin/gcore\" -DSHDLIB_EXT=\"\"  -c CIFrdpoly.c
--- compiling cif/CIFrdtech.o
rm -f CIFrdtech.o
gcc -g -m64 -fPIC   -I. -I..  -I../readline -DCAD_DIR=\"/tmp/lib\" -DBIN_DIR=\"/tmp/bin\" -DPACKAGE_NAME=\"\" -DPACKAGE_TARNAME=\"\" -DPACKAGE_VERSION=\"\" -DPACKAGE_STRING=\"\" -DPACKAGE_BUGREPORT=\"\" -DMAGIC_VERSION=\"8.0\" -DMAGIC_REVISION=\"100\" -DSTDC_HEADERS=1 -DHAVE_SYS_TYPES_H=1 -DHAVE_SYS_STAT_H=1 -DHAVE_STDLIB_H=1 -DHAVE_STRING_H=1 -DHAVE_MEMORY_H=1 -DHAVE_STRINGS_H=1 -DHAVE_INTTYPES_H=1 -DHAVE_STDINT_H=1 -DHAVE_UNISTD_H=1 -DSIZEOF_VOID_P=8 -DSIZEOF_UNSIGNED_INT=4 -DSIZEOF_UNSIGNED_LONG=8 -DSIZEOF_UNSIGNED_LONG_LONG=8 -DSTDC_HEADERS=1 -DHAVE_SETENV=1 -DHAVE_PUTENV=1 -DHAVE_SYS_MMAN_H=1 -DHAVE_DIRENT_H=1 -DHAVE_LIMITS_H=1 -DHAVE_PATHS_H=1 -DHAVE_VA_COPY=1 -DHAVE___VA_COPY=1 -DFILE_LOCKS=1 -DCALMA_MODULE=1 -DCIF_MODULE=1 -DPLOT_MODULE=1 -DLEF_MODULE=1 -DUSE_READLINE=1 -DHAVE_PTHREADS=1 -DROUTE_MODULE=1 -DEXT2SPICE_AUTO=1 -DEXT2SIM_AUTO=1 -DRSIM_MODULE=1 -DUSE_NEW_MACROS=1 -DVECTOR_FONTS=1 -Dlinux=1 -DSYSV=1 -DISC=1  -DNDEBUG -DGCORE=\"/usr/bin/gcore\" -DSHDLIB_EXT=\"\"  -c CIFrdtech.c
--- compiling cif/CIFrdutils.o
rm -f CIFrdutils.o
gcc -g -m64 -fPIC   -I. -I..  -I../readline -DCAD_DIR=\"/tmp/lib\" -DBIN_DIR=\"/tmp/bin\" -DPACKAGE_NAME=\"\" -DPACKAGE_TARNAME=\"\" -DPACKAGE_VERSION=\"\" -DPACKAGE_STRING=\"\" -DPACKAGE_BUGREPORT=\"\" -DMAGIC_VERSION=\"8.0\" -DMAGIC_REVISION=\"100\" -DSTDC_HEADERS=1 -DHAVE_SYS_TYPES_H=1 -DHAVE_SYS_STAT_H=1 -DHAVE_STDLIB_H=1 -DHAVE_STRING_H=1 -DHAVE_MEMORY_H=1 -DHAVE_STRINGS_H=1 -DHAVE_INTTYPES_H=1 -DHAVE_STDINT_H=1 -DHAVE_UNISTD_H=1 -DSIZEOF_VOID_P=8 -DSIZEOF_UNSIGNED_INT=4 -DSIZEOF_UNSIGNED_LONG=8 -DSIZEOF_UNSIGNED_LONG_LONG=8 -DSTDC_HEADERS=1 -DHAVE_SETENV=1 -DHAVE_PUTENV=1 -DHAVE_SYS_MMAN_H=1 -DHAVE_DIRENT_H=1 -DHAVE_LIMITS_H=1 -DHAVE_PATHS_H=1 -DHAVE_VA_COPY=1 -DHAVE___VA_COPY=1 -DFILE_LOCKS=1 -DCALMA_MODULE=1 -DCIF_MODULE=1 -DPLOT_MODULE=1 -DLEF_MODULE=1 -DUSE_READLINE=1 -DHAVE_PTHREADS=1 -DROUTE_MODULE=1 -DEXT2SPICE_AUTO=1 -DEXT2SIM_AUTO=1 -DRSIM_MODULE=1 -DUSE_NEW_MACROS=1 -DVECTOR_FONTS=1 -Dlinux=1 -DSYSV=1 -DISC=1  -DNDEBUG -DGCORE=\"/usr/bin/gcore\" -DSHDLIB_EXT=\"\"  -c CIFrdutils.c
--- compiling cif/CIFsee.o
rm -f CIFsee.o
gcc -g -m64 -fPIC   -I. -I..  -I../readline -DCAD_DIR=\"/tmp/lib\" -DBIN_DIR=\"/tmp/bin\" -DPACKAGE_NAME=\"\" -DPACKAGE_TARNAME=\"\" -DPACKAGE_VERSION=\"\" -DPACKAGE_STRING=\"\" -DPACKAGE_BUGREPORT=\"\" -DMAGIC_VERSION=\"8.0\" -DMAGIC_REVISION=\"100\" -DSTDC_HEADERS=1 -DHAVE_SYS_TYPES_H=1 -DHAVE_SYS_STAT_H=1 -DHAVE_STDLIB_H=1 -DHAVE_STRING_H=1 -DHAVE_MEMORY_H=1 -DHAVE_STRINGS_H=1 -DHAVE_INTTYPES_H=1 -DHAVE_STDINT_H=1 -DHAVE_UNISTD_H=1 -DSIZEOF_VOID_P=8 -DSIZEOF_UNSIGNED_INT=4 -DSIZEOF_UNSIGNED_LONG=8 -DSIZEOF_UNSIGNED_LONG_LONG=8 -DSTDC_HEADERS=1 -DHAVE_SETENV=1 -DHAVE_PUTENV=1 -DHAVE_SYS_MMAN_H=1 -DHAVE_DIRENT_H=1 -DHAVE_LIMITS_H=1 -DHAVE_PATHS_H=1 -DHAVE_VA_COPY=1 -DHAVE___VA_COPY=1 -DFILE_LOCKS=1 -DCALMA_MODULE=1 -DCIF_MODULE=1 -DPLOT_MODULE=1 -DLEF_MODULE=1 -DUSE_READLINE=1 -DHAVE_PTHREADS=1 -DROUTE_MODULE=1 -DEXT2SPICE_AUTO=1 -DEXT2SIM_AUTO=1 -DRSIM_MODULE=1 -DUSE_NEW_MACROS=1 -DVECTOR_FONTS=1 -Dlinux=1 -DSYSV=1 -DISC=1  -DNDEBUG -DGCORE=\"/usr/bin/gcore\" -DSHDLIB_EXT=\"\"  -c CIFsee.c
--- compiling cif/CIFtech.o
rm -f CIFtech.o
gcc -g -m64 -fPIC   -I. -I..  -I../readline -DCAD_DIR=\"/tmp/lib\" -DBIN_DIR=\"/tmp/bin\" -DPACKAGE_NAME=\"\" -DPACKAGE_TARNAME=\"\" -DPACKAGE_VERSION=\"\" -DPACKAGE_STRING=\"\" -DPACKAGE_BUGREPORT=\"\" -DMAGIC_VERSION=\"8.0\" -DMAGIC_REVISION=\"100\" -DSTDC_HEADERS=1 -DHAVE_SYS_TYPES_H=1 -DHAVE_SYS_STAT_H=1 -DHAVE_STDLIB_H=1 -DHAVE_STRING_H=1 -DHAVE_MEMORY_H=1 -DHAVE_STRINGS_H=1 -DHAVE_INTTYPES_H=1 -DHAVE_STDINT_H=1 -DHAVE_UNISTD_H=1 -DSIZEOF_VOID_P=8 -DSIZEOF_UNSIGNED_INT=4 -DSIZEOF_UNSIGNED_LONG=8 -DSIZEOF_UNSIGNED_LONG_LONG=8 -DSTDC_HEADERS=1 -DHAVE_SETENV=1 -DHAVE_PUTENV=1 -DHAVE_SYS_MMAN_H=1 -DHAVE_DIRENT_H=1 -DHAVE_LIMITS_H=1 -DHAVE_PATHS_H=1 -DHAVE_VA_COPY=1 -DHAVE___VA_COPY=1 -DFILE_LOCKS=1 -DCALMA_MODULE=1 -DCIF_MODULE=1 -DPLOT_MODULE=1 -DLEF_MODULE=1 -DUSE_READLINE=1 -DHAVE_PTHREADS=1 -DROUTE_MODULE=1 -DEXT2SPICE_AUTO=1 -DEXT2SIM_AUTO=1 -DRSIM_MODULE=1 -DUSE_NEW_MACROS=1 -DVECTOR_FONTS=1 -Dlinux=1 -DSYSV=1 -DISC=1  -DNDEBUG -DGCORE=\"/usr/bin/gcore\" -DSHDLIB_EXT=\"\"  -c CIFtech.c
--- compiling cif/CIFwrite.o
rm -f CIFwrite.o
gcc -g -m64 -fPIC   -I. -I..  -I../readline -DCAD_DIR=\"/tmp/lib\" -DBIN_DIR=\"/tmp/bin\" -DPACKAGE_NAME=\"\" -DPACKAGE_TARNAME=\"\" -DPACKAGE_VERSION=\"\" -DPACKAGE_STRING=\"\" -DPACKAGE_BUGREPORT=\"\" -DMAGIC_VERSION=\"8.0\" -DMAGIC_REVISION=\"100\" -DSTDC_HEADERS=1 -DHAVE_SYS_TYPES_H=1 -DHAVE_SYS_STAT_H=1 -DHAVE_STDLIB_H=1 -DHAVE_STRING_H=1 -DHAVE_MEMORY_H=1 -DHAVE_STRINGS_H=1 -DHAVE_INTTYPES_H=1 -DHAVE_STDINT_H=1 -DHAVE_UNISTD_H=1 -DSIZEOF_VOID_P=8 -DSIZEOF_UNSIGNED_INT=4 -DSIZEOF_UNSIGNED_LONG=8 -DSIZEOF_UNSIGNED_LONG_LONG=8 -DSTDC_HEADERS=1 -DHAVE_SETENV=1 -DHAVE_PUTENV=1 -DHAVE_SYS_MMAN_H=1 -DHAVE_DIRENT_H=1 -DHAVE_LIMITS_H=1 -DHAVE_PATHS_H=1 -DHAVE_VA_COPY=1 -DHAVE___VA_COPY=1 -DFILE_LOCKS=1 -DCALMA_MODULE=1 -DCIF_MODULE=1 -DPLOT_MODULE=1 -DLEF_MODULE=1 -DUSE_READLINE=1 -DHAVE_PTHREADS=1 -DROUTE_MODULE=1 -DEXT2SPICE_AUTO=1 -DEXT2SIM_AUTO=1 -DRSIM_MODULE=1 -DUSE_NEW_MACROS=1 -DVECTOR_FONTS=1 -Dlinux=1 -DSYSV=1 -DISC=1  -DNDEBUG -DGCORE=\"/usr/bin/gcore\" -DSHDLIB_EXT=\"\"  -c CIFwrite.c
--- linking libcif.o
rm -f libcif.o
ld -r CIFgen.o CIFhier.o CIFmain.o CIFrdcl.o CIFrdpt.o CIFrdpoly.o CIFrdtech.o CIFrdutils.o CIFsee.o CIFtech.o CIFwrite.o  -o libcif.o 
make[2]: Leaving directory `/home/tim/gitsrc/magic-8.0/cif'
make[2]: Entering directory `/home/tim/gitsrc/magic-8.0/plot'
--- compiling plot/plotCmd.o
rm -f plotCmd.o
gcc -g -m64 -fPIC   -I. -I..  -I../readline -DCAD_DIR=\"/tmp/lib\" -DBIN_DIR=\"/tmp/bin\" -DPACKAGE_NAME=\"\" -DPACKAGE_TARNAME=\"\" -DPACKAGE_VERSION=\"\" -DPACKAGE_STRING=\"\" -DPACKAGE_BUGREPORT=\"\" -DMAGIC_VERSION=\"8.0\" -DMAGIC_REVISION=\"100\" -DSTDC_HEADERS=1 -DHAVE_SYS_TYPES_H=1 -DHAVE_SYS_STAT_H=1 -DHAVE_STDLIB_H=1 -DHAVE_STRING_H=1 -DHAVE_MEMORY_H=1 -DHAVE_STRINGS_H=1 -DHAVE_INTTYPES_H=1 -DHAVE_STDINT_H=1 -DHAVE_UNISTD_H=1 -DSIZEOF_VOID_P=8 -DSIZEOF_UNSIGNED_INT=4 -DSIZEOF_UNSIGNED_LONG=8 -DSIZEOF_UNSIGNED_LONG_LONG=8 -DSTDC_HEADERS=1 -DHAVE_SETENV=1 -DHAVE_PUTENV=1 -DHAVE_SYS_MMAN_H=1 -DHAVE_DIRENT_H=1 -DHAVE_LIMITS_H=1 -DHAVE_PATHS_H=1 -DHAVE_VA_COPY=1 -DHAVE___VA_COPY=1 -DFILE_LOCKS=1 -DCALMA_MODULE=1 -DCIF_MODULE=1 -DPLOT_MODULE=1 -DLEF_MODULE=1 -DUSE_READLINE=1 -DHAVE_PTHREADS=1 -DROUTE_MODULE=1 -DEXT2SPICE_AUTO=1 -DEXT2SIM_AUTO=1 -DRSIM_MODULE=1 -DUSE_NEW_MACROS=1 -DVECTOR_FONTS=1 -Dlinux=1 -DSYSV=1 -DISC=1  -DNDEBUG -DGCORE=\"/usr/bin/gcore\" -DSHDLIB_EXT=\"\"  -c plotCmd.c
--- compiling plot/plotGremln.o
rm -f plotGremln.o
gcc -g -m64 -fPIC   -I. -I..  -I../readline -DCAD_DIR=\"/tmp/lib\" -DBIN_DIR=\"/tmp/bin\" -DPACKAGE_NAME=\"\" -DPACKAGE_TARNAME=\"\" -DPACKAGE_VERSION=\"\" -DPACKAGE_STRING=\"\" -DPACKAGE_BUGREPORT=\"\" -DMAGIC_VERSION=\"8.0\" -DMAGIC_REVISION=\"100\" -DSTDC_HEADERS=1 -DHAVE_SYS_TYPES_H=1 -DHAVE_SYS_STAT_H=1 -DHAVE_STDLIB_H=1 -DHAVE_STRING_H=1 -DHAVE_MEMORY_H=1 -DHAVE_STRINGS_H=1 -DHAVE_INTTYPES_H=1 -DHAVE_STDINT_H=1 -DHAVE_UNISTD_H=1 -DSIZEOF_VOID_P=8 -DSIZEOF_UNSIGNED_INT=4 -DSIZEOF_UNSIGNED_LONG=8 -DSIZEOF_UNSIGNED_LONG_LONG=8 -DSTDC_HEADERS=1 -DHAVE_SETENV=1 -DHAVE_PUTENV=1 -DHAVE_SYS_MMAN_H=1 -DHAVE_DIRENT_H=1 -DHAVE_LIMITS_H=1 -DHAVE_PATHS_H=1 -DHAVE_VA_COPY=1 -DHAVE___VA_COPY=1 -DFILE_LOCKS=1 -DCALMA_MODULE=1 -DCIF_MODULE=1 -DPLOT_MODULE=1 -DLEF_MODULE=1 -DUSE_READLINE=1 -DHAVE_PTHREADS=1 -DROUTE_MODULE=1 -DEXT2SPICE_AUTO=1 -DEXT2SIM_AUTO=1 -DRSIM_MODULE=1 -DUSE_NEW_MACROS=1 -DVECTOR_FONTS=1 -Dlinux=1 -DSYSV=1 -DISC=1  -DNDEBUG -DGCORE=\"/usr/bin/gcore\" -DSHDLIB_EXT=\"\"  -c plotGremln.c
--- compiling plot/plotHP.o
rm -f plotHP.o
gcc -g -m64 -fPIC   -I. -I..  -I../readline -DCAD_DIR=\"/tmp/lib\" -DBIN_DIR=\"/tmp/bin\" -DPACKAGE_NAME=\"\" -DPACKAGE_TARNAME=\"\" -DPACKAGE_VERSION=\"\" -DPACKAGE_STRING=\"\" -DPACKAGE_BUGREPORT=\"\" -DMAGIC_VERSION=\"8.0\" -DMAGIC_REVISION=\"100\" -DSTDC_HEADERS=1 -DHAVE_SYS_TYPES_H=1 -DHAVE_SYS_STAT_H=1 -DHAVE_STDLIB_H=1 -DHAVE_STRING_H=1 -DHAVE_MEMORY_H=1 -DHAVE_STRINGS_H=1 -DHAVE_INTTYPES_H=1 -DHAVE_STDINT_H=1 -DHAVE_UNISTD_H=1 -DSIZEOF_VOID_P=8 -DSIZEOF_UNSIGNED_INT=4 -DSIZEOF_UNSIGNED_LONG=8 -DSIZEOF_UNSIGNED_LONG_LONG=8 -DSTDC_HEADERS=1 -DHAVE_SETENV=1 -DHAVE_PUTENV=1 -DHAVE_SYS_MMAN_H=1 -DHAVE_DIRENT_H=1 -DHAVE_LIMITS_H=1 -DHAVE_PATHS_H=1 -DHAVE_VA_COPY=1 -DHAVE___VA_COPY=1 -DFILE_LOCKS=1 -DCALMA_MODULE=1 -DCIF_MODULE=1 -DPLOT_MODULE=1 -DLEF_MODULE=1 -DUSE_READLINE=1 -DHAVE_PTHREADS=1 -DROUTE_MODULE=1 -DEXT2SPICE_AUTO=1 -DEXT2SIM_AUTO=1 -DRSIM_MODULE=1 -DUSE_NEW_MACROS=1 -DVECTOR_FONTS=1 -Dlinux=1 -DSYSV=1 -DISC=1  -DNDEBUG -DGCORE=\"/usr/bin/gcore\" -DSHDLIB_EXT=\"\"  -c plotHP.c
--- compiling plot/plotPS.o
rm -f plotPS.o
gcc -g -m64 -fPIC   -I. -I..  -I../readline -DCAD_DIR=\"/tmp/lib\" -DBIN_DIR=\"/tmp/bin\" -DPACKAGE_NAME=\"\" -DPACKAGE_TARNAME=\"\" -DPACKAGE_VERSION=\"\" -DPACKAGE_STRING=\"\" -DPACKAGE_BUGREPORT=\"\" -DMAGIC_VERSION=\"8.0\" -DMAGIC_REVISION=\"100\" -DSTDC_HEADERS=1 -DHAVE_SYS_TYPES_H=1 -DHAVE_SYS_STAT_H=1 -DHAVE_STDLIB_H=1 -DHAVE_STRING_H=1 -DHAVE_MEMORY_H=1 -DHAVE_STRINGS_H=1 -DHAVE_INTTYPES_H=1 -DHAVE_STDINT_H=1 -DHAVE_UNISTD_H=1 -DSIZEOF_VOID_P=8 -DSIZEOF_UNSIGNED_INT=4 -DSIZEOF_UNSIGNED_LONG=8 -DSIZEOF_UNSIGNED_LONG_LONG=8 -DSTDC_HEADERS=1 -DHAVE_SETENV=1 -DHAVE_PUTENV=1 -DHAVE_SYS_MMAN_H=1 -DHAVE_DIRENT_H=1 -DHAVE_LIMITS_H=1 -DHAVE_PATHS_H=1 -DHAVE_VA_COPY=1 -DHAVE___VA_COPY=1 -DFILE_LOCKS=1 -DCALMA_MODULE=1 -DCIF_MODULE=1 -DPLOT_MODULE=1 -DLEF_MODULE=1 -DUSE_READLINE=1 -DHAVE_PTHREADS=1 -DROUTE_MODULE=1 -DEXT2SPICE_AUTO=1 -DEXT2SIM_AUTO=1 -DRSIM_MODULE=1 -DUSE_NEW_MACROS=1 -DVECTOR_FONTS=1 -Dlinux=1 -DSYSV=1 -DISC=1  -DNDEBUG -DGCORE=\"/usr/bin/gcore\" -DSHDLIB_EXT=\"\"  -c plotPS.c
--- compiling plot/plotMain.o
rm -f plotMain.o
gcc -g -m64 -fPIC   -I. -I..  -I../readline -DCAD_DIR=\"/tmp/lib\" -DBIN_DIR=\"/tmp/bin\" -DPACKAGE_NAME=\"\" -DPACKAGE_TARNAME=\"\" -DPACKAGE_VERSION=\"\" -DPACKAGE_STRING=\"\" -DPACKAGE_BUGREPORT=\"\" -DMAGIC_VERSION=\"8.0\" -DMAGIC_REVISION=\"100\" -DSTDC_HEADERS=1 -DHAVE_SYS_TYPES_H=1 -DHAVE_SYS_STAT_H=1 -DHAVE_STDLIB_H=1 -DHAVE_STRING_H=1 -DHAVE_MEMORY_H=1 -DHAVE_STRINGS_H=1 -DHAVE_INTTYPES_H=1 -DHAVE_STDINT_H=1 -DHAVE_UNISTD_H=1 -DSIZEOF_VOID_P=8 -DSIZEOF_UNSIGNED_INT=4 -DSIZEOF_UNSIGNED_LONG=8 -DSIZEOF_UNSIGNED_LONG_LONG=8 -DSTDC_HEADERS=1 -DHAVE_SETENV=1 -DHAVE_PUTENV=1 -DHAVE_SYS_MMAN_H=1 -DHAVE_DIRENT_H=1 -DHAVE_LIMITS_H=1 -DHAVE_PATHS_H=1 -DHAVE_VA_COPY=1 -DHAVE___VA_COPY=1 -DFILE_LOCKS=1 -DCALMA_MODULE=1 -DCIF_MODULE=1 -DPLOT_MODULE=1 -DLEF_MODULE=1 -DUSE_READLINE=1 -DHAVE_PTHREADS=1 -DROUTE_MODULE=1 -DEXT2SPICE_AUTO=1 -DEXT2SIM_AUTO=1 -DRSIM_MODULE=1 -DUSE_NEW_MACROS=1 -DVECTOR_FONTS=1 -Dlinux=1 -DSYSV=1 -DISC=1  -DNDEBUG -DGCORE=\"/usr/bin/gcore\" -DSHDLIB_EXT=\"\"  -c plotMain.c
--- compiling plot/plotRutils.o
rm -f plotRutils.o
gcc -g -m64 -fPIC   -I. -I..  -I../readline -DCAD_DIR=\"/tmp/lib\" -DBIN_DIR=\"/tmp/bin\" -DPACKAGE_NAME=\"\" -DPACKAGE_TARNAME=\"\" -DPACKAGE_VERSION=\"\" -DPACKAGE_STRING=\"\" -DPACKAGE_BUGREPORT=\"\" -DMAGIC_VERSION=\"8.0\" -DMAGIC_REVISION=\"100\" -DSTDC_HEADERS=1 -DHAVE_SYS_TYPES_H=1 -DHAVE_SYS_STAT_H=1 -DHAVE_STDLIB_H=1 -DHAVE_STRING_H=1 -DHAVE_MEMORY_H=1 -DHAVE_STRINGS_H=1 -DHAVE_INTTYPES_H=1 -DHAVE_STDINT_H=1 -DHAVE_UNISTD_H=1 -DSIZEOF_VOID_P=8 -DSIZEOF_UNSIGNED_INT=4 -DSIZEOF_UNSIGNED_LONG=8 -DSIZEOF_UNSIGNED_LONG_LONG=8 -DSTDC_HEADERS=1 -DHAVE_SETENV=1 -DHAVE_PUTENV=1 -DHAVE_SYS_MMAN_H=1 -DHAVE_DIRENT_H=1 -DHAVE_LIMITS_H=1 -DHAVE_PATHS_H=1 -DHAVE_VA_COPY=1 -DHAVE___VA_COPY=1 -DFILE_LOCKS=1 -DCALMA_MODULE=1 -DCIF_MODULE=1 -DPLOT_MODULE=1 -DLEF_MODULE=1 -DUSE_READLINE=1 -DHAVE_PTHREADS=1 -DROUTE_MODULE=1 -DEXT2SPICE_AUTO=1 -DEXT2SIM_AUTO=1 -DRSIM_MODULE=1 -DUSE_NEW_MACROS=1 -DVECTOR_FONTS=1 -Dlinux=1 -DSYSV=1 -DISC=1  -DNDEBUG -DGCORE=\"/usr/bin/gcore\" -DSHDLIB_EXT=\"\"  -c plotRutils.c
--- compiling plot/plotVers.o
rm -f plotVers.o
gcc -g -m64 -fPIC   -I. -I..  -I../readline -DCAD_DIR=\"/tmp/lib\" -DBIN_DIR=\"/tmp/bin\" -DPACKAGE_NAME=\"\" -DPACKAGE_TARNAME=\"\" -DPACKAGE_VERSION=\"\" -DPACKAGE_STRING=\"\" -DPACKAGE_BUGREPORT=\"\" -DMAGIC_VERSION=\"8.0\" -DMAGIC_REVISION=\"100\" -DSTDC_HEADERS=1 -DHAVE_SYS_TYPES_H=1 -DHAVE_SYS_STAT_H=1 -DHAVE_STDLIB_H=1 -DHAVE_STRING_H=1 -DHAVE_MEMORY_H=1 -DHAVE_STRINGS_H=1 -DHAVE_INTTYPES_H=1 -DHAVE_STDINT_H=1 -DHAVE_UNISTD_H=1 -DSIZEOF_VOID_P=8 -DSIZEOF_UNSIGNED_INT=4 -DSIZEOF_UNSIGNED_LONG=8 -DSIZEOF_UNSIGNED_LONG_LONG=8 -DSTDC_HEADERS=1 -DHAVE_SETENV=1 -DHAVE_PUTENV=1 -DHAVE_SYS_MMAN_H=1 -DHAVE_DIRENT_H=1 -DHAVE_LIMITS_H=1 -DHAVE_PATHS_H=1 -DHAVE_VA_COPY=1 -DHAVE___VA_COPY=1 -DFILE_LOCKS=1 -DCALMA_MODULE=1 -DCIF_MODULE=1 -DPLOT_MODULE=1 -DLEF_MODULE=1 -DUSE_READLINE=1 -DHAVE_PTHREADS=1 -DROUTE_MODULE=1 -DEXT2SPICE_AUTO=1 -DEXT2SIM_AUTO=1 -DRSIM_MODULE=1 -DUSE_NEW_MACROS=1 -DVECTOR_FONTS=1 -Dlinux=1 -DSYSV=1 -DISC=1  -DNDEBUG -DGCORE=\"/usr/bin/gcore\" -DSHDLIB_EXT=\"\"  -c plotVers.c
--- compiling plot/plotPixels.o
rm -f plotPixels.o
gcc -g -m64 -fPIC   -I. -I..  -I../readline -DCAD_DIR=\"/tmp/lib\" -DBIN_DIR=\"/tmp/bin\" -DPACKAGE_NAME=\"\" -DPACKAGE_TARNAME=\"\" -DPACKAGE_VERSION=\"\" -DPACKAGE_STRING=\"\" -DPACKAGE_BUGREPORT=\"\" -DMAGIC_VERSION=\"8.0\" -DMAGIC_REVISION=\"100\" -DSTDC_HEADERS=1 -DHAVE_SYS_TYPES_H=1 -DHAVE_SYS_STAT_H=1 -DHAVE_STDLIB_H=1 -DHAVE_STRING_H=1 -DHAVE_MEMORY_H=1 -DHAVE_STRINGS_H=1 -DHAVE_INTTYPES_H=1 -DHAVE_STDINT_H=1 -DHAVE_UNISTD_H=1 -DSIZEOF_VOID_P=8 -DSIZEOF_UNSIGNED_INT=4 -DSIZEOF_UNSIGNED_LONG=8 -DSIZEOF_UNSIGNED_LONG_LONG=8 -DSTDC_HEADERS=1 -DHAVE_SETENV=1 -DHAVE_PUTENV=1 -DHAVE_SYS_MMAN_H=1 -DHAVE_DIRENT_H=1 -DHAVE_LIMITS_H=1 -DHAVE_PATHS_H=1 -DHAVE_VA_COPY=1 -DHAVE___VA_COPY=1 -DFILE_LOCKS=1 -DCALMA_MODULE=1 -DCIF_MODULE=1 -DPLOT_MODULE=1 -DLEF_MODULE=1 -DUSE_READLINE=1 -DHAVE_PTHREADS=1 -DROUTE_MODULE=1 -DEXT2SPICE_AUTO=1 -DEXT2SIM_AUTO=1 -DRSIM_MODULE=1 -DUSE_NEW_MACROS=1 -DVECTOR_FONTS=1 -Dlinux=1 -DSYSV=1 -DISC=1  -DNDEBUG -DGCORE=\"/usr/bin/gcore\" -DSHDLIB_EXT=\"\"  -c plotPixels.c
--- compiling plot/plotPNM.o
rm -f plotPNM.o
gcc -g -m64 -fPIC   -I. -I..  -I../readline -DCAD_DIR=\"/tmp/lib\" -DBIN_DIR=\"/tmp/bin\" -DPACKAGE_NAME=\"\" -DPACKAGE_TARNAME=\"\" -DPACKAGE_VERSION=\"\" -DPACKAGE_STRING=\"\" -DPACKAGE_BUGREPORT=\"\" -DMAGIC_VERSION=\"8.0\" -DMAGIC_REVISION=\"100\" -DSTDC_HEADERS=1 -DHAVE_SYS_TYPES_H=1 -DHAVE_SYS_STAT_H=1 -DHAVE_STDLIB_H=1 -DHAVE_STRING_H=1 -DHAVE_MEMORY_H=1 -DHAVE_STRINGS_H=1 -DHAVE_INTTYPES_H=1 -DHAVE_STDINT_H=1 -DHAVE_UNISTD_H=1 -DSIZEOF_VOID_P=8 -DSIZEOF_UNSIGNED_INT=4 -DSIZEOF_UNSIGNED_LONG=8 -DSIZEOF_UNSIGNED_LONG_LONG=8 -DSTDC_HEADERS=1 -DHAVE_SETENV=1 -DHAVE_PUTENV=1 -DHAVE_SYS_MMAN_H=1 -DHAVE_DIRENT_H=1 -DHAVE_LIMITS_H=1 -DHAVE_PATHS_H=1 -DHAVE_VA_COPY=1 -DHAVE___VA_COPY=1 -DFILE_LOCKS=1 -DCALMA_MODULE=1 -DCIF_MODULE=1 -DPLOT_MODULE=1 -DLEF_MODULE=1 -DUSE_READLINE=1 -DHAVE_PTHREADS=1 -DROUTE_MODULE=1 -DEXT2SPICE_AUTO=1 -DEXT2SIM_AUTO=1 -DRSIM_MODULE=1 -DUSE_NEW_MACROS=1 -DVECTOR_FONTS=1 -Dlinux=1 -DSYSV=1 -DISC=1  -DNDEBUG -DGCORE=\"/usr/bin/gcore\" -DSHDLIB_EXT=\"\"  -c plotPNM.c
--- linking libplot.o
rm -f libplot.o
ld -r plotCmd.o plotGremln.o plotHP.o plotPS.o plotMain.o plotRutils.o plotVers.o plotPixels.o plotPNM.o  -o libplot.o 
make[2]: Leaving directory `/home/tim/gitsrc/magic-8.0/plot'
make[2]: Entering directory `/home/tim/gitsrc/magic-8.0/lef'
--- compiling lef/lefCmd.o
rm -f lefCmd.o
gcc -g -m64 -fPIC   -I. -I..  -I../readline -DCAD_DIR=\"/tmp/lib\" -DBIN_DIR=\"/tmp/bin\" -DPACKAGE_NAME=\"\" -DPACKAGE_TARNAME=\"\" -DPACKAGE_VERSION=\"\" -DPACKAGE_STRING=\"\" -DPACKAGE_BUGREPORT=\"\" -DMAGIC_VERSION=\"8.0\" -DMAGIC_REVISION=\"100\" -DSTDC_HEADERS=1 -DHAVE_SYS_TYPES_H=1 -DHAVE_SYS_STAT_H=1 -DHAVE_STDLIB_H=1 -DHAVE_STRING_H=1 -DHAVE_MEMORY_H=1 -DHAVE_STRINGS_H=1 -DHAVE_INTTYPES_H=1 -DHAVE_STDINT_H=1 -DHAVE_UNISTD_H=1 -DSIZEOF_VOID_P=8 -DSIZEOF_UNSIGNED_INT=4 -DSIZEOF_UNSIGNED_LONG=8 -DSIZEOF_UNSIGNED_LONG_LONG=8 -DSTDC_HEADERS=1 -DHAVE_SETENV=1 -DHAVE_PUTENV=1 -DHAVE_SYS_MMAN_H=1 -DHAVE_DIRENT_H=1 -DHAVE_LIMITS_H=1 -DHAVE_PATHS_H=1 -DHAVE_VA_COPY=1 -DHAVE___VA_COPY=1 -DFILE_LOCKS=1 -DCALMA_MODULE=1 -DCIF_MODULE=1 -DPLOT_MODULE=1 -DLEF_MODULE=1 -DUSE_READLINE=1 -DHAVE_PTHREADS=1 -DROUTE_MODULE=1 -DEXT2SPICE_AUTO=1 -DEXT2SIM_AUTO=1 -DRSIM_MODULE=1 -DUSE_NEW_MACROS=1 -DVECTOR_FONTS=1 -Dlinux=1 -DSYSV=1 -DISC=1  -DNDEBUG -DGCORE=\"/usr/bin/gcore\" -DSHDLIB_EXT=\"\"  -c lefCmd.c
--- compiling lef/lefTech.o
rm -f lefTech.o
gcc -g -m64 -fPIC   -I. -I..  -I../readline -DCAD_DIR=\"/tmp/lib\" -DBIN_DIR=\"/tmp/bin\" -DPACKAGE_NAME=\"\" -DPACKAGE_TARNAME=\"\" -DPACKAGE_VERSION=\"\" -DPACKAGE_STRING=\"\" -DPACKAGE_BUGREPORT=\"\" -DMAGIC_VERSION=\"8.0\" -DMAGIC_REVISION=\"100\" -DSTDC_HEADERS=1 -DHAVE_SYS_TYPES_H=1 -DHAVE_SYS_STAT_H=1 -DHAVE_STDLIB_H=1 -DHAVE_STRING_H=1 -DHAVE_MEMORY_H=1 -DHAVE_STRINGS_H=1 -DHAVE_INTTYPES_H=1 -DHAVE_STDINT_H=1 -DHAVE_UNISTD_H=1 -DSIZEOF_VOID_P=8 -DSIZEOF_UNSIGNED_INT=4 -DSIZEOF_UNSIGNED_LONG=8 -DSIZEOF_UNSIGNED_LONG_LONG=8 -DSTDC_HEADERS=1 -DHAVE_SETENV=1 -DHAVE_PUTENV=1 -DHAVE_SYS_MMAN_H=1 -DHAVE_DIRENT_H=1 -DHAVE_LIMITS_H=1 -DHAVE_PATHS_H=1 -DHAVE_VA_COPY=1 -DHAVE___VA_COPY=1 -DFILE_LOCKS=1 -DCALMA_MODULE=1 -DCIF_MODULE=1 -DPLOT_MODULE=1 -DLEF_MODULE=1 -DUSE_READLINE=1 -DHAVE_PTHREADS=1 -DROUTE_MODULE=1 -DEXT2SPICE_AUTO=1 -DEXT2SIM_AUTO=1 -DRSIM_MODULE=1 -DUSE_NEW_MACROS=1 -DVECTOR_FONTS=1 -Dlinux=1 -DSYSV=1 -DISC=1  -DNDEBUG -DGCORE=\"/usr/bin/gcore\" -DSHDLIB_EXT=\"\"  -c lefTech.c
--- compiling lef/lefWrite.o
rm -f lefWrite.o
gcc -g -m64 -fPIC   -I. -I..  -I../readline -DCAD_DIR=\"/tmp/lib\" -DBIN_DIR=\"/tmp/bin\" -DPACKAGE_NAME=\"\" -DPACKAGE_TARNAME=\"\" -DPACKAGE_VERSION=\"\" -DPACKAGE_STRING=\"\" -DPACKAGE_BUGREPORT=\"\" -DMAGIC_VERSION=\"8.0\" -DMAGIC_REVISION=\"100\" -DSTDC_HEADERS=1 -DHAVE_SYS_TYPES_H=1 -DHAVE_SYS_STAT_H=1 -DHAVE_STDLIB_H=1 -DHAVE_STRING_H=1 -DHAVE_MEMORY_H=1 -DHAVE_STRINGS_H=1 -DHAVE_INTTYPES_H=1 -DHAVE_STDINT_H=1 -DHAVE_UNISTD_H=1 -DSIZEOF_VOID_P=8 -DSIZEOF_UNSIGNED_INT=4 -DSIZEOF_UNSIGNED_LONG=8 -DSIZEOF_UNSIGNED_LONG_LONG=8 -DSTDC_HEADERS=1 -DHAVE_SETENV=1 -DHAVE_PUTENV=1 -DHAVE_SYS_MMAN_H=1 -DHAVE_DIRENT_H=1 -DHAVE_LIMITS_H=1 -DHAVE_PATHS_H=1 -DHAVE_VA_COPY=1 -DHAVE___VA_COPY=1 -DFILE_LOCKS=1 -DCALMA_MODULE=1 -DCIF_MODULE=1 -DPLOT_MODULE=1 -DLEF_MODULE=1 -DUSE_READLINE=1 -DHAVE_PTHREADS=1 -DROUTE_MODULE=1 -DEXT2SPICE_AUTO=1 -DEXT2SIM_AUTO=1 -DRSIM_MODULE=1 -DUSE_NEW_MACROS=1 -DVECTOR_FONTS=1 -Dlinux=1 -DSYSV=1 -DISC=1  -DNDEBUG -DGCORE=\"/usr/bin/gcore\" -DSHDLIB_EXT=\"\"  -c lefWrite.c
--- compiling lef/defWrite.o
rm -f defWrite.o
gcc -g -m64 -fPIC   -I. -I..  -I../readline -DCAD_DIR=\"/tmp/lib\" -DBIN_DIR=\"/tmp/bin\" -DPACKAGE_NAME=\"\" -DPACKAGE_TARNAME=\"\" -DPACKAGE_VERSION=\"\" -DPACKAGE_STRING=\"\" -DPACKAGE_BUGREPORT=\"\" -DMAGIC_VERSION=\"8.0\" -DMAGIC_REVISION=\"100\" -DSTDC_HEADERS=1 -DHAVE_SYS_TYPES_H=1 -DHAVE_SYS_STAT_H=1 -DHAVE_STDLIB_H=1 -DHAVE_STRING_H=1 -DHAVE_MEMORY_H=1 -DHAVE_STRINGS_H=1 -DHAVE_INTTYPES_H=1 -DHAVE_STDINT_H=1 -DHAVE_UNISTD_H=1 -DSIZEOF_VOID_P=8 -DSIZEOF_UNSIGNED_INT=4 -DSIZEOF_UNSIGNED_LONG=8 -DSIZEOF_UNSIGNED_LONG_LONG=8 -DSTDC_HEADERS=1 -DHAVE_SETENV=1 -DHAVE_PUTENV=1 -DHAVE_SYS_MMAN_H=1 -DHAVE_DIRENT_H=1 -DHAVE_LIMITS_H=1 -DHAVE_PATHS_H=1 -DHAVE_VA_COPY=1 -DHAVE___VA_COPY=1 -DFILE_LOCKS=1 -DCALMA_MODULE=1 -DCIF_MODULE=1 -DPLOT_MODULE=1 -DLEF_MODULE=1 -DUSE_READLINE=1 -DHAVE_PTHREADS=1 -DROUTE_MODULE=1 -DEXT2SPICE_AUTO=1 -DEXT2SIM_AUTO=1 -DRSIM_MODULE=1 -DUSE_NEW_MACROS=1 -DVECTOR_FONTS=1 -Dlinux=1 -DSYSV=1 -DISC=1  -DNDEBUG -DGCORE=\"/usr/bin/gcore\" -DSHDLIB_EXT=\"\"  -c defWrite.c
--- compiling lef/lefRead.o
rm -f lefRead.o
gcc -g -m64 -fPIC   -I. -I..  -I../readline -DCAD_DIR=\"/tmp/lib\" -DBIN_DIR=\"/tmp/bin\" -DPACKAGE_NAME=\"\" -DPACKAGE_TARNAME=\"\" -DPACKAGE_VERSION=\"\" -DPACKAGE_STRING=\"\" -DPACKAGE_BUGREPORT=\"\" -DMAGIC_VERSION=\"8.0\" -DMAGIC_REVISION=\"100\" -DSTDC_HEADERS=1 -DHAVE_SYS_TYPES_H=1 -DHAVE_SYS_STAT_H=1 -DHAVE_STDLIB_H=1 -DHAVE_STRING_H=1 -DHAVE_MEMORY_H=1 -DHAVE_STRINGS_H=1 -DHAVE_INTTYPES_H=1 -DHAVE_STDINT_H=1 -DHAVE_UNISTD_H=1 -DSIZEOF_VOID_P=8 -DSIZEOF_UNSIGNED_INT=4 -DSIZEOF_UNSIGNED_LONG=8 -DSIZEOF_UNSIGNED_LONG_LONG=8 -DSTDC_HEADERS=1 -DHAVE_SETENV=1 -DHAVE_PUTENV=1 -DHAVE_SYS_MMAN_H=1 -DHAVE_DIRENT_H=1 -DHAVE_LIMITS_H=1 -DHAVE_PATHS_H=1 -DHAVE_VA_COPY=1 -DHAVE___VA_COPY=1 -DFILE_LOCKS=1 -DCALMA_MODULE=1 -DCIF_MODULE=1 -DPLOT_MODULE=1 -DLEF_MODULE=1 -DUSE_READLINE=1 -DHAVE_PTHREADS=1 -DROUTE_MODULE=1 -DEXT2SPICE_AUTO=1 -DEXT2SIM_AUTO=1 -DRSIM_MODULE=1 -DUSE_NEW_MACROS=1 -DVECTOR_FONTS=1 -Dlinux=1 -DSYSV=1 -DISC=1  -DNDEBUG -DGCORE=\"/usr/bin/gcore\" -DSHDLIB_EXT=\"\"  -c lefRead.c
--- compiling lef/defRead.o
rm -f defRead.o
gcc -g -m64 -fPIC   -I. -I..  -I../readline -DCAD_DIR=\"/tmp/lib\" -DBIN_DIR=\"/tmp/bin\" -DPACKAGE_NAME=\"\" -DPACKAGE_TARNAME=\"\" -DPACKAGE_VERSION=\"\" -DPACKAGE_STRING=\"\" -DPACKAGE_BUGREPORT=\"\" -DMAGIC_VERSION=\"8.0\" -DMAGIC_REVISION=\"100\" -DSTDC_HEADERS=1 -DHAVE_SYS_TYPES_H=1 -DHAVE_SYS_STAT_H=1 -DHAVE_STDLIB_H=1 -DHAVE_STRING_H=1 -DHAVE_MEMORY_H=1 -DHAVE_STRINGS_H=1 -DHAVE_INTTYPES_H=1 -DHAVE_STDINT_H=1 -DHAVE_UNISTD_H=1 -DSIZEOF_VOID_P=8 -DSIZEOF_UNSIGNED_INT=4 -DSIZEOF_UNSIGNED_LONG=8 -DSIZEOF_UNSIGNED_LONG_LONG=8 -DSTDC_HEADERS=1 -DHAVE_SETENV=1 -DHAVE_PUTENV=1 -DHAVE_SYS_MMAN_H=1 -DHAVE_DIRENT_H=1 -DHAVE_LIMITS_H=1 -DHAVE_PATHS_H=1 -DHAVE_VA_COPY=1 -DHAVE___VA_COPY=1 -DFILE_LOCKS=1 -DCALMA_MODULE=1 -DCIF_MODULE=1 -DPLOT_MODULE=1 -DLEF_MODULE=1 -DUSE_READLINE=1 -DHAVE_PTHREADS=1 -DROUTE_MODULE=1 -DEXT2SPICE_AUTO=1 -DEXT2SIM_AUTO=1 -DRSIM_MODULE=1 -DUSE_NEW_MACROS=1 -DVECTOR_FONTS=1 -Dlinux=1 -DSYSV=1 -DISC=1  -DNDEBUG -DGCORE=\"/usr/bin/gcore\" -DSHDLIB_EXT=\"\"  -c defRead.c
--- linking liblef.o
rm -f liblef.o
ld -r lefCmd.o lefTech.o lefWrite.o defWrite.o lefRead.o defRead.o  -o liblef.o 
make[2]: Leaving directory `/home/tim/gitsrc/magic-8.0/lef'
make[2]: Entering directory `/home/tim/gitsrc/magic-8.0/readline'
--- building GNU readline
(cd readline; CC="gcc" CFLAGS="-g -m64 -fPIC  " LOCAL_DEFS="" ./configure --disable-shared ; make)
checking build system type... x86_64-unknown-linux-gnu
checking host system type... x86_64-unknown-linux-gnu

Beginning configuration for readline-4.3 for x86_64-unknown-linux-gnu

checking whether make sets $(MAKE)... yes
checking for gcc... gcc
checking for C compiler default output file name... a.out
checking whether the C compiler works... yes
checking whether we are cross compiling... no
checking for suffix of executables... 
checking for suffix of object files... o
checking whether we are using the GNU C compiler... yes
checking whether gcc accepts -g... yes
checking for gcc option to accept ANSI C... none needed
checking how to run the C preprocessor... gcc -E
checking for egrep... grep -E
checking for ANSI C header files... yes
checking for sys/types.h... yes
checking for sys/stat.h... yes
checking for stdlib.h... yes
checking for string.h... yes
checking for memory.h... yes
checking for strings.h... yes
checking for inttypes.h... yes
checking for stdint.h... yes
checking for unistd.h... yes
checking minix/config.h usability... no
checking minix/config.h presence... no
checking for minix/config.h... no
checking whether gcc needs -traditional... no
checking for a BSD-compatible install... /usr/bin/install -c
checking for ar... ar
checking for ranlib... ranlib
checking for an ANSI C-conforming const... yes
checking for function prototypes... yes
checking whether char is unsigned... no
checking return type of signal handlers... void
checking for size_t... yes
checking for ssize_t... yes
checking whether stat file-mode macros are broken... no
checking for dirent.h that defines DIR... yes
checking for library containing opendir... none required
checking for lstat... yes
checking for memmove... yes
checking for putenv... yes
checking for select... yes
checking for setenv... yes
checking for setlocale... yes
checking for strcasecmp... yes
checking for strpbrk... yes
checking for tcgetattr... yes
checking for vsnprintf... yes
checking for isascii... yes
checking for isxdigit... yes
checking for working strcoll... yes
checking for unistd.h... (cached) yes
checking for stdlib.h... (cached) yes
checking varargs.h usability... no
checking varargs.h presence... no
checking for varargs.h... no
checking stdarg.h usability... yes
checking stdarg.h presence... yes
checking for stdarg.h... yes
checking for string.h... (cached) yes
checking for strings.h... (cached) yes
checking limits.h usability... yes
checking limits.h presence... yes
checking for limits.h... yes
checking sys/ptem.h usability... no
checking sys/ptem.h presence... no
checking for sys/ptem.h... no
checking sys/pte.h usability... no
checking sys/pte.h presence... no
checking for sys/pte.h... no
checking sys/stream.h usability... no
checking sys/stream.h presence... no
checking for sys/stream.h... no
checking sys/select.h usability... yes
checking sys/select.h presence... yes
checking for sys/select.h... yes
checking termcap.h usability... yes
checking termcap.h presence... yes
checking for termcap.h... yes
checking termios.h usability... yes
checking termios.h presence... yes
checking for termios.h... yes
checking termio.h usability... yes
checking termio.h presence... yes
checking for termio.h... yes
checking sys/file.h usability... yes
checking sys/file.h presence... yes
checking for sys/file.h... yes
checking locale.h usability... yes
checking locale.h presence... yes
checking for locale.h... yes
checking for memory.h... (cached) yes
checking for type of signal functions... posix
checking if signal handlers must be reinstalled when invoked... no
checking for presence of POSIX-style sigsetjmp/siglongjmp... present
checking for lstat... yes
checking whether or not strcoll and strcmp differ... no
checking whether getpw functions are declared in pwd.h... yes
checking whether termios.h defines TIOCGWINSZ... no
checking whether sys/ioctl.h defines TIOCGWINSZ... yes
checking whether signal handlers are of type void... yes
checking for TIOCSTAT in sys/ioctl.h... no
checking for FIONREAD in sys/ioctl.h... yes
checking for speed_t in sys/types.h... no
checking for struct winsize in sys/ioctl.h and termios.h... sys/ioctl.h
checking if struct dirent has a d_ino member... yes
checking if struct dirent has a d_fileno member... yes
checking for tgetent in -ltermcap... yes
checking which library has the termcap functions... using libtermcap
checking wctype.h usability... yes
checking wctype.h presence... yes
checking for wctype.h... yes
checking wchar.h usability... yes
checking wchar.h presence... yes
checking for wchar.h... yes
checking langinfo.h usability... yes
checking langinfo.h presence... yes
checking for langinfo.h... yes
checking for mbsrtowcs... yes
checking for wcwidth... yes
checking for mbstate_t... yes
checking for nl_langinfo and CODESET... yes
checking configuration for building shared libraries... supported
configure: creating ./config.status
config.status: creating Makefile
config.status: creating doc/Makefile
config.status: creating examples/Makefile
config.status: creating shlib/Makefile
config.status: creating config.h
config.status: executing default commands
make[3]: Entering directory `/home/tim/gitsrc/magic-8.0/readline/readline-4.3'
rm -f readline.o
gcc -c -DHAVE_CONFIG_H   -I. -I. -DRL_LIBRARY_VERSION='"4.3"' -g -m64 -fPIC   readline.c
rm -f vi_mode.o
gcc -c -DHAVE_CONFIG_H   -I. -I. -DRL_LIBRARY_VERSION='"4.3"' -g -m64 -fPIC   vi_mode.c
rm -f funmap.o
gcc -c -DHAVE_CONFIG_H   -I. -I. -DRL_LIBRARY_VERSION='"4.3"' -g -m64 -fPIC   funmap.c
rm -f keymaps.o
gcc -c -DHAVE_CONFIG_H   -I. -I. -DRL_LIBRARY_VERSION='"4.3"' -g -m64 -fPIC   keymaps.c
rm -f parens.o
gcc -c -DHAVE_CONFIG_H   -I. -I. -DRL_LIBRARY_VERSION='"4.3"' -g -m64 -fPIC   parens.c
rm -f search.o
gcc -c -DHAVE_CONFIG_H   -I. -I. -DRL_LIBRARY_VERSION='"4.3"' -g -m64 -fPIC   search.c
rm -f rltty.o
gcc -c -DHAVE_CONFIG_H   -I. -I. -DRL_LIBRARY_VERSION='"4.3"' -g -m64 -fPIC   rltty.c
rm -f complete.o
gcc -c -DHAVE_CONFIG_H   -I. -I. -DRL_LIBRARY_VERSION='"4.3"' -g -m64 -fPIC   complete.c
rm -f bind.o
gcc -c -DHAVE_CONFIG_H   -I. -I. -DRL_LIBRARY_VERSION='"4.3"' -g -m64 -fPIC   bind.c
bind.c: In function `rl_function_of_keyseq':
bind.c:584: warning: comparison is always true due to limited range of data type
rm -f isearch.o
gcc -c -DHAVE_CONFIG_H   -I. -I. -DRL_LIBRARY_VERSION='"4.3"' -g -m64 -fPIC   isearch.c
rm -f display.o
gcc -c -DHAVE_CONFIG_H   -I. -I. -DRL_LIBRARY_VERSION='"4.3"' -g -m64 -fPIC   display.c
display.c: In function `rl_character_len':
display.c:1684: warning: comparison is always true due to limited range of data type
rm -f signals.o
gcc -c -DHAVE_CONFIG_H   -I. -I. -DRL_LIBRARY_VERSION='"4.3"' -g -m64 -fPIC   signals.c
rm -f util.o
gcc -c -DHAVE_CONFIG_H   -I. -I. -DRL_LIBRARY_VERSION='"4.3"' -g -m64 -fPIC   util.c
rm -f kill.o
gcc -c -DHAVE_CONFIG_H   -I. -I. -DRL_LIBRARY_VERSION='"4.3"' -g -m64 -fPIC   kill.c
rm -f undo.o
gcc -c -DHAVE_CONFIG_H   -I. -I. -DRL_LIBRARY_VERSION='"4.3"' -g -m64 -fPIC   undo.c
rm -f macro.o
gcc -c -DHAVE_CONFIG_H   -I. -I. -DRL_LIBRARY_VERSION='"4.3"' -g -m64 -fPIC   macro.c
rm -f input.o
gcc -c -DHAVE_CONFIG_H   -I. -I. -DRL_LIBRARY_VERSION='"4.3"' -g -m64 -fPIC   input.c
rm -f callback.o
gcc -c -DHAVE_CONFIG_H   -I. -I. -DRL_LIBRARY_VERSION='"4.3"' -g -m64 -fPIC   callback.c
rm -f terminal.o
gcc -c -DHAVE_CONFIG_H   -I. -I. -DRL_LIBRARY_VERSION='"4.3"' -g -m64 -fPIC   terminal.c
rm -f text.o
gcc -c -DHAVE_CONFIG_H   -I. -I. -DRL_LIBRARY_VERSION='"4.3"' -g -m64 -fPIC   text.c
rm -f nls.o
gcc -c -DHAVE_CONFIG_H   -I. -I. -DRL_LIBRARY_VERSION='"4.3"' -g -m64 -fPIC   nls.c
rm -f misc.o
gcc -c -DHAVE_CONFIG_H   -I. -I. -DRL_LIBRARY_VERSION='"4.3"' -g -m64 -fPIC   misc.c
rm -f compat.o
gcc -c -DHAVE_CONFIG_H   -I. -I. -DRL_LIBRARY_VERSION='"4.3"' -g -m64 -fPIC   compat.c
rm -f xmalloc.o
gcc -c -DHAVE_CONFIG_H   -I. -I. -DRL_LIBRARY_VERSION='"4.3"' -g -m64 -fPIC   xmalloc.c
rm -f history.o
gcc -c -DHAVE_CONFIG_H   -I. -I. -DRL_LIBRARY_VERSION='"4.3"' -g -m64 -fPIC   history.c
rm -f histexpand.o
gcc -c -DHAVE_CONFIG_H   -I. -I. -DRL_LIBRARY_VERSION='"4.3"' -g -m64 -fPIC   histexpand.c
rm -f histfile.o
gcc -c -DHAVE_CONFIG_H   -I. -I. -DRL_LIBRARY_VERSION='"4.3"' -g -m64 -fPIC   histfile.c
rm -f histsearch.o
gcc -c -DHAVE_CONFIG_H   -I. -I. -DRL_LIBRARY_VERSION='"4.3"' -g -m64 -fPIC   histsearch.c
rm -f shell.o
gcc -c -DHAVE_CONFIG_H   -I. -I. -DRL_LIBRARY_VERSION='"4.3"' -g -m64 -fPIC   shell.c
rm -f mbutil.o
gcc -c -DHAVE_CONFIG_H   -I. -I. -DRL_LIBRARY_VERSION='"4.3"' -g -m64 -fPIC   mbutil.c
rm -f tilde.o
gcc -DHAVE_CONFIG_H   -I. -I. -DRL_LIBRARY_VERSION='"4.3"' -g -m64 -fPIC   -DREADLINE_LIBRARY -c ./tilde.c
rm -f libreadline.a
ar cr libreadline.a readline.o vi_mode.o funmap.o keymaps.o parens.o search.o rltty.o complete.o bind.o isearch.o display.o signals.o util.o kill.o undo.o macro.o input.o callback.o terminal.o text.o nls.o misc.o compat.o xmalloc.o history.o histexpand.o histfile.o histsearch.o shell.o mbutil.o tilde.o
test -n "ranlib" && ranlib libreadline.a
rm -f libhistory.a
ar cr libhistory.a history.o histexpand.o histfile.o histsearch.o shell.o mbutil.o xmalloc.o
test -n "ranlib" && ranlib libhistory.a
make[3]: Leaving directory `/home/tim/gitsrc/magic-8.0/readline/readline-4.3'
make[2]: Leaving directory `/home/tim/gitsrc/magic-8.0/readline'
make[2]: Entering directory `/home/tim/gitsrc/magic-8.0/garouter'
--- compiling garouter/gaChannel.o
rm -f gaChannel.o
gcc -g -m64 -fPIC   -I. -I..  -I../readline -DCAD_DIR=\"/tmp/lib\" -DBIN_DIR=\"/tmp/bin\" -DPACKAGE_NAME=\"\" -DPACKAGE_TARNAME=\"\" -DPACKAGE_VERSION=\"\" -DPACKAGE_STRING=\"\" -DPACKAGE_BUGREPORT=\"\" -DMAGIC_VERSION=\"8.0\" -DMAGIC_REVISION=\"100\" -DSTDC_HEADERS=1 -DHAVE_SYS_TYPES_H=1 -DHAVE_SYS_STAT_H=1 -DHAVE_STDLIB_H=1 -DHAVE_STRING_H=1 -DHAVE_MEMORY_H=1 -DHAVE_STRINGS_H=1 -DHAVE_INTTYPES_H=1 -DHAVE_STDINT_H=1 -DHAVE_UNISTD_H=1 -DSIZEOF_VOID_P=8 -DSIZEOF_UNSIGNED_INT=4 -DSIZEOF_UNSIGNED_LONG=8 -DSIZEOF_UNSIGNED_LONG_LONG=8 -DSTDC_HEADERS=1 -DHAVE_SETENV=1 -DHAVE_PUTENV=1 -DHAVE_SYS_MMAN_H=1 -DHAVE_DIRENT_H=1 -DHAVE_LIMITS_H=1 -DHAVE_PATHS_H=1 -DHAVE_VA_COPY=1 -DHAVE___VA_COPY=1 -DFILE_LOCKS=1 -DCALMA_MODULE=1 -DCIF_MODULE=1 -DPLOT_MODULE=1 -DLEF_MODULE=1 -DUSE_READLINE=1 -DHAVE_PTHREADS=1 -DROUTE_MODULE=1 -DEXT2SPICE_AUTO=1 -DEXT2SIM_AUTO=1 -DRSIM_MODULE=1 -DUSE_NEW_MACROS=1 -DVECTOR_FONTS=1 -Dlinux=1 -DSYSV=1 -DISC=1  -DNDEBUG -DGCORE=\"/usr/bin/gcore\" -DSHDLIB_EXT=\"\"  -c gaChannel.c
--- compiling garouter/gaMain.o
rm -f gaMain.o
gcc -g -m64 -fPIC   -I. -I..  -I../readline -DCAD_DIR=\"/tmp/lib\" -DBIN_DIR=\"/tmp/bin\" -DPACKAGE_NAME=\"\" -DPACKAGE_TARNAME=\"\" -DPACKAGE_VERSION=\"\" -DPACKAGE_STRING=\"\" -DPACKAGE_BUGREPORT=\"\" -DMAGIC_VERSION=\"8.0\" -DMAGIC_REVISION=\"100\" -DSTDC_HEADERS=1 -DHAVE_SYS_TYPES_H=1 -DHAVE_SYS_STAT_H=1 -DHAVE_STDLIB_H=1 -DHAVE_STRING_H=1 -DHAVE_MEMORY_H=1 -DHAVE_STRINGS_H=1 -DHAVE_INTTYPES_H=1 -DHAVE_STDINT_H=1 -DHAVE_UNISTD_H=1 -DSIZEOF_VOID_P=8 -DSIZEOF_UNSIGNED_INT=4 -DSIZEOF_UNSIGNED_LONG=8 -DSIZEOF_UNSIGNED_LONG_LONG=8 -DSTDC_HEADERS=1 -DHAVE_SETENV=1 -DHAVE_PUTENV=1 -DHAVE_SYS_MMAN_H=1 -DHAVE_DIRENT_H=1 -DHAVE_LIMITS_H=1 -DHAVE_PATHS_H=1 -DHAVE_VA_COPY=1 -DHAVE___VA_COPY=1 -DFILE_LOCKS=1 -DCALMA_MODULE=1 -DCIF_MODULE=1 -DPLOT_MODULE=1 -DLEF_MODULE=1 -DUSE_READLINE=1 -DHAVE_PTHREADS=1 -DROUTE_MODULE=1 -DEXT2SPICE_AUTO=1 -DEXT2SIM_AUTO=1 -DRSIM_MODULE=1 -DUSE_NEW_MACROS=1 -DVECTOR_FONTS=1 -Dlinux=1 -DSYSV=1 -DISC=1  -DNDEBUG -DGCORE=\"/usr/bin/gcore\" -DSHDLIB_EXT=\"\"  -c gaMain.c
--- compiling garouter/gaMaze.o
rm -f gaMaze.o
gcc -g -m64 -fPIC   -I. -I..  -I../readline -DCAD_DIR=\"/tmp/lib\" -DBIN_DIR=\"/tmp/bin\" -DPACKAGE_NAME=\"\" -DPACKAGE_TARNAME=\"\" -DPACKAGE_VERSION=\"\" -DPACKAGE_STRING=\"\" -DPACKAGE_BUGREPORT=\"\" -DMAGIC_VERSION=\"8.0\" -DMAGIC_REVISION=\"100\" -DSTDC_HEADERS=1 -DHAVE_SYS_TYPES_H=1 -DHAVE_SYS_STAT_H=1 -DHAVE_STDLIB_H=1 -DHAVE_STRING_H=1 -DHAVE_MEMORY_H=1 -DHAVE_STRINGS_H=1 -DHAVE_INTTYPES_H=1 -DHAVE_STDINT_H=1 -DHAVE_UNISTD_H=1 -DSIZEOF_VOID_P=8 -DSIZEOF_UNSIGNED_INT=4 -DSIZEOF_UNSIGNED_LONG=8 -DSIZEOF_UNSIGNED_LONG_LONG=8 -DSTDC_HEADERS=1 -DHAVE_SETENV=1 -DHAVE_PUTENV=1 -DHAVE_SYS_MMAN_H=1 -DHAVE_DIRENT_H=1 -DHAVE_LIMITS_H=1 -DHAVE_PATHS_H=1 -DHAVE_VA_COPY=1 -DHAVE___VA_COPY=1 -DFILE_LOCKS=1 -DCALMA_MODULE=1 -DCIF_MODULE=1 -DPLOT_MODULE=1 -DLEF_MODULE=1 -DUSE_READLINE=1 -DHAVE_PTHREADS=1 -DROUTE_MODULE=1 -DEXT2SPICE_AUTO=1 -DEXT2SIM_AUTO=1 -DRSIM_MODULE=1 -DUSE_NEW_MACROS=1 -DVECTOR_FONTS=1 -Dlinux=1 -DSYSV=1 -DISC=1  -DNDEBUG -DGCORE=\"/usr/bin/gcore\" -DSHDLIB_EXT=\"\"  -c gaMaze.c
--- compiling garouter/gaSimple.o
rm -f gaSimple.o
gcc -g -m64 -fPIC   -I. -I..  -I../readline -DCAD_DIR=\"/tmp/lib\" -DBIN_DIR=\"/tmp/bin\" -DPACKAGE_NAME=\"\" -DPACKAGE_TARNAME=\"\" -DPACKAGE_VERSION=\"\" -DPACKAGE_STRING=\"\" -DPACKAGE_BUGREPORT=\"\" -DMAGIC_VERSION=\"8.0\" -DMAGIC_REVISION=\"100\" -DSTDC_HEADERS=1 -DHAVE_SYS_TYPES_H=1 -DHAVE_SYS_STAT_H=1 -DHAVE_STDLIB_H=1 -DHAVE_STRING_H=1 -DHAVE_MEMORY_H=1 -DHAVE_STRINGS_H=1 -DHAVE_INTTYPES_H=1 -DHAVE_STDINT_H=1 -DHAVE_UNISTD_H=1 -DSIZEOF_VOID_P=8 -DSIZEOF_UNSIGNED_INT=4 -DSIZEOF_UNSIGNED_LONG=8 -DSIZEOF_UNSIGNED_LONG_LONG=8 -DSTDC_HEADERS=1 -DHAVE_SETENV=1 -DHAVE_PUTENV=1 -DHAVE_SYS_MMAN_H=1 -DHAVE_DIRENT_H=1 -DHAVE_LIMITS_H=1 -DHAVE_PATHS_H=1 -DHAVE_VA_COPY=1 -DHAVE___VA_COPY=1 -DFILE_LOCKS=1 -DCALMA_MODULE=1 -DCIF_MODULE=1 -DPLOT_MODULE=1 -DLEF_MODULE=1 -DUSE_READLINE=1 -DHAVE_PTHREADS=1 -DROUTE_MODULE=1 -DEXT2SPICE_AUTO=1 -DEXT2SIM_AUTO=1 -DRSIM_MODULE=1 -DUSE_NEW_MACROS=1 -DVECTOR_FONTS=1 -Dlinux=1 -DSYSV=1 -DISC=1  -DNDEBUG -DGCORE=\"/usr/bin/gcore\" -DSHDLIB_EXT=\"\"  -c gaSimple.c
--- compiling garouter/gaStem.o
rm -f gaStem.o
gcc -g -m64 -fPIC   -I. -I..  -I../readline -DCAD_DIR=\"/tmp/lib\" -DBIN_DIR=\"/tmp/bin\" -DPACKAGE_NAME=\"\" -DPACKAGE_TARNAME=\"\" -DPACKAGE_VERSION=\"\" -DPACKAGE_STRING=\"\" -DPACKAGE_BUGREPORT=\"\" -DMAGIC_VERSION=\"8.0\" -DMAGIC_REVISION=\"100\" -DSTDC_HEADERS=1 -DHAVE_SYS_TYPES_H=1 -DHAVE_SYS_STAT_H=1 -DHAVE_STDLIB_H=1 -DHAVE_STRING_H=1 -DHAVE_MEMORY_H=1 -DHAVE_STRINGS_H=1 -DHAVE_INTTYPES_H=1 -DHAVE_STDINT_H=1 -DHAVE_UNISTD_H=1 -DSIZEOF_VOID_P=8 -DSIZEOF_UNSIGNED_INT=4 -DSIZEOF_UNSIGNED_LONG=8 -DSIZEOF_UNSIGNED_LONG_LONG=8 -DSTDC_HEADERS=1 -DHAVE_SETENV=1 -DHAVE_PUTENV=1 -DHAVE_SYS_MMAN_H=1 -DHAVE_DIRENT_H=1 -DHAVE_LIMITS_H=1 -DHAVE_PATHS_H=1 -DHAVE_VA_COPY=1 -DHAVE___VA_COPY=1 -DFILE_LOCKS=1 -DCALMA_MODULE=1 -DCIF_MODULE=1 -DPLOT_MODULE=1 -DLEF_MODULE=1 -DUSE_READLINE=1 -DHAVE_PTHREADS=1 -DROUTE_MODULE=1 -DEXT2SPICE_AUTO=1 -DEXT2SIM_AUTO=1 -DRSIM_MODULE=1 -DUSE_NEW_MACROS=1 -DVECTOR_FONTS=1 -Dlinux=1 -DSYSV=1 -DISC=1  -DNDEBUG -DGCORE=\"/usr/bin/gcore\" -DSHDLIB_EXT=\"\"  -c gaStem.c
--- compiling garouter/gaTest.o
rm -f gaTest.o
gcc -g -m64 -fPIC   -I. -I..  -I../readline -DCAD_DIR=\"/tmp/lib\" -DBIN_DIR=\"/tmp/bin\" -DPACKAGE_NAME=\"\" -DPACKAGE_TARNAME=\"\" -DPACKAGE_VERSION=\"\" -DPACKAGE_STRING=\"\" -DPACKAGE_BUGREPORT=\"\" -DMAGIC_VERSION=\"8.0\" -DMAGIC_REVISION=\"100\" -DSTDC_HEADERS=1 -DHAVE_SYS_TYPES_H=1 -DHAVE_SYS_STAT_H=1 -DHAVE_STDLIB_H=1 -DHAVE_STRING_H=1 -DHAVE_MEMORY_H=1 -DHAVE_STRINGS_H=1 -DHAVE_INTTYPES_H=1 -DHAVE_STDINT_H=1 -DHAVE_UNISTD_H=1 -DSIZEOF_VOID_P=8 -DSIZEOF_UNSIGNED_INT=4 -DSIZEOF_UNSIGNED_LONG=8 -DSIZEOF_UNSIGNED_LONG_LONG=8 -DSTDC_HEADERS=1 -DHAVE_SETENV=1 -DHAVE_PUTENV=1 -DHAVE_SYS_MMAN_H=1 -DHAVE_DIRENT_H=1 -DHAVE_LIMITS_H=1 -DHAVE_PATHS_H=1 -DHAVE_VA_COPY=1 -DHAVE___VA_COPY=1 -DFILE_LOCKS=1 -DCALMA_MODULE=1 -DCIF_MODULE=1 -DPLOT_MODULE=1 -DLEF_MODULE=1 -DUSE_READLINE=1 -DHAVE_PTHREADS=1 -DROUTE_MODULE=1 -DEXT2SPICE_AUTO=1 -DEXT2SIM_AUTO=1 -DRSIM_MODULE=1 -DUSE_NEW_MACROS=1 -DVECTOR_FONTS=1 -Dlinux=1 -DSYSV=1 -DISC=1  -DNDEBUG -DGCORE=\"/usr/bin/gcore\" -DSHDLIB_EXT=\"\"  -c gaTest.c
--- linking libgarouter.o
rm -f libgarouter.o
ld -r gaChannel.o gaMain.o gaMaze.o gaSimple.o gaStem.o gaTest.o  -o libgarouter.o 
make[2]: Leaving directory `/home/tim/gitsrc/magic-8.0/garouter'
make[2]: Entering directory `/home/tim/gitsrc/magic-8.0/grouter'
--- compiling grouter/grouteChan.o
rm -f grouteChan.o
gcc -g -m64 -fPIC   -I. -I..  -I../readline -DCAD_DIR=\"/tmp/lib\" -DBIN_DIR=\"/tmp/bin\" -DPACKAGE_NAME=\"\" -DPACKAGE_TARNAME=\"\" -DPACKAGE_VERSION=\"\" -DPACKAGE_STRING=\"\" -DPACKAGE_BUGREPORT=\"\" -DMAGIC_VERSION=\"8.0\" -DMAGIC_REVISION=\"100\" -DSTDC_HEADERS=1 -DHAVE_SYS_TYPES_H=1 -DHAVE_SYS_STAT_H=1 -DHAVE_STDLIB_H=1 -DHAVE_STRING_H=1 -DHAVE_MEMORY_H=1 -DHAVE_STRINGS_H=1 -DHAVE_INTTYPES_H=1 -DHAVE_STDINT_H=1 -DHAVE_UNISTD_H=1 -DSIZEOF_VOID_P=8 -DSIZEOF_UNSIGNED_INT=4 -DSIZEOF_UNSIGNED_LONG=8 -DSIZEOF_UNSIGNED_LONG_LONG=8 -DSTDC_HEADERS=1 -DHAVE_SETENV=1 -DHAVE_PUTENV=1 -DHAVE_SYS_MMAN_H=1 -DHAVE_DIRENT_H=1 -DHAVE_LIMITS_H=1 -DHAVE_PATHS_H=1 -DHAVE_VA_COPY=1 -DHAVE___VA_COPY=1 -DFILE_LOCKS=1 -DCALMA_MODULE=1 -DCIF_MODULE=1 -DPLOT_MODULE=1 -DLEF_MODULE=1 -DUSE_READLINE=1 -DHAVE_PTHREADS=1 -DROUTE_MODULE=1 -DEXT2SPICE_AUTO=1 -DEXT2SIM_AUTO=1 -DRSIM_MODULE=1 -DUSE_NEW_MACROS=1 -DVECTOR_FONTS=1 -Dlinux=1 -DSYSV=1 -DISC=1  -DNDEBUG -DGCORE=\"/usr/bin/gcore\" -DSHDLIB_EXT=\"\"  -c grouteChan.c
--- compiling grouter/grouteCrss.o
rm -f grouteCrss.o
gcc -g -m64 -fPIC   -I. -I..  -I../readline -DCAD_DIR=\"/tmp/lib\" -DBIN_DIR=\"/tmp/bin\" -DPACKAGE_NAME=\"\" -DPACKAGE_TARNAME=\"\" -DPACKAGE_VERSION=\"\" -DPACKAGE_STRING=\"\" -DPACKAGE_BUGREPORT=\"\" -DMAGIC_VERSION=\"8.0\" -DMAGIC_REVISION=\"100\" -DSTDC_HEADERS=1 -DHAVE_SYS_TYPES_H=1 -DHAVE_SYS_STAT_H=1 -DHAVE_STDLIB_H=1 -DHAVE_STRING_H=1 -DHAVE_MEMORY_H=1 -DHAVE_STRINGS_H=1 -DHAVE_INTTYPES_H=1 -DHAVE_STDINT_H=1 -DHAVE_UNISTD_H=1 -DSIZEOF_VOID_P=8 -DSIZEOF_UNSIGNED_INT=4 -DSIZEOF_UNSIGNED_LONG=8 -DSIZEOF_UNSIGNED_LONG_LONG=8 -DSTDC_HEADERS=1 -DHAVE_SETENV=1 -DHAVE_PUTENV=1 -DHAVE_SYS_MMAN_H=1 -DHAVE_DIRENT_H=1 -DHAVE_LIMITS_H=1 -DHAVE_PATHS_H=1 -DHAVE_VA_COPY=1 -DHAVE___VA_COPY=1 -DFILE_LOCKS=1 -DCALMA_MODULE=1 -DCIF_MODULE=1 -DPLOT_MODULE=1 -DLEF_MODULE=1 -DUSE_READLINE=1 -DHAVE_PTHREADS=1 -DROUTE_MODULE=1 -DEXT2SPICE_AUTO=1 -DEXT2SIM_AUTO=1 -DRSIM_MODULE=1 -DUSE_NEW_MACROS=1 -DVECTOR_FONTS=1 -Dlinux=1 -DSYSV=1 -DISC=1  -DNDEBUG -DGCORE=\"/usr/bin/gcore\" -DSHDLIB_EXT=\"\"  -c grouteCrss.c
--- compiling grouter/grouteDens.o
rm -f grouteDens.o
gcc -g -m64 -fPIC   -I. -I..  -I../readline -DCAD_DIR=\"/tmp/lib\" -DBIN_DIR=\"/tmp/bin\" -DPACKAGE_NAME=\"\" -DPACKAGE_TARNAME=\"\" -DPACKAGE_VERSION=\"\" -DPACKAGE_STRING=\"\" -DPACKAGE_BUGREPORT=\"\" -DMAGIC_VERSION=\"8.0\" -DMAGIC_REVISION=\"100\" -DSTDC_HEADERS=1 -DHAVE_SYS_TYPES_H=1 -DHAVE_SYS_STAT_H=1 -DHAVE_STDLIB_H=1 -DHAVE_STRING_H=1 -DHAVE_MEMORY_H=1 -DHAVE_STRINGS_H=1 -DHAVE_INTTYPES_H=1 -DHAVE_STDINT_H=1 -DHAVE_UNISTD_H=1 -DSIZEOF_VOID_P=8 -DSIZEOF_UNSIGNED_INT=4 -DSIZEOF_UNSIGNED_LONG=8 -DSIZEOF_UNSIGNED_LONG_LONG=8 -DSTDC_HEADERS=1 -DHAVE_SETENV=1 -DHAVE_PUTENV=1 -DHAVE_SYS_MMAN_H=1 -DHAVE_DIRENT_H=1 -DHAVE_LIMITS_H=1 -DHAVE_PATHS_H=1 -DHAVE_VA_COPY=1 -DHAVE___VA_COPY=1 -DFILE_LOCKS=1 -DCALMA_MODULE=1 -DCIF_MODULE=1 -DPLOT_MODULE=1 -DLEF_MODULE=1 -DUSE_READLINE=1 -DHAVE_PTHREADS=1 -DROUTE_MODULE=1 -DEXT2SPICE_AUTO=1 -DEXT2SIM_AUTO=1 -DRSIM_MODULE=1 -DUSE_NEW_MACROS=1 -DVECTOR_FONTS=1 -Dlinux=1 -DSYSV=1 -DISC=1  -DNDEBUG -DGCORE=\"/usr/bin/gcore\" -DSHDLIB_EXT=\"\"  -c grouteDens.c
--- compiling grouter/grouteMain.o
rm -f grouteMain.o
gcc -g -m64 -fPIC   -I. -I..  -I../readline -DCAD_DIR=\"/tmp/lib\" -DBIN_DIR=\"/tmp/bin\" -DPACKAGE_NAME=\"\" -DPACKAGE_TARNAME=\"\" -DPACKAGE_VERSION=\"\" -DPACKAGE_STRING=\"\" -DPACKAGE_BUGREPORT=\"\" -DMAGIC_VERSION=\"8.0\" -DMAGIC_REVISION=\"100\" -DSTDC_HEADERS=1 -DHAVE_SYS_TYPES_H=1 -DHAVE_SYS_STAT_H=1 -DHAVE_STDLIB_H=1 -DHAVE_STRING_H=1 -DHAVE_MEMORY_H=1 -DHAVE_STRINGS_H=1 -DHAVE_INTTYPES_H=1 -DHAVE_STDINT_H=1 -DHAVE_UNISTD_H=1 -DSIZEOF_VOID_P=8 -DSIZEOF_UNSIGNED_INT=4 -DSIZEOF_UNSIGNED_LONG=8 -DSIZEOF_UNSIGNED_LONG_LONG=8 -DSTDC_HEADERS=1 -DHAVE_SETENV=1 -DHAVE_PUTENV=1 -DHAVE_SYS_MMAN_H=1 -DHAVE_DIRENT_H=1 -DHAVE_LIMITS_H=1 -DHAVE_PATHS_H=1 -DHAVE_VA_COPY=1 -DHAVE___VA_COPY=1 -DFILE_LOCKS=1 -DCALMA_MODULE=1 -DCIF_MODULE=1 -DPLOT_MODULE=1 -DLEF_MODULE=1 -DUSE_READLINE=1 -DHAVE_PTHREADS=1 -DROUTE_MODULE=1 -DEXT2SPICE_AUTO=1 -DEXT2SIM_AUTO=1 -DRSIM_MODULE=1 -DUSE_NEW_MACROS=1 -DVECTOR_FONTS=1 -Dlinux=1 -DSYSV=1 -DISC=1  -DNDEBUG -DGCORE=\"/usr/bin/gcore\" -DSHDLIB_EXT=\"\"  -c grouteMain.c
--- compiling grouter/grouteMult.o
rm -f grouteMult.o
gcc -g -m64 -fPIC   -I. -I..  -I../readline -DCAD_DIR=\"/tmp/lib\" -DBIN_DIR=\"/tmp/bin\" -DPACKAGE_NAME=\"\" -DPACKAGE_TARNAME=\"\" -DPACKAGE_VERSION=\"\" -DPACKAGE_STRING=\"\" -DPACKAGE_BUGREPORT=\"\" -DMAGIC_VERSION=\"8.0\" -DMAGIC_REVISION=\"100\" -DSTDC_HEADERS=1 -DHAVE_SYS_TYPES_H=1 -DHAVE_SYS_STAT_H=1 -DHAVE_STDLIB_H=1 -DHAVE_STRING_H=1 -DHAVE_MEMORY_H=1 -DHAVE_STRINGS_H=1 -DHAVE_INTTYPES_H=1 -DHAVE_STDINT_H=1 -DHAVE_UNISTD_H=1 -DSIZEOF_VOID_P=8 -DSIZEOF_UNSIGNED_INT=4 -DSIZEOF_UNSIGNED_LONG=8 -DSIZEOF_UNSIGNED_LONG_LONG=8 -DSTDC_HEADERS=1 -DHAVE_SETENV=1 -DHAVE_PUTENV=1 -DHAVE_SYS_MMAN_H=1 -DHAVE_DIRENT_H=1 -DHAVE_LIMITS_H=1 -DHAVE_PATHS_H=1 -DHAVE_VA_COPY=1 -DHAVE___VA_COPY=1 -DFILE_LOCKS=1 -DCALMA_MODULE=1 -DCIF_MODULE=1 -DPLOT_MODULE=1 -DLEF_MODULE=1 -DUSE_READLINE=1 -DHAVE_PTHREADS=1 -DROUTE_MODULE=1 -DEXT2SPICE_AUTO=1 -DEXT2SIM_AUTO=1 -DRSIM_MODULE=1 -DUSE_NEW_MACROS=1 -DVECTOR_FONTS=1 -Dlinux=1 -DSYSV=1 -DISC=1  -DNDEBUG -DGCORE=\"/usr/bin/gcore\" -DSHDLIB_EXT=\"\"  -c grouteMult.c
--- compiling grouter/grouteMaze.o
rm -f grouteMaze.o
gcc -g -m64 -fPIC   -I. -I..  -I../readline -DCAD_DIR=\"/tmp/lib\" -DBIN_DIR=\"/tmp/bin\" -DPACKAGE_NAME=\"\" -DPACKAGE_TARNAME=\"\" -DPACKAGE_VERSION=\"\" -DPACKAGE_STRING=\"\" -DPACKAGE_BUGREPORT=\"\" -DMAGIC_VERSION=\"8.0\" -DMAGIC_REVISION=\"100\" -DSTDC_HEADERS=1 -DHAVE_SYS_TYPES_H=1 -DHAVE_SYS_STAT_H=1 -DHAVE_STDLIB_H=1 -DHAVE_STRING_H=1 -DHAVE_MEMORY_H=1 -DHAVE_STRINGS_H=1 -DHAVE_INTTYPES_H=1 -DHAVE_STDINT_H=1 -DHAVE_UNISTD_H=1 -DSIZEOF_VOID_P=8 -DSIZEOF_UNSIGNED_INT=4 -DSIZEOF_UNSIGNED_LONG=8 -DSIZEOF_UNSIGNED_LONG_LONG=8 -DSTDC_HEADERS=1 -DHAVE_SETENV=1 -DHAVE_PUTENV=1 -DHAVE_SYS_MMAN_H=1 -DHAVE_DIRENT_H=1 -DHAVE_LIMITS_H=1 -DHAVE_PATHS_H=1 -DHAVE_VA_COPY=1 -DHAVE___VA_COPY=1 -DFILE_LOCKS=1 -DCALMA_MODULE=1 -DCIF_MODULE=1 -DPLOT_MODULE=1 -DLEF_MODULE=1 -DUSE_READLINE=1 -DHAVE_PTHREADS=1 -DROUTE_MODULE=1 -DEXT2SPICE_AUTO=1 -DEXT2SIM_AUTO=1 -DRSIM_MODULE=1 -DUSE_NEW_MACROS=1 -DVECTOR_FONTS=1 -Dlinux=1 -DSYSV=1 -DISC=1  -DNDEBUG -DGCORE=\"/usr/bin/gcore\" -DSHDLIB_EXT=\"\"  -c grouteMaze.c
--- compiling grouter/groutePath.o
rm -f groutePath.o
gcc -g -m64 -fPIC   -I. -I..  -I../readline -DCAD_DIR=\"/tmp/lib\" -DBIN_DIR=\"/tmp/bin\" -DPACKAGE_NAME=\"\" -DPACKAGE_TARNAME=\"\" -DPACKAGE_VERSION=\"\" -DPACKAGE_STRING=\"\" -DPACKAGE_BUGREPORT=\"\" -DMAGIC_VERSION=\"8.0\" -DMAGIC_REVISION=\"100\" -DSTDC_HEADERS=1 -DHAVE_SYS_TYPES_H=1 -DHAVE_SYS_STAT_H=1 -DHAVE_STDLIB_H=1 -DHAVE_STRING_H=1 -DHAVE_MEMORY_H=1 -DHAVE_STRINGS_H=1 -DHAVE_INTTYPES_H=1 -DHAVE_STDINT_H=1 -DHAVE_UNISTD_H=1 -DSIZEOF_VOID_P=8 -DSIZEOF_UNSIGNED_INT=4 -DSIZEOF_UNSIGNED_LONG=8 -DSIZEOF_UNSIGNED_LONG_LONG=8 -DSTDC_HEADERS=1 -DHAVE_SETENV=1 -DHAVE_PUTENV=1 -DHAVE_SYS_MMAN_H=1 -DHAVE_DIRENT_H=1 -DHAVE_LIMITS_H=1 -DHAVE_PATHS_H=1 -DHAVE_VA_COPY=1 -DHAVE___VA_COPY=1 -DFILE_LOCKS=1 -DCALMA_MODULE=1 -DCIF_MODULE=1 -DPLOT_MODULE=1 -DLEF_MODULE=1 -DUSE_READLINE=1 -DHAVE_PTHREADS=1 -DROUTE_MODULE=1 -DEXT2SPICE_AUTO=1 -DEXT2SIM_AUTO=1 -DRSIM_MODULE=1 -DUSE_NEW_MACROS=1 -DVECTOR_FONTS=1 -Dlinux=1 -DSYSV=1 -DISC=1  -DNDEBUG -DGCORE=\"/usr/bin/gcore\" -DSHDLIB_EXT=\"\"  -c groutePath.c
--- compiling grouter/groutePen.o
rm -f groutePen.o
gcc -g -m64 -fPIC   -I. -I..  -I../readline -DCAD_DIR=\"/tmp/lib\" -DBIN_DIR=\"/tmp/bin\" -DPACKAGE_NAME=\"\" -DPACKAGE_TARNAME=\"\" -DPACKAGE_VERSION=\"\" -DPACKAGE_STRING=\"\" -DPACKAGE_BUGREPORT=\"\" -DMAGIC_VERSION=\"8.0\" -DMAGIC_REVISION=\"100\" -DSTDC_HEADERS=1 -DHAVE_SYS_TYPES_H=1 -DHAVE_SYS_STAT_H=1 -DHAVE_STDLIB_H=1 -DHAVE_STRING_H=1 -DHAVE_MEMORY_H=1 -DHAVE_STRINGS_H=1 -DHAVE_INTTYPES_H=1 -DHAVE_STDINT_H=1 -DHAVE_UNISTD_H=1 -DSIZEOF_VOID_P=8 -DSIZEOF_UNSIGNED_INT=4 -DSIZEOF_UNSIGNED_LONG=8 -DSIZEOF_UNSIGNED_LONG_LONG=8 -DSTDC_HEADERS=1 -DHAVE_SETENV=1 -DHAVE_PUTENV=1 -DHAVE_SYS_MMAN_H=1 -DHAVE_DIRENT_H=1 -DHAVE_LIMITS_H=1 -DHAVE_PATHS_H=1 -DHAVE_VA_COPY=1 -DHAVE___VA_COPY=1 -DFILE_LOCKS=1 -DCALMA_MODULE=1 -DCIF_MODULE=1 -DPLOT_MODULE=1 -DLEF_MODULE=1 -DUSE_READLINE=1 -DHAVE_PTHREADS=1 -DROUTE_MODULE=1 -DEXT2SPICE_AUTO=1 -DEXT2SIM_AUTO=1 -DRSIM_MODULE=1 -DUSE_NEW_MACROS=1 -DVECTOR_FONTS=1 -Dlinux=1 -DSYSV=1 -DISC=1  -DNDEBUG -DGCORE=\"/usr/bin/gcore\" -DSHDLIB_EXT=\"\"  -c groutePen.c
--- compiling grouter/grouteTest.o
rm -f grouteTest.o
gcc -g -m64 -fPIC   -I. -I..  -I../readline -DCAD_DIR=\"/tmp/lib\" -DBIN_DIR=\"/tmp/bin\" -DPACKAGE_NAME=\"\" -DPACKAGE_TARNAME=\"\" -DPACKAGE_VERSION=\"\" -DPACKAGE_STRING=\"\" -DPACKAGE_BUGREPORT=\"\" -DMAGIC_VERSION=\"8.0\" -DMAGIC_REVISION=\"100\" -DSTDC_HEADERS=1 -DHAVE_SYS_TYPES_H=1 -DHAVE_SYS_STAT_H=1 -DHAVE_STDLIB_H=1 -DHAVE_STRING_H=1 -DHAVE_MEMORY_H=1 -DHAVE_STRINGS_H=1 -DHAVE_INTTYPES_H=1 -DHAVE_STDINT_H=1 -DHAVE_UNISTD_H=1 -DSIZEOF_VOID_P=8 -DSIZEOF_UNSIGNED_INT=4 -DSIZEOF_UNSIGNED_LONG=8 -DSIZEOF_UNSIGNED_LONG_LONG=8 -DSTDC_HEADERS=1 -DHAVE_SETENV=1 -DHAVE_PUTENV=1 -DHAVE_SYS_MMAN_H=1 -DHAVE_DIRENT_H=1 -DHAVE_LIMITS_H=1 -DHAVE_PATHS_H=1 -DHAVE_VA_COPY=1 -DHAVE___VA_COPY=1 -DFILE_LOCKS=1 -DCALMA_MODULE=1 -DCIF_MODULE=1 -DPLOT_MODULE=1 -DLEF_MODULE=1 -DUSE_READLINE=1 -DHAVE_PTHREADS=1 -DROUTE_MODULE=1 -DEXT2SPICE_AUTO=1 -DEXT2SIM_AUTO=1 -DRSIM_MODULE=1 -DUSE_NEW_MACROS=1 -DVECTOR_FONTS=1 -Dlinux=1 -DSYSV=1 -DISC=1  -DNDEBUG -DGCORE=\"/usr/bin/gcore\" -DSHDLIB_EXT=\"\"  -c grouteTest.c
--- linking libgrouter.o
rm -f libgrouter.o
ld -r grouteChan.o grouteCrss.o grouteDens.o grouteMain.o grouteMult.o grouteMaze.o groutePath.o groutePen.o grouteTest.o  -o libgrouter.o 
make[2]: Leaving directory `/home/tim/gitsrc/magic-8.0/grouter'
make[2]: Entering directory `/home/tim/gitsrc/magic-8.0/irouter'
--- compiling irouter/irCommand.o
rm -f irCommand.o
gcc -g -m64 -fPIC   -I. -I..  -I../readline -DCAD_DIR=\"/tmp/lib\" -DBIN_DIR=\"/tmp/bin\" -DPACKAGE_NAME=\"\" -DPACKAGE_TARNAME=\"\" -DPACKAGE_VERSION=\"\" -DPACKAGE_STRING=\"\" -DPACKAGE_BUGREPORT=\"\" -DMAGIC_VERSION=\"8.0\" -DMAGIC_REVISION=\"100\" -DSTDC_HEADERS=1 -DHAVE_SYS_TYPES_H=1 -DHAVE_SYS_STAT_H=1 -DHAVE_STDLIB_H=1 -DHAVE_STRING_H=1 -DHAVE_MEMORY_H=1 -DHAVE_STRINGS_H=1 -DHAVE_INTTYPES_H=1 -DHAVE_STDINT_H=1 -DHAVE_UNISTD_H=1 -DSIZEOF_VOID_P=8 -DSIZEOF_UNSIGNED_INT=4 -DSIZEOF_UNSIGNED_LONG=8 -DSIZEOF_UNSIGNED_LONG_LONG=8 -DSTDC_HEADERS=1 -DHAVE_SETENV=1 -DHAVE_PUTENV=1 -DHAVE_SYS_MMAN_H=1 -DHAVE_DIRENT_H=1 -DHAVE_LIMITS_H=1 -DHAVE_PATHS_H=1 -DHAVE_VA_COPY=1 -DHAVE___VA_COPY=1 -DFILE_LOCKS=1 -DCALMA_MODULE=1 -DCIF_MODULE=1 -DPLOT_MODULE=1 -DLEF_MODULE=1 -DUSE_READLINE=1 -DHAVE_PTHREADS=1 -DROUTE_MODULE=1 -DEXT2SPICE_AUTO=1 -DEXT2SIM_AUTO=1 -DRSIM_MODULE=1 -DUSE_NEW_MACROS=1 -DVECTOR_FONTS=1 -Dlinux=1 -DSYSV=1 -DISC=1  -DNDEBUG -DGCORE=\"/usr/bin/gcore\" -DSHDLIB_EXT=\"\"  -c irCommand.c
--- compiling irouter/irMain.o
rm -f irMain.o
gcc -g -m64 -fPIC   -I. -I..  -I../readline -DCAD_DIR=\"/tmp/lib\" -DBIN_DIR=\"/tmp/bin\" -DPACKAGE_NAME=\"\" -DPACKAGE_TARNAME=\"\" -DPACKAGE_VERSION=\"\" -DPACKAGE_STRING=\"\" -DPACKAGE_BUGREPORT=\"\" -DMAGIC_VERSION=\"8.0\" -DMAGIC_REVISION=\"100\" -DSTDC_HEADERS=1 -DHAVE_SYS_TYPES_H=1 -DHAVE_SYS_STAT_H=1 -DHAVE_STDLIB_H=1 -DHAVE_STRING_H=1 -DHAVE_MEMORY_H=1 -DHAVE_STRINGS_H=1 -DHAVE_INTTYPES_H=1 -DHAVE_STDINT_H=1 -DHAVE_UNISTD_H=1 -DSIZEOF_VOID_P=8 -DSIZEOF_UNSIGNED_INT=4 -DSIZEOF_UNSIGNED_LONG=8 -DSIZEOF_UNSIGNED_LONG_LONG=8 -DSTDC_HEADERS=1 -DHAVE_SETENV=1 -DHAVE_PUTENV=1 -DHAVE_SYS_MMAN_H=1 -DHAVE_DIRENT_H=1 -DHAVE_LIMITS_H=1 -DHAVE_PATHS_H=1 -DHAVE_VA_COPY=1 -DHAVE___VA_COPY=1 -DFILE_LOCKS=1 -DCALMA_MODULE=1 -DCIF_MODULE=1 -DPLOT_MODULE=1 -DLEF_MODULE=1 -DUSE_READLINE=1 -DHAVE_PTHREADS=1 -DROUTE_MODULE=1 -DEXT2SPICE_AUTO=1 -DEXT2SIM_AUTO=1 -DRSIM_MODULE=1 -DUSE_NEW_MACROS=1 -DVECTOR_FONTS=1 -Dlinux=1 -DSYSV=1 -DISC=1  -DNDEBUG -DGCORE=\"/usr/bin/gcore\" -DSHDLIB_EXT=\"\"  -c irMain.c
--- compiling irouter/irRoute.o
rm -f irRoute.o
gcc -g -m64 -fPIC   -I. -I..  -I../readline -DCAD_DIR=\"/tmp/lib\" -DBIN_DIR=\"/tmp/bin\" -DPACKAGE_NAME=\"\" -DPACKAGE_TARNAME=\"\" -DPACKAGE_VERSION=\"\" -DPACKAGE_STRING=\"\" -DPACKAGE_BUGREPORT=\"\" -DMAGIC_VERSION=\"8.0\" -DMAGIC_REVISION=\"100\" -DSTDC_HEADERS=1 -DHAVE_SYS_TYPES_H=1 -DHAVE_SYS_STAT_H=1 -DHAVE_STDLIB_H=1 -DHAVE_STRING_H=1 -DHAVE_MEMORY_H=1 -DHAVE_STRINGS_H=1 -DHAVE_INTTYPES_H=1 -DHAVE_STDINT_H=1 -DHAVE_UNISTD_H=1 -DSIZEOF_VOID_P=8 -DSIZEOF_UNSIGNED_INT=4 -DSIZEOF_UNSIGNED_LONG=8 -DSIZEOF_UNSIGNED_LONG_LONG=8 -DSTDC_HEADERS=1 -DHAVE_SETENV=1 -DHAVE_PUTENV=1 -DHAVE_SYS_MMAN_H=1 -DHAVE_DIRENT_H=1 -DHAVE_LIMITS_H=1 -DHAVE_PATHS_H=1 -DHAVE_VA_COPY=1 -DHAVE___VA_COPY=1 -DFILE_LOCKS=1 -DCALMA_MODULE=1 -DCIF_MODULE=1 -DPLOT_MODULE=1 -DLEF_MODULE=1 -DUSE_READLINE=1 -DHAVE_PTHREADS=1 -DROUTE_MODULE=1 -DEXT2SPICE_AUTO=1 -DEXT2SIM_AUTO=1 -DRSIM_MODULE=1 -DUSE_NEW_MACROS=1 -DVECTOR_FONTS=1 -Dlinux=1 -DSYSV=1 -DISC=1  -DNDEBUG -DGCORE=\"/usr/bin/gcore\" -DSHDLIB_EXT=\"\"  -c irRoute.c
--- compiling irouter/irTestCmd.o
rm -f irTestCmd.o
gcc -g -m64 -fPIC   -I. -I..  -I../readline -DCAD_DIR=\"/tmp/lib\" -DBIN_DIR=\"/tmp/bin\" -DPACKAGE_NAME=\"\" -DPACKAGE_TARNAME=\"\" -DPACKAGE_VERSION=\"\" -DPACKAGE_STRING=\"\" -DPACKAGE_BUGREPORT=\"\" -DMAGIC_VERSION=\"8.0\" -DMAGIC_REVISION=\"100\" -DSTDC_HEADERS=1 -DHAVE_SYS_TYPES_H=1 -DHAVE_SYS_STAT_H=1 -DHAVE_STDLIB_H=1 -DHAVE_STRING_H=1 -DHAVE_MEMORY_H=1 -DHAVE_STRINGS_H=1 -DHAVE_INTTYPES_H=1 -DHAVE_STDINT_H=1 -DHAVE_UNISTD_H=1 -DSIZEOF_VOID_P=8 -DSIZEOF_UNSIGNED_INT=4 -DSIZEOF_UNSIGNED_LONG=8 -DSIZEOF_UNSIGNED_LONG_LONG=8 -DSTDC_HEADERS=1 -DHAVE_SETENV=1 -DHAVE_PUTENV=1 -DHAVE_SYS_MMAN_H=1 -DHAVE_DIRENT_H=1 -DHAVE_LIMITS_H=1 -DHAVE_PATHS_H=1 -DHAVE_VA_COPY=1 -DHAVE___VA_COPY=1 -DFILE_LOCKS=1 -DCALMA_MODULE=1 -DCIF_MODULE=1 -DPLOT_MODULE=1 -DLEF_MODULE=1 -DUSE_READLINE=1 -DHAVE_PTHREADS=1 -DROUTE_MODULE=1 -DEXT2SPICE_AUTO=1 -DEXT2SIM_AUTO=1 -DRSIM_MODULE=1 -DUSE_NEW_MACROS=1 -DVECTOR_FONTS=1 -Dlinux=1 -DSYSV=1 -DISC=1  -DNDEBUG -DGCORE=\"/usr/bin/gcore\" -DSHDLIB_EXT=\"\"  -c irTestCmd.c
--- compiling irouter/irUtils.o
rm -f irUtils.o
gcc -g -m64 -fPIC   -I. -I..  -I../readline -DCAD_DIR=\"/tmp/lib\" -DBIN_DIR=\"/tmp/bin\" -DPACKAGE_NAME=\"\" -DPACKAGE_TARNAME=\"\" -DPACKAGE_VERSION=\"\" -DPACKAGE_STRING=\"\" -DPACKAGE_BUGREPORT=\"\" -DMAGIC_VERSION=\"8.0\" -DMAGIC_REVISION=\"100\" -DSTDC_HEADERS=1 -DHAVE_SYS_TYPES_H=1 -DHAVE_SYS_STAT_H=1 -DHAVE_STDLIB_H=1 -DHAVE_STRING_H=1 -DHAVE_MEMORY_H=1 -DHAVE_STRINGS_H=1 -DHAVE_INTTYPES_H=1 -DHAVE_STDINT_H=1 -DHAVE_UNISTD_H=1 -DSIZEOF_VOID_P=8 -DSIZEOF_UNSIGNED_INT=4 -DSIZEOF_UNSIGNED_LONG=8 -DSIZEOF_UNSIGNED_LONG_LONG=8 -DSTDC_HEADERS=1 -DHAVE_SETENV=1 -DHAVE_PUTENV=1 -DHAVE_SYS_MMAN_H=1 -DHAVE_DIRENT_H=1 -DHAVE_LIMITS_H=1 -DHAVE_PATHS_H=1 -DHAVE_VA_COPY=1 -DHAVE___VA_COPY=1 -DFILE_LOCKS=1 -DCALMA_MODULE=1 -DCIF_MODULE=1 -DPLOT_MODULE=1 -DLEF_MODULE=1 -DUSE_READLINE=1 -DHAVE_PTHREADS=1 -DROUTE_MODULE=1 -DEXT2SPICE_AUTO=1 -DEXT2SIM_AUTO=1 -DRSIM_MODULE=1 -DUSE_NEW_MACROS=1 -DVECTOR_FONTS=1 -Dlinux=1 -DSYSV=1 -DISC=1  -DNDEBUG -DGCORE=\"/usr/bin/gcore\" -DSHDLIB_EXT=\"\"  -c irUtils.c
--- linking libirouter.o
rm -f libirouter.o
ld -r irCommand.o irMain.o irRoute.o irTestCmd.o irUtils.o  -o libirouter.o 
make[2]: Leaving directory `/home/tim/gitsrc/magic-8.0/irouter'
make[2]: Entering directory `/home/tim/gitsrc/magic-8.0/mzrouter'
--- compiling mzrouter/mzBlock.o
rm -f mzBlock.o
gcc -g -m64 -fPIC   -I. -I..  -I../readline -DCAD_DIR=\"/tmp/lib\" -DBIN_DIR=\"/tmp/bin\" -DPACKAGE_NAME=\"\" -DPACKAGE_TARNAME=\"\" -DPACKAGE_VERSION=\"\" -DPACKAGE_STRING=\"\" -DPACKAGE_BUGREPORT=\"\" -DMAGIC_VERSION=\"8.0\" -DMAGIC_REVISION=\"100\" -DSTDC_HEADERS=1 -DHAVE_SYS_TYPES_H=1 -DHAVE_SYS_STAT_H=1 -DHAVE_STDLIB_H=1 -DHAVE_STRING_H=1 -DHAVE_MEMORY_H=1 -DHAVE_STRINGS_H=1 -DHAVE_INTTYPES_H=1 -DHAVE_STDINT_H=1 -DHAVE_UNISTD_H=1 -DSIZEOF_VOID_P=8 -DSIZEOF_UNSIGNED_INT=4 -DSIZEOF_UNSIGNED_LONG=8 -DSIZEOF_UNSIGNED_LONG_LONG=8 -DSTDC_HEADERS=1 -DHAVE_SETENV=1 -DHAVE_PUTENV=1 -DHAVE_SYS_MMAN_H=1 -DHAVE_DIRENT_H=1 -DHAVE_LIMITS_H=1 -DHAVE_PATHS_H=1 -DHAVE_VA_COPY=1 -DHAVE___VA_COPY=1 -DFILE_LOCKS=1 -DCALMA_MODULE=1 -DCIF_MODULE=1 -DPLOT_MODULE=1 -DLEF_MODULE=1 -DUSE_READLINE=1 -DHAVE_PTHREADS=1 -DROUTE_MODULE=1 -DEXT2SPICE_AUTO=1 -DEXT2SIM_AUTO=1 -DRSIM_MODULE=1 -DUSE_NEW_MACROS=1 -DVECTOR_FONTS=1 -Dlinux=1 -DSYSV=1 -DISC=1  -DNDEBUG -DGCORE=\"/usr/bin/gcore\" -DSHDLIB_EXT=\"\"  -c mzBlock.c
--- compiling mzrouter/mzDebug.o
rm -f mzDebug.o
gcc -g -m64 -fPIC   -I. -I..  -I../readline -DCAD_DIR=\"/tmp/lib\" -DBIN_DIR=\"/tmp/bin\" -DPACKAGE_NAME=\"\" -DPACKAGE_TARNAME=\"\" -DPACKAGE_VERSION=\"\" -DPACKAGE_STRING=\"\" -DPACKAGE_BUGREPORT=\"\" -DMAGIC_VERSION=\"8.0\" -DMAGIC_REVISION=\"100\" -DSTDC_HEADERS=1 -DHAVE_SYS_TYPES_H=1 -DHAVE_SYS_STAT_H=1 -DHAVE_STDLIB_H=1 -DHAVE_STRING_H=1 -DHAVE_MEMORY_H=1 -DHAVE_STRINGS_H=1 -DHAVE_INTTYPES_H=1 -DHAVE_STDINT_H=1 -DHAVE_UNISTD_H=1 -DSIZEOF_VOID_P=8 -DSIZEOF_UNSIGNED_INT=4 -DSIZEOF_UNSIGNED_LONG=8 -DSIZEOF_UNSIGNED_LONG_LONG=8 -DSTDC_HEADERS=1 -DHAVE_SETENV=1 -DHAVE_PUTENV=1 -DHAVE_SYS_MMAN_H=1 -DHAVE_DIRENT_H=1 -DHAVE_LIMITS_H=1 -DHAVE_PATHS_H=1 -DHAVE_VA_COPY=1 -DHAVE___VA_COPY=1 -DFILE_LOCKS=1 -DCALMA_MODULE=1 -DCIF_MODULE=1 -DPLOT_MODULE=1 -DLEF_MODULE=1 -DUSE_READLINE=1 -DHAVE_PTHREADS=1 -DROUTE_MODULE=1 -DEXT2SPICE_AUTO=1 -DEXT2SIM_AUTO=1 -DRSIM_MODULE=1 -DUSE_NEW_MACROS=1 -DVECTOR_FONTS=1 -Dlinux=1 -DSYSV=1 -DISC=1  -DNDEBUG -DGCORE=\"/usr/bin/gcore\" -DSHDLIB_EXT=\"\"  -c mzDebug.c
--- compiling mzrouter/mzEstimate.o
rm -f mzEstimate.o
gcc -g -m64 -fPIC   -I. -I..  -I../readline -DCAD_DIR=\"/tmp/lib\" -DBIN_DIR=\"/tmp/bin\" -DPACKAGE_NAME=\"\" -DPACKAGE_TARNAME=\"\" -DPACKAGE_VERSION=\"\" -DPACKAGE_STRING=\"\" -DPACKAGE_BUGREPORT=\"\" -DMAGIC_VERSION=\"8.0\" -DMAGIC_REVISION=\"100\" -DSTDC_HEADERS=1 -DHAVE_SYS_TYPES_H=1 -DHAVE_SYS_STAT_H=1 -DHAVE_STDLIB_H=1 -DHAVE_STRING_H=1 -DHAVE_MEMORY_H=1 -DHAVE_STRINGS_H=1 -DHAVE_INTTYPES_H=1 -DHAVE_STDINT_H=1 -DHAVE_UNISTD_H=1 -DSIZEOF_VOID_P=8 -DSIZEOF_UNSIGNED_INT=4 -DSIZEOF_UNSIGNED_LONG=8 -DSIZEOF_UNSIGNED_LONG_LONG=8 -DSTDC_HEADERS=1 -DHAVE_SETENV=1 -DHAVE_PUTENV=1 -DHAVE_SYS_MMAN_H=1 -DHAVE_DIRENT_H=1 -DHAVE_LIMITS_H=1 -DHAVE_PATHS_H=1 -DHAVE_VA_COPY=1 -DHAVE___VA_COPY=1 -DFILE_LOCKS=1 -DCALMA_MODULE=1 -DCIF_MODULE=1 -DPLOT_MODULE=1 -DLEF_MODULE=1 -DUSE_READLINE=1 -DHAVE_PTHREADS=1 -DROUTE_MODULE=1 -DEXT2SPICE_AUTO=1 -DEXT2SIM_AUTO=1 -DRSIM_MODULE=1 -DUSE_NEW_MACROS=1 -DVECTOR_FONTS=1 -Dlinux=1 -DSYSV=1 -DISC=1  -DNDEBUG -DGCORE=\"/usr/bin/gcore\" -DSHDLIB_EXT=\"\"  -c mzEstimate.c
--- compiling mzrouter/mzXtndDown.o
rm -f mzXtndDown.o
gcc -g -m64 -fPIC   -I. -I..  -I../readline -DCAD_DIR=\"/tmp/lib\" -DBIN_DIR=\"/tmp/bin\" -DPACKAGE_NAME=\"\" -DPACKAGE_TARNAME=\"\" -DPACKAGE_VERSION=\"\" -DPACKAGE_STRING=\"\" -DPACKAGE_BUGREPORT=\"\" -DMAGIC_VERSION=\"8.0\" -DMAGIC_REVISION=\"100\" -DSTDC_HEADERS=1 -DHAVE_SYS_TYPES_H=1 -DHAVE_SYS_STAT_H=1 -DHAVE_STDLIB_H=1 -DHAVE_STRING_H=1 -DHAVE_MEMORY_H=1 -DHAVE_STRINGS_H=1 -DHAVE_INTTYPES_H=1 -DHAVE_STDINT_H=1 -DHAVE_UNISTD_H=1 -DSIZEOF_VOID_P=8 -DSIZEOF_UNSIGNED_INT=4 -DSIZEOF_UNSIGNED_LONG=8 -DSIZEOF_UNSIGNED_LONG_LONG=8 -DSTDC_HEADERS=1 -DHAVE_SETENV=1 -DHAVE_PUTENV=1 -DHAVE_SYS_MMAN_H=1 -DHAVE_DIRENT_H=1 -DHAVE_LIMITS_H=1 -DHAVE_PATHS_H=1 -DHAVE_VA_COPY=1 -DHAVE___VA_COPY=1 -DFILE_LOCKS=1 -DCALMA_MODULE=1 -DCIF_MODULE=1 -DPLOT_MODULE=1 -DLEF_MODULE=1 -DUSE_READLINE=1 -DHAVE_PTHREADS=1 -DROUTE_MODULE=1 -DEXT2SPICE_AUTO=1 -DEXT2SIM_AUTO=1 -DRSIM_MODULE=1 -DUSE_NEW_MACROS=1 -DVECTOR_FONTS=1 -Dlinux=1 -DSYSV=1 -DISC=1  -DNDEBUG -DGCORE=\"/usr/bin/gcore\" -DSHDLIB_EXT=\"\"  -c mzXtndDown.c
--- compiling mzrouter/mzXtndLeft.o
rm -f mzXtndLeft.o
gcc -g -m64 -fPIC   -I. -I..  -I../readline -DCAD_DIR=\"/tmp/lib\" -DBIN_DIR=\"/tmp/bin\" -DPACKAGE_NAME=\"\" -DPACKAGE_TARNAME=\"\" -DPACKAGE_VERSION=\"\" -DPACKAGE_STRING=\"\" -DPACKAGE_BUGREPORT=\"\" -DMAGIC_VERSION=\"8.0\" -DMAGIC_REVISION=\"100\" -DSTDC_HEADERS=1 -DHAVE_SYS_TYPES_H=1 -DHAVE_SYS_STAT_H=1 -DHAVE_STDLIB_H=1 -DHAVE_STRING_H=1 -DHAVE_MEMORY_H=1 -DHAVE_STRINGS_H=1 -DHAVE_INTTYPES_H=1 -DHAVE_STDINT_H=1 -DHAVE_UNISTD_H=1 -DSIZEOF_VOID_P=8 -DSIZEOF_UNSIGNED_INT=4 -DSIZEOF_UNSIGNED_LONG=8 -DSIZEOF_UNSIGNED_LONG_LONG=8 -DSTDC_HEADERS=1 -DHAVE_SETENV=1 -DHAVE_PUTENV=1 -DHAVE_SYS_MMAN_H=1 -DHAVE_DIRENT_H=1 -DHAVE_LIMITS_H=1 -DHAVE_PATHS_H=1 -DHAVE_VA_COPY=1 -DHAVE___VA_COPY=1 -DFILE_LOCKS=1 -DCALMA_MODULE=1 -DCIF_MODULE=1 -DPLOT_MODULE=1 -DLEF_MODULE=1 -DUSE_READLINE=1 -DHAVE_PTHREADS=1 -DROUTE_MODULE=1 -DEXT2SPICE_AUTO=1 -DEXT2SIM_AUTO=1 -DRSIM_MODULE=1 -DUSE_NEW_MACROS=1 -DVECTOR_FONTS=1 -Dlinux=1 -DSYSV=1 -DISC=1  -DNDEBUG -DGCORE=\"/usr/bin/gcore\" -DSHDLIB_EXT=\"\"  -c mzXtndLeft.c
--- compiling mzrouter/mzXtndRght.o
rm -f mzXtndRght.o
gcc -g -m64 -fPIC   -I. -I..  -I../readline -DCAD_DIR=\"/tmp/lib\" -DBIN_DIR=\"/tmp/bin\" -DPACKAGE_NAME=\"\" -DPACKAGE_TARNAME=\"\" -DPACKAGE_VERSION=\"\" -DPACKAGE_STRING=\"\" -DPACKAGE_BUGREPORT=\"\" -DMAGIC_VERSION=\"8.0\" -DMAGIC_REVISION=\"100\" -DSTDC_HEADERS=1 -DHAVE_SYS_TYPES_H=1 -DHAVE_SYS_STAT_H=1 -DHAVE_STDLIB_H=1 -DHAVE_STRING_H=1 -DHAVE_MEMORY_H=1 -DHAVE_STRINGS_H=1 -DHAVE_INTTYPES_H=1 -DHAVE_STDINT_H=1 -DHAVE_UNISTD_H=1 -DSIZEOF_VOID_P=8 -DSIZEOF_UNSIGNED_INT=4 -DSIZEOF_UNSIGNED_LONG=8 -DSIZEOF_UNSIGNED_LONG_LONG=8 -DSTDC_HEADERS=1 -DHAVE_SETENV=1 -DHAVE_PUTENV=1 -DHAVE_SYS_MMAN_H=1 -DHAVE_DIRENT_H=1 -DHAVE_LIMITS_H=1 -DHAVE_PATHS_H=1 -DHAVE_VA_COPY=1 -DHAVE___VA_COPY=1 -DFILE_LOCKS=1 -DCALMA_MODULE=1 -DCIF_MODULE=1 -DPLOT_MODULE=1 -DLEF_MODULE=1 -DUSE_READLINE=1 -DHAVE_PTHREADS=1 -DROUTE_MODULE=1 -DEXT2SPICE_AUTO=1 -DEXT2SIM_AUTO=1 -DRSIM_MODULE=1 -DUSE_NEW_MACROS=1 -DVECTOR_FONTS=1 -Dlinux=1 -DSYSV=1 -DISC=1  -DNDEBUG -DGCORE=\"/usr/bin/gcore\" -DSHDLIB_EXT=\"\"  -c mzXtndRght.c
--- compiling mzrouter/mzXtndUp.o
rm -f mzXtndUp.o
gcc -g -m64 -fPIC   -I. -I..  -I../readline -DCAD_DIR=\"/tmp/lib\" -DBIN_DIR=\"/tmp/bin\" -DPACKAGE_NAME=\"\" -DPACKAGE_TARNAME=\"\" -DPACKAGE_VERSION=\"\" -DPACKAGE_STRING=\"\" -DPACKAGE_BUGREPORT=\"\" -DMAGIC_VERSION=\"8.0\" -DMAGIC_REVISION=\"100\" -DSTDC_HEADERS=1 -DHAVE_SYS_TYPES_H=1 -DHAVE_SYS_STAT_H=1 -DHAVE_STDLIB_H=1 -DHAVE_STRING_H=1 -DHAVE_MEMORY_H=1 -DHAVE_STRINGS_H=1 -DHAVE_INTTYPES_H=1 -DHAVE_STDINT_H=1 -DHAVE_UNISTD_H=1 -DSIZEOF_VOID_P=8 -DSIZEOF_UNSIGNED_INT=4 -DSIZEOF_UNSIGNED_LONG=8 -DSIZEOF_UNSIGNED_LONG_LONG=8 -DSTDC_HEADERS=1 -DHAVE_SETENV=1 -DHAVE_PUTENV=1 -DHAVE_SYS_MMAN_H=1 -DHAVE_DIRENT_H=1 -DHAVE_LIMITS_H=1 -DHAVE_PATHS_H=1 -DHAVE_VA_COPY=1 -DHAVE___VA_COPY=1 -DFILE_LOCKS=1 -DCALMA_MODULE=1 -DCIF_MODULE=1 -DPLOT_MODULE=1 -DLEF_MODULE=1 -DUSE_READLINE=1 -DHAVE_PTHREADS=1 -DROUTE_MODULE=1 -DEXT2SPICE_AUTO=1 -DEXT2SIM_AUTO=1 -DRSIM_MODULE=1 -DUSE_NEW_MACROS=1 -DVECTOR_FONTS=1 -Dlinux=1 -DSYSV=1 -DISC=1  -DNDEBUG -DGCORE=\"/usr/bin/gcore\" -DSHDLIB_EXT=\"\"  -c mzXtndUp.c
--- compiling mzrouter/mzHint.o
rm -f mzHint.o
gcc -g -m64 -fPIC   -I. -I..  -I../readline -DCAD_DIR=\"/tmp/lib\" -DBIN_DIR=\"/tmp/bin\" -DPACKAGE_NAME=\"\" -DPACKAGE_TARNAME=\"\" -DPACKAGE_VERSION=\"\" -DPACKAGE_STRING=\"\" -DPACKAGE_BUGREPORT=\"\" -DMAGIC_VERSION=\"8.0\" -DMAGIC_REVISION=\"100\" -DSTDC_HEADERS=1 -DHAVE_SYS_TYPES_H=1 -DHAVE_SYS_STAT_H=1 -DHAVE_STDLIB_H=1 -DHAVE_STRING_H=1 -DHAVE_MEMORY_H=1 -DHAVE_STRINGS_H=1 -DHAVE_INTTYPES_H=1 -DHAVE_STDINT_H=1 -DHAVE_UNISTD_H=1 -DSIZEOF_VOID_P=8 -DSIZEOF_UNSIGNED_INT=4 -DSIZEOF_UNSIGNED_LONG=8 -DSIZEOF_UNSIGNED_LONG_LONG=8 -DSTDC_HEADERS=1 -DHAVE_SETENV=1 -DHAVE_PUTENV=1 -DHAVE_SYS_MMAN_H=1 -DHAVE_DIRENT_H=1 -DHAVE_LIMITS_H=1 -DHAVE_PATHS_H=1 -DHAVE_VA_COPY=1 -DHAVE___VA_COPY=1 -DFILE_LOCKS=1 -DCALMA_MODULE=1 -DCIF_MODULE=1 -DPLOT_MODULE=1 -DLEF_MODULE=1 -DUSE_READLINE=1 -DHAVE_PTHREADS=1 -DROUTE_MODULE=1 -DEXT2SPICE_AUTO=1 -DEXT2SIM_AUTO=1 -DRSIM_MODULE=1 -DUSE_NEW_MACROS=1 -DVECTOR_FONTS=1 -Dlinux=1 -DSYSV=1 -DISC=1  -DNDEBUG -DGCORE=\"/usr/bin/gcore\" -DSHDLIB_EXT=\"\"  -c mzHint.c
--- compiling mzrouter/mzInit.o
rm -f mzInit.o
gcc -g -m64 -fPIC   -I. -I..  -I../readline -DCAD_DIR=\"/tmp/lib\" -DBIN_DIR=\"/tmp/bin\" -DPACKAGE_NAME=\"\" -DPACKAGE_TARNAME=\"\" -DPACKAGE_VERSION=\"\" -DPACKAGE_STRING=\"\" -DPACKAGE_BUGREPORT=\"\" -DMAGIC_VERSION=\"8.0\" -DMAGIC_REVISION=\"100\" -DSTDC_HEADERS=1 -DHAVE_SYS_TYPES_H=1 -DHAVE_SYS_STAT_H=1 -DHAVE_STDLIB_H=1 -DHAVE_STRING_H=1 -DHAVE_MEMORY_H=1 -DHAVE_STRINGS_H=1 -DHAVE_INTTYPES_H=1 -DHAVE_STDINT_H=1 -DHAVE_UNISTD_H=1 -DSIZEOF_VOID_P=8 -DSIZEOF_UNSIGNED_INT=4 -DSIZEOF_UNSIGNED_LONG=8 -DSIZEOF_UNSIGNED_LONG_LONG=8 -DSTDC_HEADERS=1 -DHAVE_SETENV=1 -DHAVE_PUTENV=1 -DHAVE_SYS_MMAN_H=1 -DHAVE_DIRENT_H=1 -DHAVE_LIMITS_H=1 -DHAVE_PATHS_H=1 -DHAVE_VA_COPY=1 -DHAVE___VA_COPY=1 -DFILE_LOCKS=1 -DCALMA_MODULE=1 -DCIF_MODULE=1 -DPLOT_MODULE=1 -DLEF_MODULE=1 -DUSE_READLINE=1 -DHAVE_PTHREADS=1 -DROUTE_MODULE=1 -DEXT2SPICE_AUTO=1 -DEXT2SIM_AUTO=1 -DRSIM_MODULE=1 -DUSE_NEW_MACROS=1 -DVECTOR_FONTS=1 -Dlinux=1 -DSYSV=1 -DISC=1  -DNDEBUG -DGCORE=\"/usr/bin/gcore\" -DSHDLIB_EXT=\"\"  -c mzInit.c
--- compiling mzrouter/mzNumLine.o
rm -f mzNumLine.o
gcc -g -m64 -fPIC   -I. -I..  -I../readline -DCAD_DIR=\"/tmp/lib\" -DBIN_DIR=\"/tmp/bin\" -DPACKAGE_NAME=\"\" -DPACKAGE_TARNAME=\"\" -DPACKAGE_VERSION=\"\" -DPACKAGE_STRING=\"\" -DPACKAGE_BUGREPORT=\"\" -DMAGIC_VERSION=\"8.0\" -DMAGIC_REVISION=\"100\" -DSTDC_HEADERS=1 -DHAVE_SYS_TYPES_H=1 -DHAVE_SYS_STAT_H=1 -DHAVE_STDLIB_H=1 -DHAVE_STRING_H=1 -DHAVE_MEMORY_H=1 -DHAVE_STRINGS_H=1 -DHAVE_INTTYPES_H=1 -DHAVE_STDINT_H=1 -DHAVE_UNISTD_H=1 -DSIZEOF_VOID_P=8 -DSIZEOF_UNSIGNED_INT=4 -DSIZEOF_UNSIGNED_LONG=8 -DSIZEOF_UNSIGNED_LONG_LONG=8 -DSTDC_HEADERS=1 -DHAVE_SETENV=1 -DHAVE_PUTENV=1 -DHAVE_SYS_MMAN_H=1 -DHAVE_DIRENT_H=1 -DHAVE_LIMITS_H=1 -DHAVE_PATHS_H=1 -DHAVE_VA_COPY=1 -DHAVE___VA_COPY=1 -DFILE_LOCKS=1 -DCALMA_MODULE=1 -DCIF_MODULE=1 -DPLOT_MODULE=1 -DLEF_MODULE=1 -DUSE_READLINE=1 -DHAVE_PTHREADS=1 -DROUTE_MODULE=1 -DEXT2SPICE_AUTO=1 -DEXT2SIM_AUTO=1 -DRSIM_MODULE=1 -DUSE_NEW_MACROS=1 -DVECTOR_FONTS=1 -Dlinux=1 -DSYSV=1 -DISC=1  -DNDEBUG -DGCORE=\"/usr/bin/gcore\" -DSHDLIB_EXT=\"\"  -c mzNumLine.c
--- compiling mzrouter/mzMain.o
rm -f mzMain.o
gcc -g -m64 -fPIC   -I. -I..  -I../readline -DCAD_DIR=\"/tmp/lib\" -DBIN_DIR=\"/tmp/bin\" -DPACKAGE_NAME=\"\" -DPACKAGE_TARNAME=\"\" -DPACKAGE_VERSION=\"\" -DPACKAGE_STRING=\"\" -DPACKAGE_BUGREPORT=\"\" -DMAGIC_VERSION=\"8.0\" -DMAGIC_REVISION=\"100\" -DSTDC_HEADERS=1 -DHAVE_SYS_TYPES_H=1 -DHAVE_SYS_STAT_H=1 -DHAVE_STDLIB_H=1 -DHAVE_STRING_H=1 -DHAVE_MEMORY_H=1 -DHAVE_STRINGS_H=1 -DHAVE_INTTYPES_H=1 -DHAVE_STDINT_H=1 -DHAVE_UNISTD_H=1 -DSIZEOF_VOID_P=8 -DSIZEOF_UNSIGNED_INT=4 -DSIZEOF_UNSIGNED_LONG=8 -DSIZEOF_UNSIGNED_LONG_LONG=8 -DSTDC_HEADERS=1 -DHAVE_SETENV=1 -DHAVE_PUTENV=1 -DHAVE_SYS_MMAN_H=1 -DHAVE_DIRENT_H=1 -DHAVE_LIMITS_H=1 -DHAVE_PATHS_H=1 -DHAVE_VA_COPY=1 -DHAVE___VA_COPY=1 -DFILE_LOCKS=1 -DCALMA_MODULE=1 -DCIF_MODULE=1 -DPLOT_MODULE=1 -DLEF_MODULE=1 -DUSE_READLINE=1 -DHAVE_PTHREADS=1 -DROUTE_MODULE=1 -DEXT2SPICE_AUTO=1 -DEXT2SIM_AUTO=1 -DRSIM_MODULE=1 -DUSE_NEW_MACROS=1 -DVECTOR_FONTS=1 -Dlinux=1 -DSYSV=1 -DISC=1  -DNDEBUG -DGCORE=\"/usr/bin/gcore\" -DSHDLIB_EXT=\"\"  -c mzMain.c
--- compiling mzrouter/mzSearch.o
rm -f mzSearch.o
gcc -g -m64 -fPIC   -I. -I..  -I../readline -DCAD_DIR=\"/tmp/lib\" -DBIN_DIR=\"/tmp/bin\" -DPACKAGE_NAME=\"\" -DPACKAGE_TARNAME=\"\" -DPACKAGE_VERSION=\"\" -DPACKAGE_STRING=\"\" -DPACKAGE_BUGREPORT=\"\" -DMAGIC_VERSION=\"8.0\" -DMAGIC_REVISION=\"100\" -DSTDC_HEADERS=1 -DHAVE_SYS_TYPES_H=1 -DHAVE_SYS_STAT_H=1 -DHAVE_STDLIB_H=1 -DHAVE_STRING_H=1 -DHAVE_MEMORY_H=1 -DHAVE_STRINGS_H=1 -DHAVE_INTTYPES_H=1 -DHAVE_STDINT_H=1 -DHAVE_UNISTD_H=1 -DSIZEOF_VOID_P=8 -DSIZEOF_UNSIGNED_INT=4 -DSIZEOF_UNSIGNED_LONG=8 -DSIZEOF_UNSIGNED_LONG_LONG=8 -DSTDC_HEADERS=1 -DHAVE_SETENV=1 -DHAVE_PUTENV=1 -DHAVE_SYS_MMAN_H=1 -DHAVE_DIRENT_H=1 -DHAVE_LIMITS_H=1 -DHAVE_PATHS_H=1 -DHAVE_VA_COPY=1 -DHAVE___VA_COPY=1 -DFILE_LOCKS=1 -DCALMA_MODULE=1 -DCIF_MODULE=1 -DPLOT_MODULE=1 -DLEF_MODULE=1 -DUSE_READLINE=1 -DHAVE_PTHREADS=1 -DROUTE_MODULE=1 -DEXT2SPICE_AUTO=1 -DEXT2SIM_AUTO=1 -DRSIM_MODULE=1 -DUSE_NEW_MACROS=1 -DVECTOR_FONTS=1 -Dlinux=1 -DSYSV=1 -DISC=1  -DNDEBUG -DGCORE=\"/usr/bin/gcore\" -DSHDLIB_EXT=\"\"  -c mzSearch.c
--- compiling mzrouter/mzStart.o
rm -f mzStart.o
gcc -g -m64 -fPIC   -I. -I..  -I../readline -DCAD_DIR=\"/tmp/lib\" -DBIN_DIR=\"/tmp/bin\" -DPACKAGE_NAME=\"\" -DPACKAGE_TARNAME=\"\" -DPACKAGE_VERSION=\"\" -DPACKAGE_STRING=\"\" -DPACKAGE_BUGREPORT=\"\" -DMAGIC_VERSION=\"8.0\" -DMAGIC_REVISION=\"100\" -DSTDC_HEADERS=1 -DHAVE_SYS_TYPES_H=1 -DHAVE_SYS_STAT_H=1 -DHAVE_STDLIB_H=1 -DHAVE_STRING_H=1 -DHAVE_MEMORY_H=1 -DHAVE_STRINGS_H=1 -DHAVE_INTTYPES_H=1 -DHAVE_STDINT_H=1 -DHAVE_UNISTD_H=1 -DSIZEOF_VOID_P=8 -DSIZEOF_UNSIGNED_INT=4 -DSIZEOF_UNSIGNED_LONG=8 -DSIZEOF_UNSIGNED_LONG_LONG=8 -DSTDC_HEADERS=1 -DHAVE_SETENV=1 -DHAVE_PUTENV=1 -DHAVE_SYS_MMAN_H=1 -DHAVE_DIRENT_H=1 -DHAVE_LIMITS_H=1 -DHAVE_PATHS_H=1 -DHAVE_VA_COPY=1 -DHAVE___VA_COPY=1 -DFILE_LOCKS=1 -DCALMA_MODULE=1 -DCIF_MODULE=1 -DPLOT_MODULE=1 -DLEF_MODULE=1 -DUSE_READLINE=1 -DHAVE_PTHREADS=1 -DROUTE_MODULE=1 -DEXT2SPICE_AUTO=1 -DEXT2SIM_AUTO=1 -DRSIM_MODULE=1 -DUSE_NEW_MACROS=1 -DVECTOR_FONTS=1 -Dlinux=1 -DSYSV=1 -DISC=1  -DNDEBUG -DGCORE=\"/usr/bin/gcore\" -DSHDLIB_EXT=\"\"  -c mzStart.c
--- compiling mzrouter/mzSubrs.o
rm -f mzSubrs.o
gcc -g -m64 -fPIC   -I. -I..  -I../readline -DCAD_DIR=\"/tmp/lib\" -DBIN_DIR=\"/tmp/bin\" -DPACKAGE_NAME=\"\" -DPACKAGE_TARNAME=\"\" -DPACKAGE_VERSION=\"\" -DPACKAGE_STRING=\"\" -DPACKAGE_BUGREPORT=\"\" -DMAGIC_VERSION=\"8.0\" -DMAGIC_REVISION=\"100\" -DSTDC_HEADERS=1 -DHAVE_SYS_TYPES_H=1 -DHAVE_SYS_STAT_H=1 -DHAVE_STDLIB_H=1 -DHAVE_STRING_H=1 -DHAVE_MEMORY_H=1 -DHAVE_STRINGS_H=1 -DHAVE_INTTYPES_H=1 -DHAVE_STDINT_H=1 -DHAVE_UNISTD_H=1 -DSIZEOF_VOID_P=8 -DSIZEOF_UNSIGNED_INT=4 -DSIZEOF_UNSIGNED_LONG=8 -DSIZEOF_UNSIGNED_LONG_LONG=8 -DSTDC_HEADERS=1 -DHAVE_SETENV=1 -DHAVE_PUTENV=1 -DHAVE_SYS_MMAN_H=1 -DHAVE_DIRENT_H=1 -DHAVE_LIMITS_H=1 -DHAVE_PATHS_H=1 -DHAVE_VA_COPY=1 -DHAVE___VA_COPY=1 -DFILE_LOCKS=1 -DCALMA_MODULE=1 -DCIF_MODULE=1 -DPLOT_MODULE=1 -DLEF_MODULE=1 -DUSE_READLINE=1 -DHAVE_PTHREADS=1 -DROUTE_MODULE=1 -DEXT2SPICE_AUTO=1 -DEXT2SIM_AUTO=1 -DRSIM_MODULE=1 -DUSE_NEW_MACROS=1 -DVECTOR_FONTS=1 -Dlinux=1 -DSYSV=1 -DISC=1  -DNDEBUG -DGCORE=\"/usr/bin/gcore\" -DSHDLIB_EXT=\"\"  -c mzSubrs.c
--- compiling mzrouter/mzTech.o
rm -f mzTech.o
gcc -g -m64 -fPIC   -I. -I..  -I../readline -DCAD_DIR=\"/tmp/lib\" -DBIN_DIR=\"/tmp/bin\" -DPACKAGE_NAME=\"\" -DPACKAGE_TARNAME=\"\" -DPACKAGE_VERSION=\"\" -DPACKAGE_STRING=\"\" -DPACKAGE_BUGREPORT=\"\" -DMAGIC_VERSION=\"8.0\" -DMAGIC_REVISION=\"100\" -DSTDC_HEADERS=1 -DHAVE_SYS_TYPES_H=1 -DHAVE_SYS_STAT_H=1 -DHAVE_STDLIB_H=1 -DHAVE_STRING_H=1 -DHAVE_MEMORY_H=1 -DHAVE_STRINGS_H=1 -DHAVE_INTTYPES_H=1 -DHAVE_STDINT_H=1 -DHAVE_UNISTD_H=1 -DSIZEOF_VOID_P=8 -DSIZEOF_UNSIGNED_INT=4 -DSIZEOF_UNSIGNED_LONG=8 -DSIZEOF_UNSIGNED_LONG_LONG=8 -DSTDC_HEADERS=1 -DHAVE_SETENV=1 -DHAVE_PUTENV=1 -DHAVE_SYS_MMAN_H=1 -DHAVE_DIRENT_H=1 -DHAVE_LIMITS_H=1 -DHAVE_PATHS_H=1 -DHAVE_VA_COPY=1 -DHAVE___VA_COPY=1 -DFILE_LOCKS=1 -DCALMA_MODULE=1 -DCIF_MODULE=1 -DPLOT_MODULE=1 -DLEF_MODULE=1 -DUSE_READLINE=1 -DHAVE_PTHREADS=1 -DROUTE_MODULE=1 -DEXT2SPICE_AUTO=1 -DEXT2SIM_AUTO=1 -DRSIM_MODULE=1 -DUSE_NEW_MACROS=1 -DVECTOR_FONTS=1 -Dlinux=1 -DSYSV=1 -DISC=1  -DNDEBUG -DGCORE=\"/usr/bin/gcore\" -DSHDLIB_EXT=\"\"  -c mzTech.c
--- compiling mzrouter/mzTestCmd.o
rm -f mzTestCmd.o
gcc -g -m64 -fPIC   -I. -I..  -I../readline -DCAD_DIR=\"/tmp/lib\" -DBIN_DIR=\"/tmp/bin\" -DPACKAGE_NAME=\"\" -DPACKAGE_TARNAME=\"\" -DPACKAGE_VERSION=\"\" -DPACKAGE_STRING=\"\" -DPACKAGE_BUGREPORT=\"\" -DMAGIC_VERSION=\"8.0\" -DMAGIC_REVISION=\"100\" -DSTDC_HEADERS=1 -DHAVE_SYS_TYPES_H=1 -DHAVE_SYS_STAT_H=1 -DHAVE_STDLIB_H=1 -DHAVE_STRING_H=1 -DHAVE_MEMORY_H=1 -DHAVE_STRINGS_H=1 -DHAVE_INTTYPES_H=1 -DHAVE_STDINT_H=1 -DHAVE_UNISTD_H=1 -DSIZEOF_VOID_P=8 -DSIZEOF_UNSIGNED_INT=4 -DSIZEOF_UNSIGNED_LONG=8 -DSIZEOF_UNSIGNED_LONG_LONG=8 -DSTDC_HEADERS=1 -DHAVE_SETENV=1 -DHAVE_PUTENV=1 -DHAVE_SYS_MMAN_H=1 -DHAVE_DIRENT_H=1 -DHAVE_LIMITS_H=1 -DHAVE_PATHS_H=1 -DHAVE_VA_COPY=1 -DHAVE___VA_COPY=1 -DFILE_LOCKS=1 -DCALMA_MODULE=1 -DCIF_MODULE=1 -DPLOT_MODULE=1 -DLEF_MODULE=1 -DUSE_READLINE=1 -DHAVE_PTHREADS=1 -DROUTE_MODULE=1 -DEXT2SPICE_AUTO=1 -DEXT2SIM_AUTO=1 -DRSIM_MODULE=1 -DUSE_NEW_MACROS=1 -DVECTOR_FONTS=1 -Dlinux=1 -DSYSV=1 -DISC=1  -DNDEBUG -DGCORE=\"/usr/bin/gcore\" -DSHDLIB_EXT=\"\"  -c mzTestCmd.c
--- compiling mzrouter/mzWalk.o
rm -f mzWalk.o
gcc -g -m64 -fPIC   -I. -I..  -I../readline -DCAD_DIR=\"/tmp/lib\" -DBIN_DIR=\"/tmp/bin\" -DPACKAGE_NAME=\"\" -DPACKAGE_TARNAME=\"\" -DPACKAGE_VERSION=\"\" -DPACKAGE_STRING=\"\" -DPACKAGE_BUGREPORT=\"\" -DMAGIC_VERSION=\"8.0\" -DMAGIC_REVISION=\"100\" -DSTDC_HEADERS=1 -DHAVE_SYS_TYPES_H=1 -DHAVE_SYS_STAT_H=1 -DHAVE_STDLIB_H=1 -DHAVE_STRING_H=1 -DHAVE_MEMORY_H=1 -DHAVE_STRINGS_H=1 -DHAVE_INTTYPES_H=1 -DHAVE_STDINT_H=1 -DHAVE_UNISTD_H=1 -DSIZEOF_VOID_P=8 -DSIZEOF_UNSIGNED_INT=4 -DSIZEOF_UNSIGNED_LONG=8 -DSIZEOF_UNSIGNED_LONG_LONG=8 -DSTDC_HEADERS=1 -DHAVE_SETENV=1 -DHAVE_PUTENV=1 -DHAVE_SYS_MMAN_H=1 -DHAVE_DIRENT_H=1 -DHAVE_LIMITS_H=1 -DHAVE_PATHS_H=1 -DHAVE_VA_COPY=1 -DHAVE___VA_COPY=1 -DFILE_LOCKS=1 -DCALMA_MODULE=1 -DCIF_MODULE=1 -DPLOT_MODULE=1 -DLEF_MODULE=1 -DUSE_READLINE=1 -DHAVE_PTHREADS=1 -DROUTE_MODULE=1 -DEXT2SPICE_AUTO=1 -DEXT2SIM_AUTO=1 -DRSIM_MODULE=1 -DUSE_NEW_MACROS=1 -DVECTOR_FONTS=1 -Dlinux=1 -DSYSV=1 -DISC=1  -DNDEBUG -DGCORE=\"/usr/bin/gcore\" -DSHDLIB_EXT=\"\"  -c mzWalk.c
--- linking libmzrouter.o
rm -f libmzrouter.o
ld -r mzBlock.o mzDebug.o mzEstimate.o mzXtndDown.o mzXtndLeft.o mzXtndRght.o mzXtndUp.o mzHint.o mzInit.o mzNumLine.o mzMain.o mzSearch.o mzStart.o mzSubrs.o mzTech.o mzTestCmd.o mzWalk.o  -o libmzrouter.o 
make[2]: Leaving directory `/home/tim/gitsrc/magic-8.0/mzrouter'
make[2]: Entering directory `/home/tim/gitsrc/magic-8.0/router'
--- compiling router/rtrCmd.o
rm -f rtrCmd.o
gcc -g -m64 -fPIC   -I. -I..  -I../readline -DCAD_DIR=\"/tmp/lib\" -DBIN_DIR=\"/tmp/bin\" -DPACKAGE_NAME=\"\" -DPACKAGE_TARNAME=\"\" -DPACKAGE_VERSION=\"\" -DPACKAGE_STRING=\"\" -DPACKAGE_BUGREPORT=\"\" -DMAGIC_VERSION=\"8.0\" -DMAGIC_REVISION=\"100\" -DSTDC_HEADERS=1 -DHAVE_SYS_TYPES_H=1 -DHAVE_SYS_STAT_H=1 -DHAVE_STDLIB_H=1 -DHAVE_STRING_H=1 -DHAVE_MEMORY_H=1 -DHAVE_STRINGS_H=1 -DHAVE_INTTYPES_H=1 -DHAVE_STDINT_H=1 -DHAVE_UNISTD_H=1 -DSIZEOF_VOID_P=8 -DSIZEOF_UNSIGNED_INT=4 -DSIZEOF_UNSIGNED_LONG=8 -DSIZEOF_UNSIGNED_LONG_LONG=8 -DSTDC_HEADERS=1 -DHAVE_SETENV=1 -DHAVE_PUTENV=1 -DHAVE_SYS_MMAN_H=1 -DHAVE_DIRENT_H=1 -DHAVE_LIMITS_H=1 -DHAVE_PATHS_H=1 -DHAVE_VA_COPY=1 -DHAVE___VA_COPY=1 -DFILE_LOCKS=1 -DCALMA_MODULE=1 -DCIF_MODULE=1 -DPLOT_MODULE=1 -DLEF_MODULE=1 -DUSE_READLINE=1 -DHAVE_PTHREADS=1 -DROUTE_MODULE=1 -DEXT2SPICE_AUTO=1 -DEXT2SIM_AUTO=1 -DRSIM_MODULE=1 -DUSE_NEW_MACROS=1 -DVECTOR_FONTS=1 -Dlinux=1 -DSYSV=1 -DISC=1  -DNDEBUG -DGCORE=\"/usr/bin/gcore\" -DSHDLIB_EXT=\"\"  -c rtrCmd.c
--- compiling router/rtrMain.o
rm -f rtrMain.o
gcc -g -m64 -fPIC   -I. -I..  -I../readline -DCAD_DIR=\"/tmp/lib\" -DBIN_DIR=\"/tmp/bin\" -DPACKAGE_NAME=\"\" -DPACKAGE_TARNAME=\"\" -DPACKAGE_VERSION=\"\" -DPACKAGE_STRING=\"\" -DPACKAGE_BUGREPORT=\"\" -DMAGIC_VERSION=\"8.0\" -DMAGIC_REVISION=\"100\" -DSTDC_HEADERS=1 -DHAVE_SYS_TYPES_H=1 -DHAVE_SYS_STAT_H=1 -DHAVE_STDLIB_H=1 -DHAVE_STRING_H=1 -DHAVE_MEMORY_H=1 -DHAVE_STRINGS_H=1 -DHAVE_INTTYPES_H=1 -DHAVE_STDINT_H=1 -DHAVE_UNISTD_H=1 -DSIZEOF_VOID_P=8 -DSIZEOF_UNSIGNED_INT=4 -DSIZEOF_UNSIGNED_LONG=8 -DSIZEOF_UNSIGNED_LONG_LONG=8 -DSTDC_HEADERS=1 -DHAVE_SETENV=1 -DHAVE_PUTENV=1 -DHAVE_SYS_MMAN_H=1 -DHAVE_DIRENT_H=1 -DHAVE_LIMITS_H=1 -DHAVE_PATHS_H=1 -DHAVE_VA_COPY=1 -DHAVE___VA_COPY=1 -DFILE_LOCKS=1 -DCALMA_MODULE=1 -DCIF_MODULE=1 -DPLOT_MODULE=1 -DLEF_MODULE=1 -DUSE_READLINE=1 -DHAVE_PTHREADS=1 -DROUTE_MODULE=1 -DEXT2SPICE_AUTO=1 -DEXT2SIM_AUTO=1 -DRSIM_MODULE=1 -DUSE_NEW_MACROS=1 -DVECTOR_FONTS=1 -Dlinux=1 -DSYSV=1 -DISC=1  -DNDEBUG -DGCORE=\"/usr/bin/gcore\" -DSHDLIB_EXT=\"\"  -c rtrMain.c
--- compiling router/rtrDcmpose.o
rm -f rtrDcmpose.o
gcc -g -m64 -fPIC   -I. -I..  -I../readline -DCAD_DIR=\"/tmp/lib\" -DBIN_DIR=\"/tmp/bin\" -DPACKAGE_NAME=\"\" -DPACKAGE_TARNAME=\"\" -DPACKAGE_VERSION=\"\" -DPACKAGE_STRING=\"\" -DPACKAGE_BUGREPORT=\"\" -DMAGIC_VERSION=\"8.0\" -DMAGIC_REVISION=\"100\" -DSTDC_HEADERS=1 -DHAVE_SYS_TYPES_H=1 -DHAVE_SYS_STAT_H=1 -DHAVE_STDLIB_H=1 -DHAVE_STRING_H=1 -DHAVE_MEMORY_H=1 -DHAVE_STRINGS_H=1 -DHAVE_INTTYPES_H=1 -DHAVE_STDINT_H=1 -DHAVE_UNISTD_H=1 -DSIZEOF_VOID_P=8 -DSIZEOF_UNSIGNED_INT=4 -DSIZEOF_UNSIGNED_LONG=8 -DSIZEOF_UNSIGNED_LONG_LONG=8 -DSTDC_HEADERS=1 -DHAVE_SETENV=1 -DHAVE_PUTENV=1 -DHAVE_SYS_MMAN_H=1 -DHAVE_DIRENT_H=1 -DHAVE_LIMITS_H=1 -DHAVE_PATHS_H=1 -DHAVE_VA_COPY=1 -DHAVE___VA_COPY=1 -DFILE_LOCKS=1 -DCALMA_MODULE=1 -DCIF_MODULE=1 -DPLOT_MODULE=1 -DLEF_MODULE=1 -DUSE_READLINE=1 -DHAVE_PTHREADS=1 -DROUTE_MODULE=1 -DEXT2SPICE_AUTO=1 -DEXT2SIM_AUTO=1 -DRSIM_MODULE=1 -DUSE_NEW_MACROS=1 -DVECTOR_FONTS=1 -Dlinux=1 -DSYSV=1 -DISC=1  -DNDEBUG -DGCORE=\"/usr/bin/gcore\" -DSHDLIB_EXT=\"\"  -c rtrDcmpose.c
--- compiling router/rtrFdback.o
rm -f rtrFdback.o
gcc -g -m64 -fPIC   -I. -I..  -I../readline -DCAD_DIR=\"/tmp/lib\" -DBIN_DIR=\"/tmp/bin\" -DPACKAGE_NAME=\"\" -DPACKAGE_TARNAME=\"\" -DPACKAGE_VERSION=\"\" -DPACKAGE_STRING=\"\" -DPACKAGE_BUGREPORT=\"\" -DMAGIC_VERSION=\"8.0\" -DMAGIC_REVISION=\"100\" -DSTDC_HEADERS=1 -DHAVE_SYS_TYPES_H=1 -DHAVE_SYS_STAT_H=1 -DHAVE_STDLIB_H=1 -DHAVE_STRING_H=1 -DHAVE_MEMORY_H=1 -DHAVE_STRINGS_H=1 -DHAVE_INTTYPES_H=1 -DHAVE_STDINT_H=1 -DHAVE_UNISTD_H=1 -DSIZEOF_VOID_P=8 -DSIZEOF_UNSIGNED_INT=4 -DSIZEOF_UNSIGNED_LONG=8 -DSIZEOF_UNSIGNED_LONG_LONG=8 -DSTDC_HEADERS=1 -DHAVE_SETENV=1 -DHAVE_PUTENV=1 -DHAVE_SYS_MMAN_H=1 -DHAVE_DIRENT_H=1 -DHAVE_LIMITS_H=1 -DHAVE_PATHS_H=1 -DHAVE_VA_COPY=1 -DHAVE___VA_COPY=1 -DFILE_LOCKS=1 -DCALMA_MODULE=1 -DCIF_MODULE=1 -DPLOT_MODULE=1 -DLEF_MODULE=1 -DUSE_READLINE=1 -DHAVE_PTHREADS=1 -DROUTE_MODULE=1 -DEXT2SPICE_AUTO=1 -DEXT2SIM_AUTO=1 -DRSIM_MODULE=1 -DUSE_NEW_MACROS=1 -DVECTOR_FONTS=1 -Dlinux=1 -DSYSV=1 -DISC=1  -DNDEBUG -DGCORE=\"/usr/bin/gcore\" -DSHDLIB_EXT=\"\"  -c rtrFdback.c
--- compiling router/rtrHazards.o
rm -f rtrHazards.o
gcc -g -m64 -fPIC   -I. -I..  -I../readline -DCAD_DIR=\"/tmp/lib\" -DBIN_DIR=\"/tmp/bin\" -DPACKAGE_NAME=\"\" -DPACKAGE_TARNAME=\"\" -DPACKAGE_VERSION=\"\" -DPACKAGE_STRING=\"\" -DPACKAGE_BUGREPORT=\"\" -DMAGIC_VERSION=\"8.0\" -DMAGIC_REVISION=\"100\" -DSTDC_HEADERS=1 -DHAVE_SYS_TYPES_H=1 -DHAVE_SYS_STAT_H=1 -DHAVE_STDLIB_H=1 -DHAVE_STRING_H=1 -DHAVE_MEMORY_H=1 -DHAVE_STRINGS_H=1 -DHAVE_INTTYPES_H=1 -DHAVE_STDINT_H=1 -DHAVE_UNISTD_H=1 -DSIZEOF_VOID_P=8 -DSIZEOF_UNSIGNED_INT=4 -DSIZEOF_UNSIGNED_LONG=8 -DSIZEOF_UNSIGNED_LONG_LONG=8 -DSTDC_HEADERS=1 -DHAVE_SETENV=1 -DHAVE_PUTENV=1 -DHAVE_SYS_MMAN_H=1 -DHAVE_DIRENT_H=1 -DHAVE_LIMITS_H=1 -DHAVE_PATHS_H=1 -DHAVE_VA_COPY=1 -DHAVE___VA_COPY=1 -DFILE_LOCKS=1 -DCALMA_MODULE=1 -DCIF_MODULE=1 -DPLOT_MODULE=1 -DLEF_MODULE=1 -DUSE_READLINE=1 -DHAVE_PTHREADS=1 -DROUTE_MODULE=1 -DEXT2SPICE_AUTO=1 -DEXT2SIM_AUTO=1 -DRSIM_MODULE=1 -DUSE_NEW_MACROS=1 -DVECTOR_FONTS=1 -Dlinux=1 -DSYSV=1 -DISC=1  -DNDEBUG -DGCORE=\"/usr/bin/gcore\" -DSHDLIB_EXT=\"\"  -c rtrHazards.c
--- compiling router/rtrChannel.o
rm -f rtrChannel.o
gcc -g -m64 -fPIC   -I. -I..  -I../readline -DCAD_DIR=\"/tmp/lib\" -DBIN_DIR=\"/tmp/bin\" -DPACKAGE_NAME=\"\" -DPACKAGE_TARNAME=\"\" -DPACKAGE_VERSION=\"\" -DPACKAGE_STRING=\"\" -DPACKAGE_BUGREPORT=\"\" -DMAGIC_VERSION=\"8.0\" -DMAGIC_REVISION=\"100\" -DSTDC_HEADERS=1 -DHAVE_SYS_TYPES_H=1 -DHAVE_SYS_STAT_H=1 -DHAVE_STDLIB_H=1 -DHAVE_STRING_H=1 -DHAVE_MEMORY_H=1 -DHAVE_STRINGS_H=1 -DHAVE_INTTYPES_H=1 -DHAVE_STDINT_H=1 -DHAVE_UNISTD_H=1 -DSIZEOF_VOID_P=8 -DSIZEOF_UNSIGNED_INT=4 -DSIZEOF_UNSIGNED_LONG=8 -DSIZEOF_UNSIGNED_LONG_LONG=8 -DSTDC_HEADERS=1 -DHAVE_SETENV=1 -DHAVE_PUTENV=1 -DHAVE_SYS_MMAN_H=1 -DHAVE_DIRENT_H=1 -DHAVE_LIMITS_H=1 -DHAVE_PATHS_H=1 -DHAVE_VA_COPY=1 -DHAVE___VA_COPY=1 -DFILE_LOCKS=1 -DCALMA_MODULE=1 -DCIF_MODULE=1 -DPLOT_MODULE=1 -DLEF_MODULE=1 -DUSE_READLINE=1 -DHAVE_PTHREADS=1 -DROUTE_MODULE=1 -DEXT2SPICE_AUTO=1 -DEXT2SIM_AUTO=1 -DRSIM_MODULE=1 -DUSE_NEW_MACROS=1 -DVECTOR_FONTS=1 -Dlinux=1 -DSYSV=1 -DISC=1  -DNDEBUG -DGCORE=\"/usr/bin/gcore\" -DSHDLIB_EXT=\"\"  -c rtrChannel.c
--- compiling router/rtrPaint.o
rm -f rtrPaint.o
gcc -g -m64 -fPIC   -I. -I..  -I../readline -DCAD_DIR=\"/tmp/lib\" -DBIN_DIR=\"/tmp/bin\" -DPACKAGE_NAME=\"\" -DPACKAGE_TARNAME=\"\" -DPACKAGE_VERSION=\"\" -DPACKAGE_STRING=\"\" -DPACKAGE_BUGREPORT=\"\" -DMAGIC_VERSION=\"8.0\" -DMAGIC_REVISION=\"100\" -DSTDC_HEADERS=1 -DHAVE_SYS_TYPES_H=1 -DHAVE_SYS_STAT_H=1 -DHAVE_STDLIB_H=1 -DHAVE_STRING_H=1 -DHAVE_MEMORY_H=1 -DHAVE_STRINGS_H=1 -DHAVE_INTTYPES_H=1 -DHAVE_STDINT_H=1 -DHAVE_UNISTD_H=1 -DSIZEOF_VOID_P=8 -DSIZEOF_UNSIGNED_INT=4 -DSIZEOF_UNSIGNED_LONG=8 -DSIZEOF_UNSIGNED_LONG_LONG=8 -DSTDC_HEADERS=1 -DHAVE_SETENV=1 -DHAVE_PUTENV=1 -DHAVE_SYS_MMAN_H=1 -DHAVE_DIRENT_H=1 -DHAVE_LIMITS_H=1 -DHAVE_PATHS_H=1 -DHAVE_VA_COPY=1 -DHAVE___VA_COPY=1 -DFILE_LOCKS=1 -DCALMA_MODULE=1 -DCIF_MODULE=1 -DPLOT_MODULE=1 -DLEF_MODULE=1 -DUSE_READLINE=1 -DHAVE_PTHREADS=1 -DROUTE_MODULE=1 -DEXT2SPICE_AUTO=1 -DEXT2SIM_AUTO=1 -DRSIM_MODULE=1 -DUSE_NEW_MACROS=1 -DVECTOR_FONTS=1 -Dlinux=1 -DSYSV=1 -DISC=1  -DNDEBUG -DGCORE=\"/usr/bin/gcore\" -DSHDLIB_EXT=\"\"  -c rtrPaint.c
--- compiling router/rtrPin.o
rm -f rtrPin.o
gcc -g -m64 -fPIC   -I. -I..  -I../readline -DCAD_DIR=\"/tmp/lib\" -DBIN_DIR=\"/tmp/bin\" -DPACKAGE_NAME=\"\" -DPACKAGE_TARNAME=\"\" -DPACKAGE_VERSION=\"\" -DPACKAGE_STRING=\"\" -DPACKAGE_BUGREPORT=\"\" -DMAGIC_VERSION=\"8.0\" -DMAGIC_REVISION=\"100\" -DSTDC_HEADERS=1 -DHAVE_SYS_TYPES_H=1 -DHAVE_SYS_STAT_H=1 -DHAVE_STDLIB_H=1 -DHAVE_STRING_H=1 -DHAVE_MEMORY_H=1 -DHAVE_STRINGS_H=1 -DHAVE_INTTYPES_H=1 -DHAVE_STDINT_H=1 -DHAVE_UNISTD_H=1 -DSIZEOF_VOID_P=8 -DSIZEOF_UNSIGNED_INT=4 -DSIZEOF_UNSIGNED_LONG=8 -DSIZEOF_UNSIGNED_LONG_LONG=8 -DSTDC_HEADERS=1 -DHAVE_SETENV=1 -DHAVE_PUTENV=1 -DHAVE_SYS_MMAN_H=1 -DHAVE_DIRENT_H=1 -DHAVE_LIMITS_H=1 -DHAVE_PATHS_H=1 -DHAVE_VA_COPY=1 -DHAVE___VA_COPY=1 -DFILE_LOCKS=1 -DCALMA_MODULE=1 -DCIF_MODULE=1 -DPLOT_MODULE=1 -DLEF_MODULE=1 -DUSE_READLINE=1 -DHAVE_PTHREADS=1 -DROUTE_MODULE=1 -DEXT2SPICE_AUTO=1 -DEXT2SIM_AUTO=1 -DRSIM_MODULE=1 -DUSE_NEW_MACROS=1 -DVECTOR_FONTS=1 -Dlinux=1 -DSYSV=1 -DISC=1  -DNDEBUG -DGCORE=\"/usr/bin/gcore\" -DSHDLIB_EXT=\"\"  -c rtrPin.c
--- compiling router/rtrSide.o
rm -f rtrSide.o
gcc -g -m64 -fPIC   -I. -I..  -I../readline -DCAD_DIR=\"/tmp/lib\" -DBIN_DIR=\"/tmp/bin\" -DPACKAGE_NAME=\"\" -DPACKAGE_TARNAME=\"\" -DPACKAGE_VERSION=\"\" -DPACKAGE_STRING=\"\" -DPACKAGE_BUGREPORT=\"\" -DMAGIC_VERSION=\"8.0\" -DMAGIC_REVISION=\"100\" -DSTDC_HEADERS=1 -DHAVE_SYS_TYPES_H=1 -DHAVE_SYS_STAT_H=1 -DHAVE_STDLIB_H=1 -DHAVE_STRING_H=1 -DHAVE_MEMORY_H=1 -DHAVE_STRINGS_H=1 -DHAVE_INTTYPES_H=1 -DHAVE_STDINT_H=1 -DHAVE_UNISTD_H=1 -DSIZEOF_VOID_P=8 -DSIZEOF_UNSIGNED_INT=4 -DSIZEOF_UNSIGNED_LONG=8 -DSIZEOF_UNSIGNED_LONG_LONG=8 -DSTDC_HEADERS=1 -DHAVE_SETENV=1 -DHAVE_PUTENV=1 -DHAVE_SYS_MMAN_H=1 -DHAVE_DIRENT_H=1 -DHAVE_LIMITS_H=1 -DHAVE_PATHS_H=1 -DHAVE_VA_COPY=1 -DHAVE___VA_COPY=1 -DFILE_LOCKS=1 -DCALMA_MODULE=1 -DCIF_MODULE=1 -DPLOT_MODULE=1 -DLEF_MODULE=1 -DUSE_READLINE=1 -DHAVE_PTHREADS=1 -DROUTE_MODULE=1 -DEXT2SPICE_AUTO=1 -DEXT2SIM_AUTO=1 -DRSIM_MODULE=1 -DUSE_NEW_MACROS=1 -DVECTOR_FONTS=1 -Dlinux=1 -DSYSV=1 -DISC=1  -DNDEBUG -DGCORE=\"/usr/bin/gcore\" -DSHDLIB_EXT=\"\"  -c rtrSide.c
--- compiling router/rtrStem.o
rm -f rtrStem.o
gcc -g -m64 -fPIC   -I. -I..  -I../readline -DCAD_DIR=\"/tmp/lib\" -DBIN_DIR=\"/tmp/bin\" -DPACKAGE_NAME=\"\" -DPACKAGE_TARNAME=\"\" -DPACKAGE_VERSION=\"\" -DPACKAGE_STRING=\"\" -DPACKAGE_BUGREPORT=\"\" -DMAGIC_VERSION=\"8.0\" -DMAGIC_REVISION=\"100\" -DSTDC_HEADERS=1 -DHAVE_SYS_TYPES_H=1 -DHAVE_SYS_STAT_H=1 -DHAVE_STDLIB_H=1 -DHAVE_STRING_H=1 -DHAVE_MEMORY_H=1 -DHAVE_STRINGS_H=1 -DHAVE_INTTYPES_H=1 -DHAVE_STDINT_H=1 -DHAVE_UNISTD_H=1 -DSIZEOF_VOID_P=8 -DSIZEOF_UNSIGNED_INT=4 -DSIZEOF_UNSIGNED_LONG=8 -DSIZEOF_UNSIGNED_LONG_LONG=8 -DSTDC_HEADERS=1 -DHAVE_SETENV=1 -DHAVE_PUTENV=1 -DHAVE_SYS_MMAN_H=1 -DHAVE_DIRENT_H=1 -DHAVE_LIMITS_H=1 -DHAVE_PATHS_H=1 -DHAVE_VA_COPY=1 -DHAVE___VA_COPY=1 -DFILE_LOCKS=1 -DCALMA_MODULE=1 -DCIF_MODULE=1 -DPLOT_MODULE=1 -DLEF_MODULE=1 -DUSE_READLINE=1 -DHAVE_PTHREADS=1 -DROUTE_MODULE=1 -DEXT2SPICE_AUTO=1 -DEXT2SIM_AUTO=1 -DRSIM_MODULE=1 -DUSE_NEW_MACROS=1 -DVECTOR_FONTS=1 -Dlinux=1 -DSYSV=1 -DISC=1  -DNDEBUG -DGCORE=\"/usr/bin/gcore\" -DSHDLIB_EXT=\"\"  -c rtrStem.c
--- compiling router/rtrTech.o
rm -f rtrTech.o
gcc -g -m64 -fPIC   -I. -I..  -I../readline -DCAD_DIR=\"/tmp/lib\" -DBIN_DIR=\"/tmp/bin\" -DPACKAGE_NAME=\"\" -DPACKAGE_TARNAME=\"\" -DPACKAGE_VERSION=\"\" -DPACKAGE_STRING=\"\" -DPACKAGE_BUGREPORT=\"\" -DMAGIC_VERSION=\"8.0\" -DMAGIC_REVISION=\"100\" -DSTDC_HEADERS=1 -DHAVE_SYS_TYPES_H=1 -DHAVE_SYS_STAT_H=1 -DHAVE_STDLIB_H=1 -DHAVE_STRING_H=1 -DHAVE_MEMORY_H=1 -DHAVE_STRINGS_H=1 -DHAVE_INTTYPES_H=1 -DHAVE_STDINT_H=1 -DHAVE_UNISTD_H=1 -DSIZEOF_VOID_P=8 -DSIZEOF_UNSIGNED_INT=4 -DSIZEOF_UNSIGNED_LONG=8 -DSIZEOF_UNSIGNED_LONG_LONG=8 -DSTDC_HEADERS=1 -DHAVE_SETENV=1 -DHAVE_PUTENV=1 -DHAVE_SYS_MMAN_H=1 -DHAVE_DIRENT_H=1 -DHAVE_LIMITS_H=1 -DHAVE_PATHS_H=1 -DHAVE_VA_COPY=1 -DHAVE___VA_COPY=1 -DFILE_LOCKS=1 -DCALMA_MODULE=1 -DCIF_MODULE=1 -DPLOT_MODULE=1 -DLEF_MODULE=1 -DUSE_READLINE=1 -DHAVE_PTHREADS=1 -DROUTE_MODULE=1 -DEXT2SPICE_AUTO=1 -DEXT2SIM_AUTO=1 -DRSIM_MODULE=1 -DUSE_NEW_MACROS=1 -DVECTOR_FONTS=1 -Dlinux=1 -DSYSV=1 -DISC=1  -DNDEBUG -DGCORE=\"/usr/bin/gcore\" -DSHDLIB_EXT=\"\"  -c rtrTech.c
--- compiling router/rtrVia.o
rm -f rtrVia.o
gcc -g -m64 -fPIC   -I. -I..  -I../readline -DCAD_DIR=\"/tmp/lib\" -DBIN_DIR=\"/tmp/bin\" -DPACKAGE_NAME=\"\" -DPACKAGE_TARNAME=\"\" -DPACKAGE_VERSION=\"\" -DPACKAGE_STRING=\"\" -DPACKAGE_BUGREPORT=\"\" -DMAGIC_VERSION=\"8.0\" -DMAGIC_REVISION=\"100\" -DSTDC_HEADERS=1 -DHAVE_SYS_TYPES_H=1 -DHAVE_SYS_STAT_H=1 -DHAVE_STDLIB_H=1 -DHAVE_STRING_H=1 -DHAVE_MEMORY_H=1 -DHAVE_STRINGS_H=1 -DHAVE_INTTYPES_H=1 -DHAVE_STDINT_H=1 -DHAVE_UNISTD_H=1 -DSIZEOF_VOID_P=8 -DSIZEOF_UNSIGNED_INT=4 -DSIZEOF_UNSIGNED_LONG=8 -DSIZEOF_UNSIGNED_LONG_LONG=8 -DSTDC_HEADERS=1 -DHAVE_SETENV=1 -DHAVE_PUTENV=1 -DHAVE_SYS_MMAN_H=1 -DHAVE_DIRENT_H=1 -DHAVE_LIMITS_H=1 -DHAVE_PATHS_H=1 -DHAVE_VA_COPY=1 -DHAVE___VA_COPY=1 -DFILE_LOCKS=1 -DCALMA_MODULE=1 -DCIF_MODULE=1 -DPLOT_MODULE=1 -DLEF_MODULE=1 -DUSE_READLINE=1 -DHAVE_PTHREADS=1 -DROUTE_MODULE=1 -DEXT2SPICE_AUTO=1 -DEXT2SIM_AUTO=1 -DRSIM_MODULE=1 -DUSE_NEW_MACROS=1 -DVECTOR_FONTS=1 -Dlinux=1 -DSYSV=1 -DISC=1  -DNDEBUG -DGCORE=\"/usr/bin/gcore\" -DSHDLIB_EXT=\"\"  -c rtrVia.c
--- compiling router/rtrTravers.o
rm -f rtrTravers.o
gcc -g -m64 -fPIC   -I. -I..  -I../readline -DCAD_DIR=\"/tmp/lib\" -DBIN_DIR=\"/tmp/bin\" -DPACKAGE_NAME=\"\" -DPACKAGE_TARNAME=\"\" -DPACKAGE_VERSION=\"\" -DPACKAGE_STRING=\"\" -DPACKAGE_BUGREPORT=\"\" -DMAGIC_VERSION=\"8.0\" -DMAGIC_REVISION=\"100\" -DSTDC_HEADERS=1 -DHAVE_SYS_TYPES_H=1 -DHAVE_SYS_STAT_H=1 -DHAVE_STDLIB_H=1 -DHAVE_STRING_H=1 -DHAVE_MEMORY_H=1 -DHAVE_STRINGS_H=1 -DHAVE_INTTYPES_H=1 -DHAVE_STDINT_H=1 -DHAVE_UNISTD_H=1 -DSIZEOF_VOID_P=8 -DSIZEOF_UNSIGNED_INT=4 -DSIZEOF_UNSIGNED_LONG=8 -DSIZEOF_UNSIGNED_LONG_LONG=8 -DSTDC_HEADERS=1 -DHAVE_SETENV=1 -DHAVE_PUTENV=1 -DHAVE_SYS_MMAN_H=1 -DHAVE_DIRENT_H=1 -DHAVE_LIMITS_H=1 -DHAVE_PATHS_H=1 -DHAVE_VA_COPY=1 -DHAVE___VA_COPY=1 -DFILE_LOCKS=1 -DCALMA_MODULE=1 -DCIF_MODULE=1 -DPLOT_MODULE=1 -DLEF_MODULE=1 -DUSE_READLINE=1 -DHAVE_PTHREADS=1 -DROUTE_MODULE=1 -DEXT2SPICE_AUTO=1 -DEXT2SIM_AUTO=1 -DRSIM_MODULE=1 -DUSE_NEW_MACROS=1 -DVECTOR_FONTS=1 -Dlinux=1 -DSYSV=1 -DISC=1  -DNDEBUG -DGCORE=\"/usr/bin/gcore\" -DSHDLIB_EXT=\"\"  -c rtrTravers.c
--- linking librouter.o
rm -f librouter.o
ld -r rtrCmd.o rtrMain.o rtrDcmpose.o rtrFdback.o rtrHazards.o rtrChannel.o rtrPaint.o rtrPin.o rtrSide.o rtrStem.o rtrTech.o rtrVia.o rtrTravers.o  -o librouter.o 
make[2]: Leaving directory `/home/tim/gitsrc/magic-8.0/router'
make[2]: Entering directory `/home/tim/gitsrc/magic-8.0/gcr'
--- compiling gcr/gcrChannel.o
rm -f gcrChannel.o
gcc -g -m64 -fPIC   -I. -I..  -I../readline -DCAD_DIR=\"/tmp/lib\" -DBIN_DIR=\"/tmp/bin\" -DPACKAGE_NAME=\"\" -DPACKAGE_TARNAME=\"\" -DPACKAGE_VERSION=\"\" -DPACKAGE_STRING=\"\" -DPACKAGE_BUGREPORT=\"\" -DMAGIC_VERSION=\"8.0\" -DMAGIC_REVISION=\"100\" -DSTDC_HEADERS=1 -DHAVE_SYS_TYPES_H=1 -DHAVE_SYS_STAT_H=1 -DHAVE_STDLIB_H=1 -DHAVE_STRING_H=1 -DHAVE_MEMORY_H=1 -DHAVE_STRINGS_H=1 -DHAVE_INTTYPES_H=1 -DHAVE_STDINT_H=1 -DHAVE_UNISTD_H=1 -DSIZEOF_VOID_P=8 -DSIZEOF_UNSIGNED_INT=4 -DSIZEOF_UNSIGNED_LONG=8 -DSIZEOF_UNSIGNED_LONG_LONG=8 -DSTDC_HEADERS=1 -DHAVE_SETENV=1 -DHAVE_PUTENV=1 -DHAVE_SYS_MMAN_H=1 -DHAVE_DIRENT_H=1 -DHAVE_LIMITS_H=1 -DHAVE_PATHS_H=1 -DHAVE_VA_COPY=1 -DHAVE___VA_COPY=1 -DFILE_LOCKS=1 -DCALMA_MODULE=1 -DCIF_MODULE=1 -DPLOT_MODULE=1 -DLEF_MODULE=1 -DUSE_READLINE=1 -DHAVE_PTHREADS=1 -DROUTE_MODULE=1 -DEXT2SPICE_AUTO=1 -DEXT2SIM_AUTO=1 -DRSIM_MODULE=1 -DUSE_NEW_MACROS=1 -DVECTOR_FONTS=1 -Dlinux=1 -DSYSV=1 -DISC=1  -DNDEBUG -DGCORE=\"/usr/bin/gcore\" -DSHDLIB_EXT=\"\"  -c gcrChannel.c
--- compiling gcr/gcrColl.o
rm -f gcrColl.o
gcc -g -m64 -fPIC   -I. -I..  -I../readline -DCAD_DIR=\"/tmp/lib\" -DBIN_DIR=\"/tmp/bin\" -DPACKAGE_NAME=\"\" -DPACKAGE_TARNAME=\"\" -DPACKAGE_VERSION=\"\" -DPACKAGE_STRING=\"\" -DPACKAGE_BUGREPORT=\"\" -DMAGIC_VERSION=\"8.0\" -DMAGIC_REVISION=\"100\" -DSTDC_HEADERS=1 -DHAVE_SYS_TYPES_H=1 -DHAVE_SYS_STAT_H=1 -DHAVE_STDLIB_H=1 -DHAVE_STRING_H=1 -DHAVE_MEMORY_H=1 -DHAVE_STRINGS_H=1 -DHAVE_INTTYPES_H=1 -DHAVE_STDINT_H=1 -DHAVE_UNISTD_H=1 -DSIZEOF_VOID_P=8 -DSIZEOF_UNSIGNED_INT=4 -DSIZEOF_UNSIGNED_LONG=8 -DSIZEOF_UNSIGNED_LONG_LONG=8 -DSTDC_HEADERS=1 -DHAVE_SETENV=1 -DHAVE_PUTENV=1 -DHAVE_SYS_MMAN_H=1 -DHAVE_DIRENT_H=1 -DHAVE_LIMITS_H=1 -DHAVE_PATHS_H=1 -DHAVE_VA_COPY=1 -DHAVE___VA_COPY=1 -DFILE_LOCKS=1 -DCALMA_MODULE=1 -DCIF_MODULE=1 -DPLOT_MODULE=1 -DLEF_MODULE=1 -DUSE_READLINE=1 -DHAVE_PTHREADS=1 -DROUTE_MODULE=1 -DEXT2SPICE_AUTO=1 -DEXT2SIM_AUTO=1 -DRSIM_MODULE=1 -DUSE_NEW_MACROS=1 -DVECTOR_FONTS=1 -Dlinux=1 -DSYSV=1 -DISC=1  -DNDEBUG -DGCORE=\"/usr/bin/gcore\" -DSHDLIB_EXT=\"\"  -c gcrColl.c
--- compiling gcr/gcrDebug.o
rm -f gcrDebug.o
gcc -g -m64 -fPIC   -I. -I..  -I../readline -DCAD_DIR=\"/tmp/lib\" -DBIN_DIR=\"/tmp/bin\" -DPACKAGE_NAME=\"\" -DPACKAGE_TARNAME=\"\" -DPACKAGE_VERSION=\"\" -DPACKAGE_STRING=\"\" -DPACKAGE_BUGREPORT=\"\" -DMAGIC_VERSION=\"8.0\" -DMAGIC_REVISION=\"100\" -DSTDC_HEADERS=1 -DHAVE_SYS_TYPES_H=1 -DHAVE_SYS_STAT_H=1 -DHAVE_STDLIB_H=1 -DHAVE_STRING_H=1 -DHAVE_MEMORY_H=1 -DHAVE_STRINGS_H=1 -DHAVE_INTTYPES_H=1 -DHAVE_STDINT_H=1 -DHAVE_UNISTD_H=1 -DSIZEOF_VOID_P=8 -DSIZEOF_UNSIGNED_INT=4 -DSIZEOF_UNSIGNED_LONG=8 -DSIZEOF_UNSIGNED_LONG_LONG=8 -DSTDC_HEADERS=1 -DHAVE_SETENV=1 -DHAVE_PUTENV=1 -DHAVE_SYS_MMAN_H=1 -DHAVE_DIRENT_H=1 -DHAVE_LIMITS_H=1 -DHAVE_PATHS_H=1 -DHAVE_VA_COPY=1 -DHAVE___VA_COPY=1 -DFILE_LOCKS=1 -DCALMA_MODULE=1 -DCIF_MODULE=1 -DPLOT_MODULE=1 -DLEF_MODULE=1 -DUSE_READLINE=1 -DHAVE_PTHREADS=1 -DROUTE_MODULE=1 -DEXT2SPICE_AUTO=1 -DEXT2SIM_AUTO=1 -DRSIM_MODULE=1 -DUSE_NEW_MACROS=1 -DVECTOR_FONTS=1 -Dlinux=1 -DSYSV=1 -DISC=1  -DNDEBUG -DGCORE=\"/usr/bin/gcore\" -DSHDLIB_EXT=\"\"  -c gcrDebug.c
--- compiling gcr/gcrEdge.o
rm -f gcrEdge.o
gcc -g -m64 -fPIC   -I. -I..  -I../readline -DCAD_DIR=\"/tmp/lib\" -DBIN_DIR=\"/tmp/bin\" -DPACKAGE_NAME=\"\" -DPACKAGE_TARNAME=\"\" -DPACKAGE_VERSION=\"\" -DPACKAGE_STRING=\"\" -DPACKAGE_BUGREPORT=\"\" -DMAGIC_VERSION=\"8.0\" -DMAGIC_REVISION=\"100\" -DSTDC_HEADERS=1 -DHAVE_SYS_TYPES_H=1 -DHAVE_SYS_STAT_H=1 -DHAVE_STDLIB_H=1 -DHAVE_STRING_H=1 -DHAVE_MEMORY_H=1 -DHAVE_STRINGS_H=1 -DHAVE_INTTYPES_H=1 -DHAVE_STDINT_H=1 -DHAVE_UNISTD_H=1 -DSIZEOF_VOID_P=8 -DSIZEOF_UNSIGNED_INT=4 -DSIZEOF_UNSIGNED_LONG=8 -DSIZEOF_UNSIGNED_LONG_LONG=8 -DSTDC_HEADERS=1 -DHAVE_SETENV=1 -DHAVE_PUTENV=1 -DHAVE_SYS_MMAN_H=1 -DHAVE_DIRENT_H=1 -DHAVE_LIMITS_H=1 -DHAVE_PATHS_H=1 -DHAVE_VA_COPY=1 -DHAVE___VA_COPY=1 -DFILE_LOCKS=1 -DCALMA_MODULE=1 -DCIF_MODULE=1 -DPLOT_MODULE=1 -DLEF_MODULE=1 -DUSE_READLINE=1 -DHAVE_PTHREADS=1 -DROUTE_MODULE=1 -DEXT2SPICE_AUTO=1 -DEXT2SIM_AUTO=1 -DRSIM_MODULE=1 -DUSE_NEW_MACROS=1 -DVECTOR_FONTS=1 -Dlinux=1 -DSYSV=1 -DISC=1  -DNDEBUG -DGCORE=\"/usr/bin/gcore\" -DSHDLIB_EXT=\"\"  -c gcrEdge.c
--- compiling gcr/gcrFeas.o
rm -f gcrFeas.o
gcc -g -m64 -fPIC   -I. -I..  -I../readline -DCAD_DIR=\"/tmp/lib\" -DBIN_DIR=\"/tmp/bin\" -DPACKAGE_NAME=\"\" -DPACKAGE_TARNAME=\"\" -DPACKAGE_VERSION=\"\" -DPACKAGE_STRING=\"\" -DPACKAGE_BUGREPORT=\"\" -DMAGIC_VERSION=\"8.0\" -DMAGIC_REVISION=\"100\" -DSTDC_HEADERS=1 -DHAVE_SYS_TYPES_H=1 -DHAVE_SYS_STAT_H=1 -DHAVE_STDLIB_H=1 -DHAVE_STRING_H=1 -DHAVE_MEMORY_H=1 -DHAVE_STRINGS_H=1 -DHAVE_INTTYPES_H=1 -DHAVE_STDINT_H=1 -DHAVE_UNISTD_H=1 -DSIZEOF_VOID_P=8 -DSIZEOF_UNSIGNED_INT=4 -DSIZEOF_UNSIGNED_LONG=8 -DSIZEOF_UNSIGNED_LONG_LONG=8 -DSTDC_HEADERS=1 -DHAVE_SETENV=1 -DHAVE_PUTENV=1 -DHAVE_SYS_MMAN_H=1 -DHAVE_DIRENT_H=1 -DHAVE_LIMITS_H=1 -DHAVE_PATHS_H=1 -DHAVE_VA_COPY=1 -DHAVE___VA_COPY=1 -DFILE_LOCKS=1 -DCALMA_MODULE=1 -DCIF_MODULE=1 -DPLOT_MODULE=1 -DLEF_MODULE=1 -DUSE_READLINE=1 -DHAVE_PTHREADS=1 -DROUTE_MODULE=1 -DEXT2SPICE_AUTO=1 -DEXT2SIM_AUTO=1 -DRSIM_MODULE=1 -DUSE_NEW_MACROS=1 -DVECTOR_FONTS=1 -Dlinux=1 -DSYSV=1 -DISC=1  -DNDEBUG -DGCORE=\"/usr/bin/gcore\" -DSHDLIB_EXT=\"\"  -c gcrFeas.c
--- compiling gcr/gcrFlags.o
rm -f gcrFlags.o
gcc -g -m64 -fPIC   -I. -I..  -I../readline -DCAD_DIR=\"/tmp/lib\" -DBIN_DIR=\"/tmp/bin\" -DPACKAGE_NAME=\"\" -DPACKAGE_TARNAME=\"\" -DPACKAGE_VERSION=\"\" -DPACKAGE_STRING=\"\" -DPACKAGE_BUGREPORT=\"\" -DMAGIC_VERSION=\"8.0\" -DMAGIC_REVISION=\"100\" -DSTDC_HEADERS=1 -DHAVE_SYS_TYPES_H=1 -DHAVE_SYS_STAT_H=1 -DHAVE_STDLIB_H=1 -DHAVE_STRING_H=1 -DHAVE_MEMORY_H=1 -DHAVE_STRINGS_H=1 -DHAVE_INTTYPES_H=1 -DHAVE_STDINT_H=1 -DHAVE_UNISTD_H=1 -DSIZEOF_VOID_P=8 -DSIZEOF_UNSIGNED_INT=4 -DSIZEOF_UNSIGNED_LONG=8 -DSIZEOF_UNSIGNED_LONG_LONG=8 -DSTDC_HEADERS=1 -DHAVE_SETENV=1 -DHAVE_PUTENV=1 -DHAVE_SYS_MMAN_H=1 -DHAVE_DIRENT_H=1 -DHAVE_LIMITS_H=1 -DHAVE_PATHS_H=1 -DHAVE_VA_COPY=1 -DHAVE___VA_COPY=1 -DFILE_LOCKS=1 -DCALMA_MODULE=1 -DCIF_MODULE=1 -DPLOT_MODULE=1 -DLEF_MODULE=1 -DUSE_READLINE=1 -DHAVE_PTHREADS=1 -DROUTE_MODULE=1 -DEXT2SPICE_AUTO=1 -DEXT2SIM_AUTO=1 -DRSIM_MODULE=1 -DUSE_NEW_MACROS=1 -DVECTOR_FONTS=1 -Dlinux=1 -DSYSV=1 -DISC=1  -DNDEBUG -DGCORE=\"/usr/bin/gcore\" -DSHDLIB_EXT=\"\"  -c gcrFlags.c
--- compiling gcr/gcrInit.o
rm -f gcrInit.o
gcc -g -m64 -fPIC   -I. -I..  -I../readline -DCAD_DIR=\"/tmp/lib\" -DBIN_DIR=\"/tmp/bin\" -DPACKAGE_NAME=\"\" -DPACKAGE_TARNAME=\"\" -DPACKAGE_VERSION=\"\" -DPACKAGE_STRING=\"\" -DPACKAGE_BUGREPORT=\"\" -DMAGIC_VERSION=\"8.0\" -DMAGIC_REVISION=\"100\" -DSTDC_HEADERS=1 -DHAVE_SYS_TYPES_H=1 -DHAVE_SYS_STAT_H=1 -DHAVE_STDLIB_H=1 -DHAVE_STRING_H=1 -DHAVE_MEMORY_H=1 -DHAVE_STRINGS_H=1 -DHAVE_INTTYPES_H=1 -DHAVE_STDINT_H=1 -DHAVE_UNISTD_H=1 -DSIZEOF_VOID_P=8 -DSIZEOF_UNSIGNED_INT=4 -DSIZEOF_UNSIGNED_LONG=8 -DSIZEOF_UNSIGNED_LONG_LONG=8 -DSTDC_HEADERS=1 -DHAVE_SETENV=1 -DHAVE_PUTENV=1 -DHAVE_SYS_MMAN_H=1 -DHAVE_DIRENT_H=1 -DHAVE_LIMITS_H=1 -DHAVE_PATHS_H=1 -DHAVE_VA_COPY=1 -DHAVE___VA_COPY=1 -DFILE_LOCKS=1 -DCALMA_MODULE=1 -DCIF_MODULE=1 -DPLOT_MODULE=1 -DLEF_MODULE=1 -DUSE_READLINE=1 -DHAVE_PTHREADS=1 -DROUTE_MODULE=1 -DEXT2SPICE_AUTO=1 -DEXT2SIM_AUTO=1 -DRSIM_MODULE=1 -DUSE_NEW_MACROS=1 -DVECTOR_FONTS=1 -Dlinux=1 -DSYSV=1 -DISC=1  -DNDEBUG -DGCORE=\"/usr/bin/gcore\" -DSHDLIB_EXT=\"\"  -c gcrInit.c
--- compiling gcr/gcrLib.o
rm -f gcrLib.o
gcc -g -m64 -fPIC   -I. -I..  -I../readline -DCAD_DIR=\"/tmp/lib\" -DBIN_DIR=\"/tmp/bin\" -DPACKAGE_NAME=\"\" -DPACKAGE_TARNAME=\"\" -DPACKAGE_VERSION=\"\" -DPACKAGE_STRING=\"\" -DPACKAGE_BUGREPORT=\"\" -DMAGIC_VERSION=\"8.0\" -DMAGIC_REVISION=\"100\" -DSTDC_HEADERS=1 -DHAVE_SYS_TYPES_H=1 -DHAVE_SYS_STAT_H=1 -DHAVE_STDLIB_H=1 -DHAVE_STRING_H=1 -DHAVE_MEMORY_H=1 -DHAVE_STRINGS_H=1 -DHAVE_INTTYPES_H=1 -DHAVE_STDINT_H=1 -DHAVE_UNISTD_H=1 -DSIZEOF_VOID_P=8 -DSIZEOF_UNSIGNED_INT=4 -DSIZEOF_UNSIGNED_LONG=8 -DSIZEOF_UNSIGNED_LONG_LONG=8 -DSTDC_HEADERS=1 -DHAVE_SETENV=1 -DHAVE_PUTENV=1 -DHAVE_SYS_MMAN_H=1 -DHAVE_DIRENT_H=1 -DHAVE_LIMITS_H=1 -DHAVE_PATHS_H=1 -DHAVE_VA_COPY=1 -DHAVE___VA_COPY=1 -DFILE_LOCKS=1 -DCALMA_MODULE=1 -DCIF_MODULE=1 -DPLOT_MODULE=1 -DLEF_MODULE=1 -DUSE_READLINE=1 -DHAVE_PTHREADS=1 -DROUTE_MODULE=1 -DEXT2SPICE_AUTO=1 -DEXT2SIM_AUTO=1 -DRSIM_MODULE=1 -DUSE_NEW_MACROS=1 -DVECTOR_FONTS=1 -Dlinux=1 -DSYSV=1 -DISC=1  -DNDEBUG -DGCORE=\"/usr/bin/gcore\" -DSHDLIB_EXT=\"\"  -c gcrLib.c
--- compiling gcr/gcrRiver.o
rm -f gcrRiver.o
gcc -g -m64 -fPIC   -I. -I..  -I../readline -DCAD_DIR=\"/tmp/lib\" -DBIN_DIR=\"/tmp/bin\" -DPACKAGE_NAME=\"\" -DPACKAGE_TARNAME=\"\" -DPACKAGE_VERSION=\"\" -DPACKAGE_STRING=\"\" -DPACKAGE_BUGREPORT=\"\" -DMAGIC_VERSION=\"8.0\" -DMAGIC_REVISION=\"100\" -DSTDC_HEADERS=1 -DHAVE_SYS_TYPES_H=1 -DHAVE_SYS_STAT_H=1 -DHAVE_STDLIB_H=1 -DHAVE_STRING_H=1 -DHAVE_MEMORY_H=1 -DHAVE_STRINGS_H=1 -DHAVE_INTTYPES_H=1 -DHAVE_STDINT_H=1 -DHAVE_UNISTD_H=1 -DSIZEOF_VOID_P=8 -DSIZEOF_UNSIGNED_INT=4 -DSIZEOF_UNSIGNED_LONG=8 -DSIZEOF_UNSIGNED_LONG_LONG=8 -DSTDC_HEADERS=1 -DHAVE_SETENV=1 -DHAVE_PUTENV=1 -DHAVE_SYS_MMAN_H=1 -DHAVE_DIRENT_H=1 -DHAVE_LIMITS_H=1 -DHAVE_PATHS_H=1 -DHAVE_VA_COPY=1 -DHAVE___VA_COPY=1 -DFILE_LOCKS=1 -DCALMA_MODULE=1 -DCIF_MODULE=1 -DPLOT_MODULE=1 -DLEF_MODULE=1 -DUSE_READLINE=1 -DHAVE_PTHREADS=1 -DROUTE_MODULE=1 -DEXT2SPICE_AUTO=1 -DEXT2SIM_AUTO=1 -DRSIM_MODULE=1 -DUSE_NEW_MACROS=1 -DVECTOR_FONTS=1 -Dlinux=1 -DSYSV=1 -DISC=1  -DNDEBUG -DGCORE=\"/usr/bin/gcore\" -DSHDLIB_EXT=\"\"  -c gcrRiver.c
--- compiling gcr/gcrRoute.o
rm -f gcrRoute.o
gcc -g -m64 -fPIC   -I. -I..  -I../readline -DCAD_DIR=\"/tmp/lib\" -DBIN_DIR=\"/tmp/bin\" -DPACKAGE_NAME=\"\" -DPACKAGE_TARNAME=\"\" -DPACKAGE_VERSION=\"\" -DPACKAGE_STRING=\"\" -DPACKAGE_BUGREPORT=\"\" -DMAGIC_VERSION=\"8.0\" -DMAGIC_REVISION=\"100\" -DSTDC_HEADERS=1 -DHAVE_SYS_TYPES_H=1 -DHAVE_SYS_STAT_H=1 -DHAVE_STDLIB_H=1 -DHAVE_STRING_H=1 -DHAVE_MEMORY_H=1 -DHAVE_STRINGS_H=1 -DHAVE_INTTYPES_H=1 -DHAVE_STDINT_H=1 -DHAVE_UNISTD_H=1 -DSIZEOF_VOID_P=8 -DSIZEOF_UNSIGNED_INT=4 -DSIZEOF_UNSIGNED_LONG=8 -DSIZEOF_UNSIGNED_LONG_LONG=8 -DSTDC_HEADERS=1 -DHAVE_SETENV=1 -DHAVE_PUTENV=1 -DHAVE_SYS_MMAN_H=1 -DHAVE_DIRENT_H=1 -DHAVE_LIMITS_H=1 -DHAVE_PATHS_H=1 -DHAVE_VA_COPY=1 -DHAVE___VA_COPY=1 -DFILE_LOCKS=1 -DCALMA_MODULE=1 -DCIF_MODULE=1 -DPLOT_MODULE=1 -DLEF_MODULE=1 -DUSE_READLINE=1 -DHAVE_PTHREADS=1 -DROUTE_MODULE=1 -DEXT2SPICE_AUTO=1 -DEXT2SIM_AUTO=1 -DRSIM_MODULE=1 -DUSE_NEW_MACROS=1 -DVECTOR_FONTS=1 -Dlinux=1 -DSYSV=1 -DISC=1  -DNDEBUG -DGCORE=\"/usr/bin/gcore\" -DSHDLIB_EXT=\"\"  -c gcrRoute.c
--- compiling gcr/gcrShwFlgs.o
rm -f gcrShwFlgs.o
gcc -g -m64 -fPIC   -I. -I..  -I../readline -DCAD_DIR=\"/tmp/lib\" -DBIN_DIR=\"/tmp/bin\" -DPACKAGE_NAME=\"\" -DPACKAGE_TARNAME=\"\" -DPACKAGE_VERSION=\"\" -DPACKAGE_STRING=\"\" -DPACKAGE_BUGREPORT=\"\" -DMAGIC_VERSION=\"8.0\" -DMAGIC_REVISION=\"100\" -DSTDC_HEADERS=1 -DHAVE_SYS_TYPES_H=1 -DHAVE_SYS_STAT_H=1 -DHAVE_STDLIB_H=1 -DHAVE_STRING_H=1 -DHAVE_MEMORY_H=1 -DHAVE_STRINGS_H=1 -DHAVE_INTTYPES_H=1 -DHAVE_STDINT_H=1 -DHAVE_UNISTD_H=1 -DSIZEOF_VOID_P=8 -DSIZEOF_UNSIGNED_INT=4 -DSIZEOF_UNSIGNED_LONG=8 -DSIZEOF_UNSIGNED_LONG_LONG=8 -DSTDC_HEADERS=1 -DHAVE_SETENV=1 -DHAVE_PUTENV=1 -DHAVE_SYS_MMAN_H=1 -DHAVE_DIRENT_H=1 -DHAVE_LIMITS_H=1 -DHAVE_PATHS_H=1 -DHAVE_VA_COPY=1 -DHAVE___VA_COPY=1 -DFILE_LOCKS=1 -DCALMA_MODULE=1 -DCIF_MODULE=1 -DPLOT_MODULE=1 -DLEF_MODULE=1 -DUSE_READLINE=1 -DHAVE_PTHREADS=1 -DROUTE_MODULE=1 -DEXT2SPICE_AUTO=1 -DEXT2SIM_AUTO=1 -DRSIM_MODULE=1 -DUSE_NEW_MACROS=1 -DVECTOR_FONTS=1 -Dlinux=1 -DSYSV=1 -DISC=1  -DNDEBUG -DGCORE=\"/usr/bin/gcore\" -DSHDLIB_EXT=\"\"  -c gcrShwFlgs.c
--- compiling gcr/gcrUnsplit.o
rm -f gcrUnsplit.o
gcc -g -m64 -fPIC   -I. -I..  -I../readline -DCAD_DIR=\"/tmp/lib\" -DBIN_DIR=\"/tmp/bin\" -DPACKAGE_NAME=\"\" -DPACKAGE_TARNAME=\"\" -DPACKAGE_VERSION=\"\" -DPACKAGE_STRING=\"\" -DPACKAGE_BUGREPORT=\"\" -DMAGIC_VERSION=\"8.0\" -DMAGIC_REVISION=\"100\" -DSTDC_HEADERS=1 -DHAVE_SYS_TYPES_H=1 -DHAVE_SYS_STAT_H=1 -DHAVE_STDLIB_H=1 -DHAVE_STRING_H=1 -DHAVE_MEMORY_H=1 -DHAVE_STRINGS_H=1 -DHAVE_INTTYPES_H=1 -DHAVE_STDINT_H=1 -DHAVE_UNISTD_H=1 -DSIZEOF_VOID_P=8 -DSIZEOF_UNSIGNED_INT=4 -DSIZEOF_UNSIGNED_LONG=8 -DSIZEOF_UNSIGNED_LONG_LONG=8 -DSTDC_HEADERS=1 -DHAVE_SETENV=1 -DHAVE_PUTENV=1 -DHAVE_SYS_MMAN_H=1 -DHAVE_DIRENT_H=1 -DHAVE_LIMITS_H=1 -DHAVE_PATHS_H=1 -DHAVE_VA_COPY=1 -DHAVE___VA_COPY=1 -DFILE_LOCKS=1 -DCALMA_MODULE=1 -DCIF_MODULE=1 -DPLOT_MODULE=1 -DLEF_MODULE=1 -DUSE_READLINE=1 -DHAVE_PTHREADS=1 -DROUTE_MODULE=1 -DEXT2SPICE_AUTO=1 -DEXT2SIM_AUTO=1 -DRSIM_MODULE=1 -DUSE_NEW_MACROS=1 -DVECTOR_FONTS=1 -Dlinux=1 -DSYSV=1 -DISC=1  -DNDEBUG -DGCORE=\"/usr/bin/gcore\" -DSHDLIB_EXT=\"\"  -c gcrUnsplit.c
--- linking libgcr.o
rm -f libgcr.o
ld -r gcrChannel.o gcrColl.o gcrDebug.o gcrEdge.o gcrFeas.o gcrFlags.o gcrInit.o gcrLib.o gcrRiver.o gcrRoute.o gcrShwFlgs.o gcrUnsplit.o  -o libgcr.o 
make[2]: Leaving directory `/home/tim/gitsrc/magic-8.0/gcr'
make[2]: Entering directory `/home/tim/gitsrc/magic-8.0/magic'
--- compiling magic/magicTop.o
rm -f magicTop.o
gcc -g -m64 -fPIC   -I. -I..  -I../readline -DCAD_DIR=\"/tmp/lib\" -DBIN_DIR=\"/tmp/bin\" -DPACKAGE_NAME=\"\" -DPACKAGE_TARNAME=\"\" -DPACKAGE_VERSION=\"\" -DPACKAGE_STRING=\"\" -DPACKAGE_BUGREPORT=\"\" -DMAGIC_VERSION=\"8.0\" -DMAGIC_REVISION=\"100\" -DSTDC_HEADERS=1 -DHAVE_SYS_TYPES_H=1 -DHAVE_SYS_STAT_H=1 -DHAVE_STDLIB_H=1 -DHAVE_STRING_H=1 -DHAVE_MEMORY_H=1 -DHAVE_STRINGS_H=1 -DHAVE_INTTYPES_H=1 -DHAVE_STDINT_H=1 -DHAVE_UNISTD_H=1 -DSIZEOF_VOID_P=8 -DSIZEOF_UNSIGNED_INT=4 -DSIZEOF_UNSIGNED_LONG=8 -DSIZEOF_UNSIGNED_LONG_LONG=8 -DSTDC_HEADERS=1 -DHAVE_SETENV=1 -DHAVE_PUTENV=1 -DHAVE_SYS_MMAN_H=1 -DHAVE_DIRENT_H=1 -DHAVE_LIMITS_H=1 -DHAVE_PATHS_H=1 -DHAVE_VA_COPY=1 -DHAVE___VA_COPY=1 -DFILE_LOCKS=1 -DCALMA_MODULE=1 -DCIF_MODULE=1 -DPLOT_MODULE=1 -DLEF_MODULE=1 -DUSE_READLINE=1 -DHAVE_PTHREADS=1 -DROUTE_MODULE=1 -DEXT2SPICE_AUTO=1 -DEXT2SIM_AUTO=1 -DRSIM_MODULE=1 -DUSE_NEW_MACROS=1 -DVECTOR_FONTS=1 -Dlinux=1 -DSYSV=1 -DISC=1  -DNDEBUG -DGCORE=\"/usr/bin/gcore\" -DSHDLIB_EXT=\"\" -DMAGIC_DATE="\"`date`\""  -c magicTop.c
--- linking libmagic.o
rm -f libmagic.o
ld -r magicTop.o  -o libmagic.o 
make[2]: Leaving directory `/home/tim/gitsrc/magic-8.0/magic'
make[2]: Entering directory `/home/tim/gitsrc/magic-8.0/net2ir'
--- compiling net2ir/net2ir.o
rm -f net2ir.o
gcc -g -m64 -fPIC   -I. -I..  -I../readline -DCAD_DIR=\"/tmp/lib\" -DBIN_DIR=\"/tmp/bin\" -DPACKAGE_NAME=\"\" -DPACKAGE_TARNAME=\"\" -DPACKAGE_VERSION=\"\" -DPACKAGE_STRING=\"\" -DPACKAGE_BUGREPORT=\"\" -DMAGIC_VERSION=\"8.0\" -DMAGIC_REVISION=\"100\" -DSTDC_HEADERS=1 -DHAVE_SYS_TYPES_H=1 -DHAVE_SYS_STAT_H=1 -DHAVE_STDLIB_H=1 -DHAVE_STRING_H=1 -DHAVE_MEMORY_H=1 -DHAVE_STRINGS_H=1 -DHAVE_INTTYPES_H=1 -DHAVE_STDINT_H=1 -DHAVE_UNISTD_H=1 -DSIZEOF_VOID_P=8 -DSIZEOF_UNSIGNED_INT=4 -DSIZEOF_UNSIGNED_LONG=8 -DSIZEOF_UNSIGNED_LONG_LONG=8 -DSTDC_HEADERS=1 -DHAVE_SETENV=1 -DHAVE_PUTENV=1 -DHAVE_SYS_MMAN_H=1 -DHAVE_DIRENT_H=1 -DHAVE_LIMITS_H=1 -DHAVE_PATHS_H=1 -DHAVE_VA_COPY=1 -DHAVE___VA_COPY=1 -DFILE_LOCKS=1 -DCALMA_MODULE=1 -DCIF_MODULE=1 -DPLOT_MODULE=1 -DLEF_MODULE=1 -DUSE_READLINE=1 -DHAVE_PTHREADS=1 -DROUTE_MODULE=1 -DEXT2SPICE_AUTO=1 -DEXT2SIM_AUTO=1 -DRSIM_MODULE=1 -DUSE_NEW_MACROS=1 -DVECTOR_FONTS=1 -Dlinux=1 -DSYSV=1 -DISC=1  -DNDEBUG -DGCORE=\"/usr/bin/gcore\" -DSHDLIB_EXT=\"\"  -c net2ir.c
--- linking libnet2ir.o
rm -f libnet2ir.o
ld -r net2ir.o  -o libnet2ir.o 
make[2]: Leaving directory `/home/tim/gitsrc/magic-8.0/net2ir'
make[2]: Entering directory `/home/tim/gitsrc/magic-8.0/ext2sim'
--- compiling ext2sim/ext2sim.o
rm -f ext2sim.o
gcc -g -m64 -fPIC   -I. -I..  -I../readline -DCAD_DIR=\"/tmp/lib\" -DBIN_DIR=\"/tmp/bin\" -DPACKAGE_NAME=\"\" -DPACKAGE_TARNAME=\"\" -DPACKAGE_VERSION=\"\" -DPACKAGE_STRING=\"\" -DPACKAGE_BUGREPORT=\"\" -DMAGIC_VERSION=\"8.0\" -DMAGIC_REVISION=\"100\" -DSTDC_HEADERS=1 -DHAVE_SYS_TYPES_H=1 -DHAVE_SYS_STAT_H=1 -DHAVE_STDLIB_H=1 -DHAVE_STRING_H=1 -DHAVE_MEMORY_H=1 -DHAVE_STRINGS_H=1 -DHAVE_INTTYPES_H=1 -DHAVE_STDINT_H=1 -DHAVE_UNISTD_H=1 -DSIZEOF_VOID_P=8 -DSIZEOF_UNSIGNED_INT=4 -DSIZEOF_UNSIGNED_LONG=8 -DSIZEOF_UNSIGNED_LONG_LONG=8 -DSTDC_HEADERS=1 -DHAVE_SETENV=1 -DHAVE_PUTENV=1 -DHAVE_SYS_MMAN_H=1 -DHAVE_DIRENT_H=1 -DHAVE_LIMITS_H=1 -DHAVE_PATHS_H=1 -DHAVE_VA_COPY=1 -DHAVE___VA_COPY=1 -DFILE_LOCKS=1 -DCALMA_MODULE=1 -DCIF_MODULE=1 -DPLOT_MODULE=1 -DLEF_MODULE=1 -DUSE_READLINE=1 -DHAVE_PTHREADS=1 -DROUTE_MODULE=1 -DEXT2SPICE_AUTO=1 -DEXT2SIM_AUTO=1 -DRSIM_MODULE=1 -DUSE_NEW_MACROS=1 -DVECTOR_FONTS=1 -Dlinux=1 -DSYSV=1 -DISC=1  -DNDEBUG -DGCORE=\"/usr/bin/gcore\" -DSHDLIB_EXT=\"\"  -c ext2sim.c
--- linking libext2sim.o
rm -f libext2sim.o
ld -r ext2sim.o  -o libext2sim.o 
make[2]: Leaving directory `/home/tim/gitsrc/magic-8.0/ext2sim'
make[2]: Entering directory `/home/tim/gitsrc/magic-8.0/ext2spice'
--- compiling ext2spice/ext2spice.o
rm -f ext2spice.o
gcc -g -m64 -fPIC   -I. -I..  -I../readline -DCAD_DIR=\"/tmp/lib\" -DBIN_DIR=\"/tmp/bin\" -DPACKAGE_NAME=\"\" -DPACKAGE_TARNAME=\"\" -DPACKAGE_VERSION=\"\" -DPACKAGE_STRING=\"\" -DPACKAGE_BUGREPORT=\"\" -DMAGIC_VERSION=\"8.0\" -DMAGIC_REVISION=\"100\" -DSTDC_HEADERS=1 -DHAVE_SYS_TYPES_H=1 -DHAVE_SYS_STAT_H=1 -DHAVE_STDLIB_H=1 -DHAVE_STRING_H=1 -DHAVE_MEMORY_H=1 -DHAVE_STRINGS_H=1 -DHAVE_INTTYPES_H=1 -DHAVE_STDINT_H=1 -DHAVE_UNISTD_H=1 -DSIZEOF_VOID_P=8 -DSIZEOF_UNSIGNED_INT=4 -DSIZEOF_UNSIGNED_LONG=8 -DSIZEOF_UNSIGNED_LONG_LONG=8 -DSTDC_HEADERS=1 -DHAVE_SETENV=1 -DHAVE_PUTENV=1 -DHAVE_SYS_MMAN_H=1 -DHAVE_DIRENT_H=1 -DHAVE_LIMITS_H=1 -DHAVE_PATHS_H=1 -DHAVE_VA_COPY=1 -DHAVE___VA_COPY=1 -DFILE_LOCKS=1 -DCALMA_MODULE=1 -DCIF_MODULE=1 -DPLOT_MODULE=1 -DLEF_MODULE=1 -DUSE_READLINE=1 -DHAVE_PTHREADS=1 -DROUTE_MODULE=1 -DEXT2SPICE_AUTO=1 -DEXT2SIM_AUTO=1 -DRSIM_MODULE=1 -DUSE_NEW_MACROS=1 -DVECTOR_FONTS=1 -Dlinux=1 -DSYSV=1 -DISC=1  -DNDEBUG -DGCORE=\"/usr/bin/gcore\" -DSHDLIB_EXT=\"\"  -c ext2spice.c
--- compiling ext2spice/ext2hier.o
rm -f ext2hier.o
gcc -g -m64 -fPIC   -I. -I..  -I../readline -DCAD_DIR=\"/tmp/lib\" -DBIN_DIR=\"/tmp/bin\" -DPACKAGE_NAME=\"\" -DPACKAGE_TARNAME=\"\" -DPACKAGE_VERSION=\"\" -DPACKAGE_STRING=\"\" -DPACKAGE_BUGREPORT=\"\" -DMAGIC_VERSION=\"8.0\" -DMAGIC_REVISION=\"100\" -DSTDC_HEADERS=1 -DHAVE_SYS_TYPES_H=1 -DHAVE_SYS_STAT_H=1 -DHAVE_STDLIB_H=1 -DHAVE_STRING_H=1 -DHAVE_MEMORY_H=1 -DHAVE_STRINGS_H=1 -DHAVE_INTTYPES_H=1 -DHAVE_STDINT_H=1 -DHAVE_UNISTD_H=1 -DSIZEOF_VOID_P=8 -DSIZEOF_UNSIGNED_INT=4 -DSIZEOF_UNSIGNED_LONG=8 -DSIZEOF_UNSIGNED_LONG_LONG=8 -DSTDC_HEADERS=1 -DHAVE_SETENV=1 -DHAVE_PUTENV=1 -DHAVE_SYS_MMAN_H=1 -DHAVE_DIRENT_H=1 -DHAVE_LIMITS_H=1 -DHAVE_PATHS_H=1 -DHAVE_VA_COPY=1 -DHAVE___VA_COPY=1 -DFILE_LOCKS=1 -DCALMA_MODULE=1 -DCIF_MODULE=1 -DPLOT_MODULE=1 -DLEF_MODULE=1 -DUSE_READLINE=1 -DHAVE_PTHREADS=1 -DROUTE_MODULE=1 -DEXT2SPICE_AUTO=1 -DEXT2SIM_AUTO=1 -DRSIM_MODULE=1 -DUSE_NEW_MACROS=1 -DVECTOR_FONTS=1 -Dlinux=1 -DSYSV=1 -DISC=1  -DNDEBUG -DGCORE=\"/usr/bin/gcore\" -DSHDLIB_EXT=\"\"  -c ext2hier.c
--- linking libext2spice.o
rm -f libext2spice.o
ld -r ext2spice.o ext2hier.o  -o libext2spice.o 
make[2]: Leaving directory `/home/tim/gitsrc/magic-8.0/ext2spice'
make[2]: Entering directory `/home/tim/gitsrc/magic-8.0/extcheck'
--- compiling extcheck/extcheck.o
rm -f extcheck.o
gcc -g -m64 -fPIC   -I. -I..  -I../readline -DCAD_DIR=\"/tmp/lib\" -DBIN_DIR=\"/tmp/bin\" -DPACKAGE_NAME=\"\" -DPACKAGE_TARNAME=\"\" -DPACKAGE_VERSION=\"\" -DPACKAGE_STRING=\"\" -DPACKAGE_BUGREPORT=\"\" -DMAGIC_VERSION=\"8.0\" -DMAGIC_REVISION=\"100\" -DSTDC_HEADERS=1 -DHAVE_SYS_TYPES_H=1 -DHAVE_SYS_STAT_H=1 -DHAVE_STDLIB_H=1 -DHAVE_STRING_H=1 -DHAVE_MEMORY_H=1 -DHAVE_STRINGS_H=1 -DHAVE_INTTYPES_H=1 -DHAVE_STDINT_H=1 -DHAVE_UNISTD_H=1 -DSIZEOF_VOID_P=8 -DSIZEOF_UNSIGNED_INT=4 -DSIZEOF_UNSIGNED_LONG=8 -DSIZEOF_UNSIGNED_LONG_LONG=8 -DSTDC_HEADERS=1 -DHAVE_SETENV=1 -DHAVE_PUTENV=1 -DHAVE_SYS_MMAN_H=1 -DHAVE_DIRENT_H=1 -DHAVE_LIMITS_H=1 -DHAVE_PATHS_H=1 -DHAVE_VA_COPY=1 -DHAVE___VA_COPY=1 -DFILE_LOCKS=1 -DCALMA_MODULE=1 -DCIF_MODULE=1 -DPLOT_MODULE=1 -DLEF_MODULE=1 -DUSE_READLINE=1 -DHAVE_PTHREADS=1 -DROUTE_MODULE=1 -DEXT2SPICE_AUTO=1 -DEXT2SIM_AUTO=1 -DRSIM_MODULE=1 -DUSE_NEW_MACROS=1 -DVECTOR_FONTS=1 -Dlinux=1 -DSYSV=1 -DISC=1  -DNDEBUG -DGCORE=\"/usr/bin/gcore\" -DSHDLIB_EXT=\"\"  -c extcheck.c
--- linking libextcheck.o
rm -f libextcheck.o
ld -r extcheck.o  -o libextcheck.o 
make[2]: Leaving directory `/home/tim/gitsrc/magic-8.0/extcheck'
make[2]: Entering directory `/home/tim/gitsrc/magic-8.0/graphics'
make[2]: Nothing to be done for `module'.
make[2]: Leaving directory `/home/tim/gitsrc/magic-8.0/graphics'
--- making libraries
for dir in database utils extflat; do \
	(cd $dir && make lib); done
make[2]: Entering directory `/home/tim/gitsrc/magic-8.0/database'
--- archiving libdatabase.a
rm -f libdatabase.a
ar crv libdatabase.a DBbound.o DBcell.o DBcellbox.o DBcellcopy.o DBcellname.o DBcellsrch.o DBcellsel.o DBcellsubr.o DBconnect.o DBcount.o DBexpand.o DBio.o DBlabel.o DBlabel2.o DBpaint2.o DBpaint.o DBprop.o DBtech.o DBtcontact.o DBtechname.o DBtpaint.o DBtpaint2.o DBtechtype.o DBtiles.o DBtimestmp.o DBundo.o   ../tiles/libtiles.o ../utils/libutils.o
a - DBbound.o
a - DBcell.o
a - DBcellbox.o
a - DBcellcopy.o
a - DBcellname.o
a - DBcellsrch.o
a - DBcellsel.o
a - DBcellsubr.o
a - DBconnect.o
a - DBcount.o
a - DBexpand.o
a - DBio.o
a - DBlabel.o
a - DBlabel2.o
a - DBpaint2.o
a - DBpaint.o
a - DBprop.o
a - DBtech.o
a - DBtcontact.o
a - DBtechname.o
a - DBtpaint.o
a - DBtpaint2.o
a - DBtechtype.o
a - DBtiles.o
a - DBtimestmp.o
a - DBundo.o
a - ../tiles/libtiles.o
a - ../utils/libutils.o
ranlib libdatabase.a
make[2]: Leaving directory `/home/tim/gitsrc/magic-8.0/database'
make[2]: Entering directory `/home/tim/gitsrc/magic-8.0/utils'
--- compiling utils/LIBdbio.o
rm -f LIBdbio.o
gcc -g -m64 -fPIC   -I/usr/X11R6/include  -I. -I..  -I../readline -DCAD_DIR=\"/tmp/lib\" -DBIN_DIR=\"/tmp/bin\" -DPACKAGE_NAME=\"\" -DPACKAGE_TARNAME=\"\" -DPACKAGE_VERSION=\"\" -DPACKAGE_STRING=\"\" -DPACKAGE_BUGREPORT=\"\" -DMAGIC_VERSION=\"8.0\" -DMAGIC_REVISION=\"100\" -DSTDC_HEADERS=1 -DHAVE_SYS_TYPES_H=1 -DHAVE_SYS_STAT_H=1 -DHAVE_STDLIB_H=1 -DHAVE_STRING_H=1 -DHAVE_MEMORY_H=1 -DHAVE_STRINGS_H=1 -DHAVE_INTTYPES_H=1 -DHAVE_STDINT_H=1 -DHAVE_UNISTD_H=1 -DSIZEOF_VOID_P=8 -DSIZEOF_UNSIGNED_INT=4 -DSIZEOF_UNSIGNED_LONG=8 -DSIZEOF_UNSIGNED_LONG_LONG=8 -DSTDC_HEADERS=1 -DHAVE_SETENV=1 -DHAVE_PUTENV=1 -DHAVE_SYS_MMAN_H=1 -DHAVE_DIRENT_H=1 -DHAVE_LIMITS_H=1 -DHAVE_PATHS_H=1 -DHAVE_VA_COPY=1 -DHAVE___VA_COPY=1 -DFILE_LOCKS=1 -DCALMA_MODULE=1 -DCIF_MODULE=1 -DPLOT_MODULE=1 -DLEF_MODULE=1 -DUSE_READLINE=1 -DHAVE_PTHREADS=1 -DROUTE_MODULE=1 -DEXT2SPICE_AUTO=1 -DEXT2SIM_AUTO=1 -DRSIM_MODULE=1 -DUSE_NEW_MACROS=1 -DVECTOR_FONTS=1 -Dlinux=1 -DSYSV=1 -DISC=1  -DNDEBUG -DGCORE=\"/usr/bin/gcore\" -DSHDLIB_EXT=\"\" -DX11 -DXLIB -DNDEBUG  -c LIBdbio.c
--- compiling utils/LIBmain.o
rm -f LIBmain.o
gcc -g -m64 -fPIC   -I/usr/X11R6/include  -I. -I..  -I../readline -DCAD_DIR=\"/tmp/lib\" -DBIN_DIR=\"/tmp/bin\" -DPACKAGE_NAME=\"\" -DPACKAGE_TARNAME=\"\" -DPACKAGE_VERSION=\"\" -DPACKAGE_STRING=\"\" -DPACKAGE_BUGREPORT=\"\" -DMAGIC_VERSION=\"8.0\" -DMAGIC_REVISION=\"100\" -DSTDC_HEADERS=1 -DHAVE_SYS_TYPES_H=1 -DHAVE_SYS_STAT_H=1 -DHAVE_STDLIB_H=1 -DHAVE_STRING_H=1 -DHAVE_MEMORY_H=1 -DHAVE_STRINGS_H=1 -DHAVE_INTTYPES_H=1 -DHAVE_STDINT_H=1 -DHAVE_UNISTD_H=1 -DSIZEOF_VOID_P=8 -DSIZEOF_UNSIGNED_INT=4 -DSIZEOF_UNSIGNED_LONG=8 -DSIZEOF_UNSIGNED_LONG_LONG=8 -DSTDC_HEADERS=1 -DHAVE_SETENV=1 -DHAVE_PUTENV=1 -DHAVE_SYS_MMAN_H=1 -DHAVE_DIRENT_H=1 -DHAVE_LIMITS_H=1 -DHAVE_PATHS_H=1 -DHAVE_VA_COPY=1 -DHAVE___VA_COPY=1 -DFILE_LOCKS=1 -DCALMA_MODULE=1 -DCIF_MODULE=1 -DPLOT_MODULE=1 -DLEF_MODULE=1 -DUSE_READLINE=1 -DHAVE_PTHREADS=1 -DROUTE_MODULE=1 -DEXT2SPICE_AUTO=1 -DEXT2SIM_AUTO=1 -DRSIM_MODULE=1 -DUSE_NEW_MACROS=1 -DVECTOR_FONTS=1 -Dlinux=1 -DSYSV=1 -DISC=1  -DNDEBUG -DGCORE=\"/usr/bin/gcore\" -DSHDLIB_EXT=\"\" -DX11 -DXLIB -DNDEBUG  -c LIBmain.c
--- compiling utils/LIBtextio.o
rm -f LIBtextio.o
gcc -g -m64 -fPIC   -I/usr/X11R6/include  -I. -I..  -I../readline -DCAD_DIR=\"/tmp/lib\" -DBIN_DIR=\"/tmp/bin\" -DPACKAGE_NAME=\"\" -DPACKAGE_TARNAME=\"\" -DPACKAGE_VERSION=\"\" -DPACKAGE_STRING=\"\" -DPACKAGE_BUGREPORT=\"\" -DMAGIC_VERSION=\"8.0\" -DMAGIC_REVISION=\"100\" -DSTDC_HEADERS=1 -DHAVE_SYS_TYPES_H=1 -DHAVE_SYS_STAT_H=1 -DHAVE_STDLIB_H=1 -DHAVE_STRING_H=1 -DHAVE_MEMORY_H=1 -DHAVE_STRINGS_H=1 -DHAVE_INTTYPES_H=1 -DHAVE_STDINT_H=1 -DHAVE_UNISTD_H=1 -DSIZEOF_VOID_P=8 -DSIZEOF_UNSIGNED_INT=4 -DSIZEOF_UNSIGNED_LONG=8 -DSIZEOF_UNSIGNED_LONG_LONG=8 -DSTDC_HEADERS=1 -DHAVE_SETENV=1 -DHAVE_PUTENV=1 -DHAVE_SYS_MMAN_H=1 -DHAVE_DIRENT_H=1 -DHAVE_LIMITS_H=1 -DHAVE_PATHS_H=1 -DHAVE_VA_COPY=1 -DHAVE___VA_COPY=1 -DFILE_LOCKS=1 -DCALMA_MODULE=1 -DCIF_MODULE=1 -DPLOT_MODULE=1 -DLEF_MODULE=1 -DUSE_READLINE=1 -DHAVE_PTHREADS=1 -DROUTE_MODULE=1 -DEXT2SPICE_AUTO=1 -DEXT2SIM_AUTO=1 -DRSIM_MODULE=1 -DUSE_NEW_MACROS=1 -DVECTOR_FONTS=1 -Dlinux=1 -DSYSV=1 -DISC=1  -DNDEBUG -DGCORE=\"/usr/bin/gcore\" -DSHDLIB_EXT=\"\" -DX11 -DXLIB -DNDEBUG  -c LIBtextio.c
--- archiving libutils.a
rm -f libutils.a
ar crv libutils.a args.o child.o dqueue.o finddisp.o flock.o flsbuf.o fraction.o geometry.o getrect.o hash.o heap.o list.o lookup.o lookupany.o lookupfull.o macros.o main.o malloc.o match.o maxrect.o netlist.o niceabort.o parser.o path.o pathvisit.o port.o printstuff.o signals.o stack.o strdup.o runstats.o set.o show.o tech.o touchtypes.o undo.o  LIBdbio.o LIBmain.o LIBtextio.o
a - args.o
a - child.o
a - dqueue.o
a - finddisp.o
a - flock.o
a - flsbuf.o
a - fraction.o
a - geometry.o
a - getrect.o
a - hash.o
a - heap.o
a - list.o
a - lookup.o
a - lookupany.o
a - lookupfull.o
a - macros.o
a - main.o
a - malloc.o
a - match.o
a - maxrect.o
a - netlist.o
a - niceabort.o
a - parser.o
a - path.o
a - pathvisit.o
a - port.o
a - printstuff.o
a - signals.o
a - stack.o
a - strdup.o
a - runstats.o
a - set.o
a - show.o
a - tech.o
a - touchtypes.o
a - undo.o
a - LIBdbio.o
a - LIBmain.o
a - LIBtextio.o
ranlib libutils.a
make[2]: Leaving directory `/home/tim/gitsrc/magic-8.0/utils'
make[2]: Entering directory `/home/tim/gitsrc/magic-8.0/extflat'
--- archiving libextflat.a
rm -f libextflat.a
ar crv libextflat.a EFargs.o EFbuild.o EFdef.o EFerr.o EFflat.o EFhier.o EFname.o EFread.o EFsym.o EFvisit.o  
a - EFargs.o
a - EFbuild.o
a - EFdef.o
a - EFerr.o
a - EFflat.o
a - EFhier.o
a - EFname.o
a - EFread.o
a - EFsym.o
a - EFvisit.o
ranlib libextflat.a
make[2]: Leaving directory `/home/tim/gitsrc/magic-8.0/extflat'
--- making main programs
for dir in magic net2ir ext2sim ext2spice extcheck graphics; do \
	(cd $dir && make main); done
make[2]: Entering directory `/home/tim/gitsrc/magic-8.0/magic'
--- building main magic
rm -f magic
gcc -g -m64 -fPIC   -I. -I..  -I../readline -DCAD_DIR=\"/tmp/lib\" -DBIN_DIR=\"/tmp/bin\" -DPACKAGE_NAME=\"\" -DPACKAGE_TARNAME=\"\" -DPACKAGE_VERSION=\"\" -DPACKAGE_STRING=\"\" -DPACKAGE_BUGREPORT=\"\" -DMAGIC_VERSION=\"8.0\" -DMAGIC_REVISION=\"100\" -DSTDC_HEADERS=1 -DHAVE_SYS_TYPES_H=1 -DHAVE_SYS_STAT_H=1 -DHAVE_STDLIB_H=1 -DHAVE_STRING_H=1 -DHAVE_MEMORY_H=1 -DHAVE_STRINGS_H=1 -DHAVE_INTTYPES_H=1 -DHAVE_STDINT_H=1 -DHAVE_UNISTD_H=1 -DSIZEOF_VOID_P=8 -DSIZEOF_UNSIGNED_INT=4 -DSIZEOF_UNSIGNED_LONG=8 -DSIZEOF_UNSIGNED_LONG_LONG=8 -DSTDC_HEADERS=1 -DHAVE_SETENV=1 -DHAVE_PUTENV=1 -DHAVE_SYS_MMAN_H=1 -DHAVE_DIRENT_H=1 -DHAVE_LIMITS_H=1 -DHAVE_PATHS_H=1 -DHAVE_VA_COPY=1 -DHAVE___VA_COPY=1 -DFILE_LOCKS=1 -DCALMA_MODULE=1 -DCIF_MODULE=1 -DPLOT_MODULE=1 -DLEF_MODULE=1 -DUSE_READLINE=1 -DHAVE_PTHREADS=1 -DROUTE_MODULE=1 -DEXT2SPICE_AUTO=1 -DEXT2SIM_AUTO=1 -DRSIM_MODULE=1 -DUSE_NEW_MACROS=1 -DVECTOR_FONTS=1 -Dlinux=1 -DSYSV=1 -DISC=1  -DNDEBUG -DGCORE=\"/usr/bin/gcore\" -DSHDLIB_EXT=\"\" -DMAGIC_DATE="\"`date`\"" libmagic.o ../cmwind/libcmwind.o ../commands/libcommands.o ../database/libdatabase.o ../dbwind/libdbwind.o ../drc/libdrc.o ../debug/libdebug.o ../extract/libextract.o ../graphics/libgraphics.o ../select/libselect.o ../textio/libtextio.o ../tiles/libtiles.o ../windows/libwindows.o ../wiring/libwiring.o ../resis/libresis.o ../sim/libsim.o ../netmenu/libnetmenu.o ../plow/libplow.o ../utils/libutils.o ../calma/libcalma.o ../cif/libcif.o ../plot/libplot.o ../lef/liblef.o ../extflat/libextflat.o ../garouter/libgarouter.o 	../mzrouter/libmzrouter.o ../router/librouter.o 	../irouter/libirouter.o ../grouter/libgrouter.o 	../gcr/libgcr.o -o magic -lpthread -lX11 -lbsd-compat   -L/usr/X11R6/lib64 ../readline/readline/libreadline.a -ltermcap -lm   
sed -e /CAD_DIR/s%CAD_DIR%/tmp/lib%g proto.magicrc.m4 | \
	/usr/bin/m4 -DX11 -DXLIB -DNDEBUG -DCAD_DIR=\"/tmp/lib\" -DBIN_DIR=\"/tmp/bin\" -DPACKAGE_NAME=\"\" -DPACKAGE_TARNAME=\"\" -DPACKAGE_VERSION=\"\" -DPACKAGE_STRING=\"\" -DPACKAGE_BUGREPORT=\"\" -DMAGIC_VERSION=\"8.0\" -DMAGIC_REVISION=\"100\" -DSTDC_HEADERS=1 -DHAVE_SYS_TYPES_H=1 -DHAVE_SYS_STAT_H=1 -DHAVE_STDLIB_H=1 -DHAVE_STRING_H=1 -DHAVE_MEMORY_H=1 -DHAVE_STRINGS_H=1 -DHAVE_INTTYPES_H=1 -DHAVE_STDINT_H=1 -DHAVE_UNISTD_H=1 -DSIZEOF_VOID_P=8 -DSIZEOF_UNSIGNED_INT=4 -DSIZEOF_UNSIGNED_LONG=8 -DSIZEOF_UNSIGNED_LONG_LONG=8 -DSTDC_HEADERS=1 -DHAVE_SETENV=1 -DHAVE_PUTENV=1 -DHAVE_SYS_MMAN_H=1 -DHAVE_DIRENT_H=1 -DHAVE_LIMITS_H=1 -DHAVE_PATHS_H=1 -DHAVE_VA_COPY=1 -DHAVE___VA_COPY=1 -DFILE_LOCKS=1 -DCALMA_MODULE=1 -DCIF_MODULE=1 -DPLOT_MODULE=1 -DLEF_MODULE=1 -DUSE_READLINE=1 -DHAVE_PTHREADS=1 -DROUTE_MODULE=1 -DEXT2SPICE_AUTO=1 -DEXT2SIM_AUTO=1 -DRSIM_MODULE=1 -DUSE_NEW_MACROS=1 -DVECTOR_FONTS=1 -Dlinux=1 -DSYSV=1 -DISC=1  -DNDEBUG -DGCORE=\"/usr/bin/gcore\" -DSHDLIB_EXT=\"\" -DMAGIC_DATE="\"`date`\"" > proto.magicrc
make[2]: Leaving directory `/home/tim/gitsrc/magic-8.0/magic'
make[2]: Entering directory `/home/tim/gitsrc/magic-8.0/net2ir'
--- building main net2ir
rm -f net2ir
gcc -g -m64 -fPIC   -I. -I..  -I../readline -DCAD_DIR=\"/tmp/lib\" -DBIN_DIR=\"/tmp/bin\" -DPACKAGE_NAME=\"\" -DPACKAGE_TARNAME=\"\" -DPACKAGE_VERSION=\"\" -DPACKAGE_STRING=\"\" -DPACKAGE_BUGREPORT=\"\" -DMAGIC_VERSION=\"8.0\" -DMAGIC_REVISION=\"100\" -DSTDC_HEADERS=1 -DHAVE_SYS_TYPES_H=1 -DHAVE_SYS_STAT_H=1 -DHAVE_STDLIB_H=1 -DHAVE_STRING_H=1 -DHAVE_MEMORY_H=1 -DHAVE_STRINGS_H=1 -DHAVE_INTTYPES_H=1 -DHAVE_STDINT_H=1 -DHAVE_UNISTD_H=1 -DSIZEOF_VOID_P=8 -DSIZEOF_UNSIGNED_INT=4 -DSIZEOF_UNSIGNED_LONG=8 -DSIZEOF_UNSIGNED_LONG_LONG=8 -DSTDC_HEADERS=1 -DHAVE_SETENV=1 -DHAVE_PUTENV=1 -DHAVE_SYS_MMAN_H=1 -DHAVE_DIRENT_H=1 -DHAVE_LIMITS_H=1 -DHAVE_PATHS_H=1 -DHAVE_VA_COPY=1 -DHAVE___VA_COPY=1 -DFILE_LOCKS=1 -DCALMA_MODULE=1 -DCIF_MODULE=1 -DPLOT_MODULE=1 -DLEF_MODULE=1 -DUSE_READLINE=1 -DHAVE_PTHREADS=1 -DROUTE_MODULE=1 -DEXT2SPICE_AUTO=1 -DEXT2SIM_AUTO=1 -DRSIM_MODULE=1 -DUSE_NEW_MACROS=1 -DVECTOR_FONTS=1 -Dlinux=1 -DSYSV=1 -DISC=1  -DNDEBUG -DGCORE=\"/usr/bin/gcore\" -DSHDLIB_EXT=\"\" libnet2ir.o ../utils/libutils.a -o net2ir 
make[2]: Leaving directory `/home/tim/gitsrc/magic-8.0/net2ir'
make[2]: Entering directory `/home/tim/gitsrc/magic-8.0/ext2sim'
--- building main ext2sim
rm -f ext2sim
gcc -g -m64 -fPIC   -I. -I..  -I../readline -DCAD_DIR=\"/tmp/lib\" -DBIN_DIR=\"/tmp/bin\" -DPACKAGE_NAME=\"\" -DPACKAGE_TARNAME=\"\" -DPACKAGE_VERSION=\"\" -DPACKAGE_STRING=\"\" -DPACKAGE_BUGREPORT=\"\" -DMAGIC_VERSION=\"8.0\" -DMAGIC_REVISION=\"100\" -DSTDC_HEADERS=1 -DHAVE_SYS_TYPES_H=1 -DHAVE_SYS_STAT_H=1 -DHAVE_STDLIB_H=1 -DHAVE_STRING_H=1 -DHAVE_MEMORY_H=1 -DHAVE_STRINGS_H=1 -DHAVE_INTTYPES_H=1 -DHAVE_STDINT_H=1 -DHAVE_UNISTD_H=1 -DSIZEOF_VOID_P=8 -DSIZEOF_UNSIGNED_INT=4 -DSIZEOF_UNSIGNED_LONG=8 -DSIZEOF_UNSIGNED_LONG_LONG=8 -DSTDC_HEADERS=1 -DHAVE_SETENV=1 -DHAVE_PUTENV=1 -DHAVE_SYS_MMAN_H=1 -DHAVE_DIRENT_H=1 -DHAVE_LIMITS_H=1 -DHAVE_PATHS_H=1 -DHAVE_VA_COPY=1 -DHAVE___VA_COPY=1 -DFILE_LOCKS=1 -DCALMA_MODULE=1 -DCIF_MODULE=1 -DPLOT_MODULE=1 -DLEF_MODULE=1 -DUSE_READLINE=1 -DHAVE_PTHREADS=1 -DROUTE_MODULE=1 -DEXT2SPICE_AUTO=1 -DEXT2SIM_AUTO=1 -DRSIM_MODULE=1 -DUSE_NEW_MACROS=1 -DVECTOR_FONTS=1 -Dlinux=1 -DSYSV=1 -DISC=1  -DNDEBUG -DGCORE=\"/usr/bin/gcore\" -DSHDLIB_EXT=\"\" libext2sim.o ../extflat/libextflat.o ../utils/libutils.a -o ext2sim -lm  
make[2]: Leaving directory `/home/tim/gitsrc/magic-8.0/ext2sim'
make[2]: Entering directory `/home/tim/gitsrc/magic-8.0/ext2spice'
--- building main ext2spice
rm -f ext2spice
gcc -g -m64 -fPIC   -I. -I..  -I../readline -DCAD_DIR=\"/tmp/lib\" -DBIN_DIR=\"/tmp/bin\" -DPACKAGE_NAME=\"\" -DPACKAGE_TARNAME=\"\" -DPACKAGE_VERSION=\"\" -DPACKAGE_STRING=\"\" -DPACKAGE_BUGREPORT=\"\" -DMAGIC_VERSION=\"8.0\" -DMAGIC_REVISION=\"100\" -DSTDC_HEADERS=1 -DHAVE_SYS_TYPES_H=1 -DHAVE_SYS_STAT_H=1 -DHAVE_STDLIB_H=1 -DHAVE_STRING_H=1 -DHAVE_MEMORY_H=1 -DHAVE_STRINGS_H=1 -DHAVE_INTTYPES_H=1 -DHAVE_STDINT_H=1 -DHAVE_UNISTD_H=1 -DSIZEOF_VOID_P=8 -DSIZEOF_UNSIGNED_INT=4 -DSIZEOF_UNSIGNED_LONG=8 -DSIZEOF_UNSIGNED_LONG_LONG=8 -DSTDC_HEADERS=1 -DHAVE_SETENV=1 -DHAVE_PUTENV=1 -DHAVE_SYS_MMAN_H=1 -DHAVE_DIRENT_H=1 -DHAVE_LIMITS_H=1 -DHAVE_PATHS_H=1 -DHAVE_VA_COPY=1 -DHAVE___VA_COPY=1 -DFILE_LOCKS=1 -DCALMA_MODULE=1 -DCIF_MODULE=1 -DPLOT_MODULE=1 -DLEF_MODULE=1 -DUSE_READLINE=1 -DHAVE_PTHREADS=1 -DROUTE_MODULE=1 -DEXT2SPICE_AUTO=1 -DEXT2SIM_AUTO=1 -DRSIM_MODULE=1 -DUSE_NEW_MACROS=1 -DVECTOR_FONTS=1 -Dlinux=1 -DSYSV=1 -DISC=1  -DNDEBUG -DGCORE=\"/usr/bin/gcore\" -DSHDLIB_EXT=\"\" libext2spice.o ../extflat/libextflat.o ../utils/libutils.a -o ext2spice -lm  
make[2]: Leaving directory `/home/tim/gitsrc/magic-8.0/ext2spice'
make[2]: Entering directory `/home/tim/gitsrc/magic-8.0/extcheck'
--- building main extcheck
rm -f extcheck
gcc -g -m64 -fPIC   -I. -I..  -I../readline -DCAD_DIR=\"/tmp/lib\" -DBIN_DIR=\"/tmp/bin\" -DPACKAGE_NAME=\"\" -DPACKAGE_TARNAME=\"\" -DPACKAGE_VERSION=\"\" -DPACKAGE_STRING=\"\" -DPACKAGE_BUGREPORT=\"\" -DMAGIC_VERSION=\"8.0\" -DMAGIC_REVISION=\"100\" -DSTDC_HEADERS=1 -DHAVE_SYS_TYPES_H=1 -DHAVE_SYS_STAT_H=1 -DHAVE_STDLIB_H=1 -DHAVE_STRING_H=1 -DHAVE_MEMORY_H=1 -DHAVE_STRINGS_H=1 -DHAVE_INTTYPES_H=1 -DHAVE_STDINT_H=1 -DHAVE_UNISTD_H=1 -DSIZEOF_VOID_P=8 -DSIZEOF_UNSIGNED_INT=4 -DSIZEOF_UNSIGNED_LONG=8 -DSIZEOF_UNSIGNED_LONG_LONG=8 -DSTDC_HEADERS=1 -DHAVE_SETENV=1 -DHAVE_PUTENV=1 -DHAVE_SYS_MMAN_H=1 -DHAVE_DIRENT_H=1 -DHAVE_LIMITS_H=1 -DHAVE_PATHS_H=1 -DHAVE_VA_COPY=1 -DHAVE___VA_COPY=1 -DFILE_LOCKS=1 -DCALMA_MODULE=1 -DCIF_MODULE=1 -DPLOT_MODULE=1 -DLEF_MODULE=1 -DUSE_READLINE=1 -DHAVE_PTHREADS=1 -DROUTE_MODULE=1 -DEXT2SPICE_AUTO=1 -DEXT2SIM_AUTO=1 -DRSIM_MODULE=1 -DUSE_NEW_MACROS=1 -DVECTOR_FONTS=1 -Dlinux=1 -DSYSV=1 -DISC=1  -DNDEBUG -DGCORE=\"/usr/bin/gcore\" -DSHDLIB_EXT=\"\" libextcheck.o ../extflat/libextflat.o ../utils/libutils.a -o extcheck -lm
make[2]: Leaving directory `/home/tim/gitsrc/magic-8.0/extcheck'
make[2]: Entering directory `/home/tim/gitsrc/magic-8.0/graphics'
make[2]: Nothing to be done for `main'.
make[2]: Leaving directory `/home/tim/gitsrc/magic-8.0/graphics'
make[1]: Leaving directory `/home/tim/gitsrc/magic-8.0'
